   Compiling version_check v0.9.5
   Compiling generic-array v0.14.7
   Compiling proc-macro2 v1.0.107
   Compiling typenum v1.20.1
   Compiling unicode-ident v1.0.24
   Compiling quote v1.0.47
   Compiling semver v1.0.28
   Compiling rustc_version v0.4.1
   Compiling crypto-common v0.1.7
   Compiling block-buffer v0.10.4
   Compiling digest v0.10.7
   Compiling syn v2.0.119
   Compiling curve25519-dalek v4.1.3
   Compiling cfg-if v1.0.4
   Compiling cpufeatures v0.2.17
   Compiling curve25519-dalek-derive v0.1.1
   Compiling signature v2.2.0
   Compiling zeroize v1.9.0
   Compiling subtle v2.6.1
   Compiling ed25519 v2.2.3
   Compiling sha2 v0.10.9
   Compiling ed25519-dalek v2.2.0
   Compiling minidregg-credential-signature-verifier v0.1.0 (/tank/dregg-build/minidregg-9746c47-20260927/native/credential-signature-verifier)
    Finished `release` profile [optimized] target(s) in 24.88s
