This key is the only copy. It signs as you and opens your private rooms.
If you lose it and have no next key there is no recovery: you enroll a new subject and are re-invited.
Room content comes back by re-wrap at the current epoch; older epochs come back
only from a member who kept them. Your old posts stay under the old subject.
Escrow is off. `--escrow-to-sponsor @SPONSOR-ENC-PUB --escrow-subject SUBJECT` writes your seed encrypted
to your sponsor, which lets your sponsor sign as you.
no next key (--no-prerotation): this identity can never rotate; a stolen key is replaced only by enrolling a new subject
Your blinding key is derived from this seed (`mini key --action export-blinding`); it keys the salts that hide each cell’s fields from readers you have not named.
3f0ef84dc234a6b8855eefad14b5ec1259eb2316ac6ad0c56b2de69359d5a880
This key is the only copy. It signs as you and opens your private rooms.
If you lose it and have no next key there is no recovery: you enroll a new subject and are re-invited.
Room content comes back by re-wrap at the current epoch; older epochs come back
only from a member who kept them. Your old posts stay under the old subject.
Escrow is off. `--escrow-to-sponsor @SPONSOR-ENC-PUB --escrow-subject SUBJECT` writes your seed encrypted
to your sponsor, which lets your sponsor sign as you.
no next key (--no-prerotation): this identity can never rotate; a stolen key is replaced only by enrolling a new subject
Your blinding key is derived from this seed (`mini key --action export-blinding`); it keys the salts that hide each cell’s fields from readers you have not named.
3597b7a497b42f892f675454c5fee6fb298379c9db6ae436d437ee54bb4374a0
This key is the only copy. It signs as you and opens your private rooms.
If you lose it and have no next key there is no recovery: you enroll a new subject and are re-invited.
Room content comes back by re-wrap at the current epoch; older epochs come back
only from a member who kept them. Your old posts stay under the old subject.
Escrow is off. `--escrow-to-sponsor @SPONSOR-ENC-PUB --escrow-subject SUBJECT` writes your seed encrypted
to your sponsor, which lets your sponsor sign as you.
no next key (--no-prerotation): this identity can never rotate; a stolen key is replaced only by enrolling a new subject
Your blinding key is derived from this seed (`mini key --action export-blinding`); it keys the salts that hide each cell’s fields from readers you have not named.
8885c8ffbf4551e6e659488d09555343a0d4a091df4eabf22624aaf465fee511
This key is the only copy. It signs as you and opens your private rooms.
If you lose it and have no next key there is no recovery: you enroll a new subject and are re-invited.
Room content comes back by re-wrap at the current epoch; older epochs come back
only from a member who kept them. Your old posts stay under the old subject.
Escrow is off. `--escrow-to-sponsor @SPONSOR-ENC-PUB --escrow-subject SUBJECT` writes your seed encrypted
to your sponsor, which lets your sponsor sign as you.
no next key (--no-prerotation): this identity can never rotate; a stolen key is replaced only by enrolling a new subject
Your blinding key is derived from this seed (`mini key --action export-blinding`); it keys the salts that hide each cell’s fields from readers you have not named.
686d13c84de6b2a9fb0d32af1e80cc2ed23d918a72707882a8c9b9f078d916c9
This key is the only copy. It signs as you and opens your private rooms.
If you lose it and have no next key there is no recovery: you enroll a new subject and are re-invited.
Room content comes back by re-wrap at the current epoch; older epochs come back
only from a member who kept them. Your old posts stay under the old subject.
Escrow is off. `--escrow-to-sponsor @SPONSOR-ENC-PUB --escrow-subject SUBJECT` writes your seed encrypted
to your sponsor, which lets your sponsor sign as you.
no next key (--no-prerotation): this identity can never rotate; a stolen key is replaced only by enrolling a new subject
Your blinding key is derived from this seed (`mini key --action export-blinding`); it keys the salts that hide each cell’s fields from readers you have not named.
75bc1ad2981af1b2fb739af7a29dfba33ff561d96d80ceaf33fce05a49ce2b3e
This key is the only copy. It signs as you and opens your private rooms.
If you lose it and have no next key there is no recovery: you enroll a new subject and are re-invited.
Room content comes back by re-wrap at the current epoch; older epochs come back
only from a member who kept them. Your old posts stay under the old subject.
Escrow is off. `--escrow-to-sponsor @SPONSOR-ENC-PUB --escrow-subject SUBJECT` writes your seed encrypted
to your sponsor, which lets your sponsor sign as you.
no next key (--no-prerotation): this identity can never rotate; a stolen key is replaced only by enrolling a new subject
Your blinding key is derived from this seed (`mini key --action export-blinding`); it keys the salts that hide each cell’s fields from readers you have not named.
9dcc5933a083096e631470e8aeff4f0aa13daacb8318afa8500ca6377883a8ec
This key is the only copy. It signs as you and opens your private rooms.
If you lose it and have no next key there is no recovery: you enroll a new subject and are re-invited.
Room content comes back by re-wrap at the current epoch; older epochs come back
only from a member who kept them. Your old posts stay under the old subject.
Escrow is off. `--escrow-to-sponsor @SPONSOR-ENC-PUB --escrow-subject SUBJECT` writes your seed encrypted
to your sponsor, which lets your sponsor sign as you.
no next key (--no-prerotation): this identity can never rotate; a stolen key is replaced only by enrolling a new subject
Your blinding key is derived from this seed (`mini key --action export-blinding`); it keys the salts that hide each cell’s fields from readers you have not named.
10b81bf5bfba858c9c474decde87bd458292ff35ae019f51d2b2be074c47eb17
This key is the only copy. It signs as you and opens your private rooms.
If you lose it and have no next key there is no recovery: you enroll a new subject and are re-invited.
Room content comes back by re-wrap at the current epoch; older epochs come back
only from a member who kept them. Your old posts stay under the old subject.
Escrow is off. `--escrow-to-sponsor @SPONSOR-ENC-PUB --escrow-subject SUBJECT` writes your seed encrypted
to your sponsor, which lets your sponsor sign as you.
no next key (--no-prerotation): this identity can never rotate; a stolen key is replaced only by enrolling a new subject
Your blinding key is derived from this seed (`mini key --action export-blinding`); it keys the salts that hide each cell’s fields from readers you have not named.
87b27a36daaa47c1b69c611020c30f70731822da7a43d729353d0b6e2722a457
This key is the only copy. It signs as you and opens your private rooms.
If you lose it and have no next key there is no recovery: you enroll a new subject and are re-invited.
Room content comes back by re-wrap at the current epoch; older epochs come back
only from a member who kept them. Your old posts stay under the old subject.
Escrow is off. `--escrow-to-sponsor @SPONSOR-ENC-PUB --escrow-subject SUBJECT` writes your seed encrypted
to your sponsor, which lets your sponsor sign as you.
no next key (--no-prerotation): this identity can never rotate; a stolen key is replaced only by enrolling a new subject
Your blinding key is derived from this seed (`mini key --action export-blinding`); it keys the salts that hide each cell’s fields from readers you have not named.
d70125754dbba2e0c9c621c3e487f792a06d774d37d6751367336fe42a9a2326
ROSTER sha256 9a8cde3efc3621ecf806b40776ddcacdd985df345bb48c45d1f4136072b3176e generation 929cbaeee62460d70bf17125f0a6727b
PASS all-cover: 768 roster-enrolled fixed TCP records, valid broadcast every epoch, 0 exact original source calls.
PASS native-delayed: 768 roster-enrolled fixed TCP records, valid broadcast every epoch, 16 exact original source calls.
PASS matched public shapes at 1s: all-cover and delayed actual native work; no missing broadcast, no catch-up burst; retained requests and authorized fresh-cap repair fetch returned exact source outcomes; exactly 16 source submissions.
