stdio-submit-ms=158229
same-session-lookup-ms=417
	Command being timed: "timeout 900 ../base/birth-stdio-probe /tank/dregg-build/minidregg-cb55b81-host/bin/minidregg-host-cb55b81-r1 config.json ../base/call.bin . host.stderr"
	User time (seconds): 151.30
	System time (seconds): 7.44
	Percent of CPU this job got: 100%
	Elapsed (wall clock) time (h:mm:ss or m:ss): 2:38.71
	Average shared text size (kbytes): 0
	Average unshared data size (kbytes): 0
	Average stack size (kbytes): 0
	Average total size (kbytes): 0
	Maximum resident set size (kbytes): 1928792
	Average resident set size (kbytes): 0
	Major (requiring I/O) page faults: 23
	Minor (reclaiming a frame) page faults: 2427765
	Voluntary context switches: 603
	Involuntary context switches: 2168
	Swaps: 0
	File system inputs: 1147
	File system outputs: 0
	Socket messages sent: 0
	Socket messages received: 0
	Signals delivered: 0
	Page size (bytes): 4096
	Exit status: 0
