successful-prefix reuse check PASS 182 compiled prefix modules
lean[183/268] Kernel.ApplicationSpkPackageIdentity start
lean[183/268] Kernel.ApplicationSpkPackageIdentity PASS 6s
lean[184/268] Kernel.ApplicationLifecycleBeginV2Ingress start
lean[184/268] Kernel.ApplicationLifecycleBeginV2Ingress PASS 4s
lean[185/268] Kernel.ApplicationLifecycleClaimV2Ingress start
lean[185/268] Kernel.ApplicationLifecycleClaimV2Ingress PASS 4s
lean[186/268] Kernel.ApplicationLifecycleBeginV2Admission start
lean[186/268] Kernel.ApplicationLifecycleBeginV2Admission PASS 4s
lean[187/268] Kernel.ApplicationLifecycleClaimV2Core start
lean[187/268] Kernel.ApplicationLifecycleClaimV2Core PASS 4s
lean[188/268] Kernel.ApplicationDispatchAuthority start
lean[188/268] Kernel.ApplicationDispatchAuthority PASS 4s
lean[189/268] Kernel.ApplicationShareIssueSource start
lean[189/268] Kernel.ApplicationShareIssueSource PASS 4s
lean[190/268] Kernel.ApplicationShareIssueDelegation start
lean[190/268] Kernel.ApplicationShareIssueDelegation PASS 3s
lean[191/268] Kernel.ApplicationShareIssueAtomicBirth start
lean[191/268] Kernel.ApplicationShareIssueAtomicBirth PASS 3s
lean[192/268] Kernel.ApplicationShareIssueAdmission start
lean[192/268] Kernel.ApplicationShareIssueAdmission PASS 4s
lean[193/268] Kernel.ApplicationShareIssueReceiver start
lean[193/268] Kernel.ApplicationShareIssueReceiver PASS 4s
lean[194/268] Kernel.ApplicationDispatchIngress start
lean[194/268] Kernel.ApplicationDispatchIngress PASS 3s
lean[195/268] Kernel.ApplicationDispatchCommand start
lean[195/268] Kernel.ApplicationDispatchCommand PASS 3s
lean[196/268] Kernel.ApplicationDispatchAdmissionIngress start
lean[196/268] Kernel.ApplicationDispatchAdmissionIngress PASS 4s
lean[197/268] Kernel.ApplicationDispatchWitness start
lean[197/268] Kernel.ApplicationDispatchWitness PASS 3s
lean[198/268] Kernel.ApplicationDispatchAdmission start
lean[198/268] Kernel.ApplicationDispatchAdmission PASS 4s
lean[199/268] Kernel.ApplicationDispatchPending start
lean[199/268] Kernel.ApplicationDispatchPending PASS 3s
lean[200/268] Kernel.ApplicationDispatchHistoricalCore start
lean[200/268] Kernel.ApplicationDispatchHistoricalCore PASS 4s
lean[201/268] Kernel.FnConsumerScope start
lean[201/268] Kernel.FnConsumerScope PASS 3s
lean[202/268] Kernel.FnConsumerFrontierCore start
lean[202/268] Kernel.FnConsumerFrontierCore PASS 3s
lean[203/268] Kernel.FnConsumerProgressHistory start
lean[203/268] Kernel.FnConsumerProgressHistory PASS 3s
lean[204/268] Kernel.FnConsumerNamespaceRegistration start
lean[204/268] Kernel.FnConsumerNamespaceRegistration PASS 3s
lean[205/268] Kernel.FnConsumerFrontierGateway start
lean[205/268] Kernel.FnConsumerFrontierGateway PASS 4s
lean[206/268] Kernel.FnConsumerNamespaceAdmissionAt start
lean[206/268] Kernel.FnConsumerNamespaceAdmissionAt PASS 3s
lean[207/268] Kernel.FnConsumerNamespaceHistory start
lean[207/268] Kernel.FnConsumerNamespaceHistory PASS 3s
lean[208/268] Kernel.FnConsumerFrontierReplay start
lean[208/268] Kernel.FnConsumerFrontierReplay PASS 3s
lean[209/268] Kernel.FnSelectiveReleaseReceiver start
lean[209/268] Kernel.FnSelectiveReleaseReceiver PASS 3s
lean[210/268] Kernel.FnSelectedPollReleaseShape start
lean[210/268] Kernel.FnSelectedPollReleaseShape PASS 4s
lean[211/268] Kernel.FnSelectedPollCoverage start
lean[211/268] Kernel.FnSelectedPollCoverage PASS 4s
lean[212/268] Kernel.FnEmptyPollProgressV2 start
lean[212/268] Kernel.FnEmptyPollProgressV2 PASS 3s
lean[213/268] Kernel.FnConsumerFrontierProposal start
lean[213/268] Kernel.FnConsumerFrontierProposal PASS 3s
lean[214/268] Kernel.FnSelectedPollAdmissionAt start
lean[214/268] Kernel.FnSelectedPollAdmissionAt PASS 3s
lean[215/268] Kernel.FnEmptyPollAdmissionAtV2 start
lean[215/268] Kernel.FnEmptyPollAdmissionAtV2 PASS 3s
lean[216/268] Kernel.ApplicationLifecycleClaimProjection start
lean[216/268] Kernel.ApplicationLifecycleClaimProjection PASS 3s
lean[217/268] Kernel.ApplicationLifecycleCompletionReport start
lean[217/268] Kernel.ApplicationLifecycleCompletionReport PASS 3s
lean[218/268] Kernel.ApplicationLifecycleCompletionPolicy start
lean[218/268] Kernel.ApplicationLifecycleCompletionPolicy PASS 3s
lean[219/268] Kernel.ApplicationLifecycleCompletionSource start
lean[219/268] Kernel.ApplicationLifecycleCompletionSource PASS 3s
lean[220/268] Kernel.ApplicationLifecycleCompletionHistory start
lean[220/268] Kernel.ApplicationLifecycleCompletionHistory PASS 3s
lean[221/268] Kernel.ApplicationLifecycleCompletionIngress start
lean[221/268] Kernel.ApplicationLifecycleCompletionIngress PASS 3s
lean[222/268] Kernel.ApplicationLifecycleCompletionAdmission start
lean[222/268] Kernel.ApplicationLifecycleCompletionAdmission PASS 3s
lean[223/268] Kernel.ApplicationLifecycleCompletionCore start
lean[223/268] Kernel.ApplicationLifecycleCompletionCore PASS 3s
lean[224/268] Kernel.NativeHostReplay start
lean[224/268] Kernel.NativeHostReplay PASS 5s
lean[225/268] Kernel.NativeHost start
lean[225/268] Kernel.NativeHost PASS 4s
lean[226/268] Kernel.NativeHostSession start
lean[226/268] Kernel.NativeHostSession PASS 2s
lean[227/268] Kernel.NativeReserveContinuity start
lean[227/268] Kernel.NativeReserveContinuity PASS 2s
lean[228/268] Kernel.NativeHostGenesis start
lean[228/268] Kernel.NativeHostGenesis PASS 4s
lean[229/268] Kernel.FnEvidence start
lean[229/268] Kernel.FnEvidence PASS 2s
lean[230/268] Kernel.FnConsumerOperation start
lean[230/268] Kernel.FnConsumerOperation PASS 3s
lean[231/268] Kernel.FnConsumerProgress start
lean[231/268] Kernel.FnConsumerProgress PASS 2s
lean[232/268] Kernel.FnOriginOutbox start
lean[232/268] Kernel.FnOriginOutbox PASS 3s
lean[233/268] Kernel.FnCatalogOwnRProgress start
lean[233/268] Kernel.FnCatalogOwnRProgress PASS 3s
lean[234/268] Kernel.FnReplyPublication start
lean[234/268] Kernel.FnReplyPublication PASS 2s
lean[235/268] Kernel.FnPortableSource start
lean[235/268] Kernel.FnPortableSource PASS 2s
lean[236/268] Kernel.FnReplySource start
lean[236/268] Kernel.FnReplySource PASS 2s
lean[237/268] Kernel.FnReplyConsumption start
lean[237/268] Kernel.FnReplyConsumption PASS 3s
lean[238/268] Kernel.ApplicationShareIssueAuthoring start
lean[238/268] Kernel.ApplicationShareIssueAuthoring PASS 2s
lean[239/268] Kernel.ApplicationDispatchProjection start
lean[239/268] Kernel.ApplicationDispatchProjection PASS 2s
lean[240/268] Kernel.ApplicationDispatchReceiver start
lean[240/268] Kernel.ApplicationDispatchReceiver PASS 3s
lean[241/268] Kernel.ApplicationDispatchLookup start
lean[241/268] Kernel.ApplicationDispatchLookup PASS 2s
lean[242/268] Kernel.ApplicationDispatchAuthoring start
lean[242/268] Kernel.ApplicationDispatchAuthoring PASS 2s
lean[243/268] Kernel.ApplicationLifecycleBeginV2Receiver start
lean[243/268] Kernel.ApplicationLifecycleBeginV2Receiver PASS 2s
lean[244/268] Kernel.ApplicationLifecycleClaimV2Receiver start
lean[244/268] Kernel.ApplicationLifecycleClaimV2Receiver PASS 2s
lean[245/268] Kernel.ApplicationLifecycleV2Lookup start
lean[245/268] Kernel.ApplicationLifecycleV2Lookup PASS 2s
lean[246/268] Kernel.ApplicationLifecycleCompletionReceiver start
lean[246/268] Kernel.ApplicationLifecycleCompletionReceiver PASS 3s
lean[247/268] Kernel.ApplicationLifecycleCompletionLookup start
lean[247/268] Kernel.ApplicationLifecycleCompletionLookup PASS 2s
lean[248/268] Host.ApplicationDispatchInspection start
lean[248/268] Host.ApplicationDispatchInspection PASS 3s
lean[249/268] Kernel.ApplicationLifecycleResidentProfile start
lean[249/268] Kernel.ApplicationLifecycleResidentProfile PASS 2s
lean[250/268] Host.ApplicationLifecycleClaimInspection start
lean[250/268] Host.ApplicationLifecycleClaimInspection PASS 3s
lean[251/268] Kernel.ApplicationGrainBirth start
lean[251/268] Kernel.ApplicationGrainBirth PASS 2s
lean[252/268] Kernel.ApplicationGrainSessionBirth start
lean[252/268] Kernel.ApplicationGrainSessionBirth PASS 2s
lean[253/268] Host.ApplicationLifecycleCompletionAuthoring start
lean[253/268] Host.ApplicationLifecycleCompletionAuthoring PASS 2s
lean[254/268] Host.ApplicationPermissionSchemaAuthoring start
lean[254/268] Host.ApplicationPermissionSchemaAuthoring PASS 2s
lean[255/268] Host.Json start
lean[255/268] Host.Json PASS 6s
lean[256/268] Kernel.FnSelectiveReleaseArticle start
lean[256/268] Kernel.FnSelectiveReleaseArticle PASS 2s
lean[257/268] Host.FnSelectiveReleaseAuthoring start
lean[257/268] Host.FnSelectiveReleaseAuthoring PASS 2s
lean[258/268] Host.FnSelectiveReleaseSourceAuthoring start
lean[258/268] Host.FnSelectiveReleaseSourceAuthoring PASS 2s
lean[259/268] Host.FnSelectiveReleaseFnReceiving start
lean[259/268] Host.FnSelectiveReleaseFnReceiving PASS 2s
lean[260/268] Host.FnSelectiveReleaseFnAck start
lean[260/268] Host.FnSelectiveReleaseFnAck PASS 2s
lean[261/268] Host.ApplicationCurrentBirthAuthoring start
lean[261/268] Host.ApplicationCurrentBirthAuthoring PASS 2s
lean[262/268] Host.FnInboxView start
lean[262/268] Host.FnInboxView PASS 2s
lean[263/268] Host.GrainOriginSource start
lean[263/268] Host.GrainOriginSource PASS 3s
lean[264/268] Host.GrainOriginPreparation start
lean[264/268] Host.GrainOriginPreparation PASS 4s
lean[265/268] Host.GrainOriginCommand start
lean[265/268] Host.GrainOriginCommand PASS 3s
lean[266/268] Kernel.ProviderMetering start
lean[266/268] Kernel.ProviderMetering PASS 4s
lean[267/268] Host.ProviderUsage start
lean[267/268] Host.ProviderUsage PASS 4s
lean[268/268] Host.Main start
lean[268/268] Host.Main PASS 15s
end_utc=2026-09-27T09:36:11Z
elapsed_seconds=516
git_head=791a6d2c6671bdb9396e6c98053dd296da20e578
root=/home/ember/build/minidregg-overnight-20260927-completion-next
lean=Lean (version 4.30.0, x86_64-unknown-linux-gnu, commit d024af099ca4bf2c86f649261ebf59565dc8c622, Release)
toolchain=/home/ember/.elan/toolchains/leanprover--lean4---v4.30.0
native_target=Linux:x86_64
umbrella=0
compiled_source_modules=86
resumed_prefix_modules=182
source_modules=268
package_modules=2933
response_objects=3201
reusable_artifact_manifest_sha256=2b1a094edbe8c7663c706d5d6b3883329f5f09374e9a582331a3e69fd31d1444
checkpointed_success=1
successful_baseline=/home/ember/build/minidregg-overnight-20260927-success-prefix-final-evidence/build-r2
reused_success_prefix_modules=182
recompiled_project_c_modules=86
usage_exit=1
binary=/home/ember/build/minidregg-overnight-20260927-completion-evidence/minidregg-host-589b62c-prefix-r2
binary_sha256=16610414ee9e69c4b3de54420c87dac490f517fe6fcb641dd765e062397632b6
