store                        exit=0 166.519612498s
services                     exit=0 1.025845879s
workroom                     exit=0 9.919488600s
profile                      exit=0 .628996886s
birth-a                      exit=0 32.870373383s
install-a                    exit=1 37.800799724s
services                     exit=0 .059030449s
workroom                     exit=0 2.743335705s
profile                      exit=0 .030850986s
birth-a                      exit=0 .050811661s
install-a                    exit=0 490.990071375s
share-a                      exit=0 273.570731985s
start-a                      exit=0 477.235668744s
floor-a                      exit=0 .507732425s
enroll-a                     exit=0 78.882522669s
get-a                        exit=0 45.104049214s
stop-a                       exit=0 1363.005719643s
start-a2                     exit=0 1026.029352388s
floor-a2                     exit=0 .391779714s
enroll-a2                    exit=0 86.311649146s
get-a2                       exit=0 43.337445534s
