START Kernel.ApplicationDispatchAuthority 2026-09-27T06:15:04Z
PASS Kernel.ApplicationDispatchAuthority 2026-09-27T06:15:12Z
START Kernel.ApplicationShareIssueSource 2026-09-27T06:15:12Z
PASS Kernel.ApplicationShareIssueSource 2026-09-27T06:15:18Z
START Kernel.ApplicationShareIssueDelegation 2026-09-27T06:15:18Z
PASS Kernel.ApplicationShareIssueDelegation 2026-09-27T06:15:23Z
START Kernel.ApplicationShareIssueAdmission 2026-09-27T06:15:23Z
PASS Kernel.ApplicationShareIssueAdmission 2026-09-27T06:15:30Z
START Kernel.ApplicationShareIssueReceiver 2026-09-27T06:15:30Z
PASS Kernel.ApplicationShareIssueReceiver 2026-09-27T06:15:40Z
START Host.FnSelectiveReleaseSourceAuthoring 2026-09-27T06:15:40Z
PASS Host.FnSelectiveReleaseSourceAuthoring 2026-09-27T06:15:47Z
START Kernel.NativeHostReplay 2026-09-27T06:15:47Z
PASS Kernel.NativeHostReplay 2026-09-27T06:15:55Z
START Kernel.NativeHost 2026-09-27T06:15:55Z
PASS Kernel.NativeHost 2026-09-27T06:16:02Z
START Kernel.NativeHostSession 2026-09-27T06:16:02Z
PASS Kernel.NativeHostSession 2026-09-27T06:16:06Z
START Host.Main 2026-09-27T06:16:06Z
FAIL Host.Main 1
