cp:cannotcreateregularfile'/var/wordpress/wp-content/db.php':Permissiondenied
cp:cannotcreateregularfile'/var/wordpress/wp-content/index.php':Permissiondenied
cp:cannotcreateregularfile'/var/wordpress/wp-content/install.php':Permissiondenied
cp:cannotcreateregularfile'/var/wordpress/wp-content/languages/admin-ar.mo':Permissiondenied
cp:cannotcreateregularfile'/var/wordpress/wp-content/languages/admin-de_DE.mo':Permissiondenied
cp:cannotcreateregularfile'/var/wordpress/wp-content/languages/admin-es_ES.mo':Permissiondenied
cp:cannotcreateregularfile'/var/wordpress/wp-content/languages/admin-fi.mo':Permissiondenied
cp:cannotcreateregularfile'/var/wordpress/wp-content/languages/admin-fr_FR.mo':Permissiondenied
cp:cannotcreateregularfile'/var/wordpress/wp-content/languages/admin-ja.mo':Permissiondenied
cp:cannotcreateregularfile'/var/wordpress/wp-content/languages/admin-ms_MY.mo':Permissiondenied
cp:cannotcreateregularfile'/var/wordpress/wp-content/languages/admin-network-ar.mo':Permissiondenied
cp:cannotcreateregularfile'/var/wordpress/wp-content/languages/admin-network-de_DE.mo':Permissiondenied
cp:cannotcreateregularfile'/var/wordpress/wp-content/languages/admin-network-es_ES.mo':Permissiondenied
cp:cannotcreateregularfile'/var/wordpress/wp-content/languages/admin-network-fi.mo':Permissiondenied
cp:cannotcreateregularfile'/var/wordpress/wp-content/languages/admin-network-fr_FR.mo':Permissiondenied
cp:cannotcreateregularfile'/var/wordpress/wp-content/languages/admin-network-ja.mo':Permissiondenied
cp:cannotcreateregularfile'/var/wordpress/wp-content/languages/admin-network-ms_MY.mo':Permissiondenied
cp:cannotcreateregularfile'/var/wordpress/wp-content/languages/admin-network-pt_PT.mo':Permissiondenied
cp:cannotcreateregularfile'/var/wordpress/wp-content/languages/admin-network-ru_RU.mo':Permissiondenied
cp:cannotcreateregularfile'/var/wordpress/wp-content/languages/admin-network-zh_CN.mo':Permissiondenied
cp:cannotcreateregularfile'/var/wordpress/wp-content/languages/admin-pt_PT.mo':Permissiondenied
cp:cannotcreateregularfile'/var/wordpress/wp-content/languages/admin-ru_RU.mo':Permissiondenied
cp:cannotcreateregularfile'/var/wordpress/wp-content/languages/admin-zh_CN.mo':Permissiondenied
cp:cannotcreateregularfile'/var/wordpress/wp-content/languages/ar.mo':Permissiondenied
cp:cannotcreateregularfile'/var/wordpress/wp-content/languages/continents-cities-ar.mo':Permissiondenied
cp:cannotcreateregularfile'/var/wordpress/wp-content/languages/continents-cities-de_DE.mo':Permissiondenied
cp:cannotcreateregularfile'/var/wordpress/wp-content/languages/continents-cities-es_ES.mo':Permissiondenied
cp:cannotcreateregularfile'/var/wordpress/wp-content/languages/continents-cities-fi.mo':Permissiondenied
cp:cannotcreateregularfile'/var/wordpress/wp-content/languages/continents-cities-fr_FR.mo':Permissiondenied
cp:cannotcreateregularfile'/var/wordpress/wp-content/languages/continents-cities-ja.mo':Permissiondenied
cp:cannotcreateregularfile'/var/wordpress/wp-content/languages/continents-cities-ms_MY.mo':Permissiondenied
cp:cannotcreateregularfile'/var/wordpress/wp-content/languages/continents-cities-pt_PT.mo':Permissiondenied
cp:cannotcreateregularfile'/var/wordpress/wp-content/languages/continents-cities-ru_RU.mo':Permissiondenied
cp:cannotcreateregularfile'/var/wordpress/wp-content/languages/continents-cities-zh_CN.mo':Permissiondenied
cp:cannotcreateregularfile'/var/wordpress/wp-content/languages/de_DE.mo':Permissiondenied
cp:cannotcreateregularfile'/var/wordpress/wp-content/languages/es_ES.mo':Permissiondenied
cp:cannotcreateregularfile'/var/wordpress/wp-content/languages/fi.mo':Permissiondenied
cp:cannotcreateregularfile'/var/wordpress/wp-content/languages/fr_FR.mo':Permissiondenied
cp:cannotcreateregularfile'/var/wordpress/wp-content/languages/ja.mo':Permissiondenied
cp:cannotcreateregularfile'/var/wordpress/wp-content/languages/ms_MY.mo':Permissiondenied
cp:cannotcreateregularfile'/var/wordpress/wp-content/languages/plugins/classic-editor-ar.mo':Permissiondenied
cp:cannotcreateregularfile'/var/wordpress/wp-content/languages/plugins/classic-editor-de_DE.mo':Permissiondenied
cp:cannotcreateregularfile'/var/wordpress/wp-content/languages/plugins/classic-editor-es_ES.mo':Permissiondenied
cp:cannotcreateregularfile'/var/wordpress/wp-content/languages/plugins/classic-editor-fr_FR.mo':Permissiondenied
cp:cannotcreateregularfile'/var/wordpress/wp-content/languages/plugins/classic-editor-ja.mo':Permissiondenied
cp:cannotcreateregularfile'/var/wordpress/wp-content/languages/plugins/classic-editor-pt_PT.mo':Permissiondenied
cp:cannotcreateregularfile'/var/wordpress/wp-content/languages/plugins/classic-editor-ru_RU.mo':Permissiondenied
cp:cannotcreateregularfile'/var/wordpress/wp-content/languages/plugins/classic-editor-zh_CN.mo':Permissiondenied
cp:cannotcreateregularfile'/var/wordpress/wp-content/languages/plugins/wordpress-importer-ar.mo':Permissiondenied
cp:cannotcreateregularfile'/var/wordpress/wp-content/languages/plugins/wordpress-importer-de_DE.mo':Permissiondenied
cp:cannotcreateregularfile'/var/wordpress/wp-content/languages/plugins/wordpress-importer-es_ES.mo':Permissiondenied
cp:cannotcreateregularfile'/var/wordpress/wp-content/languages/plugins/wordpress-importer-fi.mo':Permissiondenied
cp:cannotcreateregularfile'/var/wordpress/wp-content/languages/plugins/wordpress-importer-fr_FR.mo':Permissiondenied
cp:cannotcreateregularfile'/var/wordpress/wp-content/languages/plugins/wordpress-importer-ja.mo':Permissiondenied
cp:cannotcreateregularfile'/var/wordpress/wp-content/languages/plugins/wordpress-importer-ms_MY.mo':Permissiondenied
cp:cannotcreateregularfile'/var/wordpress/wp-content/languages/plugins/wordpress-importer-pt_PT.mo':Permissiondenied
cp:cannotcreateregularfile'/var/wordpress/wp-content/languages/plugins/wordpress-importer-ru_RU.mo':Permissiondenied
cp:cannotcreateregularfile'/var/wordpress/wp-content/languages/plugins/wordpress-importer-zh_CN.mo':Permissiondenied
cp:cannotcreateregularfile'/var/wordpress/wp-content/languages/pt_PT.mo':Permissiondenied
cp:cannotcreateregularfile'/var/wordpress/wp-content/languages/ru_RU.mo':Permissiondenied
cp:cannotcreateregularfile'/var/wordpress/wp-content/languages/themes/twentyfifteen-ar.mo':Permissiondenied
cp:cannotcreateregularfile'/var/wordpress/wp-content/languages/themes/twentyfifteen-de_DE.mo':Permissiondenied
cp:cannotcreateregularfile'/var/wordpress/wp-content/languages/themes/twentyfifteen-es_ES.mo':Permissiondenied
cp:cannotcreateregularfile'/var/wordpress/wp-content/languages/themes/twentyfifteen-fi.mo':Permissiondenied
cp:cannotcreateregularfile'/var/wordpress/wp-content/languages/themes/twentyfifteen-fr_FR.mo':Permissiondenied
cp:cannotcreateregularfile'/var/wordpress/wp-content/languages/themes/twentyfifteen-ja.mo':Permissiondenied
cp:cannotcreateregularfile'/var/wordpress/wp-content/languages/themes/twentyfifteen-ms_MY.mo':Permissiondenied
cp:cannotcreateregularfile'/var/wordpress/wp-content/languages/themes/twentyfifteen-pt_PT.mo':Permissiondenied
cp:cannotcreateregularfile'/var/wordpress/wp-content/languages/themes/twentyfifteen-ru_RU.mo':Permissiondenied
cp:cannotcreateregularfile'/var/wordpress/wp-content/languages/themes/twentyseventeen-de_DE.mo':Permissiondenied
cp:cannotcreateregularfile'/var/wordpress/wp-content/languages/themes/twentyseventeen-es_ES.mo':Permissiondenied
cp:cannotcreateregularfile'/var/wordpress/wp-content/languages/themes/twentyseventeen-fi.mo':Permissiondenied
cp:cannotcreateregularfile'/var/wordpress/wp-content/languages/themes/twentyseventeen-fr_FR.mo':Permissiondenied
cp:cannotcreateregularfile'/var/wordpress/wp-content/languages/themes/twentyseventeen-ja.mo':Permissiondenied
cp:cannotcreateregularfile'/var/wordpress/wp-content/languages/themes/twentyseventeen-ms_MY.mo':Permissiondenied
cp:cannotcreateregularfile'/var/wordpress/wp-content/languages/themes/twentyseventeen-pt_PT.mo':Permissiondenied
cp:cannotcreateregularfile'/var/wordpress/wp-content/languages/themes/twentyseventeen-ru_RU.mo':Permissiondenied
cp:cannotcreateregularfile'/var/wordpress/wp-content/languages/themes/twentyseventeen-zh_CN.mo':Permissiondenied
cp:cannotcreateregularfile'/var/wordpress/wp-content/languages/themes/twentysixteen-ar.mo':Permissiondenied
cp:cannotcreateregularfile'/var/wordpress/wp-content/languages/themes/twentysixteen-de_DE.mo':Permissiondenied
cp:cannotcreateregularfile'/var/wordpress/wp-content/languages/themes/twentysixteen-es_ES.mo':Permissiondenied
cp:cannotcreateregularfile'/var/wordpress/wp-content/languages/themes/twentysixteen-fi.mo':Permissiondenied
cp:cannotcreateregularfile'/var/wordpress/wp-content/languages/themes/twentysixteen-fr_FR.mo':Permissiondenied
cp:cannotcreateregularfile'/var/wordpress/wp-content/languages/themes/twentysixteen-ja.mo':Permissiondenied
cp:cannotcreateregularfile'/var/wordpress/wp-content/languages/themes/twentysixteen-ms_MY.mo':Permissiondenied
cp:cannotcreateregularfile'/var/wordpress/wp-content/languages/themes/twentysixteen-pt_PT.mo':Permissiondenied
cp:cannotcreateregularfile'/var/wordpress/wp-content/languages/themes/twentysixteen-ru_RU.mo':Permissiondenied
cp:cannotcreateregularfile'/var/wordpress/wp-content/languages/themes/twentysixteen-zh_CN.mo':Permissiondenied
cp:cannotcreateregularfile'/var/wordpress/wp-content/languages/zh_CN.mo':Permissiondenied
cp:cannotcreateregularfile'/var/wordpress/wp-content/plugins/classic-editor/classic-edit-form-advanced.php':Permissiondenied
cp:cannotcreateregularfile'/var/wordpress/wp-content/plugins/classic-editor/classic-editor.php':Permissiondenied
cp:cannotcreateregularfile'/var/wordpress/wp-content/plugins/classic-editor/css/edit-rtl.css':Permissiondenied
cp:cannotcreateregularfile'/var/wordpress/wp-content/plugins/classic-editor/css/edit-rtl.min.css':Permissiondenied
cp:cannotcreateregularfile'/var/wordpress/wp-content/plugins/classic-editor/css/edit.css':Permissiondenied
cp:cannotcreateregularfile'/var/wordpress/wp-content/plugins/classic-editor/css/edit.min.css':Permissiondenied
cp:cannotcreateregularfile'/var/wordpress/wp-content/plugins/classic-editor/js/autosave.js':Permissiondenied
cp:cannotcreateregularfile'/var/wordpress/wp-content/plugins/classic-editor/js/autosave.min.js':Permissiondenied
cp:cannotcreateregularfile'/var/wordpress/wp-content/plugins/classic-editor/js/editor-expand.js':Permissiondenied
cp:cannotcreateregularfile'/var/wordpress/wp-content/plugins/classic-editor/js/editor-expand.min.js':Permissiondenied
cp:cannotcreateregularfile'/var/wordpress/wp-content/plugins/classic-editor/js/editor.js':Permissiondenied
cp:cannotcreateregularfile'/var/wordpress/wp-content/plugins/classic-editor/js/editor.min.js':Permissiondenied
cp:cannotcreateregularfile'/var/wordpress/wp-content/plugins/classic-editor/js/post.js':Permissiondenied
cp:cannotcreateregularfile'/var/wordpress/wp-content/plugins/classic-editor/js/post.min.js':Permissiondenied
cp:cannotcreateregularfile'/var/wordpress/wp-content/plugins/classic-editor/js/tags-box.js':Permissiondenied
cp:cannotcreateregularfile'/var/wordpress/wp-content/plugins/classic-editor/js/tags-box.min.js':Permissiondenied
cp:cannotcreateregularfile'/var/wordpress/wp-content/plugins/classic-editor/js/word-count.js':Permissiondenied
cp:cannotcreateregularfile'/var/wordpress/wp-content/plugins/classic-editor/js/word-count.min.js':Permissiondenied
cp:cannotcreateregularfile'/var/wordpress/wp-content/plugins/classic-editor/readme.txt':Permissiondenied
cp:cannotcreateregularfile'/var/wordpress/wp-content/plugins/classic-editor/screenshot-1.png':Permissiondenied
cp:cannotcreateregularfile'/var/wordpress/wp-content/plugins/classic-editor/screenshot-2.png':Permissiondenied
cp:cannotcreateregularfile'/var/wordpress/wp-content/plugins/classic-editor/screenshot-3.png':Permissiondenied
cp:cannotcreateregularfile'/var/wordpress/wp-content/plugins/index.php':Permissiondenied
cp:cannotcreateregularfile'/var/wordpress/wp-content/plugins/wordpress-importer/languages/wordpress-importer.pot':Permissiondenied
cp:cannotcreateregularfile'/var/wordpress/wp-content/plugins/wordpress-importer/parsers.php':Permissiondenied
cp:cannotcreateregularfile'/var/wordpress/wp-content/plugins/wordpress-importer/readme.txt':Permissiondenied
cp:cannotcreateregularfile'/var/wordpress/wp-content/plugins/wordpress-importer/wordpress-importer.php':Permissiondenied
cp:cannotremove'/var/wordpress/wp-content/plugins/sqlite-integration':Permissiondenied
cp:cannotcreateregularfile'/var/wordpress/wp-content/themes/index.php':Permissiondenied
cp:cannotcreateregularfile'/var/wordpress/wp-content/themes/twentyfifteen/404.php':Permissiondenied
cp:cannotcreateregularfile'/var/wordpress/wp-content/themes/twentyfifteen/archive.php':Permissiondenied
cp:cannotcreateregularfile'/var/wordpress/wp-content/themes/twentyfifteen/author-bio.php':Permissiondenied
cp:cannotcreateregularfile'/var/wordpress/wp-content/themes/twentyfifteen/comments.php':Permissiondenied
cp:cannotcreateregularfile'/var/wordpress/wp-content/themes/twentyfifteen/content-link.php':Permissiondenied
cp:cannotcreateregularfile'/var/wordpress/wp-content/themes/twentyfifteen/content-none.php':Permissiondenied
cp:cannotcreateregularfile'/var/wordpress/wp-content/themes/twentyfifteen/content-page.php':Permissiondenied
cp:cannotcreateregularfile'/var/wordpress/wp-content/themes/twentyfifteen/content-search.php':Permissiondenied
cp:cannotcreateregularfile'/var/wordpress/wp-content/themes/twentyfifteen/content.php':Permissiondenied
cp:cannotcreateregularfile'/var/wordpress/wp-content/themes/twentyfifteen/css/editor-style.css':Permissiondenied
cp:cannotcreateregularfile'/var/wordpress/wp-content/themes/twentyfifteen/css/ie.css':Permissiondenied
cp:cannotcreateregularfile'/var/wordpress/wp-content/themes/twentyfifteen/css/ie7.css':Permissiondenied
cp:cannotcreateregularfile'/var/wordpress/wp-content/themes/twentyfifteen/footer.php':Permissiondenied
cp:cannotcreateregularfile'/var/wordpress/wp-content/themes/twentyfifteen/functions.php':Permissiondenied
cp:cannotcreateregularfile'/var/wordpress/wp-content/themes/twentyfifteen/genericons/COPYING.txt':Permissiondenied
cp:cannotcreateregularfile'/var/wordpress/wp-content/themes/twentyfifteen/genericons/Genericons.eot':Permissiondenied
cp:cannotcreateregularfile'/var/wordpress/wp-content/themes/twentyfifteen/genericons/Genericons.svg':Permissiondenied
cp:cannotcreateregularfile'/var/wordpress/wp-content/themes/twentyfifteen/genericons/Genericons.ttf':Permissiondenied
cp:cannotcreateregularfile'/var/wordpress/wp-content/themes/twentyfifteen/genericons/Genericons.woff':Permissiondenied
cp:cannotcreateregularfile'/var/wordpress/wp-content/themes/twentyfifteen/genericons/LICENSE.txt':Permissiondenied
cp:cannotcreateregularfile'/var/wordpress/wp-content/themes/twentyfifteen/genericons/README.md':Permissiondenied
cp:cannotcreateregularfile'/var/wordpress/wp-content/themes/twentyfifteen/genericons/genericons.css':Permissiondenied
cp:cannotcreateregularfile'/var/wordpress/wp-content/themes/twentyfifteen/header.php':Permissiondenied
cp:cannotcreateregularfile'/var/wordpress/wp-content/themes/twentyfifteen/image.php':Permissiondenied
cp:cannotcreateregularfile'/var/wordpress/wp-content/themes/twentyfifteen/inc/back-compat.php':Permissiondenied
cp:cannotcreateregularfile'/var/wordpress/wp-content/themes/twentyfifteen/inc/custom-header.php':Permissiondenied
cp:cannotcreateregularfile'/var/wordpress/wp-content/themes/twentyfifteen/inc/customizer.php':Permissiondenied
cp:cannotcreateregularfile'/var/wordpress/wp-content/themes/twentyfifteen/inc/template-tags.php':Permissiondenied
cp:cannotcreateregularfile'/var/wordpress/wp-content/themes/twentyfifteen/index.php':Permissiondenied
cp:cannotcreateregularfile'/var/wordpress/wp-content/themes/twentyfifteen/js/color-scheme-control.js':Permissiondenied
cp:cannotcreateregularfile'/var/wordpress/wp-content/themes/twentyfifteen/js/customize-preview.js':Permissiondenied
cp:cannotcreateregularfile'/var/wordpress/wp-content/themes/twentyfifteen/js/functions.js':Permissiondenied
cp:cannotcreateregularfile'/var/wordpress/wp-content/themes/twentyfifteen/js/html5.js':Permissiondenied
cp:cannotcreateregularfile'/var/wordpress/wp-content/themes/twentyfifteen/js/keyboard-image-navigation.js':Permissiondenied
cp:cannotcreateregularfile'/var/wordpress/wp-content/themes/twentyfifteen/js/skip-link-focus-fix.js':Permissiondenied
cp:cannotcreateregularfile'/var/wordpress/wp-content/themes/twentyfifteen/page.php':Permissiondenied
cp:cannotcreateregularfile'/var/wordpress/wp-content/themes/twentyfifteen/readme.txt':Permissiondenied
cp:cannotcreateregularfile'/var/wordpress/wp-content/themes/twentyfifteen/rtl.css':Permissiondenied
cp:cannotcreateregularfile'/var/wordpress/wp-content/themes/twentyfifteen/screenshot.png':Permissiondenied
cp:cannotcreateregularfile'/var/wordpress/wp-content/themes/twentyfifteen/search.php':Permissiondenied
cp:cannotcreateregularfile'/var/wordpress/wp-content/themes/twentyfifteen/sidebar.php':Permissiondenied
cp:cannotcreateregularfile'/var/wordpress/wp-content/themes/twentyfifteen/single.php':Permissiondenied
cp:cannotcreateregularfile'/var/wordpress/wp-content/themes/twentyfifteen/style.css':Permissiondenied
cp:cannotcreateregularfile'/var/wordpress/wp-content/themes/twentyseventeen/404.php':Permissiondenied
cp:cannotcreateregularfile'/var/wordpress/wp-content/themes/twentyseventeen/README.txt':Permissiondenied
cp:cannotcreateregularfile'/var/wordpress/wp-content/themes/twentyseventeen/archive.php':Permissiondenied
cp:cannotcreateregularfile'/var/wordpress/wp-content/themes/twentyseventeen/assets/css/colors-dark.css':Permissiondenied
cp:cannotcreateregularfile'/var/wordpress/wp-content/themes/twentyseventeen/assets/css/editor-style.css':Permissiondenied
cp:cannotcreateregularfile'/var/wordpress/wp-content/themes/twentyseventeen/assets/css/ie8.css':Permissiondenied
cp:cannotcreateregularfile'/var/wordpress/wp-content/themes/twentyseventeen/assets/css/ie9.css':Permissiondenied
cp:cannotcreateregularfile'/var/wordpress/wp-content/themes/twentyseventeen/assets/images/coffee.jpg':Permissiondenied
cp:cannotcreateregularfile'/var/wordpress/wp-content/themes/twentyseventeen/assets/images/espresso.jpg':Permissiondenied
cp:cannotcreateregularfile'/var/wordpress/wp-content/themes/twentyseventeen/assets/images/header.jpg':Permissiondenied
cp:cannotcreateregularfile'/var/wordpress/wp-content/themes/twentyseventeen/assets/images/sandwich.jpg':Permissiondenied
cp:cannotcreateregularfile'/var/wordpress/wp-content/themes/twentyseventeen/assets/images/svg-icons.svg':Permissiondenied
cp:cannotcreateregularfile'/var/wordpress/wp-content/themes/twentyseventeen/assets/js/customize-controls.js':Permissiondenied
cp:cannotcreateregularfile'/var/wordpress/wp-content/themes/twentyseventeen/assets/js/customize-preview.js':Permissiondenied
cp:cannotcreateregularfile'/var/wordpress/wp-content/themes/twentyseventeen/assets/js/global.js':Permissiondenied
cp:cannotcreateregularfile'/var/wordpress/wp-content/themes/twentyseventeen/assets/js/html5.js':Permissiondenied
cp:cannotcreateregularfile'/var/wordpress/wp-content/themes/twentyseventeen/assets/js/jquery.scrollTo.js':Permissiondenied
cp:cannotcreateregularfile'/var/wordpress/wp-content/themes/twentyseventeen/assets/js/navigation.js':Permissiondenied
cp:cannotcreateregularfile'/var/wordpress/wp-content/themes/twentyseventeen/assets/js/skip-link-focus-fix.js':Permissiondenied
cp:cannotcreateregularfile'/var/wordpress/wp-content/themes/twentyseventeen/comments.php':Permissiondenied
cp:cannotcreateregularfile'/var/wordpress/wp-content/themes/twentyseventeen/footer.php':Permissiondenied
cp:cannotcreateregularfile'/var/wordpress/wp-content/themes/twentyseventeen/front-page.php':Permissiondenied
cp:cannotcreateregularfile'/var/wordpress/wp-content/themes/twentyseventeen/functions.php':Permissiondenied
cp:cannotcreateregularfile'/var/wordpress/wp-content/themes/twentyseventeen/header.php':Permissiondenied
cp:cannotcreateregularfile'/var/wordpress/wp-content/themes/twentyseventeen/inc/back-compat.php':Permissiondenied
cp:cannotcreateregularfile'/var/wordpress/wp-content/themes/twentyseventeen/inc/color-patterns.php':Permissiondenied
cp:cannotcreateregularfile'/var/wordpress/wp-content/themes/twentyseventeen/inc/custom-header.php':Permissiondenied
cp:cannotcreateregularfile'/var/wordpress/wp-content/themes/twentyseventeen/inc/customizer.php':Permissiondenied
cp:cannotcreateregularfile'/var/wordpress/wp-content/themes/twentyseventeen/inc/icon-functions.php':Permissiondenied
cp:cannotcreateregularfile'/var/wordpress/wp-content/themes/twentyseventeen/inc/template-functions.php':Permissiondenied
cp:cannotcreateregularfile'/var/wordpress/wp-content/themes/twentyseventeen/inc/template-tags.php':Permissiondenied
cp:cannotcreateregularfile'/var/wordpress/wp-content/themes/twentyseventeen/index.php':Permissiondenied
cp:cannotcreateregularfile'/var/wordpress/wp-content/themes/twentyseventeen/page.php':Permissiondenied
cp:cannotcreateregularfile'/var/wordpress/wp-content/themes/twentyseventeen/rtl.css':Permissiondenied
cp:cannotcreateregularfile'/var/wordpress/wp-content/themes/twentyseventeen/screenshot.png':Permissiondenied
cp:cannotcreateregularfile'/var/wordpress/wp-content/themes/twentyseventeen/search.php':Permissiondenied
cp:cannotcreateregularfile'/var/wordpress/wp-content/themes/twentyseventeen/searchform.php':Permissiondenied
cp:cannotcreateregularfile'/var/wordpress/wp-content/themes/twentyseventeen/sidebar.php':Permissiondenied
cp:cannotcreateregularfile'/var/wordpress/wp-content/themes/twentyseventeen/single.php':Permissiondenied
cp:cannotcreateregularfile'/var/wordpress/wp-content/themes/twentyseventeen/style.css':Permissiondenied
cp:cannotcreateregularfile'/var/wordpress/wp-content/themes/twentyseventeen/template-parts/footer/footer-widgets.php':Permissiondenied
cp:cannotcreateregularfile'/var/wordpress/wp-content/themes/twentyseventeen/template-parts/footer/site-info.php':Permissiondenied
cp:cannotcreateregularfile'/var/wordpress/wp-content/themes/twentyseventeen/template-parts/header/header-image.php':Permissiondenied
cp:cannotcreateregularfile'/var/wordpress/wp-content/themes/twentyseventeen/template-parts/header/site-branding.php':Permissiondenied
cp:cannotcreateregularfile'/var/wordpress/wp-content/themes/twentyseventeen/template-parts/navigation/navigation-top.php':Permissiondenied
cp:cannotcreateregularfile'/var/wordpress/wp-content/themes/twentyseventeen/template-parts/page/content-front-page-panels.php':Permissiondenied
cp:cannotcreateregularfile'/var/wordpress/wp-content/themes/twentyseventeen/template-parts/page/content-front-page.php':Permissiondenied
cp:cannotcreateregularfile'/var/wordpress/wp-content/themes/twentyseventeen/template-parts/page/content-page.php':Permissiondenied
cp:cannotcreateregularfile'/var/wordpress/wp-content/themes/twentyseventeen/template-parts/post/content-audio.php':Permissiondenied
cp:cannotcreateregularfile'/var/wordpress/wp-content/themes/twentyseventeen/template-parts/post/content-excerpt.php':Permissiondenied
cp:cannotcreateregularfile'/var/wordpress/wp-content/themes/twentyseventeen/template-parts/post/content-gallery.php':Permissiondenied
cp:cannotcreateregularfile'/var/wordpress/wp-content/themes/twentyseventeen/template-parts/post/content-image.php':Permissiondenied
cp:cannotcreateregularfile'/var/wordpress/wp-content/themes/twentyseventeen/template-parts/post/content-none.php':Permissiondenied
cp:cannotcreateregularfile'/var/wordpress/wp-content/themes/twentyseventeen/template-parts/post/content-video.php':Permissiondenied
cp:cannotcreateregularfile'/var/wordpress/wp-content/themes/twentyseventeen/template-parts/post/content.php':Permissiondenied
cp:cannotcreateregularfile'/var/wordpress/wp-content/themes/twentysixteen/404.php':Permissiondenied
cp:cannotcreateregularfile'/var/wordpress/wp-content/themes/twentysixteen/archive.php':Permissiondenied
cp:cannotcreateregularfile'/var/wordpress/wp-content/themes/twentysixteen/comments.php':Permissiondenied
cp:cannotcreateregularfile'/var/wordpress/wp-content/themes/twentysixteen/css/editor-style.css':Permissiondenied
cp:cannotcreateregularfile'/var/wordpress/wp-content/themes/twentysixteen/css/ie.css':Permissiondenied
cp:cannotcreateregularfile'/var/wordpress/wp-content/themes/twentysixteen/css/ie7.css':Permissiondenied
cp:cannotcreateregularfile'/var/wordpress/wp-content/themes/twentysixteen/css/ie8.css':Permissiondenied
cp:cannotcreateregularfile'/var/wordpress/wp-content/themes/twentysixteen/footer.php':Permissiondenied
cp:cannotcreateregularfile'/var/wordpress/wp-content/themes/twentysixteen/functions.php':Permissiondenied
cp:cannotcreateregularfile'/var/wordpress/wp-content/themes/twentysixteen/genericons/COPYING.txt':Permissiondenied
cp:cannotcreateregularfile'/var/wordpress/wp-content/themes/twentysixteen/genericons/Genericons.eot':Permissiondenied
cp:cannotcreateregularfile'/var/wordpress/wp-content/themes/twentysixteen/genericons/Genericons.svg':Permissiondenied
cp:cannotcreateregularfile'/var/wordpress/wp-content/themes/twentysixteen/genericons/Genericons.ttf':Permissiondenied
cp:cannotcreateregularfile'/var/wordpress/wp-content/themes/twentysixteen/genericons/Genericons.woff':Permissiondenied
cp:cannotcreateregularfile'/var/wordpress/wp-content/themes/twentysixteen/genericons/LICENSE.txt':Permissiondenied
cp:cannotcreateregularfile'/var/wordpress/wp-content/themes/twentysixteen/genericons/README.md':Permissiondenied
cp:cannotcreateregularfile'/var/wordpress/wp-content/themes/twentysixteen/genericons/genericons.css':Permissiondenied
cp:cannotcreateregularfile'/var/wordpress/wp-content/themes/twentysixteen/header.php':Permissiondenied
cp:cannotcreateregularfile'/var/wordpress/wp-content/themes/twentysixteen/image.php':Permissiondenied
cp:cannotcreateregularfile'/var/wordpress/wp-content/themes/twentysixteen/inc/back-compat.php':Permissiondenied
cp:cannotcreateregularfile'/var/wordpress/wp-content/themes/twentysixteen/inc/customizer.php':Permissiondenied
cp:cannotcreateregularfile'/var/wordpress/wp-content/themes/twentysixteen/inc/template-tags.php':Permissiondenied
cp:cannotcreateregularfile'/var/wordpress/wp-content/themes/twentysixteen/index.php':Permissiondenied
cp:cannotcreateregularfile'/var/wordpress/wp-content/themes/twentysixteen/js/color-scheme-control.js':Permissiondenied
cp:cannotcreateregularfile'/var/wordpress/wp-content/themes/twentysixteen/js/customize-preview.js':Permissiondenied
cp:cannotcreateregularfile'/var/wordpress/wp-content/themes/twentysixteen/js/functions.js':Permissiondenied
cp:cannotcreateregularfile'/var/wordpress/wp-content/themes/twentysixteen/js/html5.js':Permissiondenied
cp:cannotcreateregularfile'/var/wordpress/wp-content/themes/twentysixteen/js/keyboard-image-navigation.js':Permissiondenied
cp:cannotcreateregularfile'/var/wordpress/wp-content/themes/twentysixteen/js/skip-link-focus-fix.js':Permissiondenied
cp:cannotcreateregularfile'/var/wordpress/wp-content/themes/twentysixteen/page.php':Permissiondenied
cp:cannotcreateregularfile'/var/wordpress/wp-content/themes/twentysixteen/readme.txt':Permissiondenied
cp:cannotcreateregularfile'/var/wordpress/wp-content/themes/twentysixteen/rtl.css':Permissiondenied
cp:cannotcreateregularfile'/var/wordpress/wp-content/themes/twentysixteen/screenshot.png':Permissiondenied
cp:cannotcreateregularfile'/var/wordpress/wp-content/themes/twentysixteen/search.php':Permissiondenied
cp:cannotcreateregularfile'/var/wordpress/wp-content/themes/twentysixteen/searchform.php':Permissiondenied
cp:cannotcreateregularfile'/var/wordpress/wp-content/themes/twentysixteen/sidebar-content-bottom.php':Permissiondenied
cp:cannotcreateregularfile'/var/wordpress/wp-content/themes/twentysixteen/sidebar.php':Permissiondenied
cp:cannotcreateregularfile'/var/wordpress/wp-content/themes/twentysixteen/single.php':Permissiondenied
cp:cannotcreateregularfile'/var/wordpress/wp-content/themes/twentysixteen/style.css':Permissiondenied
cp:cannotcreateregularfile'/var/wordpress/wp-content/themes/twentysixteen/template-parts/biography.php':Permissiondenied
cp:cannotcreateregularfile'/var/wordpress/wp-content/themes/twentysixteen/template-parts/content-none.php':Permissiondenied
cp:cannotcreateregularfile'/var/wordpress/wp-content/themes/twentysixteen/template-parts/content-page.php':Permissiondenied
cp:cannotcreateregularfile'/var/wordpress/wp-content/themes/twentysixteen/template-parts/content-search.php':Permissiondenied
cp:cannotcreateregularfile'/var/wordpress/wp-content/themes/twentysixteen/template-parts/content-single.php':Permissiondenied
cp:cannotcreateregularfile'/var/wordpress/wp-content/themes/twentysixteen/template-parts/content.php':Permissiondenied
waitingforroottobeavailableat/var/certificates/ca-bundle.crt.
waitingforroottobeavailableat/var/certificates/ca-bundle.crt.
waitingforroottobeavailableat/var/certificates/ca-bundle.crt.
waitingforroottobeavailableat/var/certificates/ca-bundle.crt.
waitingforroottobeavailableat/var/certificates/ca-bundle.crt.
waitingforroottobeavailableat/var/certificates/ca-bundle.crt.
waitingforroottobeavailableat/var/certificates/ca-bundle.crt.
[01-Oct-202613:02:26]NOTICE:PHPmessage:PHPWarning:PHPStartup:Unabletoloaddynamiclibrary'pdo_sqlite.so'(tried:/usr/lib/php/20180731/pdo_sqlite.so(/usr/lib/php/20180731/pdo_sqlite.so:undefinedsymbol:php_pdo_unregister_driver),/usr/lib/php/20180731/pdo_sqlite.so.so(/usr/lib/php/20180731/pdo_sqlite.so.so:cannotopensharedobjectfile:Nosuchfileordirectory))inUnknownonline0
[01-Oct-202613:02:26]NOTICE:PHPmessage:PHPWarning:Module'curl'alreadyloadedinUnknownonline0
[01-Oct-202613:02:26]NOTICE:PHPmessage:PHPWarning:Module'gd'alreadyloadedinUnknownonline0
[01-Oct-202613:02:26]NOTICE:PHPmessage:PHPWarning:Module'gettext'alreadyloadedinUnknownonline0
[01-Oct-202613:02:26]NOTICE:PHPmessage:PHPWarning:Module'sqlite3'alreadyloadedinUnknownonline0
[01-Oct-202613:02:26]NOTICE:[poolwww]'user'directiveisignoredwhenFPMisnotrunningasroot
[01-Oct-202613:02:26]NOTICE:[poolwww]'group'directiveisignoredwhenFPMisnotrunningasroot
startedphp-fpm.statuscode:0
startednginx.statuscode:0
