Startingnewinstance(caldav)
waitingforuwsgitobeavailableat/var/run/uwsgi.sock
***StartinguWSGI2.0.7-debian(64bit)on[ThuOct115:55:272026]***
compiledwithversion:4.9.1on25October201419:17:54
os:Linux-6.17.0-40-generic#40-UbuntuSMPPREEMPT_DYNAMICFriJun1916:42:13UTC2026
nodename:persvati
machine:x86_64
clocksource:unix
pcrejitdisabled
detectednumberofCPUcores:24
currentworkingdirectory:/
detectedbinarypath:/usr/bin/uwsgi-core
***WARNING:youarerunninguWSGIwithoutitsmasterprocessmanager***
yourprocessesnumberlimitis342411
yourmemorypagesizeis4096bytes
detectedmaxfiledescriptornumber:1024
lockengine:pthreadrobustmutexes
thunderlock:disabled(youcanenableitwith--thunder-lock)
uwsgisocket0boundtoUNIXaddress/var/run/uwsgi.sockfd3
Pythonversion:3.4.2(default,Oct82014,10:47:48)[GCC4.9.1]
SetPythonHometo/opt/app/env
***Pythonthreadssupportisdisabled.Youcanenableitwith--enable-threads***
Pythonmaininterpreterinitializedat0xc5c3cc0
yourserversocketlistenbacklogislimitedto100connections
yourmercyforgracefuloperationsonworkersis60seconds
mapped72768bytes(71KB)for1cores
***OperationalMODE:singleprocess***
added/opt/app/topythonpath.
StartingNGINX(caldav)
WSGIapp0(mountpoint='')readyin1secondsoninterpreter0xc5c3cc0pid:12(defaultapp)
***uWSGIisrunninginmultipleinterpretermode***
spawneduWSGIworker1(andtheonly)(pid:12,cores:1)
