2026/10/0115:59:54[TRACE]Custompath:/opt/app/gogs/custom
2026/10/0115:59:54[TRACE]Logpath:/var/gogs/log
2026/10/0115:59:54[TRACE]LogMode:Console(Trace)
2026/10/0115:59:54[INFO]Gogs0.11.34.1122
2026/10/0115:59:54[INFO]CacheServiceEnabled
2026/10/0115:59:54[INFO]SessionServiceEnabled
2026/10/0115:59:54[INFO]GitVersion:2.1.4
2026/10/0115:59:54[INFO]SQLite3Supported
2026/10/0115:59:54[INFO]RunMode:Production
2026/10/0115:59:54[TRACE]Doing:CheckRepoStats
2026/10/0115:59:55[INFO]Listen:http://0.0.0.0:8000
2026/10/0116:09:54[TRACE]Doing:MirrorUpdate
[Macaron]2026-10-0116:10:40:StartedGET/for127.0.0.1
2026/10/0116:10:40[TRACE]SessionID:7c5a120b89e2d1c5
2026/10/0116:10:40[TRACE]CSRFToken:LkIjRHPFfoCSw8daO-Ihm7m7pkg6MTc5MDg3MTA0MDQxMDY0MzA5NA==
2026/10/0116:10:40[TRACE]Template:user/dashboard/dashboard
[Macaron]2026-10-0116:10:40:CompletedGET/200OKin14.925217ms
2026/10/0116:19:54[TRACE]Doing:MirrorUpdate
2026/10/0116:29:54[TRACE]Doing:MirrorUpdate
2026/10/0116:39:54[TRACE]Doing:MirrorUpdate
2026/10/0116:49:54[TRACE]Doing:MirrorUpdate
