    Checking libc v0.2.189
    Checking memchr v2.8.3
    Checking typenum v1.20.1
    Checking cfg-if v1.0.5
    Checking num-traits v0.2.19
    Checking generic-array v0.14.7
    Checking zeroize v1.9.0
   Compiling time-core v0.1.9
    Checking minimal-lexical v0.2.1
   Compiling num-conv v0.2.2
    Checking nom v7.1.3
   Compiling time-macros v0.2.32
    Checking deranged v0.5.8
    Checking powerfmt v0.2.0
    Checking thiserror v2.0.21
    Checking rusticata-macros v4.1.0
    Checking block-buffer v0.10.4
    Checking crypto-common v0.1.7
    Checking digest v0.10.7
    Checking time v0.3.55
    Checking rustls-pki-types v1.15.1
    Checking num-integer v0.1.47
    Checking getrandom v0.2.17
    Checking untrusted v0.9.0
    Checking subtle v2.6.1
    Checking ring v0.17.14
    Checking asn1-rs v0.7.2
    Checking num-bigint v0.4.8
    Checking cpufeatures v0.2.17
    Checking signature v2.2.0
    Checking ed25519 v2.2.3
    Checking sha2 v0.10.9
    Checking der-parser v10.0.0
    Checking curve25519-dalek v4.1.3
    Checking oid-registry v0.8.1
    Checking rustls-webpki v0.103.15
    Checking serde_core v1.0.229
    Checking zmij v1.0.23
    Checking once_cell v1.21.4
    Checking lazy_static v1.5.0
    Checking itoa v1.0.18
    Checking data-encoding v2.11.1
    Checking x509-parser v0.18.1
    Checking serde_json v1.0.151
    Checking rustls v0.23.45
    Checking ed25519-dalek v2.2.0
    Checking rustls-pemfile v2.2.0
    Checking minidregg-resource-client v0.1.0 (/tmp/mini-historical-call-clean)
    Finished `dev` profile [unoptimized + debuginfo] target(s) in 6.68s
