store                        exit=0 186.842401346s
services                     exit=0 1.200263354s
workroom                     exit=0 10.551283668s
profile                      exit=0 .677648167s
birth-a                      exit=0 45.346509568s
install-a                    exit=0 522.512150293s
share-a                      exit=0 271.658876859s
start-a                      exit=0 502.261633086s
floor-a                      exit=0 .277146347s
enroll-a                     exit=0 75.853553099s
get-a                        exit=0 41.695525871s
post-a                       exit=0 42.171774643s
stop-a                       exit=0 1428.972063640s
start-a2                     exit=0 1049.398804803s
floor-a2                     exit=0 .258279948s
enroll-a2                    exit=0 98.500353775s
poll-a2                      exit=0 50.632362302s
stop-a2                      exit=1 43.238298826s
services                     exit=0 1.438831251s
stop-a2                      exit=1 652.255029168s
