Attaching 2 probes...
06:58:26


Attaching 2 probes...
07:00:37

07:02:37

07:04:37

07:06:37

07:08:37

07:10:37

07:12:37

07:14:37

07:16:37

07:18:37

07:20:37
@[966, ntfy, 435, -38]: 1
@[966, ntfy, 233, -1]: 1
07:22:37

07:24:37

07:26:37

07:28:37

07:30:37
@[964, ntfy, -1, -1]: 1
07:32:37

07:34:37

07:36:37
@[966, ntfy, -1, -1]: 1
07:38:37

07:40:37

07:42:37
@[964, ntfy, -1, -1]: 1
07:44:37

07:46:37

07:48:37

07:50:37

07:52:37

07:54:37
@[964, ntfy, -1, -1]: 1
07:56:37

07:58:37

08:00:37

08:02:37
@[964, ntfy, -1, -1]: 1
08:04:37

08:06:37

08:08:37

08:10:37

08:12:37

08:14:37

08:16:37

08:18:37

08:20:37

08:22:37

08:24:37
@[974, node, 41, -97]: 10
@[975, gogs, 233, -1]: 412
08:26:37
@[976, powerbox-http-p, 233, -1]: 1
@[974, node, 41, -97]: 2
08:28:37
@[974, node, 41, -97]: 1
08:30:37
@[974, node, 41, -97]: 1
08:32:37

08:34:37
@[974, node, 41, -97]: 1
08:36:37
@[966, ntfy, 435, -38]: 1
@[966, ntfy, 233, -1]: 1
08:38:37

08:40:37

08:42:37

08:44:37

08:46:37

08:48:37

08:50:37
@[964, ntfy, -1, -1]: 1
08:52:37

08:54:37

08:56:37

08:58:37

09:00:37

09:02:37
@[976, powerbox-http-p, 233, -1]: 1
@[974, node, 41, -97]: 3
09:04:37
@[978, ntfy, 233, -1]: 1
@[978, ntfy, -1, -1]: 1
@[978, ntfy, 435, -38]: 1
@[974, node, 41, -97]: 8
@[975, gogs, 233, -1]: 408
09:06:37
@[974, node, 41, -97]: 2
09:08:37
@[974, node, 41, -97]: 1
09:10:37

09:12:37

09:14:37
@[974, node, 41, -97]: 1
09:16:37

09:18:37

09:20:37
@[974, node, 41, -97]: 1
09:22:37
@[964, ntfy, -1, -1]: 1
09:24:37

09:26:37

09:28:37
@[964, ntfy, -1, -1]: 1
09:30:37

09:32:37
@[974, node, 41, -97]: 1
09:34:37

09:36:37

09:38:37

09:40:37

09:42:37
@[964, ntfy, -1, -1]: 1
09:44:37

09:46:37
@[978, ntfy, 233, -1]: 1
@[978, ntfy, 435, -38]: 1
09:48:37
@[978, ntfy, -1, -1]: 1
09:50:37

09:52:37

09:54:37

09:56:37

09:58:37

10:00:37

10:02:37
@[964, ntfy, -1, -1]: 1
10:04:37
@[978, ntfy, -1, -1]: 1
10:06:37

10:08:37

10:10:37

10:12:37

10:14:37

10:16:37

10:18:37

10:20:37

10:22:37

10:24:37

10:26:37
@[964, ntfy, -1, -1]: 1
10:28:37

10:30:37

10:32:37

10:34:37

10:36:37

10:38:37

10:40:37

10:42:37

10:44:37

10:46:37

10:48:37

10:50:37

10:52:37

10:54:37

10:56:37
@[978, ntfy, 233, -1]: 1
@[978, ntfy, 435, -38]: 1
10:58:37

11:00:37




Attaching 2 probes...
11:04:25

11:06:25

11:08:25

11:10:25

11:12:25

11:14:25

11:16:25

11:18:25
@[946, node, 41, -97]: 9
11:20:25
@[946, node, 41, -97]: 3
11:22:25
@[950, powerbox-http-p, 233, -1]: 1
@[946, node, 41, -97]: 1
@[949, gogs, 233, -1]: 412
11:24:25
@[946, node, 41, -97]: 1
11:26:25

11:28:25
@[946, node, 41, -97]: 1
@[949, gogs, 233, -1]: 6
11:30:25

11:32:25

11:34:25

11:36:25

11:38:25
@[978, ntfy, -1, -1]: 1
@[964, ntfy, -1, -1]: 1
11:40:25

11:42:25

11:44:25

11:46:25

11:48:25

11:50:25
@[964, ntfy, -1, -1]: 1
11:52:25
@[953, ntfy, 435, -38]: 1
@[953, ntfy, 233, -1]: 1
11:54:25

11:56:25

11:58:25
@[946, node, 41, -97]: 11
12:00:25
@[950, powerbox-http-p, 233, -1]: 1
@[946, node, 41, -97]: 2
@[949, gogs, 233, -1]: 414
12:02:25

12:04:25
@[946, node, 41, -97]: 1
12:06:25

12:08:25
@[946, node, 41, -97]: 1
12:10:25

12:12:25
@[949, gogs, 233, -1]: 6
12:14:25
@[946, node, 41, -97]: 1
12:16:25

12:18:25

12:20:25

12:22:25

12:24:25

12:26:25
@[946, node, 41, -97]: 1
12:28:25
@[955, ntfy, 233, -1]: 1
@[953, ntfy, -1, -1]: 1
@[955, ntfy, 435, -38]: 1
12:30:25

12:32:25

12:34:25

12:36:25

12:38:25

12:40:25

12:42:25

12:44:25

12:46:25
@[955, ntfy, -1, -1]: 1
12:48:25
@[946, node, 41, -97]: 1
12:50:25

