store                        exit=0 100.922400265s
services                     exit=0 1.110707143s
workroom                     exit=0 20.916734942s
profile                      exit=0 .365027525s
birth-a                      exit=0 43.546935249s
install-a                    exit=0 120.033719222s
share-a                      exit=0 249.540963385s
start-a                      exit=0 111.594486299s
enroll-a                     exit=0 64.847893539s
get-a                        exit=0 26.045693382s
post-a                       exit=0 28.617059178s
stop-a                       exit=0 411.944230802s
start-a2                     exit=0 168.391564529s
enroll-a2                    exit=0 221.794736595s
get-a2                       exit=0 33.774218231s
poll-a2                      exit=0 43.897812327s
birth-b                      exit=0 140.025200557s
install-b                    exit=0 263.662934103s
share-b                      exit=0 882.495136589s
start-b                      exit=1 .257470498s
start-b                      exit=1 .246136810s
start-b                      exit=0 321.239698033s
enroll-b                     exit=0 166.445808603s
get-b                        exit=0 58.884474447s
status-a                     exit=0 .109791588s
status-b                     exit=0 .120828256s
stop-b                       exit=0 1492.267394207s
stop-a2                      exit=0 1638.276628568s
status-a2                    exit=0 .098896348s
status-b2                    exit=0 .086859629s
