/home/ember/build/minidregg-overnight-20260927-success-prefix-evidence/build-r2/resume-checkpoints/0001-Pred_Core.sha256: OK
/home/ember/build/minidregg-overnight-20260927-success-prefix-evidence/build-r2/resume-checkpoints/0002-Compiler_Signature.sha256: OK
/home/ember/build/minidregg-overnight-20260927-success-prefix-evidence/build-r2/resume-checkpoints/0003-Compiler_Air.sha256: OK
/home/ember/build/minidregg-overnight-20260927-success-prefix-evidence/build-r2/resume-checkpoints/0004-Compiler_AirRange.sha256: OK
/home/ember/build/minidregg-overnight-20260927-success-prefix-evidence/build-r2/resume-checkpoints/0005-Compiler_PredOrderGadget.sha256: OK
/home/ember/build/minidregg-overnight-20260927-success-prefix-evidence/build-r2/resume-checkpoints/0006-Compiler_PredCompile.sha256: OK
/home/ember/build/minidregg-overnight-20260927-success-prefix-evidence/build-r2/resume-checkpoints/0007-Theory_BinaryTower.sha256: OK
/home/ember/build/minidregg-overnight-20260927-success-prefix-evidence/build-r2/resume-checkpoints/0008-Theory_BinaryTowerFanPaar.sha256: OK
/home/ember/build/minidregg-overnight-20260927-success-prefix-evidence/build-r2/resume-checkpoints/0009-Theory_BinaryTowerTrace.sha256: OK
/home/ember/build/minidregg-overnight-20260927-success-prefix-evidence/build-r2/resume-checkpoints/0010-Theory_Bignum.sha256: OK
/home/ember/build/minidregg-overnight-20260927-success-prefix-evidence/build-r2/resume-checkpoints/0011-Theory_IndexedProgram.sha256: OK
/home/ember/build/minidregg-overnight-20260927-success-prefix-evidence/build-r2/resume-checkpoints/0012-Theory_BinaryTowerFanPaarCodec.sha256: OK
/home/ember/build/minidregg-overnight-20260927-success-prefix-evidence/build-r2/resume-checkpoints/0013-Theory_BinaryTowerCodec.sha256: OK
/home/ember/build/minidregg-overnight-20260927-success-prefix-evidence/build-r2/resume-checkpoints/0014-Compiler_AirFlatten.sha256: OK
/home/ember/build/minidregg-overnight-20260927-success-prefix-evidence/build-r2/resume-checkpoints/0015-Compiler_AirHash.sha256: OK
/home/ember/build/minidregg-overnight-20260927-success-prefix-evidence/build-r2/resume-checkpoints/0016-Compiler_AirMembership.sha256: OK
/home/ember/build/minidregg-overnight-20260927-success-prefix-evidence/build-r2/resume-checkpoints/0017-Compiler_NoteSpend.sha256: OK
/home/ember/build/minidregg-overnight-20260927-success-prefix-evidence/build-r2/resume-checkpoints/0018-Compiler_Emit.sha256: OK
/home/ember/build/minidregg-overnight-20260927-success-prefix-evidence/build-r2/resume-checkpoints/0019-Compiler_AirBignum.sha256: OK
/home/ember/build/minidregg-overnight-20260927-success-prefix-evidence/build-r2/resume-checkpoints/0020-Compiler_BabyBear.sha256: OK
/home/ember/build/minidregg-overnight-20260927-success-prefix-evidence/build-r2/resume-checkpoints/0021-Compiler_EmitSerialize.sha256: OK
/home/ember/build/minidregg-overnight-20260927-success-prefix-evidence/build-r2/resume-checkpoints/0022-Theory_CrossModulus.sha256: OK
/home/ember/build/minidregg-overnight-20260927-success-prefix-evidence/build-r2/resume-checkpoints/0023-Compiler_AirModularView.sha256: OK
/home/ember/build/minidregg-overnight-20260927-success-prefix-evidence/build-r2/resume-checkpoints/0024-Compiler_BignumKernelABI.sha256: OK
/home/ember/build/minidregg-overnight-20260927-success-prefix-evidence/build-r2/resume-checkpoints/0025-Theory_TypedAuthorization.sha256: OK
/home/ember/build/minidregg-overnight-20260927-success-prefix-evidence/build-r2/resume-checkpoints/0026-Theory_AuthorizationDeclaration.sha256: OK
/home/ember/build/minidregg-overnight-20260927-success-prefix-evidence/build-r2/resume-checkpoints/0027-Compiler_SemanticManifest.sha256: OK
/home/ember/build/minidregg-overnight-20260927-success-prefix-evidence/build-r2/resume-checkpoints/0028-Compiler_NativeKernelPlan.sha256: OK
/home/ember/build/minidregg-overnight-20260927-success-prefix-evidence/build-r2/resume-checkpoints/0029-Selvage_CorrelatedAgreement.sha256: OK
/home/ember/build/minidregg-overnight-20260927-success-prefix-evidence/build-r2/resume-checkpoints/0030-Selvage_ReedSolomon.sha256: OK
/home/ember/build/minidregg-overnight-20260927-success-prefix-evidence/build-r2/resume-checkpoints/0031-Selvage_ConstrainedCode.sha256: OK
/home/ember/build/minidregg-overnight-20260927-success-prefix-evidence/build-r2/resume-checkpoints/0032-Selvage_Accumulator.sha256: OK
/home/ember/build/minidregg-overnight-20260927-success-prefix-evidence/build-r2/resume-checkpoints/0033-Selvage_Decider.sha256: OK
/home/ember/build/minidregg-overnight-20260927-success-prefix-evidence/build-r2/resume-checkpoints/0034-Selvage_Commitment.sha256: OK
/home/ember/build/minidregg-overnight-20260927-success-prefix-evidence/build-r2/resume-checkpoints/0035-Compiler_AuthenticatedColumnPlan.sha256: OK
/home/ember/build/minidregg-overnight-20260927-success-prefix-evidence/build-r2/resume-checkpoints/0036-Selvage_Rbr.sha256: OK
/home/ember/build/minidregg-overnight-20260927-success-prefix-evidence/build-r2/resume-checkpoints/0037-Selvage_Depth.sha256: OK
/home/ember/build/minidregg-overnight-20260927-success-prefix-evidence/build-r2/resume-checkpoints/0038-Selvage_Sumcheck.sha256: OK
/home/ember/build/minidregg-overnight-20260927-success-prefix-evidence/build-r2/resume-checkpoints/0039-Selvage_SumcheckReduction.sha256: OK
/home/ember/build/minidregg-overnight-20260927-success-prefix-evidence/build-r2/resume-checkpoints/0040-Selvage_MultilinearExtension.sha256: OK
/home/ember/build/minidregg-overnight-20260927-success-prefix-evidence/build-r2/resume-checkpoints/0041-Selvage_BinaryLookup.sha256: OK
/home/ember/build/minidregg-overnight-20260927-success-prefix-evidence/build-r2/resume-checkpoints/0042-Compiler_Tower256CshakeMerkleController.sha256: OK
/home/ember/build/minidregg-overnight-20260927-success-prefix-evidence/build-r2/resume-checkpoints/0043-Compiler_TranscriptController.sha256: OK
/home/ember/build/minidregg-overnight-20260927-success-prefix-evidence/build-r2/resume-checkpoints/0044-Theory_EffectDeclaration.sha256: OK
/home/ember/build/minidregg-overnight-20260927-success-prefix-evidence/build-r2/resume-checkpoints/0045-Compiler_DeclaredEffectArtifact.sha256: OK
/home/ember/build/minidregg-overnight-20260927-success-prefix-evidence/build-r2/resume-checkpoints/0046-Theory_PrivacyProfile.sha256: OK
/home/ember/build/minidregg-overnight-20260927-success-prefix-evidence/build-r2/resume-checkpoints/0047-Theory_DisclosureDeclaration.sha256: OK
/home/ember/build/minidregg-overnight-20260927-success-prefix-evidence/build-r2/resume-checkpoints/0048-Theory_GuardedAdvice.sha256: OK
/home/ember/build/minidregg-overnight-20260927-success-prefix-evidence/build-r2/resume-checkpoints/0049-Theory_ReactiveReceipt.sha256: OK
/home/ember/build/minidregg-overnight-20260927-success-prefix-evidence/build-r2/resume-checkpoints/0050-Theory_ReactiveController.sha256: OK
/home/ember/build/minidregg-overnight-20260927-success-prefix-evidence/build-r2/resume-checkpoints/0051-Compiler_SemanticArtifactBundle.sha256: OK
/home/ember/build/minidregg-overnight-20260927-success-prefix-evidence/build-r2/resume-checkpoints/0052-Compiler_MinidreggV1Artifact.sha256: OK
/home/ember/build/minidregg-overnight-20260927-success-prefix-evidence/build-r2/resume-checkpoints/0053-Compiler_BinaryTower256Profile.sha256: OK
/home/ember/build/minidregg-overnight-20260927-success-prefix-evidence/build-r2/resume-checkpoints/0054-Compiler_Sp800185Cshake256Core.sha256: OK
/home/ember/build/minidregg-overnight-20260927-success-prefix-evidence/build-r2/resume-checkpoints/0055-Compiler_Sp800185Cshake256.sha256: OK
/home/ember/build/minidregg-overnight-20260927-success-prefix-evidence/build-r2/resume-checkpoints/0056-Compiler_Tower256ConcreteBackend.sha256: OK
/home/ember/build/minidregg-overnight-20260927-success-prefix-evidence/build-r2/resume-checkpoints/0057-Theory_CellState.sha256: OK
/home/ember/build/minidregg-overnight-20260927-success-prefix-evidence/build-r2/resume-checkpoints/0058-Theory_DeclaredTurn.sha256: OK
/home/ember/build/minidregg-overnight-20260927-success-prefix-evidence/build-r2/resume-checkpoints/0059-Theory_ReactiveCellTransition.sha256: OK
/home/ember/build/minidregg-overnight-20260927-success-prefix-evidence/build-r2/resume-checkpoints/0060-Theory_CanonicalTransition.sha256: OK
/home/ember/build/minidregg-overnight-20260927-success-prefix-evidence/build-r2/resume-checkpoints/0061-Theory_PrivateComputationDeclaration.sha256: OK
/home/ember/build/minidregg-overnight-20260927-success-prefix-evidence/build-r2/resume-checkpoints/0062-Theory_AcceptedCellEffect.sha256: OK
/home/ember/build/minidregg-overnight-20260927-success-prefix-evidence/build-r2/resume-checkpoints/0063-Theory_PolicyInstall.sha256: OK
/home/ember/build/minidregg-overnight-20260927-success-prefix-evidence/build-r2/resume-checkpoints/0064-Kernel_Turn.sha256: OK
/home/ember/build/minidregg-overnight-20260927-success-prefix-evidence/build-r2/resume-checkpoints/0065-Kernel_MultiCellHyperedge.sha256: OK
/home/ember/build/minidregg-overnight-20260927-success-prefix-evidence/build-r2/resume-checkpoints/0066-Compiler_CanonicalPolicyAdmission.sha256: OK
/home/ember/build/minidregg-overnight-20260927-success-prefix-evidence/build-r2/resume-checkpoints/0067-Compiler_TypedAuthorizationRequestCodec.sha256: OK
/home/ember/build/minidregg-overnight-20260927-success-prefix-evidence/build-r2/resume-checkpoints/0068-Theory_CredentialSigningKey.sha256: OK
/home/ember/build/minidregg-overnight-20260927-success-prefix-evidence/build-r2/resume-checkpoints/0069-Compiler_CredentialSigningKeyCodec.sha256: OK
/home/ember/build/minidregg-overnight-20260927-success-prefix-evidence/build-r2/resume-checkpoints/0070-Theory_CredentialAuthorityFamily.sha256: OK
/home/ember/build/minidregg-overnight-20260927-success-prefix-evidence/build-r2/resume-checkpoints/0071-Theory_CredentialAuthorityState.sha256: OK
/home/ember/build/minidregg-overnight-20260927-success-prefix-evidence/build-r2/resume-checkpoints/0072-Compiler_CredentialAuthorityEntryCodec.sha256: OK
/home/ember/build/minidregg-overnight-20260927-success-prefix-evidence/build-r2/resume-checkpoints/0073-Compiler_CredentialAuthorityPageMaterializer.sha256: OK
/home/ember/build/minidregg-overnight-20260927-success-prefix-evidence/build-r2/resume-checkpoints/0074-Theory_CausalVersionDag.sha256: OK
/home/ember/build/minidregg-overnight-20260927-success-prefix-evidence/build-r2/resume-checkpoints/0075-Theory_Hyperdocument.sha256: OK
/home/ember/build/minidregg-overnight-20260927-success-prefix-evidence/build-r2/resume-checkpoints/0076-Theory_HyperdocumentOperationIntent.sha256: OK
/home/ember/build/minidregg-overnight-20260927-success-prefix-evidence/build-r2/resume-checkpoints/0077-Theory_StableRanges.sha256: OK
/home/ember/build/minidregg-overnight-20260927-success-prefix-evidence/build-r2/resume-checkpoints/0078-Theory_HyperdocumentOperations.sha256: OK
/home/ember/build/minidregg-overnight-20260927-success-prefix-evidence/build-r2/resume-checkpoints/0079-Compiler_HyperdocumentCodec.sha256: OK
/home/ember/build/minidregg-overnight-20260927-success-prefix-evidence/build-r2/resume-checkpoints/0080-Compiler_HyperdocumentContentPageMaterializer.sha256: OK
/home/ember/build/minidregg-overnight-20260927-success-prefix-evidence/build-r2/resume-checkpoints/0081-Kernel_SparseAuthenticatedState.sha256: OK
/home/ember/build/minidregg-overnight-20260927-success-prefix-evidence/build-r2/resume-checkpoints/0082-Kernel_HyperdocumentEventLog.sha256: OK
/home/ember/build/minidregg-overnight-20260927-success-prefix-evidence/build-r2/resume-checkpoints/0083-Compiler_HyperdocumentEventPageMaterializer.sha256: OK
/home/ember/build/minidregg-overnight-20260927-success-prefix-evidence/build-r2/resume-checkpoints/0084-Compiler_BoundedPageExtensionCatalog.sha256: OK
/home/ember/build/minidregg-overnight-20260927-success-prefix-evidence/build-r2/resume-checkpoints/0085-Kernel_DeclaredHyperedge.sha256: OK
/home/ember/build/minidregg-overnight-20260927-success-prefix-evidence/build-r2/resume-checkpoints/0086-Kernel_TypedCellHyperedge.sha256: OK
/home/ember/build/minidregg-overnight-20260927-success-prefix-evidence/build-r2/resume-checkpoints/0087-Theory_MaterializerCardinality.sha256: OK
/home/ember/build/minidregg-overnight-20260927-success-prefix-evidence/build-r2/resume-checkpoints/0088-Theory_SparseLogicalState.sha256: OK
/home/ember/build/minidregg-overnight-20260927-success-prefix-evidence/build-r2/resume-checkpoints/0089-Theory_DeployedMaterializerWitness.sha256: OK
/home/ember/build/minidregg-overnight-20260927-success-prefix-evidence/build-r2/resume-checkpoints/0090-Theory_TypedAuthorizationWitness.sha256: OK
/home/ember/build/minidregg-overnight-20260927-success-prefix-evidence/build-r2/resume-checkpoints/0091-Kernel_DeclaredHyperedgeWitness.sha256: OK
/home/ember/build/minidregg-overnight-20260927-success-prefix-evidence/build-r2/resume-checkpoints/0092-Theory_ResourceCost.sha256: OK
/home/ember/build/minidregg-overnight-20260927-success-prefix-evidence/build-r2/resume-checkpoints/0093-Theory_DeclaredActionLowering.sha256: OK
/home/ember/build/minidregg-overnight-20260927-success-prefix-evidence/build-r2/resume-checkpoints/0094-Compiler_DeclaredEffectPageMaterializer.sha256: OK
/home/ember/build/minidregg-overnight-20260927-success-prefix-evidence/build-r2/resume-checkpoints/0095-Compiler_FiniteDependentMapCodec.sha256: OK
/home/ember/build/minidregg-overnight-20260927-success-prefix-evidence/build-r2/resume-checkpoints/0096-Compiler_CredentialAuthorityStateCodec.sha256: OK
/home/ember/build/minidregg-overnight-20260927-success-prefix-evidence/build-r2/resume-checkpoints/0097-Compiler_CredentialAuthorityDomain.sha256: OK
/home/ember/build/minidregg-overnight-20260927-success-prefix-evidence/build-r2/resume-checkpoints/0098-Theory_CanonicalResourceKernel.sha256: OK
/home/ember/build/minidregg-overnight-20260927-success-prefix-evidence/build-r2/resume-checkpoints/0099-Compiler_CanonicalResourcePageMaterializer.sha256: OK
/home/ember/build/minidregg-overnight-20260927-success-prefix-evidence/build-r2/resume-checkpoints/0100-Theory_CellSlot.sha256: OK
/home/ember/build/minidregg-overnight-20260927-success-prefix-evidence/build-r2/resume-checkpoints/0101-Theory_ResourceBirth.sha256: OK
/home/ember/build/minidregg-overnight-20260927-success-prefix-evidence/build-r2/resume-checkpoints/0102-Compiler_ResourceBirthCodec.sha256: OK
/home/ember/build/minidregg-overnight-20260927-success-prefix-evidence/build-r2/resume-checkpoints/0103-Compiler_PolicyRecordCodec.sha256: OK
/home/ember/build/minidregg-overnight-20260927-success-prefix-evidence/build-r2/resume-checkpoints/0104-Compiler_PolicySourceCell.sha256: OK
/home/ember/build/minidregg-overnight-20260927-success-prefix-evidence/build-r2/resume-checkpoints/0105-Theory_CanonicalResourceBookInvariant.sha256: OK
/home/ember/build/minidregg-overnight-20260927-success-prefix-evidence/build-r2/resume-checkpoints/0106-Compiler_CanonicalCellRegistry.sha256: OK
/home/ember/build/minidregg-overnight-20260927-success-prefix-evidence/build-r2/resume-checkpoints/0107-Kernel_DurableCommitProtocol.sha256: OK
/home/ember/build/minidregg-overnight-20260927-success-prefix-evidence/build-r2/resume-checkpoints/0108-Kernel_DurableDataIntent.sha256: OK
/home/ember/build/minidregg-overnight-20260927-success-prefix-evidence/build-r2/resume-checkpoints/0109-Compiler_CredentialAuthorityReplay.sha256: OK
/home/ember/build/minidregg-overnight-20260927-success-prefix-evidence/build-r2/resume-checkpoints/0110-Kernel_CanonicalPolicyRegistry.sha256: OK
/home/ember/build/minidregg-overnight-20260927-success-prefix-evidence/build-r2/resume-checkpoints/0111-Kernel_CredentialSignedEnvelopeController.sha256: OK
/home/ember/build/minidregg-overnight-20260927-success-prefix-evidence/build-r2/resume-checkpoints/0112-Compiler_CredentialSignatureIO.sha256: OK
/home/ember/build/minidregg-overnight-20260927-success-prefix-evidence/build-r2/resume-checkpoints/0113-Compiler_CredentialSignatureAdmission.sha256: OK
/home/ember/build/minidregg-overnight-20260927-success-prefix-evidence/build-r2/resume-checkpoints/0114-Compiler_CanonicalRuntimeProfile.sha256: OK
/home/ember/build/minidregg-overnight-20260927-success-prefix-evidence/build-r2/resume-checkpoints/0115-Compiler_NativeHostProfile.sha256: OK
/home/ember/build/minidregg-overnight-20260927-success-prefix-evidence/build-r2/resume-checkpoints/0116-Kernel_DurableReceiver.sha256: OK
/home/ember/build/minidregg-overnight-20260927-success-prefix-evidence/build-r2/resume-checkpoints/0117-Compiler_DurableReceiverCodec.sha256: OK
/home/ember/build/minidregg-overnight-20260927-success-prefix-evidence/build-r2/resume-checkpoints/0118-Compiler_DurableReceiverIO.sha256: OK
/home/ember/build/minidregg-overnight-20260927-success-prefix-evidence/build-r2/resume-checkpoints/0119-Theory_CredentialLineageAdmission.sha256: OK
/home/ember/build/minidregg-overnight-20260927-success-prefix-evidence/build-r2/resume-checkpoints/0120-Theory_CredentialAuthorityEffects.sha256: OK
/home/ember/build/minidregg-overnight-20260927-success-prefix-evidence/build-r2/resume-checkpoints/0121-Theory_ResourceBirthAuthority.sha256: OK
/home/ember/build/minidregg-overnight-20260927-success-prefix-evidence/build-r2/resume-checkpoints/0122-Compiler_CredentialAuthorityDomainReceiver.sha256: OK
/home/ember/build/minidregg-overnight-20260927-success-prefix-evidence/build-r2/resume-checkpoints/0123-Compiler_CredentialAuthorityPolicyRegistry.sha256: OK
/home/ember/build/minidregg-overnight-20260927-success-prefix-evidence/build-r2/resume-checkpoints/0124-Compiler_GrainResourceBirthAuthority.sha256: OK
/home/ember/build/minidregg-overnight-20260927-success-prefix-evidence/build-r2/resume-checkpoints/0125-Kernel_CanonicalResourceEffect.sha256: OK
/home/ember/build/minidregg-overnight-20260927-success-prefix-evidence/build-r2/resume-checkpoints/0126-Kernel_ResourceBirthController.sha256: OK
/home/ember/build/minidregg-overnight-20260927-success-prefix-evidence/build-r2/resume-checkpoints/0127-Kernel_DeclaredResourceProjection.sha256: OK
/home/ember/build/minidregg-overnight-20260927-success-prefix-evidence/build-r2/resume-checkpoints/0128-Kernel_DeclaredResourceScalar.sha256: OK
/home/ember/build/minidregg-overnight-20260927-success-prefix-evidence/build-r2/resume-checkpoints/0129-Kernel_ContentResource.sha256: OK
/home/ember/build/minidregg-overnight-20260927-success-prefix-evidence/build-r2/resume-checkpoints/0130-Kernel_ResourceTransaction.sha256: OK
/home/ember/build/minidregg-overnight-20260927-success-prefix-evidence/build-r2/resume-checkpoints/0131-Compiler_ResourceTargetAdmission.sha256: OK
/home/ember/build/minidregg-overnight-20260927-success-prefix-evidence/build-r2/resume-checkpoints/0132-Compiler_CanonicalAccountView.sha256: OK
/home/ember/build/minidregg-overnight-20260927-success-prefix-evidence/build-r2/resume-checkpoints/0133-Compiler_ResourceAuthorityProjection.sha256: OK
/home/ember/build/minidregg-overnight-20260927-success-prefix-evidence/build-r2/resume-checkpoints/0134-Kernel_ResourceObservationAdmission.sha256: OK
/home/ember/build/minidregg-overnight-20260927-success-prefix-evidence/build-r2/resume-checkpoints/0135-Kernel_DeclaredResourceController.sha256: OK
/home/ember/build/minidregg-overnight-20260927-success-prefix-evidence/build-r2/resume-checkpoints/0136-Compiler_DeclaredHyperedgeArtifact.sha256: OK
/home/ember/build/minidregg-overnight-20260927-success-prefix-evidence/build-r2/resume-checkpoints/0137-Kernel_PolicyInstallController.sha256: OK
/home/ember/build/minidregg-overnight-20260927-success-prefix-evidence/build-r2/resume-checkpoints/0138-Kernel_PolicyInstallReceiver.sha256: OK
/home/ember/build/minidregg-overnight-20260927-success-prefix-evidence/build-r2/resume-checkpoints/0139-Kernel_ResourceBirthPolicyController.sha256: OK
/home/ember/build/minidregg-overnight-20260927-success-prefix-evidence/build-r2/resume-checkpoints/0140-Kernel_ResourceBirthReceiver.sha256: OK
/home/ember/build/minidregg-overnight-20260927-success-prefix-evidence/build-r2/resume-checkpoints/0141-Kernel_CapabilityDelegationController.sha256: OK
/home/ember/build/minidregg-overnight-20260927-success-prefix-evidence/build-r2/resume-checkpoints/0142-Kernel_CapabilityDelegationReceiver.sha256: OK
/home/ember/build/minidregg-overnight-20260927-success-prefix-evidence/build-r2/resume-checkpoints/0143-Kernel_CapabilityRevocationController.sha256: OK
/home/ember/build/minidregg-overnight-20260927-success-prefix-evidence/build-r2/resume-checkpoints/0144-Kernel_CapabilityRevocationReceiver.sha256: OK
/home/ember/build/minidregg-overnight-20260927-success-prefix-evidence/build-r2/resume-checkpoints/0145-Compiler_NativeHostCodec.sha256: OK
/home/ember/build/minidregg-overnight-20260927-success-prefix-evidence/build-r2/resume-checkpoints/0146-Kernel_AgentGrain.sha256: OK
/home/ember/build/minidregg-overnight-20260927-success-prefix-evidence/build-r2/resume-checkpoints/0147-Compiler_GrainResourceBirthController.sha256: OK
/home/ember/build/minidregg-overnight-20260927-success-prefix-evidence/build-r2/resume-checkpoints/0148-Kernel_NativeHostContext.sha256: OK
/home/ember/build/minidregg-overnight-20260927-success-prefix-evidence/build-r2/resume-checkpoints/0149-Compiler_GrainResourceBirthHostCodec.sha256: OK
/home/ember/build/minidregg-overnight-20260927-success-prefix-evidence/build-r2/resume-checkpoints/0150-Kernel_GrainResourceBirthPolicyController.sha256: OK
/home/ember/build/minidregg-overnight-20260927-success-prefix-evidence/build-r2/resume-checkpoints/0151-Kernel_GrainResourceBirthFamilies.sha256: OK
/home/ember/build/minidregg-overnight-20260927-success-prefix-evidence/build-r2/resume-checkpoints/0152-Kernel_GrainResourceBirthTransaction.sha256: OK
/home/ember/build/minidregg-overnight-20260927-success-prefix-evidence/build-r2/resume-checkpoints/0153-Kernel_GrainResourceBirthAdmission.sha256: OK
/home/ember/build/minidregg-overnight-20260927-success-prefix-evidence/build-r2/resume-checkpoints/0154-Kernel_NativeHostGrainBirth.sha256: OK
/home/ember/build/minidregg-overnight-20260927-success-prefix-evidence/build-r2/resume-checkpoints/0155-Kernel_GrainResourceBirthReceiver.sha256: OK
/home/ember/build/minidregg-overnight-20260927-success-prefix-evidence/build-r2/resume-checkpoints/0156-Compiler_NativeObservationCodec.sha256: OK
/home/ember/build/minidregg-overnight-20260927-success-prefix-evidence/build-r2/resume-checkpoints/0157-Kernel_NativeObservationController.sha256: OK
/home/ember/build/minidregg-overnight-20260927-success-prefix-evidence/build-r2/resume-checkpoints/0158-Compiler_FnEvidenceCodec.sha256: OK
/home/ember/build/minidregg-overnight-20260927-success-prefix-evidence/build-r2/resume-checkpoints/0159-Kernel_FnSelectiveRelease.sha256: OK
/home/ember/build/minidregg-overnight-20260927-success-prefix-evidence/build-r2/resume-checkpoints/0160-Kernel_FnGatewayPolicy.sha256: OK
/home/ember/build/minidregg-overnight-20260927-success-prefix-evidence/build-r2/resume-checkpoints/0161-Kernel_FnSelectiveReleaseSignature.sha256: OK
/home/ember/build/minidregg-overnight-20260927-success-prefix-evidence/build-r2/resume-checkpoints/0162-Kernel_FnSelectiveReleaseIngress.sha256: OK
/home/ember/build/minidregg-overnight-20260927-success-prefix-evidence/build-r2/resume-checkpoints/0163-Kernel_FnSelectiveReleaseAdmission.sha256: OK
/home/ember/build/minidregg-overnight-20260927-success-prefix-evidence/build-r2/resume-checkpoints/0164-Kernel_FnSelectiveReleaseSourcePublication.sha256: OK
/home/ember/build/minidregg-overnight-20260927-success-prefix-evidence/build-r2/resume-checkpoints/0165-Kernel_PhysicalResourceReadGuard.sha256: OK
/home/ember/build/minidregg-overnight-20260927-success-prefix-evidence/build-r2/resume-checkpoints/0166-Kernel_FnSelectiveReleaseSourceAuthority.sha256: OK
/home/ember/build/minidregg-overnight-20260927-success-prefix-evidence/build-r2/resume-checkpoints/0167-Kernel_FnSelectiveReleaseSourceReceiver.sha256: OK
/home/ember/build/minidregg-overnight-20260927-success-prefix-evidence/build-r2/resume-checkpoints/0168-Kernel_ApplicationGrain.sha256: OK
/home/ember/build/minidregg-overnight-20260927-success-prefix-evidence/build-r2/resume-checkpoints/0169-Kernel_ApplicationLifecycleBegin.sha256: OK
/home/ember/build/minidregg-overnight-20260927-success-prefix-evidence/build-r2/resume-checkpoints/0170-Kernel_ApplicationLifecycleBeginIngress.sha256: OK
/home/ember/build/minidregg-overnight-20260927-success-prefix-evidence/build-r2/resume-checkpoints/0171-Kernel_ApplicationDispatchCodec.sha256: OK
/home/ember/build/minidregg-overnight-20260927-success-prefix-evidence/build-r2/resume-checkpoints/0172-Kernel_ApplicationGrainSession.sha256: OK
/home/ember/build/minidregg-overnight-20260927-success-prefix-evidence/build-r2/resume-checkpoints/0173-Kernel_ApplicationGrainSessionEnrollment.sha256: OK
/home/ember/build/minidregg-overnight-20260927-success-prefix-evidence/build-r2/resume-checkpoints/0174-Kernel_ApplicationPermissionSchema.sha256: OK
/home/ember/build/minidregg-overnight-20260927-success-prefix-evidence/build-r2/resume-checkpoints/0175-Kernel_ApplicationDispatchManifest.sha256: OK
/home/ember/build/minidregg-overnight-20260927-success-prefix-evidence/build-r2/resume-checkpoints/0176-Kernel_ApplicationLifecycleBeginReceiver.sha256: OK
/home/ember/build/minidregg-overnight-20260927-success-prefix-evidence/build-r2/resume-checkpoints/0177-Kernel_ApplicationDispatchAuthority.sha256: OK
/home/ember/build/minidregg-overnight-20260927-success-prefix-evidence/build-r2/resume-checkpoints/0178-Kernel_ApplicationShareIssueSource.sha256: OK
/home/ember/build/minidregg-overnight-20260927-success-prefix-evidence/build-r2/resume-checkpoints/0179-Kernel_ApplicationShareIssueDelegation.sha256: OK
/home/ember/build/minidregg-overnight-20260927-success-prefix-evidence/build-r2/resume-checkpoints/0180-Kernel_ApplicationShareIssueAdmission.sha256: OK
/home/ember/build/minidregg-overnight-20260927-success-prefix-evidence/build-r2/resume-checkpoints/0181-Kernel_ApplicationShareIssueReceiver.sha256: OK
/home/ember/build/minidregg-overnight-20260927-success-prefix-evidence/build-r2/resume-checkpoints/0182-Kernel_NativeHostReplay.sha256: OK
/home/ember/build/minidregg-overnight-20260927-success-prefix-evidence/build-r2/resume-checkpoints/0183-Kernel_NativeHost.sha256: OK
/home/ember/build/minidregg-overnight-20260927-success-prefix-evidence/build-r2/resume-checkpoints/0184-Kernel_NativeHostSession.sha256: OK
/home/ember/build/minidregg-overnight-20260927-success-prefix-evidence/build-r2/resume-checkpoints/0185-Kernel_NativeReserveContinuity.sha256: OK
/home/ember/build/minidregg-overnight-20260927-success-prefix-evidence/build-r2/resume-checkpoints/0186-Kernel_NativeHostGenesis.sha256: OK
/home/ember/build/minidregg-overnight-20260927-success-prefix-evidence/build-r2/resume-checkpoints/0187-Kernel_FnEvidence.sha256: OK
/home/ember/build/minidregg-overnight-20260927-success-prefix-evidence/build-r2/resume-checkpoints/0188-Kernel_FnConsumerOperation.sha256: OK
/home/ember/build/minidregg-overnight-20260927-success-prefix-evidence/build-r2/resume-checkpoints/0189-Kernel_FnConsumerProgress.sha256: OK
/home/ember/build/minidregg-overnight-20260927-success-prefix-evidence/build-r2/resume-checkpoints/0190-Kernel_FnOriginOutbox.sha256: OK
/home/ember/build/minidregg-overnight-20260927-success-prefix-evidence/build-r2/resume-checkpoints/0191-Kernel_FnCatalogOwnRProgress.sha256: OK
/home/ember/build/minidregg-overnight-20260927-success-prefix-evidence/build-r2/resume-checkpoints/0192-Kernel_FnReplyPublication.sha256: OK
/home/ember/build/minidregg-overnight-20260927-success-prefix-evidence/build-r2/resume-checkpoints/0193-Kernel_FnPortableSource.sha256: OK
/home/ember/build/minidregg-overnight-20260927-success-prefix-evidence/build-r2/resume-checkpoints/0194-Kernel_FnReplySource.sha256: OK
/home/ember/build/minidregg-overnight-20260927-success-prefix-evidence/build-r2/resume-checkpoints/0195-Kernel_FnReplyConsumption.sha256: OK
/home/ember/build/minidregg-overnight-20260927-success-prefix-evidence/build-r2/resume-checkpoints/0196-Kernel_FnSelectiveReleaseReceiver.sha256: OK
/home/ember/build/minidregg-overnight-20260927-success-prefix-evidence/build-r2/resume-checkpoints/0197-Kernel_ApplicationShareIssueAuthoring.sha256: OK
/home/ember/build/minidregg-overnight-20260927-success-prefix-evidence/build-r2/resume-checkpoints/0198-Kernel_ApplicationGrainBirth.sha256: OK
/home/ember/build/minidregg-overnight-20260927-success-prefix-evidence/build-r2/resume-checkpoints/0199-Kernel_ApplicationGrainSessionBirth.sha256: OK
/home/ember/build/minidregg-overnight-20260927-success-prefix-evidence/build-r2/resume-checkpoints/0200-Host_ApplicationPermissionSchemaAuthoring.sha256: OK
/home/ember/build/minidregg-overnight-20260927-success-prefix-evidence/build-r2/resume-checkpoints/0201-Host_Json.sha256: OK
/home/ember/build/minidregg-overnight-20260927-success-prefix-evidence/build-r2/resume-checkpoints/0202-Kernel_FnSelectiveReleaseArticle.sha256: OK
/home/ember/build/minidregg-overnight-20260927-success-prefix-evidence/build-r2/resume-checkpoints/0203-Host_FnSelectiveReleaseAuthoring.sha256: OK
/home/ember/build/minidregg-overnight-20260927-success-prefix-evidence/build-r2/resume-checkpoints/0204-Host_FnSelectiveReleaseSourceAuthoring.sha256: OK
/home/ember/build/minidregg-overnight-20260927-success-prefix-evidence/build-r2/resume-checkpoints/0205-Host_ApplicationCurrentBirthAuthoring.sha256: OK
/home/ember/build/minidregg-overnight-20260927-success-prefix-evidence/build-r2/resume-checkpoints/0206-Host_FnInboxView.sha256: OK
/home/ember/build/minidregg-overnight-20260927-success-prefix-evidence/build-r2/resume-checkpoints/0207-Host_GrainOriginSource.sha256: OK
/home/ember/build/minidregg-overnight-20260927-success-prefix-evidence/build-r2/resume-checkpoints/0208-Host_GrainOriginPreparation.sha256: OK
/home/ember/build/minidregg-overnight-20260927-success-prefix-evidence/build-r2/resume-checkpoints/0209-Host_GrainOriginCommand.sha256: OK
/home/ember/build/minidregg-overnight-20260927-success-prefix-evidence/build-r2/resume-checkpoints/0210-Kernel_ProviderMetering.sha256: OK
/home/ember/build/minidregg-overnight-20260927-success-prefix-evidence/build-r2/resume-checkpoints/0211-Host_ProviderUsage.sha256: OK
/home/ember/build/minidregg-overnight-20260927-success-prefix-evidence/build-r2/resume-checkpoints/0212-Host_Main.sha256: OK
