stdio-submit-ms=76941
same-session-lookup-ms=74663
	Command being timed: "timeout 900 ../base/birth-stdio-probe /tank/dregg-build/minidregg-2721253-host/bin/minidregg-host-2721253-r1 config.json ../base/call.bin . host.stderr"
	User time (seconds): 145.70
	System time (seconds): 5.99
	Percent of CPU this job got: 100%
	Elapsed (wall clock) time (h:mm:ss or m:ss): 2:31.67
	Average shared text size (kbytes): 0
	Average unshared data size (kbytes): 0
	Average stack size (kbytes): 0
	Average total size (kbytes): 0
	Maximum resident set size (kbytes): 1935192
	Average resident set size (kbytes): 0
	Major (requiring I/O) page faults: 2
	Minor (reclaiming a frame) page faults: 2395175
	Voluntary context switches: 634
	Involuntary context switches: 2798
	Swaps: 0
	File system inputs: 1145
	File system outputs: 0
	Socket messages sent: 0
	Socket messages received: 0
	Signals delivered: 0
	Page size (bytes): 4096
	Exit status: 0
