   Compiling syn v2.0.119
   Compiling autocfg v1.5.1
   Compiling num-traits v0.2.19
   Compiling syn v3.0.6
   Compiling libc v0.2.189
   Compiling time-core v0.1.9
   Compiling num-conv v0.2.2
   Compiling minimal-lexical v0.2.1
   Compiling thiserror v2.0.21
   Compiling nom v7.1.3
   Compiling time-macros v0.2.32
   Compiling synstructure v0.13.2
   Compiling thiserror-impl v2.0.21
   Compiling powerfmt v0.2.0
   Compiling deranged v0.5.8
   Compiling rusticata-macros v4.1.0
   Compiling asn1-rs-derive v0.6.0
   Compiling time v0.3.55
   Compiling asn1-rs-impl v0.2.0
   Compiling displaydoc v0.2.7
   Compiling getrandom v0.2.17
   Compiling num-integer v0.1.47
   Compiling asn1-rs v0.7.2
   Compiling serde_core v1.0.229
   Compiling oid-registry v0.8.1
   Compiling ring v0.17.14
   Compiling num-bigint v0.4.8
   Compiling curve25519-dalek-derive v0.1.1
   Compiling curve25519-dalek v4.1.3
   Compiling der-parser v10.0.0
   Compiling rustls-webpki v0.103.15
   Compiling lazy_static v1.5.0
   Compiling x509-parser v0.18.1
   Compiling rustls v0.23.45
   Compiling serde_json v1.0.151
   Compiling ed25519-dalek v2.2.0
   Compiling minidregg-resource-client v0.1.0 (/tank/dregg-build/minidregg-6d34efd-rust-closeout/source/native/resource-client)
    Finished `release` profile [optimized] target(s) in 35.43s
