   Compiling proc-macro2 v1.0.107
   Compiling unicode-ident v1.0.26
   Compiling quote v1.0.47
   Compiling autocfg v1.5.1
   Compiling libc v0.2.189
   Compiling version_check v0.9.5
   Compiling generic-array v0.14.7
   Compiling num-traits v0.2.19
   Compiling syn v2.0.119
   Compiling syn v3.0.6
   Compiling shlex v2.0.1
   Compiling memchr v2.8.3
   Compiling cfg-if v1.0.5
   Compiling find-msvc-tools v0.1.14
   Compiling typenum v1.20.1
   Compiling cc v1.5.1
   Compiling time-core v0.1.9
   Compiling zeroize v1.9.0
   Compiling thiserror v2.0.21
   Compiling minimal-lexical v0.2.1
   Compiling num-conv v0.2.2
   Compiling nom v7.1.3
   Compiling time-macros v0.2.32
   Compiling ring v0.17.14
   Compiling synstructure v0.13.2
   Compiling thiserror-impl v2.0.21
   Compiling deranged v0.5.8
   Compiling semver v1.0.28
   Compiling powerfmt v0.2.0
   Compiling time v0.3.55
   Compiling rustc_version v0.4.1
   Compiling asn1-rs-derive v0.6.0
   Compiling rusticata-macros v4.1.0
   Compiling block-buffer v0.10.4
   Compiling crypto-common v0.1.7
   Compiling asn1-rs-impl v0.2.0
   Compiling displaydoc v0.2.7
   Compiling asn1-rs v0.7.2
   Compiling digest v0.10.7
   Compiling curve25519-dalek v4.1.3
   Compiling rustls-pki-types v1.15.1
   Compiling num-integer v0.1.47
   Compiling getrandom v0.2.17
   Compiling subtle v2.6.1
   Compiling serde_core v1.0.229
   Compiling untrusted v0.9.0
   Compiling zmij v1.0.23
   Compiling oid-registry v0.8.1
   Compiling num-bigint v0.4.8
   Compiling cpufeatures v0.2.17
   Compiling rustls v0.23.45
   Compiling signature v2.2.0
   Compiling serde_json v1.0.151
   Compiling ed25519 v2.2.3
   Compiling sha2 v0.10.9
   Compiling der-parser v10.0.0
   Compiling rustls-webpki v0.103.15
   Compiling lazy_static v1.5.0
   Compiling itoa v1.0.18
   Compiling once_cell v1.21.4
   Compiling data-encoding v2.11.1
   Compiling x509-parser v0.18.1
   Compiling ed25519-dalek v2.2.0
   Compiling rustls-pemfile v2.2.0
   Compiling minidregg-resource-client v0.1.0 (/tmp/minidregg-appbirth-2e60a9c-helpers/native/resource-client)
    Finished `release` profile [optimized] target(s) in 37.20s
