	Command being timed: "timeout 600 /tank/dregg-build/minidregg-2721253-host/bin/minidregg-host-2721253-r1 config.json lookup ../base/call.bin cold-lookup.bin"
	User time (seconds): 76.66
	System time (seconds): 3.64
	Percent of CPU this job got: 100%
	Elapsed (wall clock) time (h:mm:ss or m:ss): 1:20.27
	Average shared text size (kbytes): 0
	Average unshared data size (kbytes): 0
	Average stack size (kbytes): 0
	Average total size (kbytes): 0
	Maximum resident set size (kbytes): 1934296
	Average resident set size (kbytes): 0
	Major (requiring I/O) page faults: 0
	Minor (reclaiming a frame) page faults: 1248373
	Voluntary context switches: 424
	Involuntary context switches: 860
	Swaps: 0
	File system inputs: 71
	File system outputs: 0
	Socket messages sent: 0
	Socket messages received: 0
	Signals delivered: 0
	Page size (bytes): 4096
	Exit status: 0
