stdio-submit-ms=80972
same-session-lookup-ms=408
	Command being timed: "timeout 900 ../base/birth-stdio-probe /tank/dregg-build/minidregg-2721253-host/bin/minidregg-host-2721253-r1 config.json ../base/call.bin . host.stderr"
	User time (seconds): 76.55
	System time (seconds): 4.86
	Percent of CPU this job got: 99%
	Elapsed (wall clock) time (h:mm:ss or m:ss): 1:21.45
	Average shared text size (kbytes): 0
	Average unshared data size (kbytes): 0
	Average stack size (kbytes): 0
	Average total size (kbytes): 0
	Maximum resident set size (kbytes): 1900688
	Average resident set size (kbytes): 0
	Major (requiring I/O) page faults: 26
	Minor (reclaiming a frame) page faults: 1252430
	Voluntary context switches: 322
	Involuntary context switches: 1476
	Swaps: 0
	File system inputs: 1610
	File system outputs: 0
	Socket messages sent: 0
	Socket messages received: 0
	Signals delivered: 0
	Page size (bytes): 4096
	Exit status: 0
