Theory/Knowledge.lean: OK
Theory/PrivacyProfile.lean: OK
Theory/IndexedProgram.lean: OK
Theory/DisclosureDeclaration.lean: OK
Theory/PrivateComputationDeclaration.lean: OK
Theory/GuardedAdvice.lean: OK
Theory/ReactiveReceipt.lean: OK
Theory/ReactiveController.lean: OK
Theory/CellState.lean: OK
Theory/TypedAuthorization.lean: OK
Theory/AuthorizationDeclaration.lean: OK
Theory/EffectDeclaration.lean: OK
Theory/DeclaredTurn.lean: OK
Theory/MaterializerCardinality.lean: OK
Theory/CellStateWitness.lean: OK
Theory/TypedAuthorizationWitness.lean: OK
Theory/ReactiveCellTransition.lean: OK
Theory/CanonicalTransition.lean: OK
Theory/AcceptedCellEffect.lean: OK
Theory/AcceptedCellEffectWitness.lean: OK
Theory/CanonicalTransitionWitness.lean: OK
Theory/ResourceCost.lean: OK
Theory/CanonicalResourceKernel.lean: OK
Theory/CausalVersionDag.lean: OK
Theory/CredentialAuthorityFamily.lean: OK
Theory/CredentialSigningKey.lean: OK
Theory/CredentialAuthorityState.lean: OK
Theory/Hyperdocument.lean: OK
Theory/CellSlot.lean: OK
Theory/CanonicalReactiveView.lean: OK
Theory/DeclaredActionLowering.lean: OK
Theory/TurnTransition.lean: OK
Theory/CredentialLineageAdmission.lean: OK
Theory/CredentialAuthorityEffects.lean: OK
Theory/HyperdocumentOperationIntent.lean: OK
Theory/StableRanges.lean: OK
Theory/HyperdocumentOperations.lean: OK
Theory/AcceptedCellEffectRequestBinding.lean: OK
Theory/CanonicalAuthorityProjection.lean: OK
Theory/SparseLogicalState.lean: OK
Theory/DeployedMaterializerWitness.lean: OK
Theory/DeployedTotalCarrierAudit.lean: OK
Theory/StoreFiniteSupport.lean: OK
Theory/HyperdocumentInterface.lean: OK
Theory/HyperdocumentCausalFamily.lean: OK
Theory/CausalVersionAncestry.lean: OK
Theory/Bignum.lean: OK
Theory/CrossModulus.lean: OK
Theory/CompressedLinearEquation.lean: OK
Theory/BinaryTower.lean: OK
Theory/BinaryTowerFanPaar.lean: OK
Theory/BinaryTowerTrace.lean: OK
Theory/BinaryTowerFanPaarCodec.lean: OK
Theory/BinaryTowerCodec.lean: OK
Theory/ExtensionBasis.lean: OK
Theory/AdditiveNTT.lean: OK
Theory/AdditiveNTTTransform.lean: OK
Theory/IntegerFingerprint.lean: OK
Theory/CyclotomicInertia.lean: OK
Theory/ZkmlTensorOps.lean: OK
Theory/ZkmlMatmulSum.lean: OK
Theory/EvmFragment.lean: OK
Theory/EvmResidual.lean: OK
Theory/ExceptionalSetLocalRing.lean: OK
Theory/CyclotomicExceptionalSet.lean: OK
Theory/Confluence.lean: OK
Theory/ViewMerge.lean: OK
Theory/Finality.lean: OK
Theory/EpistemicConsensus.lean: OK
Theory/LaceMerge.lean: OK
Theory/RevocationConsensus.lean: OK
Theory/PrivateTrace.lean: OK
Theory.lean: OK
Kernel/Camera.lean: OK
Kernel/State.lean: OK
Kernel/Turn.lean: OK
Kernel/TurnLimit.lean: OK
Kernel/TurnBalancedLimit.lean: OK
Kernel/DeclaredHyperedge.lean: OK
Kernel/DeclaredHyperedgeCost.lean: OK
Kernel/TypedCellHyperedge.lean: OK
Kernel/DeclaredHyperedgeWitness.lean: OK
Theory/PolicyInstall.lean: OK
Kernel/MultiCellHyperedge.lean: OK
Kernel/TypedCellHyperedgeWitness.lean: OK
Kernel/MultiCellHyperedgeWitness.lean: OK
Kernel/SparseAuthenticatedState.lean: OK
Kernel/HyperdocumentEventLog.lean: OK
Kernel/HyperdocumentIndexSync.lean: OK
Kernel/DeployedMaterializerWitness.lean: OK
Kernel/HyperdocumentVersionEffects.lean: OK
Kernel/EventLogMaterializerLimit.lean: OK
Kernel/HyperdocumentPublication.lean: OK
Kernel/HyperdocumentMerge.lean: OK
Kernel/HyperdocumentMergePublication.lean: OK
Kernel/HyperdocumentMergeAncestry.lean: OK
Kernel/DurableCommitProtocol.lean: OK
Kernel/DurableDataIntent.lean: OK
Kernel/HyperdocumentTwoParentWitness.lean: OK
Kernel/GuardedDurableCommit.lean: OK
Pred/Core.lean: OK
Compiler/Signature.lean: OK
Compiler/Air.lean: OK
Compiler/AirRange.lean: OK
Compiler/PredOrderGadget.lean: OK
Compiler/PredCompile.lean: OK
Compiler/AirFlatten.lean: OK
Compiler/AirHash.lean: OK
Compiler/AirMembership.lean: OK
Compiler/NoteSpend.lean: OK
Compiler/Emit.lean: OK
Compiler/AirBignum.lean: OK
Compiler/BabyBear.lean: OK
Compiler/EmitSerialize.lean: OK
Compiler/AirModularView.lean: OK
Compiler/BignumKernelABI.lean: OK
Compiler/SemanticManifest.lean: OK
Compiler/NativeKernelPlan.lean: OK
Selvage/CorrelatedAgreement.lean: OK
Selvage/ReedSolomon.lean: OK
Selvage/ConstrainedCode.lean: OK
Selvage/Accumulator.lean: OK
Selvage/Decider.lean: OK
Selvage/Commitment.lean: OK
Compiler/AuthenticatedColumnPlan.lean: OK
Selvage/Rbr.lean: OK
Selvage/Depth.lean: OK
Selvage/Sumcheck.lean: OK
Selvage/SumcheckReduction.lean: OK
Selvage/MultilinearExtension.lean: OK
Selvage/BinaryLookup.lean: OK
Compiler/Tower256CshakeMerkleController.lean: OK
Compiler/TranscriptController.lean: OK
Compiler/DeclaredEffectArtifact.lean: OK
Compiler/SemanticArtifactBundle.lean: OK
Compiler/MinidreggV1Artifact.lean: OK
Compiler/BinaryTower256Profile.lean: OK
Compiler/Sp800185Cshake256Core.lean: OK
Compiler/Sp800185Cshake256.lean: OK
Compiler/Tower256ConcreteBackend.lean: OK
Compiler/CanonicalPolicyAdmission.lean: OK
Kernel/CanonicalPolicyRegistry.lean: OK
Compiler/CredentialSigningKeyCodec.lean: OK
Kernel/CredentialSignedEnvelopeController.lean: OK
Kernel/AdmissionPrologue.lean: OK
Kernel/DurableWalHandler.lean: OK
Kernel/FramedWalRefinement.lean: OK
Kernel/ReplicatedSettlementFinality.lean: OK
Kernel/AuthenticatedSettlementFinality.lean: OK
Kernel/IrreversibleEffectSettlement.lean: OK
Compiler/FiniteDependentMapCodec.lean: OK
Compiler/CanonicalResourcePageMaterializer.lean: OK
Theory/ResourceBirth.lean: OK
Kernel/CanonicalResourceEffect.lean: OK
Kernel/AuthorizedResourceCharge.lean: OK
Kernel/ReactiveTerminalCell.lean: OK
Kernel/OutboxDelivery.lean: OK
Kernel/ProviderExecutionLease.lean: OK
Kernel/CanonicalEscrowMarket.lean: OK
Kernel/PrivateEscrowSettlement.lean: OK
Kernel/QuotaGcSettlement.lean: OK
Compiler/DeclaredActionBytes.lean: OK
Kernel/DeclaredActionExecution.lean: OK
Kernel/Receipt.lean: OK
Kernel/Verbs.lean: OK
Kernel/PrivateTurn.lean: OK
Kernel/Gate.lean: OK
Kernel/FinalityGate.lean: OK
Kernel/HyperedgeTier.lean: OK
Kernel/HyperedgeKnowledge.lean: OK
Kernel/FinalityLiveness.lean: OK
Compiler/TypedAuthorizationRequestCodec.lean: OK
Compiler/CredentialAuthorityEntryCodec.lean: OK
Compiler/CredentialAuthorityPageMaterializer.lean: OK
Compiler/HyperdocumentCodec.lean: OK
Compiler/HyperdocumentContentPageMaterializer.lean: OK
Compiler/HyperdocumentEventPageMaterializer.lean: OK
Compiler/BoundedPageExtensionCatalog.lean: OK
Compiler/DeclaredEffectPageMaterializer.lean: OK
Compiler/CredentialAuthorityStateCodec.lean: OK
Compiler/CredentialAuthorityDomain.lean: OK
Compiler/ResourceBirthCodec.lean: OK
Compiler/PolicyRecordCodec.lean: OK
Compiler/PolicySourceCell.lean: OK
Theory/CanonicalResourceBookInvariant.lean: OK
Compiler/CanonicalCellRegistry.lean: OK
Compiler/CredentialAuthorityReplay.lean: OK
Compiler/CredentialSignatureIO.lean: OK
Compiler/CredentialSignatureAdmission.lean: OK
Compiler/CanonicalRuntimeProfile.lean: OK
Compiler/NativeHostProfile.lean: OK
Kernel/DurableReceiver.lean: OK
Compiler/DurableReceiverCodec.lean: OK
Compiler/DurableReceiverIO.lean: OK
Theory/ResourceBirthAuthority.lean: OK
Compiler/CredentialAuthorityDomainReceiver.lean: OK
Compiler/CredentialAuthorityPolicyRegistry.lean: OK
Kernel/ResourceBirthController.lean: OK
Kernel/DeclaredResourceProjection.lean: OK
Kernel/DeclaredResourceScalar.lean: OK
Kernel/ContentResource.lean: OK
Kernel/ResourceTransaction.lean: OK
Compiler/ResourceTargetAdmission.lean: OK
Compiler/CanonicalAccountView.lean: OK
Compiler/ResourceAuthorityProjection.lean: OK
Kernel/ResourceObservationAdmission.lean: OK
Kernel/DeclaredResourceController.lean: OK
Compiler/DeclaredHyperedgeArtifact.lean: OK
Kernel/PolicyInstallController.lean: OK
Kernel/PolicyInstallReceiver.lean: OK
Kernel/ResourceBirthPolicyController.lean: OK
Kernel/ResourceBirthReceiver.lean: OK
Kernel/CapabilityDelegationController.lean: OK
Kernel/CapabilityDelegationReceiver.lean: OK
Kernel/CapabilityRevocationController.lean: OK
Kernel/CapabilityRevocationReceiver.lean: OK
Compiler/NativeHostCodec.lean: OK
Kernel/NativeHostContext.lean: OK
Compiler/NativeObservationCodec.lean: OK
Kernel/NativeObservationController.lean: OK
Kernel/NativeHostReplay.lean: OK
Kernel/NativeHost.lean: OK
Kernel/NativeHostSession.lean: OK
Kernel/NativeHostGenesis.lean: OK
Compiler/FnEvidenceCodec.lean: OK
Kernel/FnEvidence.lean: OK
Kernel/FnGatewayPolicy.lean: OK
Kernel/FnConsumerOperation.lean: OK
Kernel/FnConsumerOperationProofs.lean: OK
Kernel/FnConsumerProgress.lean: OK
Kernel/FnPortableSource.lean: OK
Kernel/FnReplyPublication.lean: OK
Kernel/FnReplySource.lean: OK
Kernel/FnReplyConsumption.lean: OK
Kernel/FnOriginOutbox.lean: OK
Kernel/ContentResourceAudit.lean: OK
Kernel/AgentGrain.lean: OK
Kernel/AgentGrainAudit.lean: OK
Kernel/ResourceTransactionAudit.lean: OK
Kernel.lean: OK
Pred/Placeholder.lean: OK
Pred/BoundedQuantifiedView.lean: OK
Pred/CoordinationDial.lean: OK
Pred.lean: OK
Effects/Placeholder.lean: OK
Effects/EffectSpec.lean: OK
Effects.lean: OK
Compiler/Placeholder.lean: OK
Compiler/CanonicalAccountViewAudit.lean: OK
Compiler/DialectBundle.lean: OK
Compiler/BfvCompressedEquation.lean: OK
Compiler/BfvAllModuliKernelCalls.lean: OK
Compiler/BfvInputValidity.lean: OK
Compiler/BfvSignedAccumulatorAir.lean: OK
Compiler/BfvReceiptClause.lean: OK
Compiler/BfvProofController.lean: OK
Compiler/WideDigestAir.lean: OK
Compiler/WideDigestByteDecodeAir.lean: OK
Compiler/Ext6Conformance.lean: OK
Assurance/AirSumcheck.lean: OK
Selvage/QuadraticSumcheck.lean: OK
Assurance/AirSumcheckQuadratic.lean: OK
Selvage/SmallField.lean: OK
Selvage/ExtensionChallengeBridge.lean: OK
Compiler/GateMleExt6.lean: OK
Compiler/GateFactoredExt6.lean: OK
Compiler/GateTraceRelationExt6.lean: OK
Compiler/NextgenLightClientPublicInputs.lean: OK
Compiler/BoundedPageCellRegistry.lean: OK
Compiler/BoundedPageSchemaUpgrade.lean: OK
Compiler/HyperdocumentIndexPageMaterializer.lean: OK
Compiler/DeployedCellRegistry.lean: OK
Compiler/FiniteSparseMaterializerAudit.lean: OK
Assurance/SemanticReceiptRelation.lean: OK
Assurance/SemanticTurnReceipt.lean: OK
Assurance/SemanticReceiptRuntimeCodec.lean: OK
Compiler/SemanticTurnReceiptDescriptor.lean: OK
Compiler/Tower256NativeByteBoundary.lean: OK
Compiler/NativeWorkProfiles.lean: OK
Compiler/MinidreggV1ArithmeticWork.lean: OK
Compiler/SemanticController.lean: OK
Compiler/DialectClauseDispatch.lean: OK
Selvage/LogupStar.lean: OK
Selvage/LogupIndexLink.lean: OK
Compiler/Logup256ReceiptClause.lean: OK
Compiler/ComposableDeploymentManifest.lean: OK
Compiler/EvmAddAir.lean: OK
Compiler/NativeGlueGen.lean: OK
Compiler/ArithmeticNativeDeployment.lean: OK
Compiler/MinidreggV1NativeGlue.lean: OK
Selvage/Proximity.lean: OK
Selvage/ProximityGapUD.lean: OK
Selvage/AdditiveProximity.lean: OK
Selvage/ZK.lean: OK
Selvage/ZKHiding.lean: OK
Selvage/AccExtract.lean: OK
Selvage/ConstrainedMask.lean: OK
Selvage/ZkArgument.lean: OK
Selvage/LightClient.lean: OK
Selvage/AccSound.lean: OK
Selvage/LightClientSound.lean: OK
Selvage/AccExtractChain.lean: OK
Selvage/FiatShamir.lean: OK
Selvage/AccSoundRbr.lean: OK
Selvage/RbrZeroKnowledge.lean: OK
Selvage/ZkTriangular.lean: OK
Selvage/Erasure.lean: OK
Selvage/ZkExtraction.lean: OK
Selvage/SubUdSeam.lean: OK
Selvage/JohnsonRegime.lean: OK
Selvage/HalfThresholdRegime.lean: OK
Selvage/HalfThresholdFri.lean: OK
Selvage/HalfThresholdFriTower.lean: OK
Selvage/HalfThresholdFriTranscript.lean: OK
Selvage/HalfThresholdFriQuery.lean: OK
Selvage/HalfThresholdFriCoherent.lean: OK
Selvage/AdditiveFriTower.lean: OK
Selvage/AdditiveFriQuery.lean: OK
Compiler/AdditiveFriReceiptClause.lean: OK
Compiler/AuthenticatedColumnLogupBridge.lean: OK
Compiler/Sp800185Cshake256Conformance.lean: OK
Compiler/Tower256CshakeMerkleBinding.lean: OK
Compiler/Tower256LogupControllerPlan.lean: OK
Compiler/Tower256LogupAcceptedRun.lean: OK
Compiler/Tower256LogupClauseDispatch.lean: OK
Compiler/Tower256LogupExtensionDeployment.lean: OK
Selvage/MultiplicativeMleTerminal.lean: OK
Selvage/BaseFoldCompleteness.lean: OK
Selvage/CharTwoWall.lean: OK
Selvage/AdditiveBaseFold.lean: OK
Selvage/EqPolynomial.lean: OK
Selvage/MultilinearZeroTest.lean: OK
Selvage/RingSwitching.lean: OK
Selvage/AdditiveBasisBinding.lean: OK
Compiler/Tower256AdditiveFriController.lean: OK
Compiler/Tower256AdditiveFriRawController.lean: OK
Compiler/Tower256AdditiveFriRawDeployment.lean: OK
Compiler/Ext6GateProofController.lean: OK
Compiler/Ext6GateProofDeployment.lean: OK
Compiler/Ext6GateProofPositiveRun.lean: OK
Compiler/FramedWalRecoveryController.lean: OK
Compiler/FramedWalRecoveryDeployment.lean: OK
Compiler/SparseAuthenticatedStateLogupBridge.lean: OK
Compiler/SparseEqualityWorkProfile.lean: OK
Compiler/EmitShare.lean: OK
Compiler/NoteSpendProofController.lean: OK
Compiler/AdmissionAir.lean: OK
Compiler/SumcheckVerifierAir.lean: OK
Compiler/FriQueryVerifierAir.lean: OK
Compiler/FiatShamirAir.lean: OK
Compiler/MerkleBindAir.lean: OK
Compiler/SumcheckConformance.lean: OK
Compiler/DescriptorEval.lean: OK
Compiler/EvmStage0NativeDeployment.lean: OK
Selvage/BinaryMerkle.lean: OK
Compiler/CommittedTerminalRealizer.lean: OK
Compiler/CommittedTerminalFactored7.lean: OK
Compiler/CommittedTerminalCompose.lean: OK
Compiler/CommittedTerminalController.lean: OK
Compiler/CommittedTerminalFiatShamir.lean: OK
Compiler/CommittedTerminalFactoredProver.lean: OK
Compiler.lean: OK
Compiler/BoundedQuantifiedPolicyAdmission.lean: OK
Compiler/DeclaredActionAir.lean: OK
Compiler/DeclaredEffectPageRegistry.lean: OK
Selvage/ProximityGapUDSharp.lean: OK
Selvage/ZkRbrGame.lean: OK
Selvage/AccRbrInstance.lean: OK
Selvage/AccRbrBcs.lean: OK
Selvage/AccRbrBcsShifted.lean: OK
Selvage/OracleLogExtraction.lean: OK
Selvage/OracleLogProgram.lean: OK
Selvage/OracleLogSatisfiable.lean: OK
Selvage/Statements.lean: OK
Selvage/OutOfDomain.lean: OK
Selvage/Rank1GradientCheck.lean: OK
Selvage/BaseFoldBraid.lean: OK
Selvage/SumcheckRbr.lean: OK
Selvage/BaseFoldRbr.lean: OK
Selvage/BaseFoldIor.lean: OK
Selvage/MultilinearCommitment.lean: OK
Selvage/LightClientFS.lean: OK
Selvage/LightClientGrinding.lean: OK
Selvage/ConstrainedMaskMulti.lean: OK
Selvage/DeciderProximity.lean: OK
Selvage/AccRbrBcsRaw.lean: OK
Selvage/ProximityGapUDTight.lean: OK
Selvage/JohnsonMcaBridge.lean: OK
Selvage/RateRegimeSelector.lean: OK
Selvage/BaseFoldCommittedIor.lean: OK
Selvage/CollisionResistanceROM.lean: OK
Selvage/BaseFoldRawCommittedIor.lean: OK
Selvage/AdditiveOodOpening.lean: OK
Selvage/MultisetFingerprint.lean: OK
Selvage/DecomposableTable.lean: OK
Selvage/OracleLogLinked.lean: OK
Selvage/OracleLogLinkedTarget.lean: OK
Selvage/OracleLogLinkedAssembly.lean: OK
Selvage/OracleLogLinkedSubUd.lean: OK
Selvage/OracleLogLinkedAttributed.lean: OK
Selvage/OracleLogLinkedOpenedSampling.lean: OK
Selvage/OracleLogLinkedTwoPhase.lean: OK
Selvage/OracleLogLinkedTwoPhaseGame.lean: OK
Selvage/OracleLogLinkedTwoPhaseHorns.lean: OK
Selvage/OracleLogLinkedTwoPhaseSoundness.lean: OK
Selvage/SpongeIndiff.lean: OK
Selvage/SpongeIndiffRunInvariant.lean: OK
Selvage/AdaptiveFiniteSampling.lean: OK
Selvage/SpongeIndiffCapacityBudget.lean: OK
Selvage/SpongeIndiffAdaptiveSchedule.lean: OK
Selvage/SpongeIndiffOffBadRun.lean: OK
Selvage/SpongeIndiffProgrammedAgreement.lean: OK
Selvage/SpongeIndiffWorkBudget.lean: OK
Selvage/SpongeIndiffLazyConstruction.lean: OK
Selvage/SpongeIndiffLazyHybrid.lean: OK
Selvage/SpongeIndiffPrefixProgramming.lean: OK
Selvage/SpongeIndiffPrefixOutput.lean: OK
Selvage/SpongeIndiffPrefixWalk.lean: OK
Selvage/SpongeIndiffPrefixConflict.lean: OK
Selvage/SpongeIndiffPrefixFailure.lean: OK
Selvage/SpongeIndiffPrefixHybrid.lean: OK
Selvage/SpongeIndiffWorkStream.lean: OK
Selvage/SpongeIndiffOracleReordering.lean: OK
Selvage/SpongeIndiffUniformCoupling.lean: OK
Selvage/SpongeIndiffDeferredWork.lean: OK
Selvage/SpongeIndiffAdaptiveCoupling.lean: OK
Selvage/AuditSampling.lean: OK
Selvage/ZkmlSuiteRegistry.lean: OK
Selvage/BabyBearExt4.lean: OK
Selvage/BaseFoldBinaryMerkle.lean: OK
Selvage/ZkmlPoseidon2Data.lean: OK
Selvage/BaseFoldPoseidon2.lean: OK
Selvage/BaseFoldPoseidon2Rom.lean: OK
Selvage/HashFamily.lean: OK
Selvage/HashRelation.lean: OK
Selvage/HashRelationInverse.lean: OK
Selvage/BaseFoldBcsFiatShamir.lean: OK
Selvage/BaseFoldBcsSpongeGame.lean: OK
Selvage/BaseFoldBcsQuerySampling.lean: OK
Selvage/BaseFoldBcsQuerySamplingJoint.lean: OK
Selvage/BaseFoldBcsPadding.lean: OK
Selvage/BaseFoldBcsStrictRomLedger.lean: OK
Selvage/BaseFoldBcsByteCodec.lean: OK
Selvage/SpongeIndiffPrefixFresh.lean: OK
Selvage/BaseFoldBcsRunSchedule.lean: OK
Selvage/LigeritoInterleaved.lean: OK
Selvage/CosetNovelTransform.lean: OK
Selvage/HeteroComposition.lean: OK
Selvage/AccRbrFold.lean: OK
Selvage/BaseFoldBcsCapacityEvent.lean: OK
Selvage/AccRbrFoldExtract.lean: OK
Selvage/LightClientKnowledge.lean: OK
Selvage/BaseFoldRbrTable.lean: OK
Selvage/BaseFoldBcsCrossings.lean: OK
Selvage/BaseFoldBcsReceiptCodec.lean: OK
Selvage/BaseFoldBcsDeferredIdeal.lean: OK
Selvage/BaseFoldRbrTableDescent.lean: OK
Selvage/HeteroCompositionSuccinct.lean: OK
Selvage/HeteroCompositionErrorBound.lean: OK
Selvage/AccRbrBcsShiftedTransport.lean: OK
Selvage.lean: OK
Assurance/Placeholder.lean: OK
Assurance/CapabilityRevocationAudit.lean: OK
Assurance/ReceiptClaim.lean: OK
Assurance/SemanticHistoryAccumulator.lean: OK
Assurance/DeclaredTurnReceipt.lean: OK
Assurance/DeclaredHyperedgeReceipt.lean: OK
Assurance/DeclaredHyperedgeHistoryBinding.lean: OK
Assurance/BinaryTowerHeaderCodec.lean: OK
Assurance/SemanticHistoryFamily.lean: OK
Assurance/SemanticHistoryFamilyInstances.lean: OK
Assurance/AcceptedCellEffectHistory.lean: OK
Assurance/ScopedAcceptedCellEffectHistory.lean: OK
Assurance/HistoryProjectionCardinalityTooth.lean: OK
Assurance/ReactiveLifecycleHistory.lean: OK
Assurance/GrainForkSettlement.lean: OK
Assurance/GrainForkScopedSettlement.lean: OK
Assurance/HyperdocumentLinkPublicationWitness.lean: OK
Assurance/GrainHyperdocumentSettlementWitness.lean: OK
Assurance/SemanticHistoryStraightlinePcs.lean: OK
Assurance/SemanticAdditiveFriCheckpoint.lean: OK
Assurance/SemanticHistoryWARPAdditiveJoin.lean: OK
Assurance/SemanticHistoryBcsClaimProjection.lean: OK
Assurance/ProofCompositionGame.lean: OK
Assurance/SemanticHistoryBcsGame.lean: OK
Assurance/Tower256MerkleCardinalityCore.lean: OK
Assurance/Tower256AdditiveFriControllerAdmission.lean: OK
Assurance/SemanticHistoryTower256CheckpointGame.lean: OK
Assurance/Tower256MerkleBindingCardinality.lean: OK
Assurance/PrivateComputationReceiptClause.lean: OK
Assurance/BfvPrivateComputationJoin.lean: OK
Assurance/BfvProofControllerAdmission.lean: OK
Assurance/Ext6GateProofControllerAdmission.lean: OK
Assurance/ExtensibleProofCompositionGame.lean: OK
Assurance/NoteSpendCoreAcceptedCellEffect.lean: OK
Assurance/NoteSpendProofControllerAdmission.lean: OK
Assurance/Tower256AdditiveFriRawAdmission.lean: OK
Assurance/SameCoinGameProduct.lean: OK
Assurance/HistoryHeadInhabitation.lean: OK
Assurance/SemanticHistoryTower256DeployedBcs.lean: OK
Assurance/SemanticHistoryPcsEventRealization.lean: OK
Assurance/RawHistoryBcsOpenings.lean: OK
Assurance/RawHistoryCollisionBridge.lean: OK
Assurance/RawSemanticHistoryCheckpointGame.lean: OK
Assurance/Tower256AdditiveFriCanonicalExecutionGame.lean: OK
Assurance/Tower256RawSemanticHistoryCanonicalGame.lean: OK
Assurance/RawHistorySecurityPrices.lean: OK
Assurance/Tower256RawHistoryFsController.lean: OK
Assurance/Tower256RawHistoryFsExecution.lean: OK
Assurance/Tower256RawHistoryCshakeTrace.lean: OK
Assurance/Tower256LogupControllerAdmission.lean: OK
Assurance/Tower256LogupExtensionDeploymentAdmission.lean: OK
Assurance/Tower256AdditiveFriActualReduction.lean: OK
Assurance/Ext6GateProofDeploymentAdmission.lean: OK
Assurance/Ext6GateProofPositiveExecution.lean: OK
Compiler/Ext6GateProofVersionedDeployment.lean: OK
Assurance/Ext6GateProofNonzeroSuiteClosure.lean: OK
Assurance/TransclusionBacklinkHistory.lean: OK
Assurance/HyperdocumentHistoryAdmission.lean: OK
Assurance/HyperdocumentAgentOperation.lean: OK
Assurance/HyperdocumentGuardedDurable.lean: OK
Assurance/HyperdocumentLinkReopenWitness.lean: OK
Assurance/HyperdocumentLinkFramedRecovery.lean: OK
Assurance/HyperdocumentLinkEndpointController.lean: OK
Assurance/HyperdocumentLinkLocalFileStore.lean: OK
Assurance/HyperdocumentLinkClientCutover.lean: OK
Assurance/HyperdocumentLinkClientLocalFileCutover.lean: OK
Assurance/HyperdocumentLinkSqliteTransactionalStore.lean: OK
Assurance/HyperdocumentLinkPageDurableWeld.lean: OK
Assurance/HyperdocumentQueryDeployment.lean: OK
Assurance/HyperdocumentTransclusionReferenceDeployment.lean: OK
Assurance/HyperdocumentIndexSyncEndpoint.lean: OK
Assurance/HyperdocumentFinalizedDomainCrawler.lean: OK
Assurance/BoundedPageSchemaUpgradeCutover.lean: OK
Assurance/HyperdocumentTwoParentHistoryWitness.lean: OK
Assurance/HyperdocumentMergeDurableFinalityWitness.lean: OK
Assurance/DeployedCredentialLifecycle.lean: OK
Assurance/CredentialTokenLocalEndpoint.lean: OK
Assurance/CredentialSignedEnvelopeEndpoint.lean: OK
Assurance/HyperdocumentDurableInstallation.lean: OK
Assurance/SemanticHistoryRecursiveAir.lean: OK
Assurance/AuthenticatedColumnHistoryBridge.lean: OK
Assurance/MpcSealedCellExecution.lean: OK
Assurance/BfvNativeBufferAdmission.lean: OK
Assurance/BfvAcceptedCellEffect.lean: OK
Assurance/BfvConcreteBatchAdmission.lean: OK
Assurance/BfvConcreteBatchCell.lean: OK
Assurance/BfvSuiteMigrationBoundary.lean: OK
Assurance/NoteSpendConcreteCellAdapter.lean: OK
Assurance/PrivateEscrowSettlementJoin.lean: OK
Assurance/ReactiveDurableSettlement.lean: OK
Assurance/HyperdocumentReactiveCarrierWitness.lean: OK
Assurance/HyperdocumentAgentRuntimeScheduler.lean: OK
Assurance/ReactiveOutboxDelivery.lean: OK
Assurance/AuthenticatedSettlementFinalityWitness.lean: OK
Assurance/DreggNetProviderConsumer.lean: OK
Assurance/QuotaGcSettlementWitness.lean: OK
Assurance/SelvageV0.lean: OK
Assurance/PrivateReceipt.lean: OK
Assurance/PrivateTurn.lean: OK
Assurance/SelvageV0Manifest.lean: OK
Assurance/AirSumcheckCubic.lean: OK
Assurance/AirSumcheckCubicConformance.lean: OK
Assurance/ErrorBudget.lean: OK
Assurance/ErrorBudget120.lean: OK
Assurance/MixedFieldBudget.lean: OK
Assurance/PowGrinding.lean: OK
Assurance/TwoRegimeQueryBudget.lean: OK
Assurance/ZkmlMatmulSumcheck.lean: OK
Assurance/ZkmlMatmulCommitment.lean: OK
Assurance/ZkmlMatmulBaseFold.lean: OK
Assurance/ZkmlMatmulChecker.lean: OK
Assurance/ZkmlMatmulSuiteRegistry.lean: OK
Assurance/ZkmlMatmulSuccinctChecker.lean: OK
Assurance/ZkmlMatmulAuditTurn.lean: OK
Assurance/ZkmlMatmulFramedWal.lean: OK
Assurance/ZkmlMatmulConformance.lean: OK
Assurance/ZkmlLowRankUpdate.lean: OK
Assurance/SpartanR1CS.lean: OK
Compiler/TwistMultisetInvariant.lean: OK
Assurance/TwistMemoryFingerprintJoin.lean: OK
Assurance/ReleaseGateRouting.lean: OK
Assurance/JointPostconditionWitness.lean: OK
Assurance/NativeObservationAudit.lean: OK
Assurance.lean: OK
Assurance/CredentialFoundationMigrationAudit.lean: OK
Assurance/CredentialDelegationLineageWitness.lean: OK
Assurance/CredentialDelegationLineageAudit.lean: OK
Assurance/CredentialSourceAdmissionAudit.lean: OK
Compiler/DistributiveLaw.lean: OK
Minidregg.lean: OK
Host/Json.lean: OK
Host/FnInboxView.lean: OK
Host/Main.lean: OK
