store                        exit=0 174.051197645s
services                     exit=0 1.044757665s
workroom                     exit=0 11.603165468s
profile                      exit=0 .629165003s
birth-a                      exit=0 29.782233983s
install-a                    exit=1 48.876716335s
services                     exit=0 .019122923s
workroom                     exit=0 2.541404964s
profile                      exit=0 .036979196s
birth-a                      exit=0 .028630564s
install-a                    exit=0 459.424854133s
share-a                      exit=0 310.850580188s
start-a                      exit=0 482.457704792s
floor-a                      exit=0 .247715159s
enroll-a                     exit=0 81.587885142s
get-a                        exit=0 46.143992790s
post-a                       exit=0 44.837299066s
stop-a                       exit=1 579.474140103s
services                     exit=0 .033873022s
workroom                     exit=0 4.341788822s
profile                      exit=0 .015891843s
post-a                       exit=7 .022204521s
stop-a                       exit=0 1264.128637250s
start-a2                     exit=0 995.764171538s
floor-a2                     exit=0 .333261914s
enroll-a2                    exit=0 107.596583440s
poll-a2                      exit=0 46.962920521s
