run=E-20260811T195510-60437-persvati-383fcbfc5500-bash
commit=383fcbfc55000099c1630d0782011792c588178e
tree=2de0bf676503c0df4bc2a129d226cddad640d0b9
host_alias=persvati
remote_run=/home/ember/minidregg-checks/runs/run-383fcbfc5500-hoB1VQlo
command=bash scripts/run-bounded-page-materializer-benchmark.sh 
resolved_executable=/usr/bin/bash
source_commit=external-exact-archive-runner
source_tree=external-exact-archive-runner
host=persvati
kernel=Linux 6.17.0-40-generic #40-Ubuntu SMP PREEMPT_DYNAMIC Fri Jun 19 16:42:13 UTC 2026 x86_64 GNU/Linux
cpu=AMD Ryzen AI 9 HX PRO 370 w/ Radeon 890M
logical_cpus=24
lean=Lean (version 4.30.0, x86_64-unknown-linux-gnu, commit d024af099ca4bf2c86f649261ebf59565dc8c622, Release)
prepare=lake build Compiler.CredentialAuthorityPageMaterializer Compiler.HyperdocumentContentPageMaterializer Compiler.HyperdocumentEventPageMaterializer
command=lake env lean --run scripts/BoundedPageMaterializerBenchmark.lean
benchmark=minidregg/bounded-page-materializer/v1
samples=7
ordinary_repetitions=16
root_repetitions=1
timing=IO.monoNanosNow; raw samples; no performance threshold
record,schema,family,occupancy,stage,phase,sample,repetitions,elapsed_ns,ops_per_s,encoded_bytes,checksum
sample,minidregg/bounded-page-materializer/v1,content,1,encode,first-measured,0,16,355371,45023,51,75832
sample,minidregg/bounded-page-materializer/v1,content,1,encode,repeated,1,16,277223,57715,51,75832
sample,minidregg/bounded-page-materializer/v1,content,1,encode,repeated,2,16,274908,58201,51,75832
sample,minidregg/bounded-page-materializer/v1,content,1,encode,repeated,3,16,274267,58337,51,75832
sample,minidregg/bounded-page-materializer/v1,content,1,encode,repeated,4,16,276292,57909,51,75832
sample,minidregg/bounded-page-materializer/v1,content,1,encode,repeated,5,16,273606,58478,51,75832
sample,minidregg/bounded-page-materializer/v1,content,1,encode,repeated,6,16,273896,58416,51,75832
sample,minidregg/bounded-page-materializer/v1,content,1,root,first-measured,0,1,7666769,130,51,334157
sample,minidregg/bounded-page-materializer/v1,content,1,root,repeated,1,1,7664996,130,51,334157
sample,minidregg/bounded-page-materializer/v1,content,1,root,repeated,2,1,7746810,129,51,334157
sample,minidregg/bounded-page-materializer/v1,content,1,root,repeated,3,1,7707426,129,51,334157
sample,minidregg/bounded-page-materializer/v1,content,1,root,repeated,4,1,7699341,129,51,334157
sample,minidregg/bounded-page-materializer/v1,content,1,root,repeated,5,1,7701595,129,51,334157
sample,minidregg/bounded-page-materializer/v1,content,1,root,repeated,6,1,7704921,129,51,334157
sample,minidregg/bounded-page-materializer/v1,content,1,insert,first-measured,0,16,111540,143446,51,136
sample,minidregg/bounded-page-materializer/v1,content,1,insert,repeated,1,16,70232,227816,51,136
sample,minidregg/bounded-page-materializer/v1,content,1,insert,repeated,2,16,69852,229055,51,136
sample,minidregg/bounded-page-materializer/v1,content,1,insert,repeated,3,16,72307,221278,51,136
sample,minidregg/bounded-page-materializer/v1,content,1,insert,repeated,4,16,70052,228401,51,136
sample,minidregg/bounded-page-materializer/v1,content,1,insert,repeated,5,16,69591,229914,51,136
sample,minidregg/bounded-page-materializer/v1,content,1,insert,repeated,6,16,69952,228728,51,136
sample,minidregg/bounded-page-materializer/v1,content,1,lookup_projection,first-measured,0,16,84319,189755,51,136
sample,minidregg/bounded-page-materializer/v1,content,1,lookup_projection,repeated,1,16,39915,400851,51,136
sample,minidregg/bounded-page-materializer/v1,content,1,lookup_projection,repeated,2,16,39374,406359,51,136
sample,minidregg/bounded-page-materializer/v1,content,1,lookup_projection,repeated,3,16,38643,414046,51,136
sample,minidregg/bounded-page-materializer/v1,content,1,lookup_projection,repeated,4,16,41418,386305,51,136
sample,minidregg/bounded-page-materializer/v1,content,1,lookup_projection,repeated,5,16,38874,411586,51,136
sample,minidregg/bounded-page-materializer/v1,content,1,lookup_projection,repeated,6,16,39184,408329,51,136
sample,minidregg/bounded-page-materializer/v1,content,1,reopen,first-measured,0,16,522907,30598,51,136
sample,minidregg/bounded-page-materializer/v1,content,1,reopen,repeated,1,16,452113,35389,51,136
sample,minidregg/bounded-page-materializer/v1,content,1,reopen,repeated,2,16,453806,35257,51,136
sample,minidregg/bounded-page-materializer/v1,content,1,reopen,repeated,3,16,452614,35350,51,136
sample,minidregg/bounded-page-materializer/v1,content,1,reopen,repeated,4,16,451502,35437,51,136
sample,minidregg/bounded-page-materializer/v1,content,1,reopen,repeated,5,16,453966,35244,51,136
sample,minidregg/bounded-page-materializer/v1,content,1,reopen,repeated,6,16,449718,35577,51,136
sample,minidregg/bounded-page-materializer/v1,event_history,1,encode,first-measured,0,16,815658,19616,106,194440
sample,minidregg/bounded-page-materializer/v1,event_history,1,encode,repeated,1,16,777847,20569,106,194440
sample,minidregg/bounded-page-materializer/v1,event_history,1,encode,repeated,2,16,787175,20325,106,194440
sample,minidregg/bounded-page-materializer/v1,event_history,1,encode,repeated,3,16,772708,20706,106,194440
sample,minidregg/bounded-page-materializer/v1,event_history,1,encode,repeated,4,16,778248,20558,106,194440
sample,minidregg/bounded-page-materializer/v1,event_history,1,encode,repeated,5,16,775523,20631,106,194440
sample,minidregg/bounded-page-materializer/v1,event_history,1,encode,repeated,6,16,775232,20638,106,194440
sample,minidregg/bounded-page-materializer/v1,event_history,1,insert,first-measured,0,16,125435755,127,106,136
sample,minidregg/bounded-page-materializer/v1,event_history,1,insert,repeated,1,16,123063170,130,106,136
sample,minidregg/bounded-page-materializer/v1,event_history,1,insert,repeated,2,16,124606982,128,106,136
sample,minidregg/bounded-page-materializer/v1,event_history,1,insert,repeated,3,16,124488378,128,106,136
sample,minidregg/bounded-page-materializer/v1,event_history,1,insert,repeated,4,16,126512716,126,106,136
sample,minidregg/bounded-page-materializer/v1,event_history,1,insert,repeated,5,16,123984668,129,106,136
sample,minidregg/bounded-page-materializer/v1,event_history,1,insert,repeated,6,16,123654355,129,106,136
sample,minidregg/bounded-page-materializer/v1,event_history,1,lookup_projection,first-measured,0,16,124360697,128,106,136
sample,minidregg/bounded-page-materializer/v1,event_history,1,lookup_projection,repeated,1,16,125702067,127,106,136
sample,minidregg/bounded-page-materializer/v1,event_history,1,lookup_projection,repeated,2,16,127387235,125,106,136
sample,minidregg/bounded-page-materializer/v1,event_history,1,lookup_projection,repeated,3,16,125252419,127,106,136
sample,minidregg/bounded-page-materializer/v1,event_history,1,lookup_projection,repeated,4,16,125429784,127,106,136
sample,minidregg/bounded-page-materializer/v1,event_history,1,lookup_projection,repeated,5,16,125324434,127,106,136
sample,minidregg/bounded-page-materializer/v1,event_history,1,lookup_projection,repeated,6,16,125259011,127,106,136
sample,minidregg/bounded-page-materializer/v1,event_history,1,reopen,first-measured,0,16,1287328,12428,106,136
sample,minidregg/bounded-page-materializer/v1,event_history,1,reopen,repeated,1,16,1217527,13141,106,136
sample,minidregg/bounded-page-materializer/v1,event_history,1,reopen,repeated,2,16,1270546,12593,106,136
sample,minidregg/bounded-page-materializer/v1,event_history,1,reopen,repeated,3,16,1212206,13199,106,136
sample,minidregg/bounded-page-materializer/v1,event_history,1,reopen,repeated,4,16,1868023,8565,106,136
sample,minidregg/bounded-page-materializer/v1,event_history,1,reopen,repeated,5,16,1249397,12806,106,136
sample,minidregg/bounded-page-materializer/v1,event_history,1,reopen,repeated,6,16,1249306,12807,106,136
sample,minidregg/bounded-page-materializer/v1,event_history,1,root,first-measured,0,1,8069418,123,106,801505
sample,minidregg/bounded-page-materializer/v1,event_history,1,root,repeated,1,1,8006730,124,106,801505
sample,minidregg/bounded-page-materializer/v1,event_history,1,root,repeated,2,1,7919696,126,106,801505
sample,minidregg/bounded-page-materializer/v1,event_history,1,root,repeated,3,1,7917722,126,106,801505
sample,minidregg/bounded-page-materializer/v1,event_history,1,root,repeated,4,1,7927932,126,106,801505
sample,minidregg/bounded-page-materializer/v1,event_history,1,root,repeated,5,1,7920879,126,106,801505
sample,minidregg/bounded-page-materializer/v1,event_history,1,root,repeated,6,1,7901492,126,106,801505
sample,minidregg/bounded-page-materializer/v1,authority_policy,1,encode,first-measured,0,16,200067,79973,40,48136
sample,minidregg/bounded-page-materializer/v1,authority_policy,1,encode,repeated,1,16,170171,94023,40,48136
sample,minidregg/bounded-page-materializer/v1,authority_policy,1,encode,repeated,2,16,173367,92289,40,48136
sample,minidregg/bounded-page-materializer/v1,authority_policy,1,encode,repeated,3,16,169770,94245,40,48136
sample,minidregg/bounded-page-materializer/v1,authority_policy,1,encode,repeated,4,16,169299,94507,40,48136
sample,minidregg/bounded-page-materializer/v1,authority_policy,1,encode,repeated,5,16,169349,94479,40,48136
sample,minidregg/bounded-page-materializer/v1,authority_policy,1,encode,repeated,6,16,169870,94189,40,48136
sample,minidregg/bounded-page-materializer/v1,authority_policy,1,insert,first-measured,0,16,110207,145181,40,136
sample,minidregg/bounded-page-materializer/v1,authority_policy,1,insert,repeated,1,16,68970,231984,40,136
sample,minidregg/bounded-page-materializer/v1,authority_policy,1,insert,repeated,2,16,73729,217010,40,136
sample,minidregg/bounded-page-materializer/v1,authority_policy,1,insert,repeated,3,16,68219,234538,40,136
sample,minidregg/bounded-page-materializer/v1,authority_policy,1,insert,repeated,4,16,67998,235301,40,136
sample,minidregg/bounded-page-materializer/v1,authority_policy,1,insert,repeated,5,16,67928,235543,40,136
sample,minidregg/bounded-page-materializer/v1,authority_policy,1,insert,repeated,6,16,67818,235925,40,136
sample,minidregg/bounded-page-materializer/v1,authority_policy,1,lookup_projection,first-measured,0,16,64692,247325,40,136
sample,minidregg/bounded-page-materializer/v1,authority_policy,1,lookup_projection,repeated,1,16,38914,411163,40,136
sample,minidregg/bounded-page-materializer/v1,authority_policy,1,lookup_projection,repeated,2,16,38292,417841,40,136
sample,minidregg/bounded-page-materializer/v1,authority_policy,1,lookup_projection,repeated,3,16,40586,394224,40,136
sample,minidregg/bounded-page-materializer/v1,authority_policy,1,lookup_projection,repeated,4,16,37330,428609,40,136
sample,minidregg/bounded-page-materializer/v1,authority_policy,1,lookup_projection,repeated,5,16,37390,427921,40,136
sample,minidregg/bounded-page-materializer/v1,authority_policy,1,lookup_projection,repeated,6,16,37471,426996,40,136
sample,minidregg/bounded-page-materializer/v1,authority_policy,1,reopen,first-measured,0,16,292582,54685,40,136
sample,minidregg/bounded-page-materializer/v1,authority_policy,1,reopen,repeated,1,16,265230,60325,40,136
sample,minidregg/bounded-page-materializer/v1,authority_policy,1,reopen,repeated,2,16,262766,60890,40,136
sample,minidregg/bounded-page-materializer/v1,authority_policy,1,reopen,repeated,3,16,262716,60902,40,136
sample,minidregg/bounded-page-materializer/v1,authority_policy,1,reopen,repeated,4,16,263767,60659,40,136
sample,minidregg/bounded-page-materializer/v1,authority_policy,1,reopen,repeated,5,16,261584,61165,40,136
sample,minidregg/bounded-page-materializer/v1,authority_policy,1,reopen,repeated,6,16,260732,61365,40,136
sample,minidregg/bounded-page-materializer/v1,authority_policy,1,root,first-measured,0,1,9472985,105,40,527840
sample,minidregg/bounded-page-materializer/v1,authority_policy,1,root,repeated,1,1,8411624,118,40,527840
sample,minidregg/bounded-page-materializer/v1,authority_policy,1,root,repeated,2,1,8263695,121,40,527840
sample,minidregg/bounded-page-materializer/v1,authority_policy,1,root,repeated,3,1,8234379,121,40,527840
sample,minidregg/bounded-page-materializer/v1,authority_policy,1,root,repeated,4,1,8244458,121,40,527840
sample,minidregg/bounded-page-materializer/v1,authority_policy,1,root,repeated,5,1,8252464,121,40,527840
sample,minidregg/bounded-page-materializer/v1,authority_policy,1,root,repeated,6,1,8236614,121,40,527840
sample,minidregg/bounded-page-materializer/v1,content,2,encode,first-measured,0,16,461841,34643,69,112504
sample,minidregg/bounded-page-materializer/v1,content,2,encode,repeated,1,16,441623,36229,69,112504
sample,minidregg/bounded-page-materializer/v1,content,2,encode,repeated,2,16,443116,36107,69,112504
sample,minidregg/bounded-page-materializer/v1,content,2,encode,repeated,3,16,440430,36328,69,112504
sample,minidregg/bounded-page-materializer/v1,content,2,encode,repeated,4,16,452954,35323,69,112504
sample,minidregg/bounded-page-materializer/v1,content,2,encode,repeated,5,16,442965,36120,69,112504
sample,minidregg/bounded-page-materializer/v1,content,2,encode,repeated,6,16,440601,36314,69,112504
sample,minidregg/bounded-page-materializer/v1,content,2,root,first-measured,0,1,8280076,120,69,246805
sample,minidregg/bounded-page-materializer/v1,content,2,root,repeated,1,1,8267492,120,69,246805
sample,minidregg/bounded-page-materializer/v1,content,2,root,repeated,2,1,8246843,121,69,246805
sample,minidregg/bounded-page-materializer/v1,content,2,root,repeated,3,1,8288431,120,69,246805
sample,minidregg/bounded-page-materializer/v1,content,2,root,repeated,4,1,8264997,120,69,246805
sample,minidregg/bounded-page-materializer/v1,content,2,root,repeated,5,1,8263935,121,69,246805
sample,minidregg/bounded-page-materializer/v1,content,2,root,repeated,6,1,8246212,121,69,246805
sample,minidregg/bounded-page-materializer/v1,content,2,insert,first-measured,0,16,139443,114742,69,152
sample,minidregg/bounded-page-materializer/v1,content,2,insert,repeated,1,16,101722,157291,69,152
sample,minidregg/bounded-page-materializer/v1,content,2,insert,repeated,2,16,103435,154686,69,152
sample,minidregg/bounded-page-materializer/v1,content,2,insert,repeated,3,16,101001,158414,69,152
sample,minidregg/bounded-page-materializer/v1,content,2,insert,repeated,4,16,100750,158808,69,152
sample,minidregg/bounded-page-materializer/v1,content,2,insert,repeated,5,16,100259,159586,69,152
sample,minidregg/bounded-page-materializer/v1,content,2,insert,repeated,6,16,100069,159889,69,152
sample,minidregg/bounded-page-materializer/v1,content,2,lookup_projection,first-measured,0,16,68890,232254,69,152
sample,minidregg/bounded-page-materializer/v1,content,2,lookup_projection,repeated,1,16,46608,343288,69,152
sample,minidregg/bounded-page-materializer/v1,content,2,lookup_projection,repeated,2,16,46137,346793,69,152
sample,minidregg/bounded-page-materializer/v1,content,2,lookup_projection,repeated,3,16,46087,347169,69,152
sample,minidregg/bounded-page-materializer/v1,content,2,lookup_projection,repeated,4,16,46217,346192,69,152
sample,minidregg/bounded-page-materializer/v1,content,2,lookup_projection,repeated,5,16,54834,291789,69,152
sample,minidregg/bounded-page-materializer/v1,content,2,lookup_projection,repeated,6,16,44554,359114,69,152
sample,minidregg/bounded-page-materializer/v1,content,2,reopen,first-measured,0,16,775824,20623,69,152
sample,minidregg/bounded-page-materializer/v1,content,2,reopen,repeated,1,16,728183,21972,69,152
sample,minidregg/bounded-page-materializer/v1,content,2,reopen,repeated,2,16,727382,21996,69,152
sample,minidregg/bounded-page-materializer/v1,content,2,reopen,repeated,3,16,723875,22103,69,152
sample,minidregg/bounded-page-materializer/v1,content,2,reopen,repeated,4,16,726531,22022,69,152
sample,minidregg/bounded-page-materializer/v1,content,2,reopen,repeated,5,16,726090,22035,69,152
sample,minidregg/bounded-page-materializer/v1,content,2,reopen,repeated,6,16,724857,22073,69,152
sample,minidregg/bounded-page-materializer/v1,event_history,2,encode,first-measured,0,16,1430798,11182,179,351928
sample,minidregg/bounded-page-materializer/v1,event_history,2,encode,repeated,1,16,1405741,11381,179,351928
sample,minidregg/bounded-page-materializer/v1,event_history,2,encode,repeated,2,16,1398217,11443,179,351928
sample,minidregg/bounded-page-materializer/v1,event_history,2,encode,repeated,3,16,1404589,11391,179,351928
sample,minidregg/bounded-page-materializer/v1,event_history,2,encode,repeated,4,16,1403346,11401,179,351928
sample,minidregg/bounded-page-materializer/v1,event_history,2,encode,repeated,5,16,1404689,11390,179,351928
sample,minidregg/bounded-page-materializer/v1,event_history,2,encode,repeated,6,16,1407113,11370,179,351928
sample,minidregg/bounded-page-materializer/v1,event_history,2,insert,first-measured,0,16,130160856,122,179,152
sample,minidregg/bounded-page-materializer/v1,event_history,2,insert,repeated,1,16,132810172,120,179,152
sample,minidregg/bounded-page-materializer/v1,event_history,2,insert,repeated,2,16,131916517,121,179,152
sample,minidregg/bounded-page-materializer/v1,event_history,2,insert,repeated,3,16,132531276,120,179,152
sample,minidregg/bounded-page-materializer/v1,event_history,2,insert,repeated,4,16,133199757,120,179,152
sample,minidregg/bounded-page-materializer/v1,event_history,2,insert,repeated,5,16,131954328,121,179,152
sample,minidregg/bounded-page-materializer/v1,event_history,2,insert,repeated,6,16,133269289,120,179,152
sample,minidregg/bounded-page-materializer/v1,event_history,2,lookup_projection,first-measured,0,16,134468580,118,179,152
sample,minidregg/bounded-page-materializer/v1,event_history,2,lookup_projection,repeated,1,16,131918912,121,179,152
sample,minidregg/bounded-page-materializer/v1,event_history,2,lookup_projection,repeated,2,16,129290865,123,179,152
sample,minidregg/bounded-page-materializer/v1,event_history,2,lookup_projection,repeated,3,16,128390457,124,179,152
sample,minidregg/bounded-page-materializer/v1,event_history,2,lookup_projection,repeated,4,16,129808131,123,179,152
sample,minidregg/bounded-page-materializer/v1,event_history,2,lookup_projection,repeated,5,16,129644081,123,179,152
sample,minidregg/bounded-page-materializer/v1,event_history,2,lookup_projection,repeated,6,16,133215517,120,179,152
sample,minidregg/bounded-page-materializer/v1,event_history,2,reopen,first-measured,0,16,2311009,6923,179,152
sample,minidregg/bounded-page-materializer/v1,event_history,2,reopen,repeated,1,16,2194068,7292,179,152
sample,minidregg/bounded-page-materializer/v1,event_history,2,reopen,repeated,2,16,2189789,7306,179,152
sample,minidregg/bounded-page-materializer/v1,event_history,2,reopen,repeated,3,16,2191162,7302,179,152
sample,minidregg/bounded-page-materializer/v1,event_history,2,reopen,repeated,4,16,2190171,7305,179,152
sample,minidregg/bounded-page-materializer/v1,event_history,2,reopen,repeated,5,16,2200711,7270,179,152
sample,minidregg/bounded-page-materializer/v1,event_history,2,reopen,repeated,6,16,2192345,7298,179,152
sample,minidregg/bounded-page-materializer/v1,event_history,2,root,first-measured,0,1,12303624,81,179,458401
sample,minidregg/bounded-page-materializer/v1,event_history,2,root,repeated,1,1,12295989,81,179,458401
sample,minidregg/bounded-page-materializer/v1,event_history,2,root,repeated,2,1,12592229,79,179,458401
sample,minidregg/bounded-page-materializer/v1,event_history,2,root,repeated,3,1,12310187,81,179,458401
sample,minidregg/bounded-page-materializer/v1,event_history,2,root,repeated,4,1,12279969,81,179,458401
sample,minidregg/bounded-page-materializer/v1,event_history,2,root,repeated,5,1,12274639,81,179,458401
sample,minidregg/bounded-page-materializer/v1,event_history,2,root,repeated,6,1,12299215,81,179,458401
sample,minidregg/bounded-page-materializer/v1,authority_policy,2,encode,first-measured,0,16,219033,73048,45,52424
sample,minidregg/bounded-page-materializer/v1,authority_policy,2,encode,repeated,1,16,201931,79234,45,52424
sample,minidregg/bounded-page-materializer/v1,authority_policy,2,encode,repeated,2,16,196651,81362,45,52424
sample,minidregg/bounded-page-materializer/v1,authority_policy,2,encode,repeated,3,16,196230,81536,45,52424
sample,minidregg/bounded-page-materializer/v1,authority_policy,2,encode,repeated,4,16,196139,81574,45,52424
sample,minidregg/bounded-page-materializer/v1,authority_policy,2,encode,repeated,5,16,196200,81549,45,52424
sample,minidregg/bounded-page-materializer/v1,authority_policy,2,encode,repeated,6,16,201911,79242,45,52424
sample,minidregg/bounded-page-materializer/v1,authority_policy,2,insert,first-measured,0,16,109126,146619,45,152
sample,minidregg/bounded-page-materializer/v1,authority_policy,2,insert,repeated,1,16,86423,185135,45,152
sample,minidregg/bounded-page-materializer/v1,authority_policy,2,insert,repeated,2,16,88647,180491,45,152
sample,minidregg/bounded-page-materializer/v1,authority_policy,2,insert,repeated,3,16,87786,182261,45,152
sample,minidregg/bounded-page-materializer/v1,authority_policy,2,insert,repeated,4,16,86573,184815,45,152
sample,minidregg/bounded-page-materializer/v1,authority_policy,2,insert,repeated,5,16,86173,185673,45,152
sample,minidregg/bounded-page-materializer/v1,authority_policy,2,insert,repeated,6,16,85812,186454,45,152
sample,minidregg/bounded-page-materializer/v1,authority_policy,2,lookup_projection,first-measured,0,16,59011,271135,45,152
sample,minidregg/bounded-page-materializer/v1,authority_policy,2,lookup_projection,repeated,1,16,42360,377714,45,152
sample,minidregg/bounded-page-materializer/v1,authority_policy,2,lookup_projection,repeated,2,16,42210,379057,45,152
sample,minidregg/bounded-page-materializer/v1,authority_policy,2,lookup_projection,repeated,3,16,42420,377180,45,152
sample,minidregg/bounded-page-materializer/v1,authority_policy,2,lookup_projection,repeated,4,16,41939,381506,45,152
sample,minidregg/bounded-page-materializer/v1,authority_policy,2,lookup_projection,repeated,5,16,42160,379506,45,152
sample,minidregg/bounded-page-materializer/v1,authority_policy,2,lookup_projection,repeated,6,16,44885,356466,45,152
sample,minidregg/bounded-page-materializer/v1,authority_policy,2,reopen,first-measured,0,16,342225,46752,45,152
sample,minidregg/bounded-page-materializer/v1,authority_policy,2,reopen,repeated,1,16,314343,50899,45,152
sample,minidregg/bounded-page-materializer/v1,authority_policy,2,reopen,repeated,2,16,313270,51074,45,152
sample,minidregg/bounded-page-materializer/v1,authority_policy,2,reopen,repeated,3,16,317158,50448,45,152
sample,minidregg/bounded-page-materializer/v1,authority_policy,2,reopen,repeated,4,16,311358,51387,45,152
sample,minidregg/bounded-page-materializer/v1,authority_policy,2,reopen,repeated,5,16,311427,51376,45,152
sample,minidregg/bounded-page-materializer/v1,authority_policy,2,reopen,repeated,6,16,315635,50691,45,152
sample,minidregg/bounded-page-materializer/v1,authority_policy,2,root,first-measured,0,1,8100708,123,45,136236
sample,minidregg/bounded-page-materializer/v1,authority_policy,2,root,repeated,1,1,8086460,123,45,136236
sample,minidregg/bounded-page-materializer/v1,authority_policy,2,root,repeated,2,1,8094917,123,45,136236
sample,minidregg/bounded-page-materializer/v1,authority_policy,2,root,repeated,3,1,8092533,123,45,136236
sample,minidregg/bounded-page-materializer/v1,authority_policy,2,root,repeated,4,1,8129882,123,45,136236
sample,minidregg/bounded-page-materializer/v1,authority_policy,2,root,repeated,5,1,8187912,122,45,136236
sample,minidregg/bounded-page-materializer/v1,authority_policy,2,root,repeated,6,1,8260449,121,45,136236
sample,minidregg/bounded-page-materializer/v1,content,3,encode,first-measured,0,16,692636,23100,99,172088
sample,minidregg/bounded-page-materializer/v1,content,3,encode,repeated,1,16,674682,23714,99,172088
sample,minidregg/bounded-page-materializer/v1,content,3,encode,repeated,2,16,676626,23646,99,172088
sample,minidregg/bounded-page-materializer/v1,content,3,encode,repeated,3,16,676486,23651,99,172088
sample,minidregg/bounded-page-materializer/v1,content,3,encode,repeated,4,16,675313,23692,99,172088
sample,minidregg/bounded-page-materializer/v1,content,3,encode,repeated,5,16,677988,23599,99,172088
sample,minidregg/bounded-page-materializer/v1,content,3,encode,repeated,6,16,677468,23617,99,172088
sample,minidregg/bounded-page-materializer/v1,content,3,root,first-measured,0,1,8058518,124,99,970741
sample,minidregg/bounded-page-materializer/v1,content,3,root,repeated,1,1,8136254,122,99,970741
sample,minidregg/bounded-page-materializer/v1,content,3,root,repeated,2,1,8068497,123,99,970741
sample,minidregg/bounded-page-materializer/v1,content,3,root,repeated,3,1,7980080,125,99,970741
sample,minidregg/bounded-page-materializer/v1,content,3,root,repeated,4,1,8082874,123,99,970741
sample,minidregg/bounded-page-materializer/v1,content,3,root,repeated,5,1,8118922,123,99,970741
sample,minidregg/bounded-page-materializer/v1,content,3,root,repeated,6,1,9047253,110,99,970741
sample,minidregg/bounded-page-materializer/v1,content,3,insert,first-measured,0,16,197232,81122,99,168
sample,minidregg/bounded-page-materializer/v1,content,3,insert,repeated,1,16,140625,113777,99,168
sample,minidregg/bounded-page-materializer/v1,content,3,insert,repeated,2,16,140425,113939,99,168
sample,minidregg/bounded-page-materializer/v1,content,3,insert,repeated,3,16,143862,111217,99,168
sample,minidregg/bounded-page-materializer/v1,content,3,insert,repeated,4,16,140335,114012,99,168
sample,minidregg/bounded-page-materializer/v1,content,3,insert,repeated,5,16,139524,114675,99,168
sample,minidregg/bounded-page-materializer/v1,content,3,insert,repeated,6,16,140074,114225,99,168
sample,minidregg/bounded-page-materializer/v1,content,3,lookup_projection,first-measured,0,16,90000,177777,99,168
sample,minidregg/bounded-page-materializer/v1,content,3,lookup_projection,repeated,1,16,55945,285995,99,168
sample,minidregg/bounded-page-materializer/v1,content,3,lookup_projection,repeated,2,16,55665,287433,99,168
sample,minidregg/bounded-page-materializer/v1,content,3,lookup_projection,repeated,3,16,55394,288839,99,168
sample,minidregg/bounded-page-materializer/v1,content,3,lookup_projection,repeated,4,16,55695,287278,99,168
sample,minidregg/bounded-page-materializer/v1,content,3,lookup_projection,repeated,5,16,55335,289147,99,168
sample,minidregg/bounded-page-materializer/v1,content,3,lookup_projection,repeated,6,16,55635,287588,99,168
sample,minidregg/bounded-page-materializer/v1,content,3,reopen,first-measured,0,16,1193221,13409,99,168
sample,minidregg/bounded-page-materializer/v1,content,3,reopen,repeated,1,16,1127527,14190,99,168
sample,minidregg/bounded-page-materializer/v1,content,3,reopen,repeated,2,16,1123690,14238,99,168
sample,minidregg/bounded-page-materializer/v1,content,3,reopen,repeated,3,16,1122678,14251,99,168
sample,minidregg/bounded-page-materializer/v1,content,3,reopen,repeated,4,16,1126174,14207,99,168
sample,minidregg/bounded-page-materializer/v1,content,3,reopen,repeated,5,16,1125703,14213,99,168
sample,minidregg/bounded-page-materializer/v1,content,3,reopen,repeated,6,16,1123159,14245,99,168
sample,minidregg/bounded-page-materializer/v1,event_history,3,encode,first-measured,0,16,2059404,7769,251,504664
sample,minidregg/bounded-page-materializer/v1,event_history,3,encode,repeated,1,16,2030940,7878,251,504664
sample,minidregg/bounded-page-materializer/v1,event_history,3,encode,repeated,2,16,2031932,7874,251,504664
sample,minidregg/bounded-page-materializer/v1,event_history,3,encode,repeated,3,16,2262527,7071,251,504664
sample,minidregg/bounded-page-materializer/v1,event_history,3,encode,repeated,4,16,2962437,5400,251,504664
sample,minidregg/bounded-page-materializer/v1,event_history,3,encode,repeated,5,16,2027093,7893,251,504664
sample,minidregg/bounded-page-materializer/v1,event_history,3,encode,repeated,6,16,2023406,7907,251,504664
sample,minidregg/bounded-page-materializer/v1,event_history,3,insert,first-measured,0,16,127423714,125,251,168
sample,minidregg/bounded-page-materializer/v1,event_history,3,insert,repeated,1,16,127907967,125,251,168
sample,minidregg/bounded-page-materializer/v1,event_history,3,insert,repeated,2,16,128625029,124,251,168
sample,minidregg/bounded-page-materializer/v1,event_history,3,insert,repeated,3,16,126146004,126,251,168
sample,minidregg/bounded-page-materializer/v1,event_history,3,insert,repeated,4,16,126659493,126,251,168
sample,minidregg/bounded-page-materializer/v1,event_history,3,insert,repeated,5,16,126970249,126,251,168
sample,minidregg/bounded-page-materializer/v1,event_history,3,insert,repeated,6,16,129023441,124,251,168
sample,minidregg/bounded-page-materializer/v1,event_history,3,lookup_projection,first-measured,0,16,129288200,123,251,168
sample,minidregg/bounded-page-materializer/v1,event_history,3,lookup_projection,repeated,1,16,129365646,123,251,168
sample,minidregg/bounded-page-materializer/v1,event_history,3,lookup_projection,repeated,2,16,128984547,124,251,168
sample,minidregg/bounded-page-materializer/v1,event_history,3,lookup_projection,repeated,3,16,128802344,124,251,168
sample,minidregg/bounded-page-materializer/v1,event_history,3,lookup_projection,repeated,4,16,129483919,123,251,168
sample,minidregg/bounded-page-materializer/v1,event_history,3,lookup_projection,repeated,5,16,130983478,122,251,168
sample,minidregg/bounded-page-materializer/v1,event_history,3,lookup_projection,repeated,6,16,128445240,124,251,168
sample,minidregg/bounded-page-materializer/v1,event_history,3,reopen,first-measured,0,16,3263545,4902,251,168
sample,minidregg/bounded-page-materializer/v1,event_history,3,reopen,repeated,1,16,3161953,5060,251,168
sample,minidregg/bounded-page-materializer/v1,event_history,3,reopen,repeated,2,16,3168326,5049,251,168
sample,minidregg/bounded-page-materializer/v1,event_history,3,reopen,repeated,3,16,3172513,5043,251,168
sample,minidregg/bounded-page-materializer/v1,event_history,3,reopen,repeated,4,16,3194946,5007,251,168
sample,minidregg/bounded-page-materializer/v1,event_history,3,reopen,repeated,5,16,3525810,4537,251,168
sample,minidregg/bounded-page-materializer/v1,event_history,3,reopen,repeated,6,16,3209403,4985,251,168
sample,minidregg/bounded-page-materializer/v1,event_history,3,root,first-measured,0,1,12324143,81,251,314353
sample,minidregg/bounded-page-materializer/v1,event_history,3,root,repeated,1,1,12141358,82,251,314353
sample,minidregg/bounded-page-materializer/v1,event_history,3,root,repeated,2,1,12206231,81,251,314353
sample,minidregg/bounded-page-materializer/v1,event_history,3,root,repeated,3,1,12148431,82,251,314353
sample,minidregg/bounded-page-materializer/v1,event_history,3,root,repeated,4,1,12254051,81,251,314353
sample,minidregg/bounded-page-materializer/v1,event_history,3,root,repeated,5,1,12213334,81,251,314353
sample,minidregg/bounded-page-materializer/v1,event_history,3,root,repeated,6,1,12367033,80,251,314353
sample,minidregg/bounded-page-materializer/v1,authority_policy,3,encode,first-measured,0,16,272443,58727,53,68104
sample,minidregg/bounded-page-materializer/v1,authority_policy,3,encode,repeated,1,16,251784,63546,53,68104
sample,minidregg/bounded-page-materializer/v1,authority_policy,3,encode,repeated,2,16,263587,60701,53,68104
sample,minidregg/bounded-page-materializer/v1,authority_policy,3,encode,repeated,3,16,250563,63856,53,68104
sample,minidregg/bounded-page-materializer/v1,authority_policy,3,encode,repeated,4,16,250692,63823,53,68104
sample,minidregg/bounded-page-materializer/v1,authority_policy,3,encode,repeated,5,16,250603,63846,53,68104
sample,minidregg/bounded-page-materializer/v1,authority_policy,3,encode,repeated,6,16,261955,61079,53,68104
sample,minidregg/bounded-page-materializer/v1,authority_policy,3,insert,first-measured,0,16,169029,94658,53,168
sample,minidregg/bounded-page-materializer/v1,authority_policy,3,insert,repeated,1,16,140625,113777,53,168
sample,minidregg/bounded-page-materializer/v1,authority_policy,3,insert,repeated,2,16,136417,117287,53,168
sample,minidregg/bounded-page-materializer/v1,authority_policy,3,insert,repeated,3,16,136718,117029,53,168
sample,minidregg/bounded-page-materializer/v1,authority_policy,3,insert,repeated,4,16,136697,117047,53,168
sample,minidregg/bounded-page-materializer/v1,authority_policy,3,insert,repeated,5,16,149111,107302,53,168
sample,minidregg/bounded-page-materializer/v1,authority_policy,3,insert,repeated,6,16,136407,117296,53,168
sample,minidregg/bounded-page-materializer/v1,authority_policy,3,lookup_projection,first-measured,0,16,67427,237293,53,168
sample,minidregg/bounded-page-materializer/v1,authority_policy,3,lookup_projection,repeated,1,16,52199,306519,53,168
sample,minidregg/bounded-page-materializer/v1,authority_policy,3,lookup_projection,repeated,2,16,51958,307941,53,168
sample,minidregg/bounded-page-materializer/v1,authority_policy,3,lookup_projection,repeated,3,16,51427,311120,53,168
sample,minidregg/bounded-page-materializer/v1,authority_policy,3,lookup_projection,repeated,4,16,51727,309316,53,168
sample,minidregg/bounded-page-materializer/v1,authority_policy,3,lookup_projection,repeated,5,16,51597,310095,53,168
sample,minidregg/bounded-page-materializer/v1,authority_policy,3,lookup_projection,repeated,6,16,51898,308297,53,168
sample,minidregg/bounded-page-materializer/v1,authority_policy,3,reopen,first-measured,0,16,433638,36897,53,168
sample,minidregg/bounded-page-materializer/v1,authority_policy,3,reopen,repeated,1,16,399573,40042,53,168
sample,minidregg/bounded-page-materializer/v1,authority_policy,3,reopen,repeated,2,16,393162,40695,53,168
sample,minidregg/bounded-page-materializer/v1,authority_policy,3,reopen,repeated,3,16,402238,39777,53,168
sample,minidregg/bounded-page-materializer/v1,authority_policy,3,reopen,repeated,4,16,397059,40296,53,168
sample,minidregg/bounded-page-materializer/v1,authority_policy,3,reopen,repeated,5,16,432526,36991,53,168
sample,minidregg/bounded-page-materializer/v1,authority_policy,3,reopen,repeated,6,16,395526,40452,53,168
sample,minidregg/bounded-page-materializer/v1,authority_policy,3,root,first-measured,0,1,8143698,122,53,853089
sample,minidregg/bounded-page-materializer/v1,authority_policy,3,root,repeated,1,1,8087683,123,53,853089
sample,minidregg/bounded-page-materializer/v1,authority_policy,3,root,repeated,2,1,8129933,123,53,853089
sample,minidregg/bounded-page-materializer/v1,authority_policy,3,root,repeated,3,1,8147095,122,53,853089
sample,minidregg/bounded-page-materializer/v1,authority_policy,3,root,repeated,4,1,8247834,121,53,853089
sample,minidregg/bounded-page-materializer/v1,authority_policy,3,root,repeated,5,1,8041366,124,53,853089
sample,minidregg/bounded-page-materializer/v1,authority_policy,3,root,repeated,6,1,8130774,122,53,853089
sample,minidregg/bounded-page-materializer/v1,content,4,encode,first-measured,0,16,887023,18037,119,214504
sample,minidregg/bounded-page-materializer/v1,content,4,encode,repeated,1,16,857618,18656,119,214504
sample,minidregg/bounded-page-materializer/v1,content,4,encode,repeated,2,16,854632,18721,119,214504
sample,minidregg/bounded-page-materializer/v1,content,4,encode,repeated,3,16,854421,18726,119,214504
sample,minidregg/bounded-page-materializer/v1,content,4,encode,repeated,4,16,851576,18788,119,214504
sample,minidregg/bounded-page-materializer/v1,content,4,encode,repeated,5,16,854632,18721,119,214504
sample,minidregg/bounded-page-materializer/v1,content,4,encode,repeated,6,16,857346,18662,119,214504
sample,minidregg/bounded-page-materializer/v1,content,4,root,first-measured,0,1,8203432,121,119,195724
sample,minidregg/bounded-page-materializer/v1,content,4,root,repeated,1,1,8133770,122,119,195724
sample,minidregg/bounded-page-materializer/v1,content,4,root,repeated,2,1,8061444,124,119,195724
sample,minidregg/bounded-page-materializer/v1,content,4,root,repeated,3,1,8107701,123,119,195724
sample,minidregg/bounded-page-materializer/v1,content,4,root,repeated,4,1,8087372,123,119,195724
sample,minidregg/bounded-page-materializer/v1,content,4,root,repeated,5,1,8177082,122,119,195724
sample,minidregg/bounded-page-materializer/v1,content,4,root,repeated,6,1,8161021,122,119,195724
sample,minidregg/bounded-page-materializer/v1,content,4,insert,first-measured,0,16,228901,69899,119,184
sample,minidregg/bounded-page-materializer/v1,content,4,insert,repeated,1,16,201500,79404,119,184
sample,minidregg/bounded-page-materializer/v1,content,4,insert,repeated,2,16,195699,81758,119,184
sample,minidregg/bounded-page-materializer/v1,content,4,insert,repeated,3,16,194737,82162,119,184
sample,minidregg/bounded-page-materializer/v1,content,4,insert,repeated,4,16,194738,82161,119,184
sample,minidregg/bounded-page-materializer/v1,content,4,insert,repeated,5,16,194487,82267,119,184
sample,minidregg/bounded-page-materializer/v1,content,4,insert,repeated,6,16,197523,81003,119,184
sample,minidregg/bounded-page-materializer/v1,content,4,lookup_projection,first-measured,0,16,82716,193432,119,184
sample,minidregg/bounded-page-materializer/v1,content,4,lookup_projection,repeated,1,16,61526,260052,119,184
sample,minidregg/bounded-page-materializer/v1,content,4,lookup_projection,repeated,2,16,61135,261715,119,184
sample,minidregg/bounded-page-materializer/v1,content,4,lookup_projection,repeated,3,16,61596,259757,119,184
sample,minidregg/bounded-page-materializer/v1,content,4,lookup_projection,repeated,4,16,61135,261715,119,184
sample,minidregg/bounded-page-materializer/v1,content,4,lookup_projection,repeated,5,16,61025,262187,119,184
sample,minidregg/bounded-page-materializer/v1,content,4,lookup_projection,repeated,6,16,60905,262704,119,184
sample,minidregg/bounded-page-materializer/v1,content,4,reopen,first-measured,0,16,1483548,10784,119,184
sample,minidregg/bounded-page-materializer/v1,content,4,reopen,repeated,1,16,1429075,11196,119,184
sample,minidregg/bounded-page-materializer/v1,content,4,reopen,repeated,2,16,1424517,11231,119,184
sample,minidregg/bounded-page-materializer/v1,content,4,reopen,repeated,3,16,1428093,11203,119,184
sample,minidregg/bounded-page-materializer/v1,content,4,reopen,repeated,4,16,1442270,11093,119,184
sample,minidregg/bounded-page-materializer/v1,content,4,reopen,repeated,5,16,1456757,10983,119,184
sample,minidregg/bounded-page-materializer/v1,content,4,reopen,repeated,6,16,1448451,11046,119,184
sample,minidregg/bounded-page-materializer/v1,event_history,4,encode,first-measured,0,16,2735790,5848,323,668024
sample,minidregg/bounded-page-materializer/v1,event_history,4,encode,repeated,1,16,2717185,5888,323,668024
sample,minidregg/bounded-page-materializer/v1,event_history,4,encode,repeated,2,16,2720531,5881,323,668024
sample,minidregg/bounded-page-materializer/v1,event_history,4,encode,repeated,3,16,2689712,5948,323,668024
sample,minidregg/bounded-page-materializer/v1,event_history,4,encode,repeated,4,16,2676327,5978,323,668024
sample,minidregg/bounded-page-materializer/v1,event_history,4,encode,repeated,5,16,2686006,5956,323,668024
sample,minidregg/bounded-page-materializer/v1,event_history,4,encode,repeated,6,16,2678281,5973,323,668024
sample,minidregg/bounded-page-materializer/v1,event_history,4,insert,first-measured,0,16,129958755,123,323,184
sample,minidregg/bounded-page-materializer/v1,event_history,4,insert,repeated,1,16,129505300,123,323,184
sample,minidregg/bounded-page-materializer/v1,event_history,4,insert,repeated,2,16,129936453,123,323,184
sample,minidregg/bounded-page-materializer/v1,event_history,4,insert,repeated,3,16,126122119,126,323,184
sample,minidregg/bounded-page-materializer/v1,event_history,4,insert,repeated,4,16,126869679,126,323,184
sample,minidregg/bounded-page-materializer/v1,event_history,4,insert,repeated,5,16,127612680,125,323,184
sample,minidregg/bounded-page-materializer/v1,event_history,4,insert,repeated,6,16,132454812,120,323,184
sample,minidregg/bounded-page-materializer/v1,event_history,4,lookup_projection,first-measured,0,16,128590895,124,323,184
sample,minidregg/bounded-page-materializer/v1,event_history,4,lookup_projection,repeated,1,16,128658082,124,323,184
sample,minidregg/bounded-page-materializer/v1,event_history,4,lookup_projection,repeated,2,16,125377465,127,323,184
sample,minidregg/bounded-page-materializer/v1,event_history,4,lookup_projection,repeated,3,16,125644718,127,323,184
sample,minidregg/bounded-page-materializer/v1,event_history,4,lookup_projection,repeated,4,16,123427046,129,323,184
sample,minidregg/bounded-page-materializer/v1,event_history,4,lookup_projection,repeated,5,16,124328386,128,323,184
sample,minidregg/bounded-page-materializer/v1,event_history,4,lookup_projection,repeated,6,16,125363839,127,323,184
sample,minidregg/bounded-page-materializer/v1,event_history,4,reopen,first-measured,0,16,4206894,3803,323,184
sample,minidregg/bounded-page-materializer/v1,event_history,4,reopen,repeated,1,16,4067200,3933,323,184
sample,minidregg/bounded-page-materializer/v1,event_history,4,reopen,repeated,2,16,4063103,3937,323,184
sample,minidregg/bounded-page-materializer/v1,event_history,4,reopen,repeated,3,16,4059646,3941,323,184
sample,minidregg/bounded-page-materializer/v1,event_history,4,reopen,repeated,4,16,4085826,3915,323,184
sample,minidregg/bounded-page-materializer/v1,event_history,4,reopen,repeated,5,16,4083031,3918,323,184
sample,minidregg/bounded-page-materializer/v1,event_history,4,reopen,repeated,6,16,4086156,3915,323,184
sample,minidregg/bounded-page-materializer/v1,event_history,4,root,first-measured,0,1,15601684,64,323,917940
sample,minidregg/bounded-page-materializer/v1,event_history,4,root,repeated,1,1,16201395,61,323,917940
sample,minidregg/bounded-page-materializer/v1,event_history,4,root,repeated,2,1,15703867,63,323,917940
sample,minidregg/bounded-page-materializer/v1,event_history,4,root,repeated,3,1,15794528,63,323,917940
sample,minidregg/bounded-page-materializer/v1,event_history,4,root,repeated,4,1,15892572,62,323,917940
sample,minidregg/bounded-page-materializer/v1,event_history,4,root,repeated,5,1,16096477,62,323,917940
sample,minidregg/bounded-page-materializer/v1,event_history,4,root,repeated,6,1,15930023,62,323,917940
sample,minidregg/bounded-page-materializer/v1,authority_policy,4,encode,first-measured,0,16,297611,53761,58,72952
sample,minidregg/bounded-page-materializer/v1,authority_policy,4,encode,repeated,1,16,271452,58942,58,72952
sample,minidregg/bounded-page-materializer/v1,authority_policy,4,encode,repeated,2,16,271482,58935,58,72952
sample,minidregg/bounded-page-materializer/v1,authority_policy,4,encode,repeated,3,16,271722,58883,58,72952
sample,minidregg/bounded-page-materializer/v1,authority_policy,4,encode,repeated,4,16,277714,57613,58,72952
sample,minidregg/bounded-page-materializer/v1,authority_policy,4,encode,repeated,5,16,271732,58881,58,72952
sample,minidregg/bounded-page-materializer/v1,authority_policy,4,encode,repeated,6,16,272033,58816,58,72952
sample,minidregg/bounded-page-materializer/v1,authority_policy,4,insert,first-measured,0,16,177344,90220,58,184
sample,minidregg/bounded-page-materializer/v1,authority_policy,4,insert,repeated,1,16,161695,98951,58,184
sample,minidregg/bounded-page-materializer/v1,authority_policy,4,insert,repeated,2,16,157206,101777,58,184
sample,minidregg/bounded-page-materializer/v1,authority_policy,4,insert,repeated,3,16,156816,102030,58,184
sample,minidregg/bounded-page-materializer/v1,authority_policy,4,insert,repeated,4,16,156926,101958,58,184
sample,minidregg/bounded-page-materializer/v1,authority_policy,4,insert,repeated,5,16,156605,102167,58,184
sample,minidregg/bounded-page-materializer/v1,authority_policy,4,insert,repeated,6,16,156676,102121,58,184
sample,minidregg/bounded-page-materializer/v1,authority_policy,4,lookup_projection,first-measured,0,16,74761,214015,58,184
sample,minidregg/bounded-page-materializer/v1,authority_policy,4,lookup_projection,repeated,1,16,55905,286199,58,184
sample,minidregg/bounded-page-materializer/v1,authority_policy,4,lookup_projection,repeated,2,16,55144,290149,58,184
sample,minidregg/bounded-page-materializer/v1,authority_policy,4,lookup_projection,repeated,3,16,55294,289362,58,184
sample,minidregg/bounded-page-materializer/v1,authority_policy,4,lookup_projection,repeated,4,16,55224,289729,58,184
sample,minidregg/bounded-page-materializer/v1,authority_policy,4,lookup_projection,repeated,5,16,55365,288991,58,184
sample,minidregg/bounded-page-materializer/v1,authority_policy,4,lookup_projection,repeated,6,16,55344,289100,58,184
sample,minidregg/bounded-page-materializer/v1,authority_policy,4,reopen,first-measured,0,16,456110,35079,58,184
sample,minidregg/bounded-page-materializer/v1,authority_policy,4,reopen,repeated,1,16,436804,36629,58,184
sample,minidregg/bounded-page-materializer/v1,authority_policy,4,reopen,repeated,2,16,432906,36959,58,184
sample,minidregg/bounded-page-materializer/v1,authority_policy,4,reopen,repeated,3,16,437014,36612,58,184
sample,minidregg/bounded-page-materializer/v1,authority_policy,4,reopen,repeated,4,16,428919,37303,58,184
sample,minidregg/bounded-page-materializer/v1,authority_policy,4,reopen,repeated,5,16,431544,37076,58,184
sample,minidregg/bounded-page-materializer/v1,authority_policy,4,reopen,repeated,6,16,426875,37481,58,184
sample,minidregg/bounded-page-materializer/v1,authority_policy,4,root,first-measured,0,1,7871756,127,58,239034
sample,minidregg/bounded-page-materializer/v1,authority_policy,4,root,repeated,1,1,7867227,127,58,239034
sample,minidregg/bounded-page-materializer/v1,authority_policy,4,root,repeated,2,1,7883568,126,58,239034
sample,minidregg/bounded-page-materializer/v1,authority_policy,4,root,repeated,3,1,7872517,127,58,239034
sample,minidregg/bounded-page-materializer/v1,authority_policy,4,root,repeated,4,1,7842671,127,58,239034
sample,minidregg/bounded-page-materializer/v1,authority_policy,4,root,repeated,5,1,7972606,125,58,239034
sample,minidregg/bounded-page-materializer/v1,authority_policy,4,root,repeated,6,1,7960964,125,58,239034
semantic_status=PASS
command_exit=0
source_integrity_exit=0
