Running as unit: minidregg-grain-runtime-1241f52.scope; invocation ID: 09942231f99b4f9286734785dc437854
   Compiling proc-macro2 v1.0.107
   Compiling quote v1.0.47
   Compiling unicode-ident v1.0.26
   Compiling serde_core v1.0.228
   Compiling syn v2.0.119
   Compiling serde v1.0.228
   Compiling zmij v1.0.23
   Compiling libc v0.2.177
   Compiling hashbrown v0.17.1
   Compiling serde_derive v1.0.228
   Compiling equivalent v1.0.2
   Compiling serde_json v1.0.151
   Compiling itoa v1.0.18
   Compiling indexmap v2.14.2
   Compiling ryu v1.0.23
   Compiling unsafe-libyaml v0.2.11
   Compiling memchr v2.8.3
   Compiling serde_yaml v0.9.34+deprecated
   Compiling minidregg-grain-runtime v0.1.0 (/tmp/minidregg-grain-runtime-1241f52-src/native/grain-runtime)
    Finished `release` profile [optimized] target(s) in 15.62s
