Compiler/AdditiveFriReceiptClause.lean: OK
Compiler/AdmissionAir.lean: OK
Compiler/Air.lean: OK
Compiler/AirBignum.lean: OK
Compiler/AirFlatten.lean: OK
Compiler/AirHash.lean: OK
Compiler/AirMembership.lean: OK
Compiler/AirModularView.lean: OK
Compiler/AirRange.lean: OK
Compiler/ArithmeticNativeDeployment.lean: OK
Compiler/AuthenticatedColumnLogupBridge.lean: OK
Compiler/AuthenticatedColumnPlan.lean: OK
Compiler/BabyBear.lean: OK
Compiler/BfvAllModuliKernelCalls.lean: OK
Compiler/BfvCompressedEquation.lean: OK
Compiler/BfvInputValidity.lean: OK
Compiler/BfvProofController.lean: OK
Compiler/BfvReceiptClause.lean: OK
Compiler/BfvSignedAccumulatorAir.lean: OK
Compiler/BignumKernelABI.lean: OK
Compiler/BinaryTower256Profile.lean: OK
Compiler/BoundedPageCellRegistry.lean: OK
Compiler/BoundedPageExtensionCatalog.lean: OK
Compiler/BoundedPageSchemaUpgrade.lean: OK
Compiler/BoundedQuantifiedPolicyAdmission.lean: OK
Compiler/CanonicalAccountView.lean: OK
Compiler/CanonicalAccountViewAudit.lean: OK
Compiler/CanonicalCellRegistry.lean: OK
Compiler/CanonicalPolicyAdmission.lean: OK
Compiler/CanonicalResourcePageMaterializer.lean: OK
Compiler/CanonicalRuntimeProfile.lean: OK
Compiler/CommittedTerminalCompose.lean: OK
Compiler/CommittedTerminalController.lean: OK
Compiler/CommittedTerminalFactored7.lean: OK
Compiler/CommittedTerminalFactoredProver.lean: OK
Compiler/CommittedTerminalFiatShamir.lean: OK
Compiler/CommittedTerminalRealizer.lean: OK
Compiler/ComposableDeploymentManifest.lean: OK
Compiler/CredentialAuthorityDomain.lean: OK
Compiler/CredentialAuthorityDomainReceiver.lean: OK
Compiler/CredentialAuthorityEntryCodec.lean: OK
Compiler/CredentialAuthorityPageMaterializer.lean: OK
Compiler/CredentialAuthorityPageProbe.lean: OK
Compiler/CredentialAuthorityPolicyRegistry.lean: OK
Compiler/CredentialAuthorityReplay.lean: OK
Compiler/CredentialAuthorityStateCodec.lean: OK
Compiler/CredentialSignatureAdmission.lean: OK
Compiler/CredentialSignatureIO.lean: OK
Compiler/CredentialSigningKeyCodec.lean: OK
Compiler/DeclaredActionAir.lean: OK
Compiler/DeclaredActionBytes.lean: OK
Compiler/DeclaredEffectArtifact.lean: OK
Compiler/DeclaredEffectPageMaterializer.lean: OK
Compiler/DeclaredEffectPageRegistry.lean: OK
Compiler/DeclaredHyperedgeArtifact.lean: OK
Compiler/DeployedCellRegistry.lean: OK
Compiler/DescriptorEval.lean: OK
Compiler/DialectBundle.lean: OK
Compiler/DialectClauseDispatch.lean: OK
Compiler/DistributiveLaw.lean: OK
Compiler/DurableReceiverCodec.lean: OK
Compiler/DurableReceiverIO.lean: OK
Compiler/Emit.lean: OK
Compiler/EmitSerialize.lean: OK
Compiler/EmitShare.lean: OK
Compiler/EvmAddAir.lean: OK
Compiler/EvmStage0NativeDeployment.lean: OK
Compiler/Ext6Conformance.lean: OK
Compiler/Ext6GateProofController.lean: OK
Compiler/Ext6GateProofDeployment.lean: OK
Compiler/Ext6GateProofPositiveRun.lean: OK
Compiler/Ext6GateProofVersionedDeployment.lean: OK
Compiler/FiatShamirAir.lean: OK
Compiler/FiniteDependentMapCodec.lean: OK
Compiler/FiniteSparseMaterializerAudit.lean: OK
Compiler/FnEvidenceCodec.lean: OK
Compiler/FramedWalRecoveryController.lean: OK
Compiler/FramedWalRecoveryDeployment.lean: OK
Compiler/FriQueryVerifierAir.lean: OK
Compiler/GateFactoredExt6.lean: OK
Compiler/GateMleExt6.lean: OK
Compiler/GateTraceRelationExt6.lean: OK
Compiler/GrainResourceBirthAuthority.lean: OK
Compiler/GrainResourceBirthController.lean: OK
Compiler/GrainResourceBirthHostCodec.lean: OK
Compiler/HyperdocumentCodec.lean: OK
Compiler/HyperdocumentContentPageMaterializer.lean: OK
Compiler/HyperdocumentEventPageMaterializer.lean: OK
Compiler/HyperdocumentIndexPageMaterializer.lean: OK
Compiler/Logup256ReceiptClause.lean: OK
Compiler/MerkleBindAir.lean: OK
Compiler/MinidreggV1ArithmeticWork.lean: OK
Compiler/MinidreggV1Artifact.lean: OK
Compiler/MinidreggV1NativeGlue.lean: OK
Compiler/NativeGlueGen.lean: OK
Compiler/NativeHostCodec.lean: OK
Compiler/NativeHostProfile.lean: OK
Compiler/NativeKernelPlan.lean: OK
Compiler/NativeObservationCodec.lean: OK
Compiler/NativeWorkProfiles.lean: OK
Compiler/NextgenLightClientPublicInputs.lean: OK
Compiler/NoteSpend.lean: OK
Compiler/NoteSpendProofController.lean: OK
Compiler/Placeholder.lean: OK
Compiler/PolicyRecordCodec.lean: OK
Compiler/PolicySourceCell.lean: OK
Compiler/PredCastHashProofs.lean: OK
Compiler/PredCompile.lean: OK
Compiler/PredCompileOrderWitness.lean: OK
Compiler/PredOrderGadget.lean: OK
Compiler/PredOrderGadgetWitness.lean: OK
Compiler/ResourceAuthorityProjection.lean: OK
Compiler/ResourceBirthCodec.lean: OK
Compiler/ResourceTargetAdmission.lean: OK
Compiler/SemanticArtifactBundle.lean: OK
Compiler/SemanticController.lean: OK
Compiler/SemanticManifest.lean: OK
Compiler/SemanticTurnReceiptDescriptor.lean: OK
Compiler/Signature.lean: OK
Compiler/Sp800185Cshake256.lean: OK
Compiler/Sp800185Cshake256Conformance.lean: OK
Compiler/Sp800185Cshake256Core.lean: OK
Compiler/SparseAuthenticatedStateLogupBridge.lean: OK
Compiler/SparseEqualityWorkProfile.lean: OK
Compiler/SumcheckConformance.lean: OK
Compiler/SumcheckVerifierAir.lean: OK
Compiler/Tower256AdditiveFriController.lean: OK
Compiler/Tower256AdditiveFriRawController.lean: OK
Compiler/Tower256AdditiveFriRawDeployment.lean: OK
Compiler/Tower256ConcreteBackend.lean: OK
Compiler/Tower256CshakeMerkleBinding.lean: OK
Compiler/Tower256CshakeMerkleController.lean: OK
Compiler/Tower256LogupAcceptedRun.lean: OK
Compiler/Tower256LogupClauseDispatch.lean: OK
Compiler/Tower256LogupControllerPlan.lean: OK
Compiler/Tower256LogupExtensionDeployment.lean: OK
Compiler/Tower256NativeByteBoundary.lean: OK
Compiler/TranscriptController.lean: OK
Compiler/TwistMultisetInvariant.lean: OK
Compiler/TypedAuthorizationRequestCodec.lean: OK
Compiler/WideDigestAir.lean: OK
Compiler/WideDigestByteDecodeAir.lean: OK
Compiler/ZkmlEltwiseAir.lean: OK
Compiler/ZkmlTraceCheck.lean: OK
Host/ApplicationBirthAuthoringCheck.lean: OK
Host/ApplicationCurrentBirthAuthoring.lean: OK
Host/ApplicationPermissionSchemaAuthoring.lean: OK
Host/ApplicationPermissionSchemaAuthoringCheck.lean: OK
Host/ApplicationPermissionSchemaRouteCheck.lean: OK
Host/FnInboxView.lean: OK
Host/FnSelectiveReleaseAuthoring.lean: OK
Host/FnSelectiveReleaseFnAck.lean: OK
Host/FnSelectiveReleaseFnReceiving.lean: OK
Host/FnSelectiveReleaseSourceAuthoring.lean: OK
Host/GrainOriginCommand.lean: OK
Host/GrainOriginPreparation.lean: OK
Host/GrainOriginSource.lean: OK
Host/Json.lean: OK
Host/Main.lean: OK
Host/ProviderUsage.lean: OK
Host/ProviderUsageAudit.lean: OK
Kernel/AdmissionPrologue.lean: OK
Kernel/AgentGrain.lean: OK
Kernel/AgentGrainAudit.lean: OK
Kernel/ApplicationDispatchAuthority.lean: OK
Kernel/ApplicationDispatchCodec.lean: OK
Kernel/ApplicationDispatchCommand.lean: OK
Kernel/ApplicationDispatchIngress.lean: OK
Kernel/ApplicationDispatchManifest.lean: OK
Kernel/ApplicationDispatchWitness.lean: OK
Kernel/ApplicationGrain.lean: OK
Kernel/ApplicationGrainBirth.lean: OK
Kernel/ApplicationGrainLaws.lean: OK
Kernel/ApplicationGrainSession.lean: OK
Kernel/ApplicationGrainSessionBirth.lean: OK
Kernel/ApplicationGrainSessionEnrollment.lean: OK
Kernel/ApplicationLifecycleBegin.lean: OK
Kernel/ApplicationLifecycleBeginCheck.lean: OK
Kernel/ApplicationLifecycleBeginIngress.lean: OK
Kernel/ApplicationLifecycleBeginReceiver.lean: OK
Kernel/ApplicationPermissionSchema.lean: OK
Kernel/ApplicationShareIssueAdmission.lean: OK
Kernel/ApplicationShareIssueAuthoring.lean: OK
Kernel/ApplicationShareIssueDelegation.lean: OK
Kernel/ApplicationShareIssueReceiver.lean: OK
Kernel/ApplicationShareIssueSource.lean: OK
Kernel/AuthenticatedSettlementFinality.lean: OK
Kernel/AuthorizedResourceCharge.lean: OK
Kernel/Camera.lean: OK
Kernel/CanonicalEscrowMarket.lean: OK
Kernel/CanonicalPolicyRegistry.lean: OK
Kernel/CanonicalResourceEffect.lean: OK
Kernel/CapabilityDelegationController.lean: OK
Kernel/CapabilityDelegationReceiver.lean: OK
Kernel/CapabilityRevocationController.lean: OK
Kernel/CapabilityRevocationReceiver.lean: OK
Kernel/ContentResource.lean: OK
Kernel/ContentResourceAudit.lean: OK
Kernel/CredentialSignedEnvelopeController.lean: OK
Kernel/DeclaredActionExecution.lean: OK
Kernel/DeclaredHyperedge.lean: OK
Kernel/DeclaredHyperedgeCost.lean: OK
Kernel/DeclaredHyperedgeWitness.lean: OK
Kernel/DeclaredResourceController.lean: OK
Kernel/DeclaredResourceProjection.lean: OK
Kernel/DeclaredResourceScalar.lean: OK
Kernel/DeployedMaterializerWitness.lean: OK
Kernel/DurableCommitProtocol.lean: OK
Kernel/DurableDataIntent.lean: OK
Kernel/DurableReceiver.lean: OK
Kernel/DurableWalHandler.lean: OK
Kernel/EventLogMaterializerLimit.lean: OK
Kernel/FinalityGate.lean: OK
Kernel/FinalityLiveness.lean: OK
Kernel/FnCatalogOwnRProgress.lean: OK
Kernel/FnConsumerOperation.lean: OK
Kernel/FnConsumerOperationProofs.lean: OK
Kernel/FnConsumerProgress.lean: OK
Kernel/FnEvidence.lean: OK
Kernel/FnGatewayPolicy.lean: OK
Kernel/FnOriginOutbox.lean: OK
Kernel/FnPortableSource.lean: OK
Kernel/FnReplyConsumption.lean: OK
Kernel/FnReplyPublication.lean: OK
Kernel/FnReplySource.lean: OK
Kernel/FnSelectedHistoricalStep.lean: OK
Kernel/FnSelectiveRelease.lean: OK
Kernel/FnSelectiveReleaseAdmission.lean: OK
Kernel/FnSelectiveReleaseArticle.lean: OK
Kernel/FnSelectiveReleaseIngress.lean: OK
Kernel/FnSelectiveReleaseProofs.lean: OK
Kernel/FnSelectiveReleaseReceiver.lean: OK
Kernel/FnSelectiveReleaseSignature.lean: OK
Kernel/FnSelectiveReleaseSourceAuthority.lean: OK
Kernel/FnSelectiveReleaseSourcePublication.lean: OK
Kernel/FnSelectiveReleaseSourceReceiver.lean: OK
Kernel/FramedWalRefinement.lean: OK
Kernel/Gate.lean: OK
Kernel/GrainResourceBirthAdmission.lean: OK
Kernel/GrainResourceBirthFamilies.lean: OK
Kernel/GrainResourceBirthPolicyController.lean: OK
Kernel/GrainResourceBirthReceiver.lean: OK
Kernel/GrainResourceBirthTransaction.lean: OK
Kernel/GuardedDurableCommit.lean: OK
Kernel/HyperdocumentEventLog.lean: OK
Kernel/HyperdocumentIndexSync.lean: OK
Kernel/HyperdocumentMerge.lean: OK
Kernel/HyperdocumentMergeAncestry.lean: OK
Kernel/HyperdocumentMergePublication.lean: OK
Kernel/HyperdocumentPublication.lean: OK
Kernel/HyperdocumentTwoParentWitness.lean: OK
Kernel/HyperdocumentVersionEffects.lean: OK
Kernel/HyperedgeKnowledge.lean: OK
Kernel/HyperedgeTier.lean: OK
Kernel/IrreversibleEffectSettlement.lean: OK
Kernel/MultiCellHyperedge.lean: OK
Kernel/MultiCellHyperedgeWitness.lean: OK
Kernel/NativeHost.lean: OK
Kernel/NativeHostBookAdmission.lean: OK
Kernel/NativeHostBookInvariant.lean: OK
Kernel/NativeHostContext.lean: OK
Kernel/NativeHostGenesis.lean: OK
Kernel/NativeHostGrainBirth.lean: OK
Kernel/NativeHostReplay.lean: OK
Kernel/NativeHostSession.lean: OK
Kernel/NativeObservationController.lean: OK
Kernel/NativeReserveContinuity.lean: OK
Kernel/OutboxDelivery.lean: OK
Kernel/PhysicalResourceReadGuard.lean: OK
Kernel/PolicyInstallController.lean: OK
Kernel/PolicyInstallReceiver.lean: OK
Kernel/PrivateEscrowSettlement.lean: OK
Kernel/PrivateTurn.lean: OK
Kernel/ProviderExecutionLease.lean: OK
Kernel/ProviderMetering.lean: OK
Kernel/QuotaGcSettlement.lean: OK
Kernel/ReactiveTerminalCell.lean: OK
Kernel/Receipt.lean: OK
Kernel/ReplicatedSettlementFinality.lean: OK
Kernel/ResourceBirthController.lean: OK
Kernel/ResourceBirthPolicyController.lean: OK
Kernel/ResourceBirthReceiver.lean: OK
Kernel/ResourceObservationAdmission.lean: OK
Kernel/ResourceTransaction.lean: OK
Kernel/ResourceTransactionAudit.lean: OK
Kernel/SparseAuthenticatedState.lean: OK
Kernel/State.lean: OK
Kernel/Turn.lean: OK
Kernel/TurnBalancedLimit.lean: OK
Kernel/TurnLimit.lean: OK
Kernel/TypedCellHyperedge.lean: OK
Kernel/TypedCellHyperedgeCompositionWitness.lean: OK
Kernel/TypedCellHyperedgeWitness.lean: OK
Kernel/Verbs.lean: OK
Pred/BoundedQuantifiedView.lean: OK
Pred/CoordinationDial.lean: OK
Pred/Core.lean: OK
Pred/Placeholder.lean: OK
Theory/AcceptedCellEffect.lean: OK
Theory/AcceptedCellEffectRequestBinding.lean: OK
Theory/AcceptedCellEffectWitness.lean: OK
Theory/AdditiveNTT.lean: OK
Theory/AdditiveNTTTransform.lean: OK
Theory/AuthorizationDeclaration.lean: OK
Theory/Bignum.lean: OK
Theory/BinaryTower.lean: OK
Theory/BinaryTowerCodec.lean: OK
Theory/BinaryTowerFanPaar.lean: OK
Theory/BinaryTowerFanPaarCodec.lean: OK
Theory/BinaryTowerTrace.lean: OK
Theory/CanonicalAuthorityProjection.lean: OK
Theory/CanonicalReactiveView.lean: OK
Theory/CanonicalResourceBookInvariant.lean: OK
Theory/CanonicalResourceKernel.lean: OK
Theory/CanonicalTransition.lean: OK
Theory/CanonicalTransitionWitness.lean: OK
Theory/CausalVersionAncestry.lean: OK
Theory/CausalVersionDag.lean: OK
Theory/CellSlot.lean: OK
Theory/CellState.lean: OK
Theory/CellStateWitness.lean: OK
Theory/CompressedLinearEquation.lean: OK
Theory/Confluence.lean: OK
Theory/CredentialAuthorityEffects.lean: OK
Theory/CredentialAuthorityFamily.lean: OK
Theory/CredentialAuthorityState.lean: OK
Theory/CredentialLineageAdmission.lean: OK
Theory/CredentialSigningKey.lean: OK
Theory/CrossModulus.lean: OK
Theory/CyclotomicExceptionalSet.lean: OK
Theory/CyclotomicInertia.lean: OK
Theory/DeclaredActionLowering.lean: OK
Theory/DeclaredTurn.lean: OK
Theory/DeployedMaterializerWitness.lean: OK
Theory/DeployedTotalCarrierAudit.lean: OK
Theory/DisclosureDeclaration.lean: OK
Theory/EffectDeclaration.lean: OK
Theory/EpistemicConsensus.lean: OK
Theory/EvmFragment.lean: OK
Theory/EvmResidual.lean: OK
Theory/ExceptionalSetLocalRing.lean: OK
Theory/ExtensionBasis.lean: OK
Theory/Finality.lean: OK
Theory/GuardedAdvice.lean: OK
Theory/Hyperdocument.lean: OK
Theory/HyperdocumentCausalFamily.lean: OK
Theory/HyperdocumentInterface.lean: OK
Theory/HyperdocumentOperationIntent.lean: OK
Theory/HyperdocumentOperations.lean: OK
Theory/IndexedProgram.lean: OK
Theory/IntegerFingerprint.lean: OK
Theory/Knowledge.lean: OK
Theory/LaceMerge.lean: OK
Theory/MaterializerCardinality.lean: OK
Theory/PolicyInstall.lean: OK
Theory/PrivacyProfile.lean: OK
Theory/PrivateComputationDeclaration.lean: OK
Theory/PrivateTrace.lean: OK
Theory/ReactiveCellTransition.lean: OK
Theory/ReactiveController.lean: OK
Theory/ReactiveReceipt.lean: OK
Theory/ResourceBirth.lean: OK
Theory/ResourceBirthAuthority.lean: OK
Theory/ResourceCost.lean: OK
Theory/RevocationConsensus.lean: OK
Theory/SparseLogicalState.lean: OK
Theory/StableRanges.lean: OK
Theory/StoreFiniteSupport.lean: OK
Theory/TurnTransition.lean: OK
Theory/TypedAuthorization.lean: OK
Theory/TypedAuthorizationWitness.lean: OK
Theory/ViewMerge.lean: OK
Theory/ZkmlMatmulSum.lean: OK
Theory/ZkmlTensorOps.lean: OK
