	Command being timed: "timeout 900 /tank/dregg-build/minidregg-2721253-host/bin/minidregg-host-2721253-r1 config.json submit ../base/call.bin outcome.bin"
	User time (seconds): 155.32
	System time (seconds): 8.40
	Percent of CPU this job got: 99%
	Elapsed (wall clock) time (h:mm:ss or m:ss): 2:44.24
	Average shared text size (kbytes): 0
	Average unshared data size (kbytes): 0
	Average stack size (kbytes): 0
	Average total size (kbytes): 0
	Maximum resident set size (kbytes): 1927468
	Average resident set size (kbytes): 0
	Major (requiring I/O) page faults: 7452
	Minor (reclaiming a frame) page faults: 2401894
	Voluntary context switches: 666
	Involuntary context switches: 2063
	Swaps: 0
	File system inputs: 1847
	File system outputs: 0
	Socket messages sent: 0
	Socket messages received: 0
	Signals delivered: 0
	Page size (bytes): 4096
	Exit status: 0
