Running as unit: mini-spk-gitweb-session-991013-capacity.service; invocation ID: e2fb8c3c3b3a401383555360ddb726c6
app_spawned=continue pid=454291
+ /usr/sbin/nginx
+ /usr/sbin/fcgiwrap -f -s tcp:127.0.0.1:9000
view= roles=guest[read],developer[read,write]
+ sleep infinity
html_commit=27c7e7dbe3c66cc5d8381748d0b0e5fbae05bafc bytes=5418 sha256=b2ef0a3cafda3c3bfb2190a3255a0d0cf5ee300c40ebe4a17479242a37840add
html_commit=27c7e7dbe3c66cc5d8381748d0b0e5fbae05bafc bytes=5418 sha256=b2ef0a3cafda3c3bfb2190a3255a0d0cf5ee300c40ebe4a17479242a37840add
same_projection_sessions_created=1
html_commit=27c7e7dbe3c66cc5d8381748d0b0e5fbae05bafc bytes=5418 sha256=b2ef0a3cafda3c3bfb2190a3255a0d0cf5ee300c40ebe4a17479242a37840add
changed_projection_sessions_created=2
writable_subject_receive_pack_status=200
attenuated_subject_receive_pack_status=403
upload_pack_commit=27c7e7dbe3c66cc5d8381748d0b0e5fbae05bafc bytes=351 sha256=2abf1e34639cf807f5f0dfef2d9ef6811b3bfde90025209c20937c402c71a88b
html_commit=27c7e7dbe3c66cc5d8381748d0b0e5fbae05bafc bytes=5418 sha256=b2ef0a3cafda3c3bfb2190a3255a0d0cf5ee300c40ebe4a17479242a37840add
html_commit=27c7e7dbe3c66cc5d8381748d0b0e5fbae05bafc bytes=5418 sha256=b2ef0a3cafda3c3bfb2190a3255a0d0cf5ee300c40ebe4a17479242a37840add
html_commit=27c7e7dbe3c66cc5d8381748d0b0e5fbae05bafc bytes=5418 sha256=b2ef0a3cafda3c3bfb2190a3255a0d0cf5ee300c40ebe4a17479242a37840add
html_commit=27c7e7dbe3c66cc5d8381748d0b0e5fbae05bafc bytes=5418 sha256=b2ef0a3cafda3c3bfb2190a3255a0d0cf5ee300c40ebe4a17479242a37840add
html_commit=27c7e7dbe3c66cc5d8381748d0b0e5fbae05bafc bytes=5418 sha256=b2ef0a3cafda3c3bfb2190a3255a0d0cf5ee300c40ebe4a17479242a37840add
html_commit=27c7e7dbe3c66cc5d8381748d0b0e5fbae05bafc bytes=5418 sha256=b2ef0a3cafda3c3bfb2190a3255a0d0cf5ee300c40ebe4a17479242a37840add
html_commit=27c7e7dbe3c66cc5d8381748d0b0e5fbae05bafc bytes=5418 sha256=b2ef0a3cafda3c3bfb2190a3255a0d0cf5ee300c40ebe4a17479242a37840add
html_commit=27c7e7dbe3c66cc5d8381748d0b0e5fbae05bafc bytes=5418 sha256=b2ef0a3cafda3c3bfb2190a3255a0d0cf5ee300c40ebe4a17479242a37840add
html_commit=27c7e7dbe3c66cc5d8381748d0b0e5fbae05bafc bytes=5418 sha256=b2ef0a3cafda3c3bfb2190a3255a0d0cf5ee300c40ebe4a17479242a37840add
html_commit=27c7e7dbe3c66cc5d8381748d0b0e5fbae05bafc bytes=5418 sha256=b2ef0a3cafda3c3bfb2190a3255a0d0cf5ee300c40ebe4a17479242a37840add
html_commit=27c7e7dbe3c66cc5d8381748d0b0e5fbae05bafc bytes=5418 sha256=b2ef0a3cafda3c3bfb2190a3255a0d0cf5ee300c40ebe4a17479242a37840add
html_commit=27c7e7dbe3c66cc5d8381748d0b0e5fbae05bafc bytes=5418 sha256=b2ef0a3cafda3c3bfb2190a3255a0d0cf5ee300c40ebe4a17479242a37840add
html_commit=27c7e7dbe3c66cc5d8381748d0b0e5fbae05bafc bytes=5418 sha256=b2ef0a3cafda3c3bfb2190a3255a0d0cf5ee300c40ebe4a17479242a37840add
html_commit=27c7e7dbe3c66cc5d8381748d0b0e5fbae05bafc bytes=5418 sha256=b2ef0a3cafda3c3bfb2190a3255a0d0cf5ee300c40ebe4a17479242a37840add
html_commit=27c7e7dbe3c66cc5d8381748d0b0e5fbae05bafc bytes=5418 sha256=b2ef0a3cafda3c3bfb2190a3255a0d0cf5ee300c40ebe4a17479242a37840add
html_commit=27c7e7dbe3c66cc5d8381748d0b0e5fbae05bafc bytes=5418 sha256=b2ef0a3cafda3c3bfb2190a3255a0d0cf5ee300c40ebe4a17479242a37840add
html_commit=27c7e7dbe3c66cc5d8381748d0b0e5fbae05bafc bytes=5418 sha256=b2ef0a3cafda3c3bfb2190a3255a0d0cf5ee300c40ebe4a17479242a37840add
html_commit=27c7e7dbe3c66cc5d8381748d0b0e5fbae05bafc bytes=5418 sha256=b2ef0a3cafda3c3bfb2190a3255a0d0cf5ee300c40ebe4a17479242a37840add
html_commit=27c7e7dbe3c66cc5d8381748d0b0e5fbae05bafc bytes=5418 sha256=b2ef0a3cafda3c3bfb2190a3255a0d0cf5ee300c40ebe4a17479242a37840add
html_commit=27c7e7dbe3c66cc5d8381748d0b0e5fbae05bafc bytes=5418 sha256=b2ef0a3cafda3c3bfb2190a3255a0d0cf5ee300c40ebe4a17479242a37840add
html_commit=27c7e7dbe3c66cc5d8381748d0b0e5fbae05bafc bytes=5418 sha256=b2ef0a3cafda3c3bfb2190a3255a0d0cf5ee300c40ebe4a17479242a37840add
html_commit=27c7e7dbe3c66cc5d8381748d0b0e5fbae05bafc bytes=5418 sha256=b2ef0a3cafda3c3bfb2190a3255a0d0cf5ee300c40ebe4a17479242a37840add
html_commit=27c7e7dbe3c66cc5d8381748d0b0e5fbae05bafc bytes=5418 sha256=b2ef0a3cafda3c3bfb2190a3255a0d0cf5ee300c40ebe4a17479242a37840add
html_commit=27c7e7dbe3c66cc5d8381748d0b0e5fbae05bafc bytes=5418 sha256=b2ef0a3cafda3c3bfb2190a3255a0d0cf5ee300c40ebe4a17479242a37840add
html_commit=27c7e7dbe3c66cc5d8381748d0b0e5fbae05bafc bytes=5418 sha256=b2ef0a3cafda3c3bfb2190a3255a0d0cf5ee300c40ebe4a17479242a37840add
html_commit=27c7e7dbe3c66cc5d8381748d0b0e5fbae05bafc bytes=5418 sha256=b2ef0a3cafda3c3bfb2190a3255a0d0cf5ee300c40ebe4a17479242a37840add
html_commit=27c7e7dbe3c66cc5d8381748d0b0e5fbae05bafc bytes=5418 sha256=b2ef0a3cafda3c3bfb2190a3255a0d0cf5ee300c40ebe4a17479242a37840add
html_commit=27c7e7dbe3c66cc5d8381748d0b0e5fbae05bafc bytes=5418 sha256=b2ef0a3cafda3c3bfb2190a3255a0d0cf5ee300c40ebe4a17479242a37840add
html_commit=27c7e7dbe3c66cc5d8381748d0b0e5fbae05bafc bytes=5418 sha256=b2ef0a3cafda3c3bfb2190a3255a0d0cf5ee300c40ebe4a17479242a37840add
html_commit=27c7e7dbe3c66cc5d8381748d0b0e5fbae05bafc bytes=5418 sha256=b2ef0a3cafda3c3bfb2190a3255a0d0cf5ee300c40ebe4a17479242a37840add
html_commit=27c7e7dbe3c66cc5d8381748d0b0e5fbae05bafc bytes=5418 sha256=b2ef0a3cafda3c3bfb2190a3255a0d0cf5ee300c40ebe4a17479242a37840add
html_commit=27c7e7dbe3c66cc5d8381748d0b0e5fbae05bafc bytes=5418 sha256=b2ef0a3cafda3c3bfb2190a3255a0d0cf5ee300c40ebe4a17479242a37840add
html_commit=27c7e7dbe3c66cc5d8381748d0b0e5fbae05bafc bytes=5418 sha256=b2ef0a3cafda3c3bfb2190a3255a0d0cf5ee300c40ebe4a17479242a37840add
html_commit=27c7e7dbe3c66cc5d8381748d0b0e5fbae05bafc bytes=5418 sha256=b2ef0a3cafda3c3bfb2190a3255a0d0cf5ee300c40ebe4a17479242a37840add
capacity_sessions_created=39 cached=32 evicted_oldest_recreated=true
uncertain_read_refused_resend=true
Finished with result: success
Main processes terminated with: code=exited, status=0/SUCCESS
Service runtime: 3.309s
CPU time consumed: 3.262s
Memory peak: 175.1M (swap: 0B)
