GitWeb copied-volume session component probe, persvati, 2026-09-27
unit=mini-spk-gitweb-session-991013-final.service
source_rpc_adapter_sha256=d68620cca1abe0adcba5d672a53c18bf6916a8021bb6cb3cf4fc4911587ce36f
source_gitweb_session_smoke_sha256=d4e61905b06823af4d5aca9b533596b1d27ab636ccb9c705149ba0094b5edd29
elf_sha256=22c98fb674857b8dcf7eee164dd3287bce460297200dc132e071c3fc3505d523
signed_spk_sha256=2bbfe6d3c705dfb0696905ecd9c1d00d6554cc1224e63dc5545152af5f8f2caa
copied_var_resource=991013
source_var_resource=991003
app_spawned=continue
view_roles=guest[read],developer[read,write]
same_projection_sessions_created=1
changed_web_projection_sessions_created=2
writable_subject_receive_pack_status=200
attenuated_subject_receive_pack_status=403
upload_pack_commit=27c7e7dbe3c66cc5d8381748d0b0e5fbae05bafc
uncertain_read_refused_resend=true
unit_result=success
unit_exit_status=0
unit_runtime=1.698s
unit_cpu=1.666s
unit_memory_peak=175.2M
post_unit_active_state=inactive
post_unit_main_pid=0
post_unit_control_group=empty
post_unit_uid995_processes=0
source_repo_commit=27c7e7dbe3c66cc5d8381748d0b0e5fbae05bafc
copied_repo_commit=27c7e7dbe3c66cc5d8381748d0b0e5fbae05bafc
copied_volume=verified resource=991013 uid=995 size_mib=512
host_tcp_9000_or_10000_listener=none
