    Checking typenum v1.20.1
    Checking serde_core v1.0.228
    Checking generic-array v0.14.7
    Checking crypto-common v0.1.7
    Checking block-buffer v0.10.4
    Checking libc v0.2.177
    Checking itoa v1.0.18
    Checking hashbrown v0.17.1
    Checking equivalent v1.0.2
    Checking cpufeatures v0.2.17
    Checking serde v1.0.228
    Checking indexmap v2.14.2
    Checking digest v0.10.7
    Checking zmij v1.0.23
    Checking unsafe-libyaml v0.2.11
    Checking memchr v2.8.3
    Checking ryu v1.0.23
    Checking cfg-if v1.0.5
    Checking sha2 v0.10.9
    Checking serde_yaml v0.9.34+deprecated
    Checking serde_json v1.0.151
    Checking minidregg-grain-runtime v0.1.0 (/tmp/mini-shared-ref-recipient-check)
error: unused import: `super::*`
 --> src/dispatch_runtime_tests.rs:1:5
  |
1 | use super::*;
  |     ^^^^^^^^
  |
  = note: `-D unused-imports` implied by `-D warnings`
  = help: to override `-D warnings` add `#[allow(unused_imports)]`

error: manual implementation of `.is_multiple_of()`
   --> src/application_api_tools.rs:752:8
    |
752 |     if value.len() % 2 != 0 || value.len() > 2 * MAX_BODY_BYTES {
    |        ^^^^^^^^^^^^^^^^^^^^ help: replace with: `!value.len().is_multiple_of(2)`
    |
    = help: for further information visit https://rust-lang.github.io/rust-clippy/master/index.html#manual_is_multiple_of
    = note: `-D clippy::manual-is-multiple-of` implied by `-D warnings`
    = help: to override `-D warnings` add `#[allow(clippy::manual_is_multiple_of)]`

error: unnecessary use of `clone` to create a slice from a reference
   --> src/application_api_tools.rs:944:33
    |
944 |         assert!(validate_routes(&[route.clone()], "6500", "8", 1001).is_ok());
    |                                 ^^^^^^^^^^^^^^^^ help: try: `std::slice::from_ref(&route)`
    |
    = help: for further information visit https://rust-lang.github.io/rust-clippy/master/index.html#cloned_ref_to_slice_refs
    = note: `-D clippy::cloned-ref-to-slice-refs` implied by `-D warnings`
    = help: to override `-D warnings` add `#[allow(clippy::cloned_ref_to_slice_refs)]`

error: unnecessary use of `clone` to create a slice from a reference
   --> src/application_api_tools.rs:946:33
    |
946 |         assert!(validate_routes(&[route.clone()], "6501", "8", 1001).is_err());
    |                                 ^^^^^^^^^^^^^^^^ help: try: `std::slice::from_ref(&route)`
    |
    = help: for further information visit https://rust-lang.github.io/rust-clippy/master/index.html#cloned_ref_to_slice_refs

error: unnecessary use of `clone` to create a slice from a reference
   --> src/shared_app_refs.rs:618:36
    |
618 |         assert_eq!(discovery_names(&[reference.clone()]), vec!["shared-app"]);
    |                                    ^^^^^^^^^^^^^^^^^^^^ help: try: `std::slice::from_ref(&reference)`
    |
    = help: for further information visit https://rust-lang.github.io/rust-clippy/master/index.html#cloned_ref_to_slice_refs

error: could not compile `minidregg-grain-runtime` (bin "grain-runtime") due to 1 previous error
warning: build failed, waiting for other jobs to finish...
error: could not compile `minidregg-grain-runtime` (bin "grain-runtime" test) due to 5 previous errors
