lean[1/204] Pred.Core start
lean[1/204] Pred.Core PASS 1s
lean[2/204] Compiler.Signature start
lean[2/204] Compiler.Signature PASS 1s
lean[3/204] Compiler.Air start
lean[3/204] Compiler.Air PASS 1s
lean[4/204] Compiler.AirRange start
lean[4/204] Compiler.AirRange PASS 2s
lean[5/204] Compiler.PredOrderGadget start
lean[5/204] Compiler.PredOrderGadget PASS 2s
lean[6/204] Compiler.PredCompile start
lean[6/204] Compiler.PredCompile PASS 6s
lean[7/204] Theory.BinaryTower start
lean[7/204] Theory.BinaryTower PASS 2s
lean[8/204] Theory.BinaryTowerFanPaar start
lean[8/204] Theory.BinaryTowerFanPaar PASS 3s
lean[9/204] Theory.BinaryTowerTrace start
lean[9/204] Theory.BinaryTowerTrace PASS 3s
lean[10/204] Theory.Bignum start
lean[10/204] Theory.Bignum PASS 3s
lean[11/204] Theory.IndexedProgram start
lean[11/204] Theory.IndexedProgram PASS 2s
lean[12/204] Theory.BinaryTowerFanPaarCodec start
lean[12/204] Theory.BinaryTowerFanPaarCodec PASS 7s
lean[13/204] Theory.BinaryTowerCodec start
lean[13/204] Theory.BinaryTowerCodec PASS 2s
lean[14/204] Compiler.AirFlatten start
lean[14/204] Compiler.AirFlatten PASS 2s
lean[15/204] Compiler.AirHash start
lean[15/204] Compiler.AirHash PASS 2s
lean[16/204] Compiler.AirMembership start
lean[16/204] Compiler.AirMembership PASS 2s
lean[17/204] Compiler.NoteSpend start
lean[17/204] Compiler.NoteSpend PASS 2s
lean[18/204] Compiler.Emit start
lean[18/204] Compiler.Emit PASS 3s
lean[19/204] Compiler.AirBignum start
lean[19/204] Compiler.AirBignum PASS 3s
lean[20/204] Compiler.BabyBear start
lean[20/204] Compiler.BabyBear PASS 3s
lean[21/204] Compiler.EmitSerialize start
lean[21/204] Compiler.EmitSerialize PASS 2s
lean[22/204] Theory.CrossModulus start
lean[22/204] Theory.CrossModulus PASS 2s
lean[23/204] Compiler.AirModularView start
lean[23/204] Compiler.AirModularView PASS 7s
lean[24/204] Compiler.BignumKernelABI start
lean[24/204] Compiler.BignumKernelABI PASS 3s
lean[25/204] Theory.TypedAuthorization start
lean[25/204] Theory.TypedAuthorization PASS 3s
lean[26/204] Theory.AuthorizationDeclaration start
lean[26/204] Theory.AuthorizationDeclaration PASS 5s
lean[27/204] Compiler.SemanticManifest start
lean[27/204] Compiler.SemanticManifest PASS 3s
lean[28/204] Compiler.NativeKernelPlan start
lean[28/204] Compiler.NativeKernelPlan PASS 3s
lean[29/204] Selvage.CorrelatedAgreement start
lean[29/204] Selvage.CorrelatedAgreement PASS 4s
lean[30/204] Selvage.ReedSolomon start
lean[30/204] Selvage.ReedSolomon PASS 4s
lean[31/204] Selvage.ConstrainedCode start
lean[31/204] Selvage.ConstrainedCode PASS 4s
lean[32/204] Selvage.Accumulator start
lean[32/204] Selvage.Accumulator PASS 4s
lean[33/204] Selvage.Decider start
lean[33/204] Selvage.Decider PASS 4s
lean[34/204] Selvage.Commitment start
lean[34/204] Selvage.Commitment PASS 3s
lean[35/204] Compiler.AuthenticatedColumnPlan start
lean[35/204] Compiler.AuthenticatedColumnPlan PASS 8s
lean[36/204] Selvage.Rbr start
lean[36/204] Selvage.Rbr PASS 1s
lean[37/204] Selvage.Depth start
lean[37/204] Selvage.Depth PASS 6s
lean[38/204] Selvage.Sumcheck start
lean[38/204] Selvage.Sumcheck PASS 3s
lean[39/204] Selvage.SumcheckReduction start
lean[39/204] Selvage.SumcheckReduction PASS 2s
lean[40/204] Selvage.MultilinearExtension start
lean[40/204] Selvage.MultilinearExtension PASS 5s
lean[41/204] Selvage.BinaryLookup start
lean[41/204] Selvage.BinaryLookup PASS 2s
lean[42/204] Compiler.Tower256CshakeMerkleController start
lean[42/204] Compiler.Tower256CshakeMerkleController PASS 2s
lean[43/204] Compiler.TranscriptController start
lean[43/204] Compiler.TranscriptController PASS 4s
lean[44/204] Theory.EffectDeclaration start
lean[44/204] Theory.EffectDeclaration PASS 4s
lean[45/204] Compiler.DeclaredEffectArtifact start
lean[45/204] Compiler.DeclaredEffectArtifact PASS 4s
lean[46/204] Theory.PrivacyProfile start
lean[46/204] Theory.PrivacyProfile PASS 4s
lean[47/204] Theory.DisclosureDeclaration start
lean[47/204] Theory.DisclosureDeclaration PASS 5s
lean[48/204] Theory.GuardedAdvice start
lean[48/204] Theory.GuardedAdvice PASS 5s
lean[49/204] Theory.ReactiveReceipt start
lean[49/204] Theory.ReactiveReceipt PASS 5s
lean[50/204] Theory.ReactiveController start
lean[50/204] Theory.ReactiveController PASS 6s
lean[51/204] Compiler.SemanticArtifactBundle start
lean[51/204] Compiler.SemanticArtifactBundle PASS 8s
lean[52/204] Compiler.MinidreggV1Artifact start
lean[52/204] Compiler.MinidreggV1Artifact PASS 4s
lean[53/204] Compiler.BinaryTower256Profile start
lean[53/204] Compiler.BinaryTower256Profile PASS 4s
lean[54/204] Compiler.Sp800185Cshake256Core start
lean[54/204] Compiler.Sp800185Cshake256Core PASS 3s
lean[55/204] Compiler.Sp800185Cshake256 start
lean[55/204] Compiler.Sp800185Cshake256 PASS 3s
lean[56/204] Compiler.Tower256ConcreteBackend start
lean[56/204] Compiler.Tower256ConcreteBackend PASS 6s
lean[57/204] Theory.CellState start
lean[57/204] Theory.CellState PASS 6s
lean[58/204] Theory.DeclaredTurn start
lean[58/204] Theory.DeclaredTurn PASS 4s
lean[59/204] Theory.ReactiveCellTransition start
lean[59/204] Theory.ReactiveCellTransition PASS 5s
lean[60/204] Theory.CanonicalTransition start
lean[60/204] Theory.CanonicalTransition PASS 4s
lean[61/204] Theory.PrivateComputationDeclaration start
lean[61/204] Theory.PrivateComputationDeclaration PASS 5s
lean[62/204] Theory.AcceptedCellEffect start
lean[62/204] Theory.AcceptedCellEffect PASS 5s
lean[63/204] Theory.PolicyInstall start
lean[63/204] Theory.PolicyInstall PASS 3s
lean[64/204] Kernel.Turn start
lean[64/204] Kernel.Turn PASS 1s
lean[65/204] Kernel.MultiCellHyperedge start
lean[65/204] Kernel.MultiCellHyperedge PASS 4s
lean[66/204] Compiler.CanonicalPolicyAdmission start
lean[66/204] Compiler.CanonicalPolicyAdmission PASS 3s
lean[67/204] Compiler.TypedAuthorizationRequestCodec start
lean[67/204] Compiler.TypedAuthorizationRequestCodec PASS 5s
lean[68/204] Theory.CredentialSigningKey start
lean[68/204] Theory.CredentialSigningKey PASS 2s
lean[69/204] Compiler.CredentialSigningKeyCodec start
lean[69/204] Compiler.CredentialSigningKeyCodec PASS 2s
lean[70/204] Theory.CredentialAuthorityFamily start
lean[70/204] Theory.CredentialAuthorityFamily PASS 2s
lean[71/204] Theory.CredentialAuthorityState start
lean[71/204] Theory.CredentialAuthorityState PASS 2s
lean[72/204] Compiler.CredentialAuthorityEntryCodec start
lean[72/204] Compiler.CredentialAuthorityEntryCodec PASS 2s
lean[73/204] Compiler.CredentialAuthorityPageMaterializer start
lean[73/204] Compiler.CredentialAuthorityPageMaterializer PASS 5s
lean[74/204] Theory.CausalVersionDag start
lean[74/204] Theory.CausalVersionDag PASS 2s
lean[75/204] Theory.Hyperdocument start
lean[75/204] Theory.Hyperdocument PASS 4s
lean[76/204] Theory.HyperdocumentOperationIntent start
lean[76/204] Theory.HyperdocumentOperationIntent PASS 2s
lean[77/204] Theory.StableRanges start
lean[77/204] Theory.StableRanges PASS 2s
lean[78/204] Theory.HyperdocumentOperations start
lean[78/204] Theory.HyperdocumentOperations PASS 3s
lean[79/204] Compiler.HyperdocumentCodec start
lean[79/204] Compiler.HyperdocumentCodec PASS 3s
lean[80/204] Compiler.HyperdocumentContentPageMaterializer start
lean[80/204] Compiler.HyperdocumentContentPageMaterializer PASS 3s
lean[81/204] Kernel.SparseAuthenticatedState start
lean[81/204] Kernel.SparseAuthenticatedState PASS 3s
lean[82/204] Kernel.HyperdocumentEventLog start
lean[82/204] Kernel.HyperdocumentEventLog PASS 2s
lean[83/204] Compiler.HyperdocumentEventPageMaterializer start
lean[83/204] Compiler.HyperdocumentEventPageMaterializer PASS 3s
lean[84/204] Compiler.BoundedPageExtensionCatalog start
lean[84/204] Compiler.BoundedPageExtensionCatalog PASS 2s
lean[85/204] Kernel.DeclaredHyperedge start
lean[85/204] Kernel.DeclaredHyperedge PASS 3s
lean[86/204] Kernel.TypedCellHyperedge start
lean[86/204] Kernel.TypedCellHyperedge PASS 3s
lean[87/204] Theory.MaterializerCardinality start
lean[87/204] Theory.MaterializerCardinality PASS 2s
lean[88/204] Theory.SparseLogicalState start
lean[88/204] Theory.SparseLogicalState PASS 2s
lean[89/204] Theory.DeployedMaterializerWitness start
lean[89/204] Theory.DeployedMaterializerWitness PASS 3s
lean[90/204] Theory.TypedAuthorizationWitness start
lean[90/204] Theory.TypedAuthorizationWitness PASS 2s
lean[91/204] Kernel.DeclaredHyperedgeWitness start
lean[91/204] Kernel.DeclaredHyperedgeWitness PASS 2s
lean[92/204] Theory.ResourceCost start
lean[92/204] Theory.ResourceCost PASS 2s
lean[93/204] Theory.DeclaredActionLowering start
lean[93/204] Theory.DeclaredActionLowering PASS 3s
lean[94/204] Compiler.DeclaredEffectPageMaterializer start
lean[94/204] Compiler.DeclaredEffectPageMaterializer PASS 29s
lean[95/204] Compiler.FiniteDependentMapCodec start
lean[95/204] Compiler.FiniteDependentMapCodec PASS 2s
lean[96/204] Compiler.CredentialAuthorityStateCodec start
lean[96/204] Compiler.CredentialAuthorityStateCodec PASS 3s
lean[97/204] Compiler.CredentialAuthorityDomain start
lean[97/204] Compiler.CredentialAuthorityDomain PASS 4s
lean[98/204] Theory.CanonicalResourceKernel start
lean[98/204] Theory.CanonicalResourceKernel PASS 3s
lean[99/204] Compiler.CanonicalResourcePageMaterializer start
lean[99/204] Compiler.CanonicalResourcePageMaterializer PASS 4s
lean[100/204] Theory.CellSlot start
lean[100/204] Theory.CellSlot PASS 3s
lean[101/204] Theory.ResourceBirth start
lean[101/204] Theory.ResourceBirth PASS 3s
lean[102/204] Compiler.ResourceBirthCodec start
lean[102/204] Compiler.ResourceBirthCodec PASS 4s
lean[103/204] Compiler.PolicyRecordCodec start
lean[103/204] Compiler.PolicyRecordCodec PASS 3s
lean[104/204] Compiler.PolicySourceCell start
lean[104/204] Compiler.PolicySourceCell PASS 3s
lean[105/204] Theory.CanonicalResourceBookInvariant start
lean[105/204] Theory.CanonicalResourceBookInvariant PASS 3s
lean[106/204] Compiler.CanonicalCellRegistry start
lean[106/204] Compiler.CanonicalCellRegistry PASS 4s
lean[107/204] Kernel.DurableCommitProtocol start
lean[107/204] Kernel.DurableCommitProtocol PASS 3s
lean[108/204] Kernel.DurableDataIntent start
lean[108/204] Kernel.DurableDataIntent PASS 3s
lean[109/204] Compiler.CredentialAuthorityReplay start
lean[109/204] Compiler.CredentialAuthorityReplay PASS 3s
lean[110/204] Kernel.CanonicalPolicyRegistry start
lean[110/204] Kernel.CanonicalPolicyRegistry PASS 2s
lean[111/204] Kernel.CredentialSignedEnvelopeController start
lean[111/204] Kernel.CredentialSignedEnvelopeController PASS 3s
lean[112/204] Compiler.CredentialSignatureIO start
lean[112/204] Compiler.CredentialSignatureIO PASS 3s
lean[113/204] Compiler.CredentialSignatureAdmission start
lean[113/204] Compiler.CredentialSignatureAdmission PASS 3s
lean[114/204] Compiler.CanonicalRuntimeProfile start
lean[114/204] Compiler.CanonicalRuntimeProfile PASS 2s
lean[115/204] Compiler.NativeHostProfile start
lean[115/204] Compiler.NativeHostProfile PASS 3s
lean[116/204] Kernel.DurableReceiver start
lean[116/204] Kernel.DurableReceiver PASS 3s
lean[117/204] Compiler.DurableReceiverCodec start
lean[117/204] Compiler.DurableReceiverCodec PASS 2s
lean[118/204] Compiler.DurableReceiverIO start
lean[118/204] Compiler.DurableReceiverIO PASS 3s
lean[119/204] Theory.CredentialLineageAdmission start
lean[119/204] Theory.CredentialLineageAdmission PASS 3s
lean[120/204] Theory.CredentialAuthorityEffects start
lean[120/204] Theory.CredentialAuthorityEffects PASS 5s
lean[121/204] Theory.ResourceBirthAuthority start
lean[121/204] Theory.ResourceBirthAuthority PASS 3s
lean[122/204] Compiler.CredentialAuthorityDomainReceiver start
lean[122/204] Compiler.CredentialAuthorityDomainReceiver PASS 4s
lean[123/204] Compiler.CredentialAuthorityPolicyRegistry start
lean[123/204] Compiler.CredentialAuthorityPolicyRegistry PASS 4s
lean[124/204] Compiler.GrainResourceBirthAuthority start
lean[124/204] Compiler.GrainResourceBirthAuthority PASS 3s
lean[125/204] Kernel.CanonicalResourceEffect start
lean[125/204] Kernel.CanonicalResourceEffect PASS 4s
lean[126/204] Kernel.ResourceBirthController start
lean[126/204] Kernel.ResourceBirthController PASS 4s
lean[127/204] Kernel.DeclaredResourceProjection start
lean[127/204] Kernel.DeclaredResourceProjection PASS 3s
lean[128/204] Kernel.DeclaredResourceScalar start
lean[128/204] Kernel.DeclaredResourceScalar PASS 3s
lean[129/204] Kernel.ContentResource start
lean[129/204] Kernel.ContentResource PASS 4s
lean[130/204] Kernel.ResourceTransaction start
lean[130/204] Kernel.ResourceTransaction PASS 3s
lean[131/204] Compiler.ResourceTargetAdmission start
lean[131/204] Compiler.ResourceTargetAdmission PASS 3s
lean[132/204] Compiler.CanonicalAccountView start
lean[132/204] Compiler.CanonicalAccountView PASS 3s
lean[133/204] Compiler.ResourceAuthorityProjection start
lean[133/204] Compiler.ResourceAuthorityProjection PASS 3s
lean[134/204] Kernel.ResourceObservationAdmission start
lean[134/204] Kernel.ResourceObservationAdmission PASS 6s
lean[135/204] Kernel.DeclaredResourceController start
lean[135/204] Kernel.DeclaredResourceController PASS 8s
lean[136/204] Compiler.DeclaredHyperedgeArtifact start
lean[136/204] Compiler.DeclaredHyperedgeArtifact PASS 2s
lean[137/204] Kernel.PolicyInstallController start
lean[137/204] Kernel.PolicyInstallController PASS 5s
lean[138/204] Kernel.PolicyInstallReceiver start
lean[138/204] Kernel.PolicyInstallReceiver PASS 5s
lean[139/204] Kernel.ResourceBirthPolicyController start
lean[139/204] Kernel.ResourceBirthPolicyController PASS 7s
lean[140/204] Kernel.ResourceBirthReceiver start
lean[140/204] Kernel.ResourceBirthReceiver PASS 5s
lean[141/204] Kernel.CapabilityDelegationController start
lean[141/204] Kernel.CapabilityDelegationController PASS 5s
lean[142/204] Kernel.CapabilityDelegationReceiver start
lean[142/204] Kernel.CapabilityDelegationReceiver PASS 5s
lean[143/204] Kernel.CapabilityRevocationController start
lean[143/204] Kernel.CapabilityRevocationController PASS 5s
lean[144/204] Kernel.CapabilityRevocationReceiver start
lean[144/204] Kernel.CapabilityRevocationReceiver PASS 4s
lean[145/204] Compiler.NativeHostCodec start
lean[145/204] Compiler.NativeHostCodec PASS 3s
lean[146/204] Kernel.AgentGrain start
lean[146/204] Kernel.AgentGrain PASS 34s
lean[147/204] Compiler.GrainResourceBirthController start
lean[147/204] Compiler.GrainResourceBirthController PASS 3s
lean[148/204] Kernel.NativeHostContext start
lean[148/204] Kernel.NativeHostContext PASS 3s
lean[149/204] Compiler.GrainResourceBirthHostCodec start
lean[149/204] Compiler.GrainResourceBirthHostCodec PASS 4s
lean[150/204] Kernel.GrainResourceBirthPolicyController start
lean[150/204] Kernel.GrainResourceBirthPolicyController PASS 3s
lean[151/204] Kernel.GrainResourceBirthFamilies start
lean[151/204] Kernel.GrainResourceBirthFamilies PASS 3s
lean[152/204] Kernel.GrainResourceBirthTransaction start
lean[152/204] Kernel.GrainResourceBirthTransaction PASS 4s
lean[153/204] Kernel.GrainResourceBirthAdmission start
lean[153/204] Kernel.GrainResourceBirthAdmission PASS 5s
lean[154/204] Kernel.NativeHostGrainBirth start
lean[154/204] Kernel.NativeHostGrainBirth PASS 3s
lean[155/204] Kernel.GrainResourceBirthReceiver start
lean[155/204] Kernel.GrainResourceBirthReceiver PASS 3s
lean[156/204] Compiler.NativeObservationCodec start
lean[156/204] Compiler.NativeObservationCodec PASS 3s
lean[157/204] Kernel.NativeObservationController start
lean[157/204] Kernel.NativeObservationController PASS 4s
lean[158/204] Compiler.FnEvidenceCodec start
lean[158/204] Compiler.FnEvidenceCodec PASS 2s
lean[159/204] Kernel.FnSelectiveRelease start
lean[159/204] Kernel.FnSelectiveRelease PASS 3s
lean[160/204] Kernel.FnGatewayPolicy start
lean[160/204] Kernel.FnGatewayPolicy PASS 3s
lean[161/204] Kernel.FnSelectiveReleaseSignature start
lean[161/204] Kernel.FnSelectiveReleaseSignature PASS 3s
lean[162/204] Kernel.FnSelectiveReleaseIngress start
lean[162/204] Kernel.FnSelectiveReleaseIngress PASS 2s
lean[163/204] Kernel.FnSelectiveReleaseAdmission start
lean[163/204] Kernel.FnSelectiveReleaseAdmission PASS 3s
lean[164/204] Kernel.FnSelectiveReleaseSourcePublication start
lean[164/204] Kernel.FnSelectiveReleaseSourcePublication PASS 3s
lean[165/204] Kernel.FnSelectiveReleaseSourceAuthority start
lean[165/204] Kernel.FnSelectiveReleaseSourceAuthority PASS 3s
lean[166/204] Kernel.FnSelectiveReleaseSourceReceiver start
lean[166/204] Kernel.FnSelectiveReleaseSourceReceiver PASS 3s
lean[167/204] Kernel.ApplicationGrain start
lean[167/204] Kernel.ApplicationGrain PASS 3s
lean[168/204] Kernel.ApplicationLifecycleBegin start
lean[168/204] Kernel.ApplicationLifecycleBegin PASS 3s
lean[169/204] Kernel.ApplicationLifecycleBeginIngress start
lean[169/204] Kernel.ApplicationLifecycleBeginIngress PASS 3s
lean[170/204] Kernel.ApplicationDispatchCodec start
lean[170/204] Kernel.ApplicationDispatchCodec PASS 3s
lean[171/204] Kernel.ApplicationGrainSession start
lean[171/204] Kernel.ApplicationGrainSession PASS 3s
lean[172/204] Kernel.ApplicationGrainSessionEnrollment start
lean[172/204] Kernel.ApplicationGrainSessionEnrollment PASS 3s
lean[173/204] Kernel.ApplicationPermissionSchema start
lean[173/204] Kernel.ApplicationPermissionSchema PASS 3s
lean[174/204] Kernel.ApplicationDispatchManifest start
lean[174/204] Kernel.ApplicationDispatchManifest PASS 3s
lean[175/204] Kernel.ApplicationLifecycleBeginReceiver start
lean[175/204] Kernel.ApplicationLifecycleBeginReceiver PASS 3s
lean[176/204] Kernel.NativeHostReplay start
lean[176/204] Kernel.NativeHostReplay PASS 4s
lean[177/204] Kernel.NativeHost start
lean[177/204] Kernel.NativeHost PASS 4s
lean[178/204] Kernel.NativeHostSession start
lean[178/204] Kernel.NativeHostSession PASS 3s
lean[179/204] Kernel.NativeReserveContinuity start
lean[179/204] Kernel.NativeReserveContinuity PASS 2s
lean[180/204] Kernel.NativeHostGenesis start
lean[180/204] Kernel.NativeHostGenesis PASS 5s
lean[181/204] Kernel.FnEvidence start
lean[181/204] Kernel.FnEvidence PASS 3s
lean[182/204] Kernel.FnConsumerOperation start
lean[182/204] Kernel.FnConsumerOperation PASS 4s
lean[183/204] Kernel.FnConsumerProgress start
lean[183/204] Kernel.FnConsumerProgress PASS 3s
lean[184/204] Kernel.FnOriginOutbox start
lean[184/204] Kernel.FnOriginOutbox PASS 3s
lean[185/204] Kernel.FnCatalogOwnRProgress start
lean[185/204] Kernel.FnCatalogOwnRProgress PASS 3s
lean[186/204] Kernel.FnReplyPublication start
lean[186/204] Kernel.FnReplyPublication PASS 3s
lean[187/204] Kernel.FnPortableSource start
lean[187/204] Kernel.FnPortableSource PASS 3s
lean[188/204] Kernel.FnReplySource start
lean[188/204] Kernel.FnReplySource PASS 3s
lean[189/204] Kernel.FnReplyConsumption start
lean[189/204] Kernel.FnReplyConsumption PASS 3s
lean[190/204] Kernel.FnSelectiveReleaseReceiver start
lean[190/204] Kernel.FnSelectiveReleaseReceiver PASS 3s
lean[191/204] Kernel.ApplicationGrainBirth start
lean[191/204] Kernel.ApplicationGrainBirth PASS 3s
lean[192/204] Kernel.ApplicationGrainSessionBirth start
lean[192/204] Kernel.ApplicationGrainSessionBirth PASS 2s
lean[193/204] Host.ApplicationPermissionSchemaAuthoring start
lean[193/204] Host.ApplicationPermissionSchemaAuthoring PASS 3s
lean[194/204] Host.Json start
lean[194/204] Host.Json PASS 7s
lean[195/204] Kernel.FnSelectiveReleaseArticle start
lean[195/204] Kernel.FnSelectiveReleaseArticle PASS 3s
lean[196/204] Host.FnSelectiveReleaseAuthoring start
lean[196/204] Host.FnSelectiveReleaseAuthoring PASS 3s
lean[197/204] Host.FnSelectiveReleaseSourceAuthoring start
lean[197/204] Host.FnSelectiveReleaseSourceAuthoring PASS 3s
lean[198/204] Host.FnInboxView start
lean[198/204] Host.FnInboxView PASS 3s
lean[199/204] Host.GrainOriginSource start
lean[199/204] Host.GrainOriginSource PASS 3s
lean[200/204] Host.GrainOriginPreparation start
lean[200/204] Host.GrainOriginPreparation PASS 3s
lean[201/204] Host.GrainOriginCommand start
lean[201/204] Host.GrainOriginCommand PASS 2s
lean[202/204] Kernel.ProviderMetering start
lean[202/204] Kernel.ProviderMetering PASS 3s
lean[203/204] Host.ProviderUsage start
lean[203/204] Host.ProviderUsage PASS 3s
lean[204/204] Host.Main start
lean[204/204] Host.Main PASS 16s
end_utc=2026-09-27T06:12:25Z
elapsed_seconds=861
git_head=791a6d2c6671bdb9396e6c98053dd296da20e578
root=/home/ember/build/minidregg-overnight-20260927-coherent-native-776ba59
lean=Lean (version 4.30.0, x86_64-unknown-linux-gnu, commit d024af099ca4bf2c86f649261ebf59565dc8c622, Release)
toolchain=/home/ember/.elan/toolchains/leanprover--lean4---v4.30.0
native_target=Linux:x86_64
umbrella=0
compiled_source_modules=204
source_modules=204
package_modules=2933
response_objects=3137
reusable_artifact_manifest_sha256=4885fe77720c4bd9f1df15afac9cf750eba69f31fe49c1f8e038e6ad4211ce13
usage_exit=1
binary=/home/ember/build/minidregg-overnight-20260927-coherent-selective-narrow-evidence/minidregg-host-selective-v2-lifecycle-r2
binary_sha256=4b99f44e5cefb95599e59d4c565f01d6be3aa2f1e1cc1bcc8d0384315552c27a
