successful-prefix reuse check PASS 53 compiled prefix modules
lean[54/244] Compiler.Sp800185Cshake256Core start
lean[54/244] Compiler.Sp800185Cshake256Core PASS 2s
lean[55/244] Compiler.Sp800185Cshake256 start
lean[55/244] Compiler.Sp800185Cshake256 PASS 3s
lean[56/244] Compiler.Tower256ConcreteBackend start
lean[56/244] Compiler.Tower256ConcreteBackend PASS 3s
lean[57/244] Theory.CellState start
lean[57/244] Theory.CellState PASS 3s
lean[58/244] Theory.DeclaredTurn start
lean[58/244] Theory.DeclaredTurn PASS 2s
lean[59/244] Theory.ReactiveCellTransition start
lean[59/244] Theory.ReactiveCellTransition PASS 3s
lean[60/244] Theory.CanonicalTransition start
lean[60/244] Theory.CanonicalTransition PASS 2s
lean[61/244] Theory.PrivateComputationDeclaration start
lean[61/244] Theory.PrivateComputationDeclaration PASS 3s
lean[62/244] Theory.AcceptedCellEffect start
lean[62/244] Theory.AcceptedCellEffect PASS 4s
lean[63/244] Theory.PolicyInstall start
lean[63/244] Theory.PolicyInstall PASS 3s
lean[64/244] Kernel.Turn start
lean[64/244] Kernel.Turn PASS 2s
lean[65/244] Kernel.MultiCellHyperedge start
lean[65/244] Kernel.MultiCellHyperedge PASS 3s
lean[66/244] Compiler.CanonicalPolicyAdmission start
lean[66/244] Compiler.CanonicalPolicyAdmission PASS 4s
lean[67/244] Compiler.TypedAuthorizationRequestCodec start
lean[67/244] Compiler.TypedAuthorizationRequestCodec PASS 7s
lean[68/244] Theory.CredentialSigningKey start
lean[68/244] Theory.CredentialSigningKey PASS 2s
lean[69/244] Compiler.CredentialSigningKeyCodec start
lean[69/244] Compiler.CredentialSigningKeyCodec PASS 3s
lean[70/244] Theory.CredentialAuthorityFamily start
lean[70/244] Theory.CredentialAuthorityFamily PASS 3s
lean[71/244] Theory.CredentialAuthorityState start
lean[71/244] Theory.CredentialAuthorityState PASS 3s
lean[72/244] Compiler.CredentialAuthorityEntryCodec start
lean[72/244] Compiler.CredentialAuthorityEntryCodec PASS 3s
lean[73/244] Compiler.CredentialAuthorityPageMaterializer start
lean[73/244] Compiler.CredentialAuthorityPageMaterializer PASS 5s
lean[74/244] Theory.CausalVersionDag start
lean[74/244] Theory.CausalVersionDag PASS 4s
lean[75/244] Theory.Hyperdocument start
lean[75/244] Theory.Hyperdocument PASS 4s
lean[76/244] Theory.HyperdocumentOperationIntent start
lean[76/244] Theory.HyperdocumentOperationIntent PASS 3s
lean[77/244] Theory.StableRanges start
lean[77/244] Theory.StableRanges PASS 4s
lean[78/244] Theory.HyperdocumentOperations start
lean[78/244] Theory.HyperdocumentOperations PASS 3s
lean[79/244] Compiler.HyperdocumentCodec start
lean[79/244] Compiler.HyperdocumentCodec PASS 4s
lean[80/244] Compiler.HyperdocumentContentPageMaterializer start
lean[80/244] Compiler.HyperdocumentContentPageMaterializer PASS 5s
lean[81/244] Kernel.SparseAuthenticatedState start
lean[81/244] Kernel.SparseAuthenticatedState PASS 3s
lean[82/244] Kernel.HyperdocumentEventLog start
lean[82/244] Kernel.HyperdocumentEventLog PASS 2s
lean[83/244] Compiler.HyperdocumentEventPageMaterializer start
lean[83/244] Compiler.HyperdocumentEventPageMaterializer PASS 3s
lean[84/244] Compiler.BoundedPageExtensionCatalog start
lean[84/244] Compiler.BoundedPageExtensionCatalog PASS 3s
lean[85/244] Kernel.DeclaredHyperedge start
lean[85/244] Kernel.DeclaredHyperedge PASS 3s
lean[86/244] Kernel.TypedCellHyperedge start
lean[86/244] Kernel.TypedCellHyperedge PASS 3s
lean[87/244] Theory.MaterializerCardinality start
lean[87/244] Theory.MaterializerCardinality PASS 2s
lean[88/244] Theory.SparseLogicalState start
lean[88/244] Theory.SparseLogicalState PASS 3s
lean[89/244] Theory.DeployedMaterializerWitness start
lean[89/244] Theory.DeployedMaterializerWitness PASS 4s
lean[90/244] Theory.TypedAuthorizationWitness start
lean[90/244] Theory.TypedAuthorizationWitness PASS 2s
lean[91/244] Kernel.DeclaredHyperedgeWitness start
lean[91/244] Kernel.DeclaredHyperedgeWitness PASS 4s
lean[92/244] Theory.ResourceCost start
lean[92/244] Theory.ResourceCost PASS 3s
lean[93/244] Theory.DeclaredActionLowering start
lean[93/244] Theory.DeclaredActionLowering PASS 4s
lean[94/244] Compiler.DeclaredEffectPageMaterializer start
lean[94/244] Compiler.DeclaredEffectPageMaterializer PASS 31s
lean[95/244] Compiler.FiniteDependentMapCodec start
lean[95/244] Compiler.FiniteDependentMapCodec PASS 2s
lean[96/244] Compiler.CredentialAuthorityStateCodec start
lean[96/244] Compiler.CredentialAuthorityStateCodec PASS 3s
lean[97/244] Compiler.CredentialAuthorityDomain start
lean[97/244] Compiler.CredentialAuthorityDomain PASS 3s
lean[98/244] Theory.CanonicalResourceKernel start
lean[98/244] Theory.CanonicalResourceKernel PASS 3s
lean[99/244] Compiler.CanonicalResourcePageMaterializer start
lean[99/244] Compiler.CanonicalResourcePageMaterializer PASS 5s
lean[100/244] Theory.CellSlot start
lean[100/244] Theory.CellSlot PASS 2s
lean[101/244] Theory.ResourceBirth start
lean[101/244] Theory.ResourceBirth PASS 2s
lean[102/244] Compiler.ResourceBirthCodec start
lean[102/244] Compiler.ResourceBirthCodec PASS 3s
lean[103/244] Compiler.PolicyRecordCodec start
lean[103/244] Compiler.PolicyRecordCodec PASS 4s
lean[104/244] Compiler.PolicySourceCell start
lean[104/244] Compiler.PolicySourceCell PASS 2s
lean[105/244] Theory.CanonicalResourceBookInvariant start
lean[105/244] Theory.CanonicalResourceBookInvariant PASS 3s
lean[106/244] Compiler.CanonicalCellRegistry start
lean[106/244] Compiler.CanonicalCellRegistry PASS 3s
lean[107/244] Kernel.DurableCommitProtocol start
lean[107/244] Kernel.DurableCommitProtocol PASS 3s
lean[108/244] Kernel.DurableDataIntent start
lean[108/244] Kernel.DurableDataIntent PASS 4s
lean[109/244] Compiler.CredentialAuthorityReplay start
lean[109/244] Compiler.CredentialAuthorityReplay PASS 2s
lean[110/244] Kernel.CanonicalPolicyRegistry start
lean[110/244] Kernel.CanonicalPolicyRegistry PASS 3s
lean[111/244] Kernel.CredentialSignedEnvelopeController start
lean[111/244] Kernel.CredentialSignedEnvelopeController PASS 3s
lean[112/244] Compiler.CredentialSignatureIO start
lean[112/244] Compiler.CredentialSignatureIO PASS 3s
lean[113/244] Compiler.CredentialSignatureAdmission start
lean[113/244] Compiler.CredentialSignatureAdmission PASS 3s
lean[114/244] Compiler.CanonicalRuntimeProfile start
lean[114/244] Compiler.CanonicalRuntimeProfile PASS 2s
lean[115/244] Compiler.NativeHostProfile start
lean[115/244] Compiler.NativeHostProfile PASS 2s
lean[116/244] Kernel.DurableReceiver start
lean[116/244] Kernel.DurableReceiver PASS 4s
lean[117/244] Compiler.DurableReceiverCodec start
lean[117/244] Compiler.DurableReceiverCodec PASS 3s
lean[118/244] Compiler.DurableReceiverIO start
lean[118/244] Compiler.DurableReceiverIO PASS 3s
lean[119/244] Theory.CredentialLineageAdmission start
lean[119/244] Theory.CredentialLineageAdmission PASS 2s
lean[120/244] Theory.CredentialAuthorityEffects start
lean[120/244] Theory.CredentialAuthorityEffects PASS 4s
lean[121/244] Theory.ResourceBirthAuthority start
lean[121/244] Theory.ResourceBirthAuthority PASS 8s
lean[122/244] Compiler.CredentialAuthorityDomainReceiver start
lean[122/244] Compiler.CredentialAuthorityDomainReceiver PASS 5s
lean[123/244] Compiler.CredentialAuthorityPolicyRegistry start
lean[123/244] Compiler.CredentialAuthorityPolicyRegistry PASS 6s
lean[124/244] Compiler.GrainResourceBirthAuthority start
lean[124/244] Compiler.GrainResourceBirthAuthority PASS 3s
lean[125/244] Kernel.CanonicalResourceEffect start
lean[125/244] Kernel.CanonicalResourceEffect PASS 4s
lean[126/244] Kernel.ResourceBirthController start
lean[126/244] Kernel.ResourceBirthController PASS 4s
lean[127/244] Kernel.DeclaredResourceProjection start
lean[127/244] Kernel.DeclaredResourceProjection PASS 4s
lean[128/244] Kernel.DeclaredResourceScalar start
lean[128/244] Kernel.DeclaredResourceScalar PASS 4s
lean[129/244] Kernel.ContentResource start
lean[129/244] Kernel.ContentResource PASS 6s
lean[130/244] Kernel.ResourceTransaction start
lean[130/244] Kernel.ResourceTransaction PASS 9s
lean[131/244] Compiler.ResourceTargetAdmission start
lean[131/244] Compiler.ResourceTargetAdmission PASS 5s
lean[132/244] Compiler.CanonicalAccountView start
lean[132/244] Compiler.CanonicalAccountView PASS 7s
lean[133/244] Compiler.ResourceAuthorityProjection start
lean[133/244] Compiler.ResourceAuthorityProjection PASS 6s
lean[134/244] Kernel.ResourceObservationAdmission start
lean[134/244] Kernel.ResourceObservationAdmission PASS 6s
lean[135/244] Kernel.DeclaredResourceController start
lean[135/244] Kernel.DeclaredResourceController PASS 8s
lean[136/244] Compiler.DeclaredHyperedgeArtifact start
lean[136/244] Compiler.DeclaredHyperedgeArtifact PASS 5s
lean[137/244] Kernel.PolicyInstallController start
lean[137/244] Kernel.PolicyInstallController PASS 6s
lean[138/244] Kernel.PolicyInstallReceiver start
lean[138/244] Kernel.PolicyInstallReceiver PASS 8s
lean[139/244] Kernel.ResourceBirthPolicyController start
lean[139/244] Kernel.ResourceBirthPolicyController PASS 14s
lean[140/244] Kernel.ResourceBirthReceiver start
lean[140/244] Kernel.ResourceBirthReceiver PASS 10s
lean[141/244] Kernel.CapabilityDelegationController start
lean[141/244] Kernel.CapabilityDelegationController PASS 8s
lean[142/244] Kernel.CapabilityDelegationReceiver start
lean[142/244] Kernel.CapabilityDelegationReceiver PASS 8s
lean[143/244] Kernel.CapabilityRevocationController start
lean[143/244] Kernel.CapabilityRevocationController PASS 8s
lean[144/244] Kernel.CapabilityRevocationReceiver start
lean[144/244] Kernel.CapabilityRevocationReceiver PASS 10s
lean[145/244] Compiler.NativeHostCodec start
lean[145/244] Compiler.NativeHostCodec PASS 7s
lean[146/244] Kernel.AgentGrain start
lean[146/244] Kernel.AgentGrain PASS 40s
lean[147/244] Compiler.GrainResourceBirthController start
lean[147/244] Compiler.GrainResourceBirthController PASS 3s
lean[148/244] Kernel.NativeHostContext start
lean[148/244] Kernel.NativeHostContext PASS 3s
lean[149/244] Compiler.GrainResourceBirthHostCodec start
lean[149/244] Compiler.GrainResourceBirthHostCodec PASS 3s
lean[150/244] Kernel.GrainResourceBirthPolicyController start
lean[150/244] Kernel.GrainResourceBirthPolicyController PASS 3s
lean[151/244] Kernel.GrainResourceBirthFamilies start
lean[151/244] Kernel.GrainResourceBirthFamilies PASS 2s
lean[152/244] Kernel.GrainResourceBirthTransaction start
lean[152/244] Kernel.GrainResourceBirthTransaction PASS 4s
lean[153/244] Kernel.GrainResourceBirthAdmission start
lean[153/244] Kernel.GrainResourceBirthAdmission PASS 6s
lean[154/244] Kernel.NativeHostGrainBirth start
lean[154/244] Kernel.NativeHostGrainBirth PASS 2s
lean[155/244] Kernel.GrainResourceBirthReceiver start
lean[155/244] Kernel.GrainResourceBirthReceiver PASS 2s
lean[156/244] Compiler.NativeObservationCodec start
lean[156/244] Compiler.NativeObservationCodec PASS 3s
lean[157/244] Kernel.NativeObservationController start
lean[157/244] Kernel.NativeObservationController PASS 4s
lean[158/244] Compiler.FnEvidenceCodec start
lean[158/244] Compiler.FnEvidenceCodec PASS 3s
lean[159/244] Kernel.FnSelectiveRelease start
lean[159/244] Kernel.FnSelectiveRelease PASS 4s
lean[160/244] Kernel.FnGatewayPolicy start
lean[160/244] Kernel.FnGatewayPolicy PASS 3s
lean[161/244] Kernel.FnSelectiveReleaseSignature start
lean[161/244] Kernel.FnSelectiveReleaseSignature PASS 2s
lean[162/244] Kernel.FnSelectiveReleaseIngress start
lean[162/244] Kernel.FnSelectiveReleaseIngress PASS 3s
lean[163/244] Kernel.FnSelectiveReleaseAdmission start
lean[163/244] Kernel.FnSelectiveReleaseAdmission PASS 3s
lean[164/244] Kernel.FnSelectiveReleaseSourcePublication start
lean[164/244] Kernel.FnSelectiveReleaseSourcePublication PASS 2s
lean[165/244] Kernel.PhysicalResourceReadGuard start
lean[165/244] Kernel.PhysicalResourceReadGuard PASS 3s
lean[166/244] Kernel.FnSelectiveReleaseSourceAuthority start
lean[166/244] Kernel.FnSelectiveReleaseSourceAuthority PASS 2s
lean[167/244] Kernel.FnSelectiveReleaseSourceReceiver start
lean[167/244] Kernel.FnSelectiveReleaseSourceReceiver PASS 4s
lean[168/244] Kernel.ApplicationGrain start
lean[168/244] Kernel.ApplicationGrain PASS 3s
lean[169/244] Kernel.ApplicationLifecycleBegin start
lean[169/244] Kernel.ApplicationLifecycleBegin PASS 2s
lean[170/244] Kernel.ApplicationLifecycleBeginIngress start
lean[170/244] Kernel.ApplicationLifecycleBeginIngress PASS 2s
lean[171/244] Kernel.ApplicationDispatchCodec start
lean[171/244] Kernel.ApplicationDispatchCodec PASS 3s
lean[172/244] Kernel.ApplicationGrainSession start
lean[172/244] Kernel.ApplicationGrainSession PASS 2s
lean[173/244] Kernel.ApplicationGrainSessionEnrollment start
lean[173/244] Kernel.ApplicationGrainSessionEnrollment PASS 3s
lean[174/244] Kernel.ApplicationPermissionSchema start
lean[174/244] Kernel.ApplicationPermissionSchema PASS 3s
lean[175/244] Kernel.ApplicationDispatchManifest start
lean[175/244] Kernel.ApplicationDispatchManifest PASS 2s
lean[176/244] Kernel.ApplicationLifecycleBeginReceiver start
lean[176/244] Kernel.ApplicationLifecycleBeginReceiver PASS 3s
lean[177/244] Kernel.ApplicationLifecycleClaim start
lean[177/244] Kernel.ApplicationLifecycleClaim PASS 2s
lean[178/244] Kernel.ApplicationLifecycleClaimIngress start
lean[178/244] Kernel.ApplicationLifecycleClaimIngress PASS 2s
lean[179/244] Kernel.NativeHistorySelection start
lean[179/244] Kernel.NativeHistorySelection PASS 3s
lean[180/244] Kernel.ApplicationLifecycleClaimHistory start
lean[180/244] Kernel.ApplicationLifecycleClaimHistory PASS 3s
lean[181/244] Kernel.ApplicationLifecycleClaimCurrent start
lean[181/244] Kernel.ApplicationLifecycleClaimCurrent PASS 2s
lean[182/244] Kernel.ApplicationLifecycleClaimCore start
lean[182/244] Kernel.ApplicationLifecycleClaimCore PASS 3s
lean[183/244] Kernel.ApplicationSpkPackageIdentity start
lean[183/244] Kernel.ApplicationSpkPackageIdentity PASS 3s
lean[184/244] Kernel.ApplicationLifecycleBeginV2Ingress start
lean[184/244] Kernel.ApplicationLifecycleBeginV2Ingress PASS 3s
lean[185/244] Kernel.ApplicationLifecycleClaimV2Ingress start
lean[185/244] Kernel.ApplicationLifecycleClaimV2Ingress PASS 2s
lean[186/244] Kernel.ApplicationLifecycleBeginV2Admission start
lean[186/244] Kernel.ApplicationLifecycleBeginV2Admission PASS 3s
lean[187/244] Kernel.ApplicationLifecycleClaimV2Core start
lean[187/244] Kernel.ApplicationLifecycleClaimV2Core PASS 3s
lean[188/244] Kernel.ApplicationDispatchAuthority start
lean[188/244] Kernel.ApplicationDispatchAuthority PASS 3s
lean[189/244] Kernel.ApplicationShareIssueSource start
lean[189/244] Kernel.ApplicationShareIssueSource PASS 4s
lean[190/244] Kernel.ApplicationShareIssueDelegation start
lean[190/244] Kernel.ApplicationShareIssueDelegation PASS 4s
lean[191/244] Kernel.ApplicationShareIssueAtomicBirth start
lean[191/244] Kernel.ApplicationShareIssueAtomicBirth PASS 3s
lean[192/244] Kernel.ApplicationShareIssueAdmission start
lean[192/244] Kernel.ApplicationShareIssueAdmission PASS 3s
lean[193/244] Kernel.ApplicationShareIssueReceiver start
lean[193/244] Kernel.ApplicationShareIssueReceiver PASS 4s
lean[194/244] Kernel.ApplicationDispatchIngress start
lean[194/244] Kernel.ApplicationDispatchIngress PASS 2s
lean[195/244] Kernel.ApplicationDispatchCommand start
lean[195/244] Kernel.ApplicationDispatchCommand PASS 2s
lean[196/244] Kernel.ApplicationDispatchAdmissionIngress start
lean[196/244] Kernel.ApplicationDispatchAdmissionIngress PASS 2s
lean[197/244] Kernel.ApplicationDispatchWitness start
lean[197/244] Kernel.ApplicationDispatchWitness PASS 2s
lean[198/244] Kernel.ApplicationDispatchAdmission start
lean[198/244] Kernel.ApplicationDispatchAdmission PASS 4s
lean[199/244] Kernel.ApplicationDispatchPending start
lean[199/244] Kernel.ApplicationDispatchPending PASS 2s
lean[200/244] Kernel.ApplicationDispatchHistoricalCore start
lean[200/244] Kernel.ApplicationDispatchHistoricalCore PASS 3s
lean[201/244] Kernel.NativeHostReplay start
lean[201/244] Kernel.NativeHostReplay PASS 4s
lean[202/244] Kernel.NativeHost start
lean[202/244] Kernel.NativeHost PASS 3s
lean[203/244] Kernel.NativeHostSession start
lean[203/244] Kernel.NativeHostSession PASS 3s
lean[204/244] Kernel.NativeReserveContinuity start
lean[204/244] Kernel.NativeReserveContinuity PASS 2s
lean[205/244] Kernel.NativeHostGenesis start
lean[205/244] Kernel.NativeHostGenesis PASS 5s
lean[206/244] Kernel.FnEvidence start
lean[206/244] Kernel.FnEvidence PASS 2s
lean[207/244] Kernel.FnConsumerOperation start
lean[207/244] Kernel.FnConsumerOperation PASS 5s
lean[208/244] Kernel.FnConsumerScope start
lean[208/244] Kernel.FnConsumerScope PASS 3s
lean[209/244] Kernel.FnConsumerProgressHistory start
lean[209/244] Kernel.FnConsumerProgressHistory PASS 2s
lean[210/244] Kernel.FnConsumerProgress start
lean[210/244] Kernel.FnConsumerProgress PASS 3s
lean[211/244] Kernel.FnOriginOutbox start
lean[211/244] Kernel.FnOriginOutbox PASS 3s
lean[212/244] Kernel.FnCatalogOwnRProgress start
lean[212/244] Kernel.FnCatalogOwnRProgress PASS 2s
lean[213/244] Kernel.FnReplyPublication start
lean[213/244] Kernel.FnReplyPublication PASS 4s
lean[214/244] Kernel.FnPortableSource start
lean[214/244] Kernel.FnPortableSource PASS 3s
lean[215/244] Kernel.FnReplySource start
lean[215/244] Kernel.FnReplySource PASS 3s
lean[216/244] Kernel.FnReplyConsumption start
lean[216/244] Kernel.FnReplyConsumption PASS 3s
lean[217/244] Kernel.FnSelectiveReleaseReceiver start
lean[217/244] Kernel.FnSelectiveReleaseReceiver PASS 3s
lean[218/244] Kernel.ApplicationShareIssueAuthoring start
lean[218/244] Kernel.ApplicationShareIssueAuthoring PASS 3s
lean[219/244] Kernel.ApplicationDispatchProjection start
lean[219/244] Kernel.ApplicationDispatchProjection PASS 2s
lean[220/244] Kernel.ApplicationDispatchReceiver start
lean[220/244] Kernel.ApplicationDispatchReceiver PASS 2s
lean[221/244] Kernel.ApplicationDispatchLookup start
lean[221/244] Kernel.ApplicationDispatchLookup PASS 3s
lean[222/244] Kernel.ApplicationDispatchAuthoring start
lean[222/244] Kernel.ApplicationDispatchAuthoring PASS 3s
lean[223/244] Kernel.ApplicationLifecycleBeginV2Receiver start
lean[223/244] Kernel.ApplicationLifecycleBeginV2Receiver PASS 5s
lean[224/244] Kernel.ApplicationLifecycleClaimProjection start
lean[224/244] Kernel.ApplicationLifecycleClaimProjection PASS 4s
lean[225/244] Kernel.ApplicationLifecycleClaimV2Receiver start
lean[225/244] Kernel.ApplicationLifecycleClaimV2Receiver PASS 6s
lean[226/244] Kernel.ApplicationLifecycleV2Lookup start
lean[226/244] Kernel.ApplicationLifecycleV2Lookup PASS 3s
lean[227/244] Host.ApplicationDispatchInspection start
lean[227/244] Host.ApplicationDispatchInspection PASS 4s
lean[228/244] Kernel.ApplicationGrainBirth start
lean[228/244] Kernel.ApplicationGrainBirth PASS 4s
lean[229/244] Kernel.ApplicationGrainSessionBirth start
lean[229/244] Kernel.ApplicationGrainSessionBirth PASS 8s
lean[230/244] Host.ApplicationPermissionSchemaAuthoring start
lean[230/244] Host.ApplicationPermissionSchemaAuthoring PASS 10s
lean[231/244] Host.Json start
lean[231/244] Host.Json PASS 26s
lean[232/244] Kernel.FnSelectiveReleaseArticle start
lean[232/244] Kernel.FnSelectiveReleaseArticle PASS 11s
lean[233/244] Host.FnSelectiveReleaseAuthoring start
lean[233/244] Host.FnSelectiveReleaseAuthoring PASS 8s
lean[234/244] Host.FnSelectiveReleaseSourceAuthoring start
lean[234/244] Host.FnSelectiveReleaseSourceAuthoring PASS 4s
lean[235/244] Host.FnSelectiveReleaseFnReceiving start
lean[235/244] Host.FnSelectiveReleaseFnReceiving PASS 5s
lean[236/244] Host.FnSelectiveReleaseFnAck start
lean[236/244] Host.FnSelectiveReleaseFnAck PASS 3s
lean[237/244] Host.ApplicationCurrentBirthAuthoring start
lean[237/244] Host.ApplicationCurrentBirthAuthoring PASS 4s
lean[238/244] Host.FnInboxView start
lean[238/244] Host.FnInboxView PASS 3s
lean[239/244] Host.GrainOriginSource start
lean[239/244] Host.GrainOriginSource PASS 4s
lean[240/244] Host.GrainOriginPreparation start
lean[240/244] Host.GrainOriginPreparation PASS 6s
lean[241/244] Host.GrainOriginCommand start
lean[241/244] Host.GrainOriginCommand PASS 5s
lean[242/244] Kernel.ProviderMetering start
lean[242/244] Kernel.ProviderMetering PASS 5s
lean[243/244] Host.ProviderUsage start
lean[243/244] Host.ProviderUsage PASS 11s
lean[244/244] Host.Main start
lean[244/244] Host.Main PASS 55s
end_utc=2026-09-27T09:11:21Z
elapsed_seconds=1142
git_head=791a6d2c6671bdb9396e6c98053dd296da20e578
root=/home/ember/build/minidregg-overnight-20260927-success-prefix-next
lean=Lean (version 4.30.0, x86_64-unknown-linux-gnu, commit d024af099ca4bf2c86f649261ebf59565dc8c622, Release)
toolchain=/home/ember/.elan/toolchains/leanprover--lean4---v4.30.0
native_target=Linux:x86_64
umbrella=0
compiled_source_modules=191
resumed_prefix_modules=53
source_modules=244
package_modules=2933
response_objects=3177
reusable_artifact_manifest_sha256=f8003717c1fff34765ef8180a75f1c58c5f3f516c197579318446a874ac41cf6
checkpointed_success=1
successful_baseline=/home/ember/build/minidregg-overnight-20260927-success-prefix-evidence/build-r2
reused_success_prefix_modules=53
recompiled_project_c_modules=191
usage_exit=1
binary=/home/ember/build/minidregg-overnight-20260927-success-prefix-final-evidence/minidregg-host-ebddd8e-prefix-r2
binary_sha256=65b9877366acf2cb55c575cbd9cdde72c9476370434c8e328c851129799619ef
