   Compiling proc-macro2 v1.0.107
   Compiling unicode-ident v1.0.26
   Compiling quote v1.0.47
   Compiling serde_core v1.0.228
   Compiling syn v2.0.119
   Compiling zmij v1.0.23
   Compiling serde v1.0.228
    Checking equivalent v1.0.2
    Checking hashbrown v0.17.1
   Compiling serde_json v1.0.151
    Checking itoa v1.0.18
   Compiling libc v0.2.177
   Compiling serde_derive v1.0.228
    Checking indexmap v2.14.2
    Checking ryu v1.0.23
    Checking unsafe-libyaml v0.2.11
    Checking memchr v2.8.3
    Checking serde_yaml v0.9.34+deprecated
    Checking minidregg-grain-runtime v0.1.0 (/tmp/minidregg-grain-runtime-e213b4f-src/native/grain-runtime)
    Finished `dev` profile [unoptimized + debuginfo] target(s) in 5.99s
