store                        exit=0 89.852367420s
services                     exit=0 1.025833636s
workroom                     exit=0 8.351296832s
profile                      exit=0 .722194610s
birth-a                      exit=0 27.925076642s
install-a                    exit=0 300.983674689s
share-a                      exit=0 220.197211467s
start-a                      exit=0 245.035788038s
floor-a                      exit=0 .207012346s
enroll-a                     exit=0 35.413448796s
get-a                        exit=0 17.390546761s
post-a                       exit=0 18.979595545s
stop-a                       exit=0 778.787121379s
start-a2                     exit=0 626.012150177s
floor-a2                     exit=0 .302280817s
enroll-a2                    exit=0 74.184368388s
get-a2                       exit=0 39.154443511s
poll-a2                      exit=0 47.333368795s
stop-a2                      exit=0 3097.714344987s
stop-services                exit=0 .016998534s
