store                        exit=0 158.944205905s
services                     exit=0 1.139380212s
workroom                     exit=0 10.383453224s
profile                      exit=0 1.248412474s
birth-a                      exit=0 39.455962184s
install-a                    exit=0 512.961689669s
share-a                      exit=0 334.708803184s
start-a                      exit=0 503.747875502s
floor-a                      exit=0 .344584174s
enroll-a                     exit=0 78.778857529s
get-a                        exit=0 48.347801149s
post-a                       exit=0 28.613656663s
stop-a                       exit=0 1320.219808124s
start-a2                     exit=0 972.896557136s
floor-a2                     exit=0 .284937477s
enroll-a2                    exit=0 81.147924992s
poll-a2                      exit=0 40.877815309s
post-a2                      exit=0 46.439107238s
poll-a3                      exit=0 48.562203973s
get-a3                       exit=0 41.941628936s
