{
  "authority": "discovery-only",
  "home": "/home/ember/build/mini-product-20260930/m4-shell/run/journey-3/homes/newcomer",
  "initialized": true,
  "socket": "/home/ember/build/mini-product-20260930/m4-shell/run/journey-3/store/public/mini.sock",
  "subject": "11033321548135836207",
  "type": "minidregg-shell-session-v1",
  "workspace": "/home/ember/build/mini-product-20260930/m4-shell/run/journey-3/homes/newcomer/workspace"
}
{
  "balances": [],
  "page": {
    "effectDomain": "8501",
    "entries": [
      {
        "key": {
          "field": "1",
          "resource": "12014773799689856118",
          "type": "object"
        },
        "value": "0"
      },
      {
        "key": {
          "field": "2",
          "resource": "12014773799689856118",
          "type": "object"
        },
        "value": "1"
      }
    ],
    "root": "74087508000016819322893180502426493568492433628605962922804772629298949176204",
    "shardNumber": "6"
  },
  "type": "resource"
}
