   Compiling proc-macro2 v1.0.107
   Compiling version_check v0.9.5
   Compiling generic-array v0.14.7
   Compiling quote v1.0.47
   Compiling unicode-ident v1.0.26
   Compiling serde_core v1.0.228
   Compiling typenum v1.20.1
   Compiling syn v2.0.119
   Compiling serde v1.0.228
   Compiling zmij v1.0.23
   Compiling crypto-common v0.1.7
   Compiling block-buffer v0.10.4
   Compiling serde_json v1.0.151
   Compiling libc v0.2.177
   Compiling hashbrown v0.17.1
   Compiling serde_derive v1.0.228
   Compiling itoa v1.0.18
   Compiling equivalent v1.0.2
   Compiling indexmap v2.14.2
   Compiling digest v0.10.7
   Compiling cfg-if v1.0.5
   Compiling memchr v2.8.3
   Compiling cpufeatures v0.2.17
   Compiling ryu v1.0.23
   Compiling unsafe-libyaml v0.2.11
   Compiling sha2 v0.10.9
   Compiling serde_yaml v0.9.34+deprecated
   Compiling minidregg-grain-runtime v0.1.0 (/home/ember/build/minidregg-grain-runtime-18166e5-src/native/grain-runtime)
    Finished `release` profile [optimized] target(s) in 54.28s
