native/resource-client/.gitignore: OK
native/resource-client/Cargo.lock: OK
native/resource-client/Cargo.toml: OK
native/resource-client/README.md: OK
native/resource-client/SELECTED-SOURCE-PUBLISHER.md: OK
native/resource-client/acceptance.sh: OK
native/resource-client/application-acceptance.sh: OK
native/resource-client/authority-acceptance.sh: OK
native/resource-client/selected-release-acceptance.sh: OK
native/resource-client/selected-release-drop-reply.rs: OK
native/resource-client/selected-source-drop-reply.sh: OK
native/resource-client/selected-source-publisher-acceptance.sh: OK
native/resource-client/src/agent_lifetime_grant.rs: OK
native/resource-client/src/agent_payer.rs: OK
native/resource-client/src/agent_reserve.rs: OK
native/resource-client/src/agent_reserve/lifetime_v3.rs: OK
native/resource-client/src/agent_reserve/lifetime_v3/paid.rs: OK
native/resource-client/src/current_birth.rs: OK
native/resource-client/src/drain.rs: OK
native/resource-client/src/fn_frontier.rs: OK
native/resource-client/src/fn_namespace.rs: OK
native/resource-client/src/grain_share_issue.rs: OK
native/resource-client/src/historical_call_receipt.rs: OK
native/resource-client/src/main.rs: OK
native/resource-client/src/meter.rs: OK
native/resource-client/src/prepare_refusal.rs: OK
native/resource-client/src/publisher.rs: OK
native/resource-client/src/selected_publisher.rs: OK
native/resource-client/src/selected_release.rs: OK
native/resource-client/src/share_issue.rs: OK
native/resource-client/src/share_issue_receipt.rs: OK
native/resource-client/src/transport.rs: OK
native/resource-client/src/worker.rs: OK
