native/spk-host/Cargo.lock: OK
native/spk-host/Cargo.toml: OK
native/spk-host/src/agent_api_custody.rs: OK
native/spk-host/src/agent_api_lifetime_custody_v3.rs: OK
native/spk-host/src/agent_api_lifetime_dispatch_native_v3.rs: OK
native/spk-host/src/agent_api_lifetime_paid_native_v3.rs: OK
native/spk-host/src/agent_api_lifetime_reverse_v3.rs: OK
native/spk-host/src/agent_api_lifetime_server_v3.rs: OK
native/spk-host/src/agent_api_lifetime_v3.rs: OK
native/spk-host/src/agent_api_lifetime_wire_v3.rs: OK
native/spk-host/src/agent_api_native.rs: OK
native/spk-host/src/agent_api_server.rs: OK
native/spk-host/src/agent_api_wire.rs: OK
native/spk-host/src/bin/gitweb-session-smoke.rs: OK
native/spk-host/src/bin/gitweb-smoke.rs: OK
native/spk-host/src/bin/spk-browser-proxy.rs: OK
native/spk-host/src/bin/spk-hostd.rs: OK
native/spk-host/src/bin/spk-smoke.rs: OK
native/spk-host/src/claim_descriptor.rs: OK
native/spk-host/src/claim_native.rs: OK
native/spk-host/src/completion_native.rs: OK
native/spk-host/src/descriptor_native.rs: OK
native/spk-host/src/dispatch_author.rs: OK
native/spk-host/src/dispatch_delivery.rs: OK
native/spk-host/src/dispatch_inspection.rs: OK
native/spk-host/src/dispatch_native.rs: OK
native/spk-host/src/dispatch_web_input.rs: OK
native/spk-host/src/endpoint.rs: OK
native/spk-host/src/hostd.rs: OK
native/spk-host/src/http_entrance.rs: OK
native/spk-host/src/http_response.rs: OK
native/spk-host/src/install_service.rs: OK
native/spk-host/src/install_v3.rs: OK
native/spk-host/src/launch_descriptor_native.rs: OK
native/spk-host/src/lib.rs: OK
native/spk-host/src/lifecycle_v3_claim_native.rs: OK
native/spk-host/src/lifecycle_v3_completion_native.rs: OK
native/spk-host/src/lifecycle_v3_native.rs: OK
native/spk-host/src/lifecycle_v3_report_native.rs: OK
native/spk-host/src/lifecycle_v3_stop_assembly_native.rs: OK
native/spk-host/src/lifecycle_v3_stop_begin_native.rs: OK
native/spk-host/src/lifecycle_v3_stop_claim_native.rs: OK
native/spk-host/src/lifecycle_v3_stop_native.rs: OK
native/spk-host/src/lifecycle_v3_stop_service.rs: OK
native/spk-host/src/main.rs: OK
native/spk-host/src/materialize.rs: OK
native/spk-host/src/native_dispatch.rs: OK
native/spk-host/src/resident_begin_native.rs: OK
native/spk-host/src/resident_launch.rs: OK
native/spk-host/src/resident_service.rs: OK
native/spk-host/src/rpc_adapter.rs: OK
native/spk-host/src/sandbox.rs: OK
native/spk-host/src/spawn_gate.rs: OK
native/spk-host/src/volume_custody.rs: OK
native/spk-rpc/.gitignore: OK
native/spk-rpc/Cargo.lock: OK
native/spk-rpc/Cargo.toml: OK
native/spk-rpc/README.md: OK
native/spk-rpc/build.rs: OK
native/spk-rpc/schema/SHA256SUMS: OK
native/spk-rpc/schema/activity.capnp: OK
native/spk-rpc/schema/api-session-impl.capnp: OK
native/spk-rpc/schema/api-session.capnp: OK
native/spk-rpc/schema/appid-replacements-test.capnp: OK
native/spk-rpc/schema/appid-replacements.capnp: OK
native/spk-rpc/schema/backend.capnp: OK
native/spk-rpc/schema/bridge-proxy.capnp: OK
native/spk-rpc/schema/capnp/persistent.capnp: OK
native/spk-rpc/schema/control-socket.capnp: OK
native/spk-rpc/schema/email-impl.capnp: OK
native/spk-rpc/schema/email.capnp: OK
native/spk-rpc/schema/grain.capnp: OK
native/spk-rpc/schema/hack-session.capnp: OK
native/spk-rpc/schema/identity-impl.capnp: OK
native/spk-rpc/schema/identity.capnp: OK
native/spk-rpc/schema/ip.capnp: OK
native/spk-rpc/schema/mime.capnp: OK
native/spk-rpc/schema/package.capnp: OK
native/spk-rpc/schema/payments.capnp: OK
native/spk-rpc/schema/persistentuiview.capnp: OK
native/spk-rpc/schema/powerbox.capnp: OK
native/spk-rpc/schema/sandstorm-http-bridge-internal.capnp: OK
native/spk-rpc/schema/sandstorm-http-bridge.capnp: OK
native/spk-rpc/schema/supervisor.capnp: OK
native/spk-rpc/schema/update-tool.capnp: OK
native/spk-rpc/schema/util.capnp: OK
native/spk-rpc/schema/web-publishing.capnp: OK
native/spk-rpc/schema/web-session.capnp: OK
native/spk-rpc/src/bridge_config.rs: OK
native/spk-rpc/src/lib.rs: OK
native/spk-rpc/src/permission_schema.rs: OK
native/spk-rpc/src/protocol.rs: OK
native/spk-rpc/src/web.rs: OK
native/spk-rpc/tests/fixtures/gitweb-signed-bridge-config.capnp: OK
native/spk-rpc/tests/fixtures/permission-schema-source-v1.json: OK
