Pred/Core.lean: OK
Compiler/Signature.lean: OK
Compiler/Air.lean: OK
Compiler/AirRange.lean: OK
Compiler/PredOrderGadget.lean: OK
Compiler/PredCompile.lean: OK
Theory/BinaryTower.lean: OK
Theory/BinaryTowerFanPaar.lean: OK
Theory/BinaryTowerTrace.lean: OK
Theory/Bignum.lean: OK
Theory/IndexedProgram.lean: OK
Theory/BinaryTowerFanPaarCodec.lean: OK
Theory/BinaryTowerCodec.lean: OK
Compiler/AirFlatten.lean: OK
Compiler/AirHash.lean: OK
Compiler/AirMembership.lean: OK
Compiler/NoteSpend.lean: OK
Compiler/Emit.lean: OK
Compiler/AirBignum.lean: OK
Compiler/BabyBear.lean: OK
Compiler/EmitSerialize.lean: OK
Theory/CrossModulus.lean: OK
Compiler/AirModularView.lean: OK
Compiler/BignumKernelABI.lean: OK
Theory/TypedAuthorization.lean: OK
Theory/AuthorizationDeclaration.lean: OK
Compiler/SemanticManifest.lean: OK
Compiler/NativeKernelPlan.lean: OK
Selvage/CorrelatedAgreement.lean: OK
Selvage/ReedSolomon.lean: OK
Selvage/ConstrainedCode.lean: OK
Selvage/Accumulator.lean: OK
Selvage/Decider.lean: OK
Selvage/Commitment.lean: OK
Compiler/AuthenticatedColumnPlan.lean: OK
Selvage/Rbr.lean: OK
Selvage/Depth.lean: OK
Selvage/Sumcheck.lean: OK
Selvage/SumcheckReduction.lean: OK
Selvage/MultilinearExtension.lean: OK
Selvage/BinaryLookup.lean: OK
Compiler/Tower256CshakeMerkleController.lean: OK
Compiler/TranscriptController.lean: OK
Theory/EffectDeclaration.lean: OK
Compiler/DeclaredEffectArtifact.lean: OK
Theory/PrivacyProfile.lean: OK
Theory/DisclosureDeclaration.lean: OK
Theory/GuardedAdvice.lean: OK
Theory/ReactiveReceipt.lean: OK
Theory/ReactiveController.lean: OK
Compiler/SemanticArtifactBundle.lean: OK
Compiler/MinidreggV1Artifact.lean: OK
Compiler/BinaryTower256Profile.lean: OK
Compiler/Sp800185Cshake256Core.lean: OK
Compiler/Sp800185Cshake256.lean: OK
Compiler/Tower256ConcreteBackend.lean: OK
Theory/CellState.lean: OK
Theory/DeclaredTurn.lean: OK
Theory/ReactiveCellTransition.lean: OK
Theory/CanonicalTransition.lean: OK
Theory/PrivateComputationDeclaration.lean: OK
Theory/AcceptedCellEffect.lean: OK
Theory/PolicyInstall.lean: OK
Kernel/Turn.lean: OK
Kernel/MultiCellHyperedge.lean: OK
Compiler/CanonicalPolicyAdmission.lean: OK
Compiler/TypedAuthorizationRequestCodec.lean: OK
Theory/CredentialSigningKey.lean: OK
Compiler/CredentialSigningKeyCodec.lean: OK
Theory/CredentialAuthorityFamily.lean: OK
Theory/CredentialAuthorityState.lean: OK
Compiler/CredentialAuthorityEntryCodec.lean: OK
Compiler/CredentialAuthorityPageMaterializer.lean: OK
Theory/CausalVersionDag.lean: OK
Theory/Hyperdocument.lean: OK
Theory/HyperdocumentOperationIntent.lean: OK
Theory/StableRanges.lean: OK
Theory/HyperdocumentOperations.lean: OK
Compiler/HyperdocumentCodec.lean: OK
Compiler/HyperdocumentContentPageMaterializer.lean: OK
Kernel/SparseAuthenticatedState.lean: OK
Kernel/HyperdocumentEventLog.lean: OK
Compiler/HyperdocumentEventPageMaterializer.lean: OK
Compiler/BoundedPageExtensionCatalog.lean: OK
Kernel/DeclaredHyperedge.lean: OK
Kernel/TypedCellHyperedge.lean: OK
Theory/MaterializerCardinality.lean: OK
Theory/SparseLogicalState.lean: OK
Theory/DeployedMaterializerWitness.lean: OK
Theory/TypedAuthorizationWitness.lean: OK
Kernel/DeclaredHyperedgeWitness.lean: OK
Theory/ResourceCost.lean: OK
Theory/DeclaredActionLowering.lean: OK
Compiler/DeclaredEffectPageMaterializer.lean: OK
Compiler/FiniteDependentMapCodec.lean: OK
Compiler/CredentialAuthorityStateCodec.lean: OK
Compiler/CredentialAuthorityDomain.lean: OK
Theory/CanonicalResourceKernel.lean: OK
Compiler/CanonicalResourcePageMaterializer.lean: OK
Theory/CellSlot.lean: OK
Theory/ResourceBirth.lean: OK
Compiler/ResourceBirthCodec.lean: OK
Compiler/PolicyRecordCodec.lean: OK
Compiler/PolicySourceCell.lean: OK
Theory/CanonicalResourceBookInvariant.lean: OK
Compiler/CanonicalCellRegistry.lean: OK
Kernel/DurableCommitProtocol.lean: OK
Kernel/DurableDataIntent.lean: OK
Compiler/CredentialAuthorityReplay.lean: OK
Kernel/CanonicalPolicyRegistry.lean: OK
Kernel/CredentialSignedEnvelopeController.lean: OK
Compiler/CredentialSignatureIO.lean: OK
Compiler/CredentialSignatureAdmission.lean: OK
Compiler/CanonicalRuntimeProfile.lean: OK
Compiler/NativeHostProfile.lean: OK
Kernel/DurableReceiver.lean: OK
Compiler/DurableReceiverCodec.lean: OK
Compiler/DurableReceiverIO.lean: OK
Theory/CredentialLineageAdmission.lean: OK
Theory/CredentialAuthorityEffects.lean: OK
Theory/ResourceBirthAuthority.lean: OK
Compiler/CredentialAuthorityDomainReceiver.lean: OK
Compiler/CredentialAuthorityPolicyRegistry.lean: OK
Kernel/CanonicalResourceEffect.lean: OK
Kernel/ResourceBirthController.lean: OK
Kernel/DeclaredResourceProjection.lean: OK
Kernel/DeclaredResourceScalar.lean: OK
Kernel/ContentResource.lean: OK
Kernel/ResourceTransaction.lean: OK
Compiler/ResourceTargetAdmission.lean: OK
Compiler/CanonicalAccountView.lean: OK
Compiler/ResourceAuthorityProjection.lean: OK
Kernel/ResourceObservationAdmission.lean: OK
Kernel/DeclaredResourceController.lean: OK
Compiler/DeclaredHyperedgeArtifact.lean: OK
Kernel/PolicyInstallController.lean: OK
Kernel/PolicyInstallReceiver.lean: OK
Kernel/ResourceBirthPolicyController.lean: OK
Kernel/ResourceBirthReceiver.lean: OK
Kernel/CapabilityDelegationController.lean: OK
Kernel/CapabilityDelegationReceiver.lean: OK
Kernel/CapabilityRevocationController.lean: OK
Kernel/CapabilityRevocationReceiver.lean: OK
Compiler/NativeHostCodec.lean: OK
Kernel/NativeHostContext.lean: OK
Compiler/NativeObservationCodec.lean: OK
Kernel/NativeObservationController.lean: OK
Kernel/NativeHostReplay.lean: OK
Kernel/NativeHost.lean: OK
Kernel/NativeHostSession.lean: OK
Kernel/NativeHostGenesis.lean: OK
Compiler/FnEvidenceCodec.lean: OK
Kernel/FnEvidence.lean: OK
Kernel/FnGatewayPolicy.lean: OK
Kernel/FnConsumerOperation.lean: OK
Kernel/FnConsumerProgress.lean: OK
Kernel/FnReplyPublication.lean: OK
Kernel/FnPortableSource.lean: OK
Kernel/FnReplySource.lean: OK
Kernel/FnReplyConsumption.lean: OK
Kernel/FnOriginOutbox.lean: OK
Kernel/AgentGrain.lean: OK
Host/Json.lean: OK
Host/FnInboxView.lean: OK
Host/Main.lean: OK
