store                        exit=0 175.007171227s
services                     exit=0 1.048608225s
workroom                     exit=0 10.842704461s
profile                      exit=0 .747877600s
birth-a                      exit=0 31.142828514s
install-a                    exit=1 39.784982440s
services                     exit=0 .015695512s
workroom                     exit=0 2.673570851s
profile                      exit=0 .020629077s
birth-a                      exit=0 .026652610s
install-a                    exit=0 393.981962620s
share-a                      exit=0 310.520211776s
start-a                      exit=0 463.107931483s
floor-a                      exit=0 .229591733s
enroll-a                     exit=0 66.048360945s
get-a                        exit=0 43.144426732s
post-a                       exit=0 40.867549786s
stop-a                       exit=0 1341.687932192s
start-a2                     exit=0 1086.734770528s
floor-a2                     exit=0 .343417867s
enroll-a2                    exit=0 97.706132533s
poll-a2                      exit=0 48.278889438s
