START Kernel.ApplicationDispatchAuthority 2026-09-27T06:26:21Z
PASS Kernel.ApplicationDispatchAuthority 2026-09-27T06:26:26Z
START Kernel.ApplicationShareIssueSource 2026-09-27T06:26:26Z
PASS Kernel.ApplicationShareIssueSource 2026-09-27T06:26:29Z
START Kernel.ApplicationShareIssueDelegation 2026-09-27T06:26:29Z
PASS Kernel.ApplicationShareIssueDelegation 2026-09-27T06:26:32Z
START Kernel.ApplicationShareIssueAdmission 2026-09-27T06:26:32Z
PASS Kernel.ApplicationShareIssueAdmission 2026-09-27T06:26:35Z
START Kernel.ApplicationShareIssueReceiver 2026-09-27T06:26:35Z
PASS Kernel.ApplicationShareIssueReceiver 2026-09-27T06:26:38Z
START Host.FnSelectiveReleaseSourceAuthoring 2026-09-27T06:26:38Z
PASS Host.FnSelectiveReleaseSourceAuthoring 2026-09-27T06:26:41Z
START Kernel.ApplicationGrainBirth 2026-09-27T06:26:41Z
PASS Kernel.ApplicationGrainBirth 2026-09-27T06:26:43Z
START Kernel.ApplicationGrainSessionBirth 2026-09-27T06:26:43Z
PASS Kernel.ApplicationGrainSessionBirth 2026-09-27T06:26:46Z
START Kernel.NativeHostReplay 2026-09-27T06:26:46Z
PASS Kernel.NativeHostReplay 2026-09-27T06:26:50Z
START Kernel.NativeHost 2026-09-27T06:26:50Z
PASS Kernel.NativeHost 2026-09-27T06:26:55Z
START Kernel.NativeHostSession 2026-09-27T06:26:55Z
PASS Kernel.NativeHostSession 2026-09-27T06:26:57Z
START Host.Json 2026-09-27T06:26:57Z
PASS Host.Json 2026-09-27T06:27:06Z
START Host.ApplicationCurrentBirthAuthoring 2026-09-27T06:27:06Z
PASS Host.ApplicationCurrentBirthAuthoring 2026-09-27T06:27:08Z
START Host.Main 2026-09-27T06:27:08Z
PASS Host.Main 2026-09-27T06:27:25Z
PASS current birth plus issue route narrow closure
