# differential 2026-10-04T02:09:29-0400 cflags='-DOB_MUTATE_EXTEND' limits heap=4000000 stack=4000000 ticks=20000000
# GenericExtensionReuse typing=accepted:{"tag":"natural"} rom-nodes=68 labels=11 full-ticks=111 responses=0 yields=0 lean-suite-s=1.8
PASS GenericExtensionReuse full limits=(4000000,4000000,20000000) first=0 outcome=finished ticks=111 resumes=0 heap=24 stack=0 state-sha256=a06f623977d8fd11
PASS GenericExtensionReuse ticks-third limits=(4000000,4000000,37) first=0 outcome=suspended-ticks ticks=37 resumes=0 heap=16 stack=3 state-sha256=1f8c6cb6f80282b8
PASS GenericExtensionReuse ticks-two-thirds limits=(4000000,4000000,74) first=0 outcome=suspended-ticks ticks=74 resumes=0 heap=21 stack=7 state-sha256=5cff567fac7b8385
PASS GenericExtensionReuse heap-half limits=(12,4000000,20000000) first=0 outcome=suspended-capacity ticks=33 resumes=0 heap=12 stack=5 state-sha256=3b66988c213b3afa
PASS GenericExtensionReuse resume-capacity limits=(4000000,4000000,19999967) resume first=0 outcome=finished ticks=78 resumes=0 heap=24 stack=0 state-sha256=a06f623977d8fd11
PASS GenericExtensionReuse stack-three limits=(4000000,3,20000000) first=0 outcome=suspended-capacity ticks=4 resumes=0 heap=1 stack=3 state-sha256=c2531f55a3b3632c
PASS GenericExtensionReuse resume-half limits=(4000000,4000000,19999945) resume first=0 outcome=finished ticks=56 resumes=0 heap=24 stack=0 state-sha256=a06f623977d8fd11
# RepeatedExtension typing=accepted:{"tag":"natural"} rom-nodes=43 labels=8 full-ticks=99 responses=0 yields=0 lean-suite-s=1.9
PASS RepeatedExtension full limits=(4000000,4000000,20000000) first=0 outcome=finished ticks=99 resumes=0 heap=19 stack=0 state-sha256=0388dc65688dfd98
PASS RepeatedExtension ticks-third limits=(4000000,4000000,33) first=0 outcome=suspended-ticks ticks=33 resumes=0 heap=9 stack=5 state-sha256=ee38817791169adc
PASS RepeatedExtension ticks-two-thirds limits=(4000000,4000000,66) first=0 outcome=suspended-ticks ticks=66 resumes=0 heap=17 stack=3 state-sha256=2befea5f2ae0bc0b
PASS RepeatedExtension heap-half limits=(9,4000000,20000000) first=0 outcome=suspended-capacity ticks=33 resumes=0 heap=9 stack=5 state-sha256=ee38817791169adc
PASS RepeatedExtension resume-capacity limits=(4000000,4000000,19999967) resume first=0 outcome=finished ticks=66 resumes=0 heap=19 stack=0 state-sha256=0388dc65688dfd98
PASS RepeatedExtension stack-three limits=(4000000,3,20000000) first=0 outcome=suspended-capacity ticks=4 resumes=0 heap=1 stack=3 state-sha256=88a0157558e1c201
PASS RepeatedExtension resume-half limits=(4000000,4000000,19999951) resume first=0 outcome=finished ticks=50 resumes=0 heap=19 stack=0 state-sha256=0388dc65688dfd98
# EvenOddTen typing=accepted:{"tag":"boolean"} rom-nodes=70 labels=17 full-ticks=276 responses=0 yields=0 lean-suite-s=1.9
FAIL EvenOddTen full limits=(4000000,4000000,20000000) first=0 outcome=finished ticks=276 resumes=0 heap=50 stack=0 state-sha256=e60388d6d34dd24c differ=['bytes', 'state-bytes'] c={"outcome": "finished", "detail": "", "ticks": 276, "trace": "a09d7a30f262b298", "heap": 50, "stack": 0, "bytes": 3495, "resumes": 0}
PASS EvenOddTen ticks-third limits=(4000000,4000000,92) first=0 outcome=suspended-ticks ticks=92 resumes=0 heap=23 stack=9 state-sha256=23ebe2d77850bf4e
FAIL EvenOddTen ticks-two-thirds limits=(4000000,4000000,184) first=0 outcome=suspended-ticks ticks=184 resumes=0 heap=38 stack=2 state-sha256=5982bf98af5351a2 differ=['bytes', 'state-bytes'] c={"outcome": "suspended-ticks", "detail": "", "ticks": 184, "trace": "2b6e20f336785604", "heap": 38, "stack": 2, "bytes": 2990, "resumes": 0}
PASS EvenOddTen heap-half limits=(25,4000000,20000000) first=0 outcome=suspended-capacity ticks=103 resumes=0 heap=25 stack=10 state-sha256=61a771ee75051184
FAIL EvenOddTen resume-capacity limits=(4000000,4000000,19999897) resume first=0 outcome=finished ticks=173 resumes=0 heap=50 stack=0 state-sha256=e60388d6d34dd24c differ=['bytes', 'state-bytes'] c={"outcome": "finished", "detail": "", "ticks": 173, "trace": "e4af88d6c870ae27", "heap": 50, "stack": 0, "bytes": 3495, "resumes": 0}
PASS EvenOddTen stack-three limits=(4000000,3,20000000) first=0 outcome=suspended-capacity ticks=4 resumes=0 heap=1 stack=3 state-sha256=5147cea49be1d7a0
PASS EvenOddTen resume-half limits=(4000000,4000000,19999862) resume first=0 outcome=finished ticks=138 resumes=0 heap=50 stack=0 state-sha256=e60388d6d34dd24c
# TwiceReview typing=accepted:{"tag":"natural"} rom-nodes=91 labels=20 full-ticks=238 responses=0 yields=0 lean-suite-s=2.0
FAIL TwiceReview full limits=(4000000,4000000,20000000) first=0 outcome=finished ticks=238 resumes=0 heap=46 stack=0 state-sha256=0ac61d4cb2d35905 differ=['bytes', 'state-bytes'] c={"outcome": "finished", "detail": "", "ticks": 238, "trace": "4ffbe4b627004c29", "heap": 46, "stack": 0, "bytes": 4186, "resumes": 0}
PASS TwiceReview ticks-third limits=(4000000,4000000,79) first=0 outcome=suspended-ticks ticks=79 resumes=0 heap=22 stack=8 state-sha256=c584d7fd2a819efd
FAIL TwiceReview ticks-two-thirds limits=(4000000,4000000,158) first=0 outcome=suspended-ticks ticks=158 resumes=0 heap=41 stack=3 state-sha256=25be01e7d7c8f201 differ=['bytes', 'state-bytes'] c={"outcome": "suspended-ticks", "detail": "", "ticks": 158, "trace": "40a44b931bbf3538", "heap": 41, "stack": 3, "bytes": 3559, "resumes": 0}
PASS TwiceReview heap-half limits=(23,4000000,20000000) first=0 outcome=suspended-capacity ticks=86 resumes=0 heap=23 stack=10 state-sha256=756fe9dff84372cf
FAIL TwiceReview resume-capacity limits=(4000000,4000000,19999914) resume first=0 outcome=finished ticks=152 resumes=0 heap=46 stack=0 state-sha256=0ac61d4cb2d35905 differ=['bytes', 'state-bytes'] c={"outcome": "finished", "detail": "", "ticks": 152, "trace": "8311fd0e349dd712", "heap": 46, "stack": 0, "bytes": 4186, "resumes": 0}
PASS TwiceReview stack-three limits=(4000000,3,20000000) first=0 outcome=suspended-capacity ticks=4 resumes=0 heap=1 stack=3 state-sha256=7b4bd7e9d833da5d
FAIL TwiceReview resume-half limits=(4000000,4000000,19999881) resume first=0 outcome=finished ticks=119 resumes=0 heap=46 stack=0 state-sha256=0ac61d4cb2d35905 differ=['bytes', 'state-bytes'] c={"outcome": "finished", "detail": "", "ticks": 119, "trace": "6027c52cc1f6e397", "heap": 46, "stack": 0, "bytes": 4186, "resumes": 0}
# ImportedReview typing=accepted:{"tag":"natural"} rom-nodes=91 labels=20 full-ticks=238 responses=0 yields=0 lean-suite-s=1.8
FAIL ImportedReview full limits=(4000000,4000000,20000000) first=0 outcome=finished ticks=238 resumes=0 heap=46 stack=0 state-sha256=2ac9719f71e37fb2 differ=['bytes', 'state-bytes'] c={"outcome": "finished", "detail": "", "ticks": 238, "trace": "4ffbe4b627004c29", "heap": 46, "stack": 0, "bytes": 4144, "resumes": 0}
PASS ImportedReview ticks-third limits=(4000000,4000000,79) first=0 outcome=suspended-ticks ticks=79 resumes=0 heap=22 stack=8 state-sha256=c519245a3a411cff
FAIL ImportedReview ticks-two-thirds limits=(4000000,4000000,158) first=0 outcome=suspended-ticks ticks=158 resumes=0 heap=41 stack=3 state-sha256=87063dbdc667a0e1 differ=['bytes', 'state-bytes'] c={"outcome": "suspended-ticks", "detail": "", "ticks": 158, "trace": "40a44b931bbf3538", "heap": 41, "stack": 3, "bytes": 3517, "resumes": 0}
PASS ImportedReview heap-half limits=(23,4000000,20000000) first=0 outcome=suspended-capacity ticks=86 resumes=0 heap=23 stack=10 state-sha256=562d30e92d101f5e
FAIL ImportedReview resume-capacity limits=(4000000,4000000,19999914) resume first=0 outcome=finished ticks=152 resumes=0 heap=46 stack=0 state-sha256=2ac9719f71e37fb2 differ=['bytes', 'state-bytes'] c={"outcome": "finished", "detail": "", "ticks": 152, "trace": "8311fd0e349dd712", "heap": 46, "stack": 0, "bytes": 4144, "resumes": 0}
PASS ImportedReview stack-three limits=(4000000,3,20000000) first=0 outcome=suspended-capacity ticks=4 resumes=0 heap=1 stack=3 state-sha256=8ee4e6ad905ce7a8
FAIL ImportedReview resume-half limits=(4000000,4000000,19999881) resume first=0 outcome=finished ticks=119 resumes=0 heap=46 stack=0 state-sha256=2ac9719f71e37fb2 differ=['bytes', 'state-bytes'] c={"outcome": "finished", "detail": "", "ticks": 119, "trace": "6027c52cc1f6e397", "heap": 46, "stack": 0, "bytes": 4144, "resumes": 0}
# LazySpecification typing=accepted:{"tag":"natural"} rom-nodes=68 labels=18 full-ticks=144 responses=0 yields=0 lean-suite-s=1.7
FAIL LazySpecification full limits=(4000000,4000000,20000000) first=0 outcome=finished ticks=144 resumes=0 heap=32 stack=0 state-sha256=1994c4334f0da9b2 differ=['bytes', 'state-bytes'] c={"outcome": "finished", "detail": "", "ticks": 144, "trace": "2ed4a3ac673baf34", "heap": 32, "stack": 0, "bytes": 2827, "resumes": 0}
PASS LazySpecification ticks-third limits=(4000000,4000000,48) first=0 outcome=suspended-ticks ticks=48 resumes=0 heap=16 stack=6 state-sha256=e651aa5d0077a6d8
PASS LazySpecification ticks-two-thirds limits=(4000000,4000000,96) first=0 outcome=suspended-ticks ticks=96 resumes=0 heap=26 stack=6 state-sha256=1902353791d38f6b
PASS LazySpecification heap-half limits=(16,4000000,20000000) first=0 outcome=suspended-capacity ticks=52 resumes=0 heap=16 stack=6 state-sha256=11727975bf22ba66
FAIL LazySpecification resume-capacity limits=(4000000,4000000,19999948) resume first=0 outcome=finished ticks=92 resumes=0 heap=32 stack=0 state-sha256=1994c4334f0da9b2 differ=['bytes', 'state-bytes'] c={"outcome": "finished", "detail": "", "ticks": 92, "trace": "207e94e4fc7d6271", "heap": 32, "stack": 0, "bytes": 2827, "resumes": 0}
PASS LazySpecification stack-three limits=(4000000,3,20000000) first=0 outcome=suspended-capacity ticks=4 resumes=0 heap=1 stack=3 state-sha256=46b3174a253d76a5
FAIL LazySpecification resume-half limits=(4000000,4000000,19999928) resume first=0 outcome=finished ticks=72 resumes=0 heap=32 stack=0 state-sha256=1994c4334f0da9b2 differ=['bytes', 'state-bytes'] c={"outcome": "finished", "detail": "", "ticks": 72, "trace": "f6c3911804d07230", "heap": 32, "stack": 0, "bytes": 2827, "resumes": 0}
# Heterogeneous typing=accepted:{"member":{"tag":"natural"},"name":"x","tag":"field","tail":{"member":{"tag":"natural"},"name":"y","tag":"field","tail":{"member":{"tag":"natural"},"name":"z","tag":"field","tail":{"tag":"emptyRow"}}}} rom-nodes=52 labels=12 full-ticks=97 responses=0 yields=0 lean-suite-s=1.7
PASS Heterogeneous full limits=(4000000,4000000,20000000) first=0 outcome=finished ticks=97 resumes=0 heap=23 stack=0 state-sha256=02a7b0f3fe174a52
PASS Heterogeneous ticks-third limits=(4000000,4000000,32) first=0 outcome=suspended-ticks ticks=32 resumes=0 heap=10 stack=5 state-sha256=a288304676e547b8
PASS Heterogeneous ticks-two-thirds limits=(4000000,4000000,64) first=0 outcome=suspended-ticks ticks=64 resumes=0 heap=18 stack=2 state-sha256=617d7a613a3db183
PASS Heterogeneous heap-half limits=(11,4000000,20000000) first=0 outcome=suspended-capacity ticks=35 resumes=0 heap=11 stack=4 state-sha256=173ce740cfeaf1a7
PASS Heterogeneous resume-capacity limits=(4000000,4000000,19999965) resume first=0 outcome=finished ticks=62 resumes=0 heap=23 stack=0 state-sha256=02a7b0f3fe174a52
PASS Heterogeneous stack-three limits=(4000000,3,20000000) first=0 outcome=suspended-capacity ticks=4 resumes=0 heap=1 stack=3 state-sha256=150981b1e8812acf
PASS Heterogeneous resume-half limits=(4000000,4000000,19999952) resume first=0 outcome=finished ticks=49 resumes=0 heap=23 stack=0 state-sha256=02a7b0f3fe174a52
# LazySharedField typing=accepted:{"tag":"natural"} rom-nodes=36 labels=7 full-ticks=8240 responses=0 yields=0 lean-suite-s=2.2
PASS LazySharedField full limits=(4000000,4000000,20000000) first=0 outcome=finished ticks=8240 resumes=0 heap=779 stack=0 state-sha256=685ad11d2c8d8e93
PASS LazySharedField ticks-third limits=(4000000,4000000,2746) first=0 outcome=suspended-ticks ticks=2746 resumes=0 heap=268 stack=13 state-sha256=c2b387c2d9250757
PASS LazySharedField ticks-two-thirds limits=(4000000,4000000,5493) first=0 outcome=suspended-ticks ticks=5493 resumes=0 heap=525 stack=12 state-sha256=14d793076f5c5b3e
PASS LazySharedField heap-half limits=(389,4000000,20000000) first=0 outcome=suspended-capacity ticks=4053 resumes=0 heap=389 stack=12 state-sha256=7d2f0a3b450aa305
PASS LazySharedField resume-capacity limits=(4000000,4000000,19995947) resume first=0 outcome=finished ticks=4187 resumes=0 heap=779 stack=0 state-sha256=685ad11d2c8d8e93
PASS LazySharedField stack-three limits=(4000000,3,20000000) first=0 outcome=suspended-capacity ticks=4 resumes=0 heap=1 stack=3 state-sha256=b41dfde8a2428252
PASS LazySharedField resume-half limits=(4000000,4000000,19995880) resume first=0 outcome=finished ticks=4120 resumes=0 heap=779 stack=0 state-sha256=685ad11d2c8d8e93
# LazyUnusedArgument typing=accepted:{"tag":"natural"} rom-nodes=23 labels=4 full-ticks=43 responses=0 yields=0 lean-suite-s=1.8
PASS LazyUnusedArgument full limits=(4000000,4000000,20000000) first=0 outcome=finished ticks=43 resumes=0 heap=9 stack=0 state-sha256=21630a61f612d73e
PASS LazyUnusedArgument ticks-third limits=(4000000,4000000,14) first=0 outcome=suspended-ticks ticks=14 resumes=0 heap=5 stack=3 state-sha256=d3a9ff868473522c
PASS LazyUnusedArgument ticks-two-thirds limits=(4000000,4000000,28) first=0 outcome=suspended-ticks ticks=28 resumes=0 heap=7 stack=5 state-sha256=7ac1bafd1e80533d
PASS LazyUnusedArgument heap-half limits=(4,4000000,20000000) first=0 outcome=suspended-capacity ticks=12 resumes=0 heap=4 stack=3 state-sha256=33da23b1805929a9
PASS LazyUnusedArgument resume-capacity limits=(4000000,4000000,19999988) resume first=0 outcome=finished ticks=31 resumes=0 heap=9 stack=0 state-sha256=21630a61f612d73e
PASS LazyUnusedArgument stack-three limits=(4000000,3,20000000) first=0 outcome=suspended-capacity ticks=4 resumes=0 heap=1 stack=3 state-sha256=a1b0d45e6554e1f1
PASS LazyUnusedArgument resume-half limits=(4000000,4000000,19999979) resume first=0 outcome=finished ticks=22 resumes=0 heap=9 stack=0 state-sha256=21630a61f612d73e
# LazyUnusedField typing=accepted:{"tag":"natural"} rom-nodes=27 labels=6 full-ticks=48 responses=0 yields=0 lean-suite-s=1.6
PASS LazyUnusedField full limits=(4000000,4000000,20000000) first=0 outcome=finished ticks=48 resumes=0 heap=12 stack=0 state-sha256=8515cbd44a64748a
PASS LazyUnusedField ticks-third limits=(4000000,4000000,16) first=0 outcome=suspended-ticks ticks=16 resumes=0 heap=5 stack=4 state-sha256=6af9f82804ad3165
PASS LazyUnusedField ticks-two-thirds limits=(4000000,4000000,32) first=0 outcome=suspended-ticks ticks=32 resumes=0 heap=8 stack=7 state-sha256=25aeee772ef4a924
PASS LazyUnusedField heap-half limits=(6,4000000,20000000) first=0 outcome=suspended-capacity ticks=18 resumes=0 heap=5 stack=3 state-sha256=77c81c2653bba2ac
PASS LazyUnusedField resume-capacity limits=(4000000,4000000,19999982) resume first=0 outcome=finished ticks=30 resumes=0 heap=12 stack=0 state-sha256=8515cbd44a64748a
PASS LazyUnusedField stack-three limits=(4000000,3,20000000) first=0 outcome=suspended-capacity ticks=4 resumes=0 heap=1 stack=3 state-sha256=ce9b8653b3b1e116
PASS LazyUnusedField resume-half limits=(4000000,4000000,19999976) resume first=0 outcome=finished ticks=24 resumes=0 heap=12 stack=0 state-sha256=8515cbd44a64748a
# OrdinaryReturn typing=accepted:{"tag":"natural"} rom-nodes=13 labels=3 full-ticks=25 responses=0 yields=0 lean-suite-s=2.0
PASS OrdinaryReturn full limits=(4000000,4000000,20000000) first=0 outcome=finished ticks=25 resumes=0 heap=6 stack=0 state-sha256=2c3df6b3b7fb73a2
PASS OrdinaryReturn ticks-third limits=(4000000,4000000,8) first=0 outcome=suspended-ticks ticks=8 resumes=0 heap=3 stack=5 state-sha256=ced9f433bd7a650b
PASS OrdinaryReturn ticks-two-thirds limits=(4000000,4000000,16) first=0 outcome=suspended-ticks ticks=16 resumes=0 heap=5 stack=4 state-sha256=e4faab5221d515a0
PASS OrdinaryReturn heap-half limits=(3,4000000,20000000) first=0 outcome=suspended-capacity ticks=10 resumes=0 heap=3 stack=4 state-sha256=7cf91d72ebb56f83
PASS OrdinaryReturn resume-capacity limits=(4000000,4000000,19999990) resume first=0 outcome=finished ticks=15 resumes=0 heap=6 stack=0 state-sha256=2c3df6b3b7fb73a2
PASS OrdinaryReturn stack-three limits=(4000000,3,20000000) first=0 outcome=suspended-capacity ticks=4 resumes=0 heap=1 stack=3 state-sha256=9c4d3ce2a6ff95ce
PASS OrdinaryReturn resume-half limits=(4000000,4000000,19999988) resume first=0 outcome=finished ticks=13 resumes=0 heap=6 stack=0 state-sha256=2c3df6b3b7fb73a2
# QuotedFields typing=accepted:{"tag":"natural"} rom-nodes=19 labels=5 full-ticks=40 responses=0 yields=0 lean-suite-s=1.7
PASS QuotedFields full limits=(4000000,4000000,20000000) first=0 outcome=finished ticks=40 resumes=0 heap=9 stack=0 state-sha256=b444d93c2dd15c25
PASS QuotedFields ticks-third limits=(4000000,4000000,13) first=0 outcome=suspended-ticks ticks=13 resumes=0 heap=4 stack=4 state-sha256=3fce2d9fe1bdb3b3
PASS QuotedFields ticks-two-thirds limits=(4000000,4000000,26) first=0 outcome=suspended-ticks ticks=26 resumes=0 heap=7 stack=0 state-sha256=9119d3a53c4294dc
PASS QuotedFields heap-half limits=(4,4000000,20000000) first=0 outcome=suspended-capacity ticks=13 resumes=0 heap=4 stack=4 state-sha256=3fce2d9fe1bdb3b3
PASS QuotedFields resume-capacity limits=(4000000,4000000,19999987) resume first=0 outcome=finished ticks=27 resumes=0 heap=9 stack=0 state-sha256=b444d93c2dd15c25
PASS QuotedFields stack-three limits=(4000000,3,20000000) first=0 outcome=suspended-capacity ticks=4 resumes=0 heap=1 stack=3 state-sha256=ec3a9d53fe5878f9
PASS QuotedFields resume-half limits=(4000000,4000000,19999980) resume first=0 outcome=finished ticks=20 resumes=0 heap=9 stack=0 state-sha256=b444d93c2dd15c25
# ScalarBooleanTrue typing=accepted:{"tag":"boolean"} rom-nodes=13 labels=3 full-ticks=25 responses=0 yields=0 lean-suite-s=1.7
PASS ScalarBooleanTrue full limits=(4000000,4000000,20000000) first=0 outcome=finished ticks=25 resumes=0 heap=6 stack=0 state-sha256=f381ec4719d3f507
PASS ScalarBooleanTrue ticks-third limits=(4000000,4000000,8) first=0 outcome=suspended-ticks ticks=8 resumes=0 heap=3 stack=5 state-sha256=bdfb6382cab43630
PASS ScalarBooleanTrue ticks-two-thirds limits=(4000000,4000000,16) first=0 outcome=suspended-ticks ticks=16 resumes=0 heap=5 stack=4 state-sha256=0d40053aba225ee2
PASS ScalarBooleanTrue heap-half limits=(3,4000000,20000000) first=0 outcome=suspended-capacity ticks=10 resumes=0 heap=3 stack=4 state-sha256=5db6b21829127195
PASS ScalarBooleanTrue resume-capacity limits=(4000000,4000000,19999990) resume first=0 outcome=finished ticks=15 resumes=0 heap=6 stack=0 state-sha256=f381ec4719d3f507
PASS ScalarBooleanTrue stack-three limits=(4000000,3,20000000) first=0 outcome=suspended-capacity ticks=4 resumes=0 heap=1 stack=3 state-sha256=6a2d6fa13efe5a8b
PASS ScalarBooleanTrue resume-half limits=(4000000,4000000,19999988) resume first=0 outcome=finished ticks=13 resumes=0 heap=6 stack=0 state-sha256=f381ec4719d3f507
# ScalarStringTrue typing=accepted:{"tag":"label"} rom-nodes=13 labels=4 full-ticks=25 responses=0 yields=0 lean-suite-s=1.9
PASS ScalarStringTrue full limits=(4000000,4000000,20000000) first=0 outcome=finished ticks=25 resumes=0 heap=6 stack=0 state-sha256=dd681afe5a6c7e78
PASS ScalarStringTrue ticks-third limits=(4000000,4000000,8) first=0 outcome=suspended-ticks ticks=8 resumes=0 heap=3 stack=5 state-sha256=1fe37e7c0bdd339d
PASS ScalarStringTrue ticks-two-thirds limits=(4000000,4000000,16) first=0 outcome=suspended-ticks ticks=16 resumes=0 heap=5 stack=4 state-sha256=179368f8273fa40a
PASS ScalarStringTrue heap-half limits=(3,4000000,20000000) first=0 outcome=suspended-capacity ticks=10 resumes=0 heap=3 stack=4 state-sha256=a252a65852ba00c7
PASS ScalarStringTrue resume-capacity limits=(4000000,4000000,19999990) resume first=0 outcome=finished ticks=15 resumes=0 heap=6 stack=0 state-sha256=dd681afe5a6c7e78
PASS ScalarStringTrue stack-three limits=(4000000,3,20000000) first=0 outcome=suspended-capacity ticks=4 resumes=0 heap=1 stack=3 state-sha256=e2d4e41bdc030bde
PASS ScalarStringTrue resume-half limits=(4000000,4000000,19999988) resume first=0 outcome=finished ticks=13 resumes=0 heap=6 stack=0 state-sha256=dd681afe5a6c7e78
# ScalarStringConjunction typing=refused rom-nodes=15 labels=5 full-ticks=27 responses=0 yields=0 lean-suite-s=1.8
PASS ScalarStringConjunction full limits=(4000000,4000000,20000000) first=0 outcome=refused:wrongValue ticks=27 resumes=0 heap=6 stack=1 state-sha256=f25aba5caaed97f6
PASS ScalarStringConjunction ticks-third limits=(4000000,4000000,9) first=0 outcome=suspended-ticks ticks=9 resumes=0 heap=3 stack=5 state-sha256=2f0ea5083a067afb
PASS ScalarStringConjunction ticks-two-thirds limits=(4000000,4000000,18) first=0 outcome=suspended-ticks ticks=18 resumes=0 heap=5 stack=3 state-sha256=5c90625464f4a9f0
PASS ScalarStringConjunction heap-half limits=(3,4000000,20000000) first=0 outcome=suspended-capacity ticks=10 resumes=0 heap=3 stack=4 state-sha256=e4442f1d3a006b92
PASS ScalarStringConjunction resume-capacity limits=(4000000,4000000,19999990) resume first=0 outcome=refused:wrongValue ticks=17 resumes=0 heap=6 stack=1 state-sha256=f25aba5caaed97f6
PASS ScalarStringConjunction stack-three limits=(4000000,3,20000000) first=0 outcome=suspended-capacity ticks=4 resumes=0 heap=1 stack=3 state-sha256=cacc6b534dffdd86
PASS ScalarStringConjunction resume-half limits=(4000000,4000000,19999987) resume first=0 outcome=refused:wrongValue ticks=14 resumes=0 heap=6 stack=1 state-sha256=f25aba5caaed97f6
# ScalarAdvance typing=accepted:{"member":{"member":{"member":{"tag":"natural"},"name":"resource","tag":"field","tail":{"member":{"tag":"label"},"name":"root","tag":"field","tail":{"tag":"emptyRow"}}},"name":"0","tag":"field","tail":{"tag":"emptyRow"}},"name":"reads","tag":"field","tail":{"member":{"member":{"member":{"member":{"tag":"natural"},"name":"resource","tag":"field","tail":{"member":{"tag":"label"},"name":"root","tag":"field","tail":{"tag":"emptyRow"}}},"name":"ref","tag":"field","tail":{"member":{"tag":"natural"},"name":"field","tag":"field","tail":{"member":{"tag":"natural"},"name":"before","tag":"field","tail":{"member":{"tag":"natural"},"name":"after","tag":"field","tail":{"tag":"emptyRow"}}}}},"name":"0","tag":"field","tail":{"tag":"emptyRow"}},"name":"effects","tag":"field","tail":{"tag":"emptyRow"}}} rom-nodes=27 labels=13 full-ticks=31 responses=0 yields=0 lean-suite-s=1.9
PASS ScalarAdvance full limits=(4000000,4000000,20000000) first=0 outcome=finished ticks=31 resumes=0 heap=10 stack=0 state-sha256=1bc3567208742613
PASS ScalarAdvance ticks-third limits=(4000000,4000000,10) first=0 outcome=suspended-ticks ticks=10 resumes=0 heap=3 stack=7 state-sha256=80f62e426787fb15
PASS ScalarAdvance ticks-two-thirds limits=(4000000,4000000,20) first=0 outcome=suspended-ticks ticks=20 resumes=0 heap=5 stack=5 state-sha256=d39ab99b94f08b01
PASS ScalarAdvance heap-half limits=(5,4000000,20000000) first=0 outcome=suspended-capacity ticks=20 resumes=0 heap=5 stack=5 state-sha256=d39ab99b94f08b01
PASS ScalarAdvance resume-capacity limits=(4000000,4000000,19999980) resume first=0 outcome=finished ticks=11 resumes=0 heap=10 stack=0 state-sha256=1bc3567208742613
PASS ScalarAdvance stack-three limits=(4000000,3,20000000) first=0 outcome=suspended-capacity ticks=4 resumes=0 heap=1 stack=3 state-sha256=90259cd12a5ce53d
PASS ScalarAdvance resume-half limits=(4000000,4000000,19999985) resume first=0 outcome=finished ticks=16 resumes=0 heap=10 stack=0 state-sha256=1bc3567208742613
# ScalarCapturedAdvance typing=accepted:{"tag":"natural"} rom-nodes=77 labels=18 full-ticks=159 responses=0 yields=0 lean-suite-s=2.8
PASS ScalarCapturedAdvance full limits=(4000000,4000000,20000000) first=0 outcome=finished ticks=159 resumes=0 heap=43 stack=0 state-sha256=b2ac0d027f97ea7c
PASS ScalarCapturedAdvance ticks-third limits=(4000000,4000000,53) first=0 outcome=suspended-ticks ticks=53 resumes=0 heap=16 stack=6 state-sha256=07c7cacdf73bb03c
PASS ScalarCapturedAdvance ticks-two-thirds limits=(4000000,4000000,106) first=0 outcome=suspended-ticks ticks=106 resumes=0 heap=29 stack=6 state-sha256=179e08f8c599c920
PASS ScalarCapturedAdvance heap-half limits=(21,4000000,20000000) first=0 outcome=suspended-capacity ticks=76 resumes=0 heap=21 stack=3 state-sha256=b3a557b206a8ccb9
PASS ScalarCapturedAdvance resume-capacity limits=(4000000,4000000,19999924) resume first=0 outcome=finished ticks=83 resumes=0 heap=43 stack=0 state-sha256=b2ac0d027f97ea7c
PASS ScalarCapturedAdvance stack-three limits=(4000000,3,20000000) first=0 outcome=suspended-capacity ticks=3 resumes=0 heap=0 stack=3 state-sha256=c84139a56c7f58a1
PASS ScalarCapturedAdvance resume-half limits=(4000000,4000000,19999921) resume first=0 outcome=finished ticks=80 resumes=0 heap=43 stack=0 state-sha256=b2ac0d027f97ea7c
# ScalarReusedAdvance typing=accepted:{"tag":"natural"} rom-nodes=72 labels=19 full-ticks=169 responses=0 yields=0 lean-suite-s=1.9
PASS ScalarReusedAdvance full limits=(4000000,4000000,20000000) first=0 outcome=finished ticks=169 resumes=0 heap=45 stack=0 state-sha256=65c2727be3eccf2d
PASS ScalarReusedAdvance ticks-third limits=(4000000,4000000,56) first=0 outcome=suspended-ticks ticks=56 resumes=0 heap=14 stack=7 state-sha256=509f7342eeeb5584
PASS ScalarReusedAdvance ticks-two-thirds limits=(4000000,4000000,112) first=0 outcome=suspended-ticks ticks=112 resumes=0 heap=29 stack=8 state-sha256=ec31e53fe1e39c8d
PASS ScalarReusedAdvance heap-half limits=(22,4000000,20000000) first=0 outcome=suspended-capacity ticks=87 resumes=0 heap=22 stack=4 state-sha256=33e6d56f34915294
PASS ScalarReusedAdvance resume-capacity limits=(4000000,4000000,19999913) resume first=0 outcome=finished ticks=82 resumes=0 heap=45 stack=0 state-sha256=65c2727be3eccf2d
PASS ScalarReusedAdvance stack-three limits=(4000000,3,20000000) first=0 outcome=suspended-capacity ticks=3 resumes=0 heap=0 stack=3 state-sha256=2b6a4fee8adffa05
PASS ScalarReusedAdvance resume-half limits=(4000000,4000000,19999916) resume first=0 outcome=finished ticks=85 resumes=0 heap=45 stack=0 state-sha256=65c2727be3eccf2d
# ScalarHeterogeneousAdvance typing=accepted:{"tag":"natural"} rom-nodes=47 labels=14 full-ticks=94 responses=0 yields=0 lean-suite-s=1.8
PASS ScalarHeterogeneousAdvance full limits=(4000000,4000000,20000000) first=0 outcome=finished ticks=94 resumes=0 heap=21 stack=0 state-sha256=fcddd92cfa39c044
PASS ScalarHeterogeneousAdvance ticks-third limits=(4000000,4000000,31) first=0 outcome=suspended-ticks ticks=31 resumes=0 heap=8 stack=4 state-sha256=a5aba02676d05589
PASS ScalarHeterogeneousAdvance ticks-two-thirds limits=(4000000,4000000,62) first=0 outcome=suspended-ticks ticks=62 resumes=0 heap=19 stack=2 state-sha256=3520edde6c23a77b
PASS ScalarHeterogeneousAdvance heap-half limits=(10,4000000,20000000) first=0 outcome=suspended-capacity ticks=46 resumes=0 heap=10 stack=6 state-sha256=b16f03c662c66f8f
PASS ScalarHeterogeneousAdvance resume-capacity limits=(4000000,4000000,19999954) resume first=0 outcome=finished ticks=48 resumes=0 heap=21 stack=0 state-sha256=fcddd92cfa39c044
PASS ScalarHeterogeneousAdvance stack-three limits=(4000000,3,20000000) first=0 outcome=suspended-capacity ticks=3 resumes=0 heap=0 stack=3 state-sha256=1e3f645b378d2563
PASS ScalarHeterogeneousAdvance resume-half limits=(4000000,4000000,19999953) resume first=0 outcome=finished ticks=47 resumes=0 heap=21 stack=0 state-sha256=fcddd92cfa39c044
# ScalarNativeAdvance typing=accepted:{"member":{"member":{"member":{"tag":"natural"},"name":"resource","tag":"field","tail":{"member":{"tag":"label"},"name":"root","tag":"field","tail":{"tag":"emptyRow"}}},"name":"0","tag":"field","tail":{"tag":"emptyRow"}},"name":"reads","tag":"field","tail":{"member":{"member":{"member":{"member":{"tag":"natural"},"name":"resource","tag":"field","tail":{"member":{"tag":"label"},"name":"root","tag":"field","tail":{"tag":"emptyRow"}}},"name":"ref","tag":"field","tail":{"member":{"tag":"natural"},"name":"field","tag":"field","tail":{"member":{"tag":"natural"},"name":"before","tag":"field","tail":{"member":{"tag":"natural"},"name":"after","tag":"field","tail":{"tag":"emptyRow"}}}}},"name":"0","tag":"field","tail":{"tag":"emptyRow"}},"name":"effects","tag":"field","tail":{"tag":"emptyRow"}}} rom-nodes=33 labels=13 full-ticks=37 responses=0 yields=0 lean-suite-s=2.2
PASS ScalarNativeAdvance full limits=(4000000,4000000,20000000) first=0 outcome=finished ticks=37 resumes=0 heap=12 stack=0 state-sha256=7efc1343a8048f2d
PASS ScalarNativeAdvance ticks-third limits=(4000000,4000000,12) first=0 outcome=suspended-ticks ticks=12 resumes=0 heap=3 stack=9 state-sha256=bfbf81040abb5a1e
PASS ScalarNativeAdvance ticks-two-thirds limits=(4000000,4000000,24) first=0 outcome=suspended-ticks ticks=24 resumes=0 heap=6 stack=5 state-sha256=ccd7f3a236a1c476
PASS ScalarNativeAdvance heap-half limits=(6,4000000,20000000) first=0 outcome=suspended-capacity ticks=28 resumes=0 heap=6 stack=4 state-sha256=ae21301b26b791f4
PASS ScalarNativeAdvance resume-capacity limits=(4000000,4000000,19999972) resume first=0 outcome=finished ticks=9 resumes=0 heap=12 stack=0 state-sha256=7efc1343a8048f2d
PASS ScalarNativeAdvance stack-three limits=(4000000,3,20000000) first=0 outcome=suspended-capacity ticks=3 resumes=0 heap=0 stack=3 state-sha256=48f63897e13c14a5
PASS ScalarNativeAdvance resume-half limits=(4000000,4000000,19999982) resume first=0 outcome=finished ticks=19 resumes=0 heap=12 stack=0 state-sha256=7efc1343a8048f2d
# QuantityOnce typing=accepted:{"tag":"natural"} rom-nodes=20 labels=3 full-ticks=41 responses=0 yields=0 lean-suite-s=1.9
PASS QuantityOnce full limits=(4000000,4000000,20000000) first=0 outcome=finished ticks=41 resumes=0 heap=8 stack=0 state-sha256=3f8d3b2107ee50dc
PASS QuantityOnce ticks-third limits=(4000000,4000000,13) first=0 outcome=suspended-ticks ticks=13 resumes=0 heap=4 stack=5 state-sha256=78799a2b1e15449b
PASS QuantityOnce ticks-two-thirds limits=(4000000,4000000,27) first=0 outcome=suspended-ticks ticks=27 resumes=0 heap=7 stack=1 state-sha256=75b22a19a3597ec8
PASS QuantityOnce heap-half limits=(4,4000000,20000000) first=0 outcome=suspended-capacity ticks=14 resumes=0 heap=4 stack=5 state-sha256=fe77641f542aa8b0
PASS QuantityOnce resume-capacity limits=(4000000,4000000,19999986) resume first=0 outcome=finished ticks=27 resumes=0 heap=8 stack=0 state-sha256=3f8d3b2107ee50dc
PASS QuantityOnce stack-three limits=(4000000,3,20000000) first=0 outcome=suspended-capacity ticks=4 resumes=0 heap=1 stack=3 state-sha256=2460f70fae611f5d
PASS QuantityOnce resume-half limits=(4000000,4000000,19999980) resume first=0 outcome=finished ticks=21 resumes=0 heap=8 stack=0 state-sha256=3f8d3b2107ee50dc
# QuantityDuplicated typing=refused rom-nodes=16 labels=3 full-ticks=36 responses=0 yields=0 lean-suite-s=1.6
PASS QuantityDuplicated full limits=(4000000,4000000,20000000) first=0 outcome=finished ticks=36 resumes=0 heap=7 stack=0 state-sha256=f478279b1948ef86
PASS QuantityDuplicated ticks-third limits=(4000000,4000000,12) first=0 outcome=suspended-ticks ticks=12 resumes=0 heap=4 stack=4 state-sha256=22943692e9b3fd5a
PASS QuantityDuplicated ticks-two-thirds limits=(4000000,4000000,24) first=0 outcome=suspended-ticks ticks=24 resumes=0 heap=6 stack=2 state-sha256=c737622e185307f0
PASS QuantityDuplicated heap-half limits=(3,4000000,20000000) first=0 outcome=suspended-capacity ticks=11 resumes=0 heap=3 stack=5 state-sha256=4b73717592f76066
PASS QuantityDuplicated resume-capacity limits=(4000000,4000000,19999989) resume first=0 outcome=finished ticks=25 resumes=0 heap=7 stack=0 state-sha256=f478279b1948ef86
PASS QuantityDuplicated stack-three limits=(4000000,3,20000000) first=0 outcome=suspended-capacity ticks=4 resumes=0 heap=1 stack=3 state-sha256=1675f1dc9aba754f
PASS QuantityDuplicated resume-half limits=(4000000,4000000,19999982) resume first=0 outcome=finished ticks=18 resumes=0 heap=7 stack=0 state-sha256=f478279b1948ef86
# ReflectScalarSpecification typing=refused rom-nodes=38 labels=10 full-ticks=49 responses=0 yields=0 lean-suite-s=1.8
PASS ReflectScalarSpecification full limits=(4000000,4000000,20000000) first=0 outcome=finished ticks=49 resumes=0 heap=15 stack=0 state-sha256=764876cb263cd1a0
PASS ReflectScalarSpecification ticks-third limits=(4000000,4000000,16) first=0 outcome=suspended-ticks ticks=16 resumes=0 heap=5 stack=4 state-sha256=25205bfca1544c06
PASS ReflectScalarSpecification ticks-two-thirds limits=(4000000,4000000,32) first=0 outcome=suspended-ticks ticks=32 resumes=0 heap=10 stack=6 state-sha256=3535ebec4a4755f8
PASS ReflectScalarSpecification heap-half limits=(7,4000000,20000000) first=0 outcome=suspended-capacity ticks=18 resumes=0 heap=5 stack=3 state-sha256=30aba2e682399bad
PASS ReflectScalarSpecification resume-capacity limits=(4000000,4000000,19999982) resume first=0 outcome=finished ticks=31 resumes=0 heap=15 stack=0 state-sha256=764876cb263cd1a0
PASS ReflectScalarSpecification stack-three limits=(4000000,3,20000000) first=0 outcome=suspended-capacity ticks=4 resumes=0 heap=1 stack=3 state-sha256=04e0b60fdc655728
PASS ReflectScalarSpecification resume-half limits=(4000000,4000000,19999976) resume first=0 outcome=finished ticks=25 resumes=0 heap=15 stack=0 state-sha256=764876cb263cd1a0
# AncestryDiamondSave typing=accepted:{"tag":"natural"} rom-nodes=286 labels=30 full-ticks=237 responses=0 yields=0 lean-suite-s=1.9
FAIL AncestryDiamondSave full limits=(4000000,4000000,20000000) first=0 outcome=finished ticks=237 resumes=0 heap=58 stack=0 state-sha256=eb3411aeb923e51c differ=['bytes', 'state-bytes'] c={"outcome": "finished", "detail": "", "ticks": 237, "trace": "606403be61e63aaf", "heap": 58, "stack": 0, "bytes": 5540, "resumes": 0}
PASS AncestryDiamondSave ticks-third limits=(4000000,4000000,79) first=0 outcome=suspended-ticks ticks=79 resumes=0 heap=32 stack=7 state-sha256=6ac060faeb88ed98
FAIL AncestryDiamondSave ticks-two-thirds limits=(4000000,4000000,158) first=0 outcome=suspended-ticks ticks=158 resumes=0 heap=46 stack=11 state-sha256=b5322b95a5dcd75b differ=['bytes', 'state-bytes'] c={"outcome": "suspended-ticks", "detail": "", "ticks": 158, "trace": "f220877c67cdb62d", "heap": 46, "stack": 11, "bytes": 4545, "resumes": 0}
PASS AncestryDiamondSave heap-half limits=(29,4000000,20000000) first=0 outcome=suspended-capacity ticks=65 resumes=0 heap=29 stack=8 state-sha256=e24df4c88f99ee5d
FAIL AncestryDiamondSave resume-capacity limits=(4000000,4000000,19999935) resume first=0 outcome=finished ticks=172 resumes=0 heap=58 stack=0 state-sha256=eb3411aeb923e51c differ=['bytes', 'state-bytes'] c={"outcome": "finished", "detail": "", "ticks": 172, "trace": "f546f53cbb3b006b", "heap": 58, "stack": 0, "bytes": 5540, "resumes": 0}
PASS AncestryDiamondSave stack-three limits=(4000000,3,20000000) first=0 outcome=suspended-capacity ticks=4 resumes=0 heap=1 stack=3 state-sha256=4acf35ec267ac2de
FAIL AncestryDiamondSave resume-half limits=(4000000,4000000,19999882) resume first=0 outcome=finished ticks=119 resumes=0 heap=58 stack=0 state-sha256=eb3411aeb923e51c differ=['bytes', 'state-bytes'] c={"outcome": "finished", "detail": "", "ticks": 119, "trace": "511f5a8d9d455ae6", "heap": 58, "stack": 0, "bytes": 5540, "resumes": 0}
# AncestryDiamondWeightOnce typing=accepted:{"tag":"natural"} rom-nodes=286 labels=30 full-ticks=211 responses=0 yields=0 lean-suite-s=2.0
FAIL AncestryDiamondWeightOnce full limits=(4000000,4000000,20000000) first=0 outcome=finished ticks=211 resumes=0 heap=54 stack=0 state-sha256=6a49e656a1c5c23a differ=['bytes', 'state-bytes'] c={"outcome": "finished", "detail": "", "ticks": 211, "trace": "f2946e0973f725da", "heap": 54, "stack": 0, "bytes": 5112, "resumes": 0}
PASS AncestryDiamondWeightOnce ticks-third limits=(4000000,4000000,70) first=0 outcome=suspended-ticks ticks=70 resumes=0 heap=31 stack=8 state-sha256=cfb2491ef22c886a
PASS AncestryDiamondWeightOnce ticks-two-thirds limits=(4000000,4000000,140) first=0 outcome=suspended-ticks ticks=140 resumes=0 heap=43 stack=15 state-sha256=b9313de2c290da0e
PASS AncestryDiamondWeightOnce heap-half limits=(27,4000000,20000000) first=0 outcome=suspended-capacity ticks=54 resumes=0 heap=27 stack=5 state-sha256=3c5575f3d7274860
FAIL AncestryDiamondWeightOnce resume-capacity limits=(4000000,4000000,19999946) resume first=0 outcome=finished ticks=157 resumes=0 heap=54 stack=0 state-sha256=6a49e656a1c5c23a differ=['bytes', 'state-bytes'] c={"outcome": "finished", "detail": "", "ticks": 157, "trace": "4284900e3dc25016", "heap": 54, "stack": 0, "bytes": 5112, "resumes": 0}
PASS AncestryDiamondWeightOnce stack-three limits=(4000000,3,20000000) first=0 outcome=suspended-capacity ticks=4 resumes=0 heap=1 stack=3 state-sha256=6be30f07fbd21051
FAIL AncestryDiamondWeightOnce resume-half limits=(4000000,4000000,19999895) resume first=0 outcome=finished ticks=106 resumes=0 heap=54 stack=0 state-sha256=6a49e656a1c5c23a differ=['bytes', 'state-bytes'] c={"outcome": "finished", "detail": "", "ticks": 106, "trace": "8fc8e7b273f66683", "heap": 54, "stack": 0, "bytes": 5112, "resumes": 0}
# AncestryAroundWrapsPrimaries typing=accepted:{"tag":"natural"} rom-nodes=286 labels=30 full-ticks=327 responses=0 yields=0 lean-suite-s=1.7
FAIL AncestryAroundWrapsPrimaries full limits=(4000000,4000000,20000000) first=0 outcome=finished ticks=327 resumes=0 heap=70 stack=0 state-sha256=eaa7c6098858e128 differ=['bytes', 'state-bytes'] c={"outcome": "finished", "detail": "", "ticks": 327, "trace": "727d59fd334b6b02", "heap": 70, "stack": 0, "bytes": 7538, "resumes": 0}
PASS AncestryAroundWrapsPrimaries ticks-third limits=(4000000,4000000,109) first=0 outcome=suspended-ticks ticks=109 resumes=0 heap=37 stack=12 state-sha256=d4369b22c7ce3ff3
FAIL AncestryAroundWrapsPrimaries ticks-two-thirds limits=(4000000,4000000,218) first=0 outcome=suspended-ticks ticks=218 resumes=0 heap=63 stack=5 state-sha256=4e8fc01dc25178e3 differ=['bytes', 'state-bytes'] c={"outcome": "suspended-ticks", "detail": "", "ticks": 218, "trace": "930cc94540c4c6b9", "heap": 63, "stack": 5, "bytes": 6885, "resumes": 0}
PASS AncestryAroundWrapsPrimaries heap-half limits=(35,4000000,20000000) first=0 outcome=suspended-capacity ticks=99 resumes=0 heap=35 stack=10 state-sha256=3060838c9903e214
FAIL AncestryAroundWrapsPrimaries resume-capacity limits=(4000000,4000000,19999901) resume first=0 outcome=finished ticks=228 resumes=0 heap=70 stack=0 state-sha256=eaa7c6098858e128 differ=['bytes', 'state-bytes'] c={"outcome": "finished", "detail": "", "ticks": 228, "trace": "3833c0067d18edd4", "heap": 70, "stack": 0, "bytes": 7538, "resumes": 0}
PASS AncestryAroundWrapsPrimaries stack-three limits=(4000000,3,20000000) first=0 outcome=suspended-capacity ticks=4 resumes=0 heap=1 stack=3 state-sha256=731f2cecd4c3222e
FAIL AncestryAroundWrapsPrimaries resume-half limits=(4000000,4000000,19999837) resume first=0 outcome=finished ticks=164 resumes=0 heap=70 stack=0 state-sha256=eaa7c6098858e128 differ=['bytes', 'state-bytes'] c={"outcome": "finished", "detail": "", "ticks": 164, "trace": "fb50cc9568147d5b", "heap": 70, "stack": 0, "bytes": 7538, "resumes": 0}
# SumsTotal typing=accepted:{"tag":"natural"} rom-nodes=52 labels=13 full-ticks=204 responses=0 yields=0 lean-suite-s=1.9
PASS SumsTotal full limits=(4000000,4000000,20000000) first=0 outcome=finished ticks=204 resumes=0 heap=31 stack=0 state-sha256=bbca13dc5b1d125a
PASS SumsTotal ticks-third limits=(4000000,4000000,68) first=0 outcome=suspended-ticks ticks=68 resumes=0 heap=15 stack=5 state-sha256=af4ca66ee5ce564b
PASS SumsTotal ticks-two-thirds limits=(4000000,4000000,136) first=0 outcome=suspended-ticks ticks=136 resumes=0 heap=24 stack=3 state-sha256=01b3d148719b3bcb
PASS SumsTotal heap-half limits=(15,4000000,20000000) first=0 outcome=suspended-capacity ticks=78 resumes=0 heap=15 stack=4 state-sha256=7492862e0d78afa4
PASS SumsTotal resume-capacity limits=(4000000,4000000,19999922) resume first=0 outcome=finished ticks=126 resumes=0 heap=31 stack=0 state-sha256=bbca13dc5b1d125a
PASS SumsTotal stack-three limits=(4000000,3,20000000) first=0 outcome=suspended-capacity ticks=4 resumes=0 heap=1 stack=3 state-sha256=46c39e31e2e9e64e
PASS SumsTotal resume-half limits=(4000000,4000000,19999898) resume first=0 outcome=finished ticks=102 resumes=0 heap=31 stack=0 state-sha256=bbca13dc5b1d125a
# EventCounterBumpWritten typing=accepted:{"plan":{"row":{"member":{"member":{"tag":"natural"},"name":"field","tag":"field","tail":{"member":{"tag":"natural"},"name":"before","tag":"field","tail":{"member":{"tag":"natural"},"name":"after","tag":"field","tail":{"tag":"emptyRow"}}}},"name":"write","tag":"field","tail":{"tag":"emptyRow"}},"tag":"variant"},"response":{"row":{"member":{"tag":"emptyRow"},"name":"written","tag":"field","tail":{"member":{"tag":"emptyRow"},"name":"refused","tag":"field","tail":{"tag":"emptyRow"}}},"tag":"variant"},"result":{"tag":"natural"},"tag":"computation"} rom-nodes=33 labels=10 full-ticks=40 responses=1 yields=1 lean-suite-s=1.9
PASS EventCounterBumpWritten full limits=(4000000,4000000,20000000) first=0 outcome=finished ticks=40 resumes=1 heap=11 stack=0 state-sha256=b31f2ec5ebbdf0fe
PASS EventCounterBumpWritten ticks-third limits=(4000000,4000000,13) first=0 outcome=suspended-ticks ticks=13 resumes=0 heap=4 stack=4 state-sha256=b41eb3373c967dc5
PASS EventCounterBumpWritten ticks-two-thirds limits=(4000000,4000000,26) first=0 outcome=suspended-ticks ticks=26 resumes=0 heap=8 stack=0 state-sha256=684f231464607d18
PASS EventCounterBumpWritten heap-half limits=(5,4000000,20000000) first=0 outcome=suspended-capacity ticks=19 resumes=0 heap=5 stack=4 state-sha256=99ad6a995459601e
PASS EventCounterBumpWritten resume-capacity limits=(4000000,4000000,19999981) resume first=0 outcome=finished ticks=21 resumes=1 heap=11 stack=0 state-sha256=b31f2ec5ebbdf0fe
PASS EventCounterBumpWritten stack-three limits=(4000000,3,20000000) first=0 outcome=suspended-capacity ticks=4 resumes=0 heap=1 stack=3 state-sha256=b99148753744aecd
PASS EventCounterBumpWritten resume-half limits=(4000000,4000000,19999980) resume first=0 outcome=finished ticks=20 resumes=1 heap=11 stack=0 state-sha256=b31f2ec5ebbdf0fe
PASS EventCounterBumpWritten no-response limits=(4000000,4000000,20000000) first=1 outcome=yielded:8 ticks=28 resumes=0 heap=9 stack=1 state-sha256=5cd48f2866a137b4
PASS EventCounterBumpWritten resume-yield-0 limits=(4000000,4000000,20000000) resume first=0 outcome=finished ticks=12 resumes=1 heap=11 stack=0 state-sha256=b31f2ec5ebbdf0fe
PASS EventCounterBumpWritten resume-checkpoint-0 limits=(4000000,4000000,20000000) resume first=0 outcome=finished ticks=10 resumes=1 heap=15 stack=0 state-sha256=12504b052e17c7f9
# EventCounterBumpRefused typing=accepted:{"plan":{"row":{"member":{"member":{"tag":"natural"},"name":"field","tag":"field","tail":{"member":{"tag":"natural"},"name":"before","tag":"field","tail":{"member":{"tag":"natural"},"name":"after","tag":"field","tail":{"tag":"emptyRow"}}}},"name":"write","tag":"field","tail":{"tag":"emptyRow"}},"tag":"variant"},"response":{"row":{"member":{"tag":"emptyRow"},"name":"written","tag":"field","tail":{"member":{"tag":"emptyRow"},"name":"refused","tag":"field","tail":{"tag":"emptyRow"}}},"tag":"variant"},"result":{"tag":"natural"},"tag":"computation"} rom-nodes=33 labels=10 full-ticks=36 responses=1 yields=1 lean-suite-s=1.8
PASS EventCounterBumpRefused full limits=(4000000,4000000,20000000) first=0 outcome=finished ticks=36 resumes=1 heap=11 stack=0 state-sha256=5755c41b10ccc1af
PASS EventCounterBumpRefused ticks-third limits=(4000000,4000000,12) first=0 outcome=suspended-ticks ticks=12 resumes=0 heap=4 stack=4 state-sha256=7f9311218f4627a7
PASS EventCounterBumpRefused ticks-two-thirds limits=(4000000,4000000,24) first=0 outcome=suspended-ticks ticks=24 resumes=0 heap=7 stack=2 state-sha256=fdbc243f671a7827
PASS EventCounterBumpRefused heap-half limits=(5,4000000,20000000) first=0 outcome=suspended-capacity ticks=19 resumes=0 heap=5 stack=4 state-sha256=99ad6a995459601e
PASS EventCounterBumpRefused resume-capacity limits=(4000000,4000000,19999981) resume first=0 outcome=finished ticks=17 resumes=1 heap=11 stack=0 state-sha256=5755c41b10ccc1af
PASS EventCounterBumpRefused stack-three limits=(4000000,3,20000000) first=0 outcome=suspended-capacity ticks=4 resumes=0 heap=1 stack=3 state-sha256=b99148753744aecd
PASS EventCounterBumpRefused resume-half limits=(4000000,4000000,19999982) resume first=0 outcome=finished ticks=18 resumes=1 heap=11 stack=0 state-sha256=5755c41b10ccc1af
PASS EventCounterBumpRefused no-response limits=(4000000,4000000,20000000) first=1 outcome=yielded:8 ticks=28 resumes=0 heap=9 stack=1 state-sha256=5cd48f2866a137b4
PASS EventCounterBumpRefused resume-yield-0 limits=(4000000,4000000,20000000) resume first=0 outcome=finished ticks=8 resumes=1 heap=11 stack=0 state-sha256=5755c41b10ccc1af
PASS EventCounterBumpRefused resume-checkpoint-0 limits=(4000000,4000000,20000000) resume first=0 outcome=finished ticks=6 resumes=1 heap=15 stack=0 state-sha256=ce305a2c6bc59d55
# EventCounterServe typing=accepted:{"plan":{"row":{"member":{"member":{"tag":"natural"},"name":"field","tag":"field","tail":{"member":{"tag":"natural"},"name":"before","tag":"field","tail":{"member":{"tag":"natural"},"name":"after","tag":"field","tail":{"tag":"emptyRow"}}}},"name":"write","tag":"field","tail":{"tag":"emptyRow"}},"tag":"variant"},"response":{"row":{"member":{"tag":"emptyRow"},"name":"written","tag":"field","tail":{"member":{"tag":"emptyRow"},"name":"refused","tag":"field","tail":{"tag":"emptyRow"}}},"tag":"variant"},"result":{"tag":"natural"},"tag":"computation"} rom-nodes=33 labels=10 full-ticks=64 responses=3 yields=3 lean-suite-s=1.8
PASS EventCounterServe full limits=(4000000,4000000,20000000) first=0 outcome=yielded:20 ticks=64 resumes=3 heap=21 stack=1 state-sha256=be6ef4e49312c648
PASS EventCounterServe ticks-third limits=(4000000,4000000,21) first=0 outcome=suspended-ticks ticks=21 resumes=0 heap=7 stack=2 state-sha256=d69ddb5c6f51d694
PASS EventCounterServe ticks-two-thirds limits=(4000000,4000000,42) first=0 outcome=suspended-ticks ticks=42 resumes=2 heap=13 stack=1 state-sha256=ed9822acf653ce08
PASS EventCounterServe heap-half limits=(10,4000000,20000000) first=0 outcome=suspended-capacity ticks=29 resumes=1 heap=10 stack=1 state-sha256=77b8b63d8fbd055b
PASS EventCounterServe resume-capacity limits=(4000000,4000000,19999971) resume first=1 outcome=yielded:20 ticks=35 resumes=2 heap=21 stack=1 state-sha256=be6ef4e49312c648
PASS EventCounterServe stack-three limits=(4000000,3,20000000) first=0 outcome=suspended-capacity ticks=4 resumes=0 heap=1 stack=3 state-sha256=0d4e0178b37f3f2a
PASS EventCounterServe resume-half limits=(4000000,4000000,19999968) resume first=1 outcome=yielded:20 ticks=32 resumes=2 heap=21 stack=1 state-sha256=be6ef4e49312c648
PASS EventCounterServe no-response limits=(4000000,4000000,20000000) first=3 outcome=yielded:8 ticks=28 resumes=0 heap=9 stack=1 state-sha256=4de2ed8c3d7b3c42
PASS EventCounterServe resume-yield-0 limits=(4000000,4000000,20000000) resume first=0 outcome=yielded:20 ticks=36 resumes=3 heap=21 stack=1 state-sha256=be6ef4e49312c648
PASS EventCounterServe resume-checkpoint-0 limits=(4000000,4000000,20000000) resume first=0 outcome=yielded:24 ticks=36 resumes=3 heap=25 stack=1 state-sha256=01efca767a14cba5
PASS EventCounterServe resume-yield-1 limits=(4000000,4000000,20000000) resume first=1 outcome=yielded:20 ticks=22 resumes=2 heap=21 stack=1 state-sha256=be6ef4e49312c648
PASS EventCounterServe resume-checkpoint-1 limits=(4000000,4000000,20000000) resume first=1 outcome=yielded:24 ticks=22 resumes=2 heap=25 stack=1 state-sha256=59db3c7262e048ac
PASS EventCounterServe resume-yield-2 limits=(4000000,4000000,20000000) resume first=2 outcome=yielded:20 ticks=11 resumes=1 heap=21 stack=1 state-sha256=be6ef4e49312c648
PASS EventCounterServe resume-checkpoint-2 limits=(4000000,4000000,20000000) resume first=2 outcome=yielded:24 ticks=11 resumes=1 heap=25 stack=1 state-sha256=6b340d5e34aa13cf
# EventCounterBadResponse typing=accepted:{"plan":{"row":{"member":{"member":{"tag":"natural"},"name":"field","tag":"field","tail":{"member":{"tag":"natural"},"name":"before","tag":"field","tail":{"member":{"tag":"natural"},"name":"after","tag":"field","tail":{"tag":"emptyRow"}}}},"name":"write","tag":"field","tail":{"tag":"emptyRow"}},"tag":"variant"},"response":{"row":{"member":{"tag":"emptyRow"},"name":"written","tag":"field","tail":{"member":{"tag":"emptyRow"},"name":"refused","tag":"field","tail":{"tag":"emptyRow"}}},"tag":"variant"},"result":{"tag":"natural"},"tag":"computation"} rom-nodes=32 labels=10 full-ticks=30 responses=1 yields=1 lean-suite-s=1.8
PASS EventCounterBadResponse full limits=(4000000,4000000,20000000) first=0 outcome=refused:wrongValue ticks=30 resumes=1 heap=9 stack=0 state-sha256=e5c043f69e424051
PASS EventCounterBadResponse ticks-third limits=(4000000,4000000,10) first=0 outcome=suspended-ticks ticks=10 resumes=0 heap=3 stack=6 state-sha256=cd98fb7594d59197
PASS EventCounterBadResponse ticks-two-thirds limits=(4000000,4000000,20) first=0 outcome=suspended-ticks ticks=20 resumes=0 heap=7 stack=3 state-sha256=4a1410fe6db87bcd
PASS EventCounterBadResponse heap-half limits=(4,4000000,20000000) first=0 outcome=suspended-capacity ticks=13 resumes=0 heap=4 stack=4 state-sha256=e4221c2ef2523665
PASS EventCounterBadResponse resume-capacity limits=(4000000,4000000,19999987) resume first=0 outcome=refused:wrongValue ticks=17 resumes=1 heap=9 stack=0 state-sha256=e5c043f69e424051
PASS EventCounterBadResponse stack-three limits=(4000000,3,20000000) first=0 outcome=suspended-capacity ticks=4 resumes=0 heap=1 stack=3 state-sha256=5f3c2041690f80f3
PASS EventCounterBadResponse resume-half limits=(4000000,4000000,19999985) resume first=0 outcome=refused:wrongValue ticks=15 resumes=1 heap=9 stack=0 state-sha256=e5c043f69e424051
PASS EventCounterBadResponse no-response limits=(4000000,4000000,20000000) first=1 outcome=yielded:8 ticks=28 resumes=0 heap=9 stack=1 state-sha256=9197554bb4f8cc8b
PASS EventCounterBadResponse resume-yield-0 limits=(4000000,4000000,20000000) resume first=0 outcome=refused:wrongValue ticks=2 resumes=1 heap=9 stack=0 state-sha256=e5c043f69e424051
PASS EventCounterBadResponse resume-checkpoint-0 limits=(4000000,4000000,20000000) resume first=0 outcome=refused:wrongValue ticks=2 resumes=1 heap=13 stack=0 state-sha256=d0c6709a697f99ec
# DocumentWatcher typing=accepted:{"plan":{"row":{"member":{"member":{"tag":"label"},"name":"doc","tag":"field","tail":{"member":{"tag":"natural"},"name":"seen","tag":"field","tail":{"tag":"emptyRow"}}},"name":"await","tag":"field","tail":{"tag":"emptyRow"}},"tag":"variant"},"response":{"row":{"member":{"member":{"tag":"label"},"name":"doc","tag":"field","tail":{"member":{"tag":"natural"},"name":"length","tag":"field","tail":{"tag":"emptyRow"}}},"name":"appended","tag":"field","tail":{"member":{"tag":"emptyRow"},"name":"closed","tag":"field","tail":{"tag":"emptyRow"}}},"tag":"variant"},"result":{"tag":"natural"},"tag":"computation"} rom-nodes=45 labels=11 full-ticks=155 responses=4 yields=4 lean-suite-s=2.1
PASS DocumentWatcher full limits=(4000000,4000000,20000000) first=0 outcome=finished ticks=155 resumes=4 heap=32 stack=0 state-sha256=38ae3b75129bf120
PASS DocumentWatcher ticks-third limits=(4000000,4000000,51) first=0 outcome=suspended-ticks ticks=51 resumes=1 heap=13 stack=3 state-sha256=fad7a0351549092d
PASS DocumentWatcher ticks-two-thirds limits=(4000000,4000000,103) first=0 outcome=suspended-ticks ticks=103 resumes=2 heap=22 stack=0 state-sha256=7a6b7a18ad095896
PASS DocumentWatcher heap-half limits=(16,4000000,20000000) first=0 outcome=suspended-capacity ticks=69 resumes=2 heap=16 stack=1 state-sha256=ac0c22c24ff5b32e
PASS DocumentWatcher resume-capacity limits=(4000000,4000000,19999931) resume first=2 outcome=finished ticks=86 resumes=2 heap=32 stack=0 state-sha256=38ae3b75129bf120
PASS DocumentWatcher stack-three limits=(4000000,3,20000000) first=0 outcome=suspended-capacity ticks=4 resumes=0 heap=1 stack=3 state-sha256=8e53667f6e489636
PASS DocumentWatcher resume-half limits=(4000000,4000000,19999923) resume first=2 outcome=finished ticks=78 resumes=2 heap=32 stack=0 state-sha256=38ae3b75129bf120
PASS DocumentWatcher no-response limits=(4000000,4000000,20000000) first=4 outcome=yielded:8 ticks=31 resumes=0 heap=9 stack=1 state-sha256=459bce57293a4d8a
PASS DocumentWatcher resume-yield-0 limits=(4000000,4000000,20000000) resume first=0 outcome=finished ticks=124 resumes=4 heap=32 stack=0 state-sha256=38ae3b75129bf120
PASS DocumentWatcher resume-checkpoint-0 limits=(4000000,4000000,20000000) resume first=0 outcome=finished ticks=122 resumes=4 heap=35 stack=0 state-sha256=459f481723549ed1
PASS DocumentWatcher resume-yield-1 limits=(4000000,4000000,20000000) resume first=1 outcome=finished ticks=86 resumes=3 heap=32 stack=0 state-sha256=38ae3b75129bf120
PASS DocumentWatcher resume-checkpoint-1 limits=(4000000,4000000,20000000) resume first=1 outcome=finished ticks=83 resumes=3 heap=35 stack=0 state-sha256=f3026bb897bbfdba
PASS DocumentWatcher resume-yield-2 limits=(4000000,4000000,20000000) resume first=2 outcome=finished ticks=50 resumes=2 heap=32 stack=0 state-sha256=38ae3b75129bf120
PASS DocumentWatcher resume-checkpoint-2 limits=(4000000,4000000,20000000) resume first=2 outcome=finished ticks=47 resumes=2 heap=35 stack=0 state-sha256=27b90d9636440d34
PASS DocumentWatcher resume-yield-3 limits=(4000000,4000000,20000000) resume first=3 outcome=finished ticks=14 resumes=1 heap=32 stack=0 state-sha256=38ae3b75129bf120
PASS DocumentWatcher resume-checkpoint-3 limits=(4000000,4000000,20000000) resume first=3 outcome=finished ticks=6 resumes=1 heap=35 stack=0 state-sha256=eeae4d80161b6777
# TimerResident typing=accepted:{"plan":{"row":{"member":{"member":{"tag":"natural"},"name":"until","tag":"field","tail":{"tag":"emptyRow"}},"name":"reserve","tag":"field","tail":{"tag":"emptyRow"}},"tag":"variant"},"response":{"row":{"member":{"member":{"tag":"natural"},"name":"at","tag":"field","tail":{"tag":"emptyRow"}},"name":"fired","tag":"field","tail":{"member":{"tag":"emptyRow"},"name":"cancelled","tag":"field","tail":{"tag":"emptyRow"}}},"tag":"variant"},"result":{"tag":"natural"},"tag":"computation"} rom-nodes=43 labels=8 full-ticks=93 responses=3 yields=3 lean-suite-s=1.9
PASS TimerResident full limits=(4000000,4000000,20000000) first=0 outcome=finished ticks=93 resumes=3 heap=24 stack=0 state-sha256=926346a95e149776
PASS TimerResident ticks-third limits=(4000000,4000000,31) first=0 outcome=suspended-ticks ticks=31 resumes=0 heap=8 stack=1 state-sha256=b6e18fddb9b634b8
PASS TimerResident ticks-two-thirds limits=(4000000,4000000,62) first=0 outcome=suspended-ticks ticks=62 resumes=2 heap=18 stack=4 state-sha256=8bb5e9a1a2f15394
PASS TimerResident heap-half limits=(12,4000000,20000000) first=0 outcome=suspended-capacity ticks=47 resumes=1 heap=12 stack=3 state-sha256=da02e3fb089ee7ff
PASS TimerResident resume-capacity limits=(4000000,4000000,19999953) resume first=1 outcome=finished ticks=46 resumes=2 heap=24 stack=0 state-sha256=926346a95e149776
PASS TimerResident stack-three limits=(4000000,3,20000000) first=0 outcome=suspended-capacity ticks=3 resumes=0 heap=0 stack=3 state-sha256=3876253cfe2b33d1
PASS TimerResident resume-half limits=(4000000,4000000,19999954) resume first=1 outcome=finished ticks=47 resumes=2 heap=24 stack=0 state-sha256=926346a95e149776
PASS TimerResident no-response limits=(4000000,4000000,20000000) first=3 outcome=yielded:9 ticks=34 resumes=0 heap=10 stack=1 state-sha256=1466c2c688bf7fe4
PASS TimerResident resume-yield-0 limits=(4000000,4000000,20000000) resume first=0 outcome=finished ticks=59 resumes=3 heap=24 stack=0 state-sha256=926346a95e149776
PASS TimerResident resume-checkpoint-0 limits=(4000000,4000000,20000000) resume first=0 outcome=finished ticks=59 resumes=3 heap=26 stack=0 state-sha256=d9f9e327af43fdd3
PASS TimerResident resume-yield-1 limits=(4000000,4000000,20000000) resume first=1 outcome=finished ticks=39 resumes=2 heap=24 stack=0 state-sha256=926346a95e149776
PASS TimerResident resume-checkpoint-1 limits=(4000000,4000000,20000000) resume first=1 outcome=finished ticks=39 resumes=2 heap=27 stack=0 state-sha256=10b9a193b6130dcd
PASS TimerResident resume-yield-2 limits=(4000000,4000000,20000000) resume first=2 outcome=finished ticks=22 resumes=1 heap=24 stack=0 state-sha256=926346a95e149776
PASS TimerResident resume-checkpoint-2 limits=(4000000,4000000,20000000) resume first=2 outcome=finished ticks=22 resumes=1 heap=27 stack=0 state-sha256=6244a0bc70ed860a
# DeosCounterInc typing=accepted:{"plan":{"row":{"member":{"member":{"tag":"natural"},"name":"slot","tag":"field","tail":{"member":{"tag":"natural"},"name":"before","tag":"field","tail":{"member":{"tag":"natural"},"name":"after","tag":"field","tail":{"tag":"emptyRow"}}}},"name":"write","tag":"field","tail":{"tag":"emptyRow"}},"tag":"variant"},"response":{"row":{"member":{"tag":"emptyRow"},"name":"written","tag":"field","tail":{"member":{"tag":"emptyRow"},"name":"refused","tag":"field","tail":{"tag":"emptyRow"}}},"tag":"variant"},"result":{"tag":"natural"},"tag":"computation"} rom-nodes=56 labels=14 full-ticks=64 responses=1 yields=1 lean-suite-s=2.1
PASS DeosCounterInc full limits=(4000000,4000000,20000000) first=0 outcome=finished ticks=64 resumes=1 heap=18 stack=0 state-sha256=7fc4423b07e847ca
PASS DeosCounterInc ticks-third limits=(4000000,4000000,21) first=0 outcome=suspended-ticks ticks=21 resumes=0 heap=11 stack=4 state-sha256=05e272c56534c824
PASS DeosCounterInc ticks-two-thirds limits=(4000000,4000000,42) first=0 outcome=suspended-ticks ticks=42 resumes=0 heap=14 stack=1 state-sha256=0ffee60828ad7785
PASS DeosCounterInc heap-half limits=(9,4000000,20000000) first=0 outcome=suspended-capacity ticks=20 resumes=0 heap=5 stack=5 state-sha256=0f2682e0ba6fec54
PASS DeosCounterInc resume-capacity limits=(4000000,4000000,19999980) resume first=0 outcome=finished ticks=44 resumes=1 heap=18 stack=0 state-sha256=7fc4423b07e847ca
PASS DeosCounterInc stack-three limits=(4000000,3,20000000) first=0 outcome=suspended-capacity ticks=4 resumes=0 heap=1 stack=3 state-sha256=ce7d7d15c1dfe89f
PASS DeosCounterInc resume-half limits=(4000000,4000000,19999968) resume first=0 outcome=finished ticks=32 resumes=1 heap=18 stack=0 state-sha256=7fc4423b07e847ca
PASS DeosCounterInc no-response limits=(4000000,4000000,20000000) first=1 outcome=yielded:15 ticks=46 resumes=0 heap=16 stack=1 state-sha256=8dca21b3cb9e3af7
PASS DeosCounterInc resume-yield-0 limits=(4000000,4000000,20000000) resume first=0 outcome=finished ticks=18 resumes=1 heap=18 stack=0 state-sha256=7fc4423b07e847ca
PASS DeosCounterInc resume-checkpoint-0 limits=(4000000,4000000,20000000) resume first=0 outcome=finished ticks=6 resumes=1 heap=22 stack=0 state-sha256=08939f870a0fa29b
# DeosCounterDecSaturates typing=accepted:{"plan":{"row":{"member":{"member":{"tag":"natural"},"name":"slot","tag":"field","tail":{"member":{"tag":"natural"},"name":"before","tag":"field","tail":{"member":{"tag":"natural"},"name":"after","tag":"field","tail":{"tag":"emptyRow"}}}},"name":"write","tag":"field","tail":{"tag":"emptyRow"}},"tag":"variant"},"response":{"row":{"member":{"tag":"emptyRow"},"name":"written","tag":"field","tail":{"member":{"tag":"emptyRow"},"name":"refused","tag":"field","tail":{"tag":"emptyRow"}}},"tag":"variant"},"result":{"tag":"natural"},"tag":"computation"} rom-nodes=56 labels=14 full-ticks=384 responses=1 yields=1 lean-suite-s=1.9
PASS DeosCounterDecSaturates full limits=(4000000,4000000,20000000) first=0 outcome=finished ticks=384 resumes=1 heap=60 stack=0 state-sha256=c423deb85ff1aea2
PASS DeosCounterDecSaturates ticks-third limits=(4000000,4000000,128) first=0 outcome=suspended-ticks ticks=128 resumes=1 heap=30 stack=4 state-sha256=73dd6c2bd22372c8
PASS DeosCounterDecSaturates ticks-two-thirds limits=(4000000,4000000,256) first=0 outcome=suspended-ticks ticks=256 resumes=1 heap=49 stack=10 state-sha256=d0fe7f6b657e5be5
PASS DeosCounterDecSaturates heap-half limits=(30,4000000,20000000) first=0 outcome=suspended-capacity ticks=130 resumes=1 heap=30 stack=3 state-sha256=780170ea992f8e90
PASS DeosCounterDecSaturates resume-capacity limits=(4000000,4000000,19999870) resume first=1 outcome=finished ticks=254 resumes=0 heap=60 stack=0 state-sha256=c423deb85ff1aea2
PASS DeosCounterDecSaturates stack-three limits=(4000000,3,20000000) first=0 outcome=suspended-capacity ticks=4 resumes=0 heap=1 stack=3 state-sha256=d224af86278bda14
PASS DeosCounterDecSaturates resume-half limits=(4000000,4000000,19999808) resume first=1 outcome=finished ticks=192 resumes=0 heap=60 stack=0 state-sha256=c423deb85ff1aea2
PASS DeosCounterDecSaturates no-response limits=(4000000,4000000,20000000) first=1 outcome=yielded:15 ticks=46 resumes=0 heap=16 stack=1 state-sha256=dcdc88c11126ae62
PASS DeosCounterDecSaturates resume-yield-0 limits=(4000000,4000000,20000000) resume first=0 outcome=finished ticks=338 resumes=1 heap=60 stack=0 state-sha256=c423deb85ff1aea2
PASS DeosCounterDecSaturates resume-checkpoint-0 limits=(4000000,4000000,20000000) resume first=0 outcome=finished ticks=6 resumes=1 heap=64 stack=0 state-sha256=99bcf251ee61bb64
# DeosCounterResetRefused typing=accepted:{"plan":{"row":{"member":{"member":{"tag":"natural"},"name":"slot","tag":"field","tail":{"member":{"tag":"natural"},"name":"before","tag":"field","tail":{"member":{"tag":"natural"},"name":"after","tag":"field","tail":{"tag":"emptyRow"}}}},"name":"write","tag":"field","tail":{"tag":"emptyRow"}},"tag":"variant"},"response":{"row":{"member":{"tag":"emptyRow"},"name":"written","tag":"field","tail":{"member":{"tag":"emptyRow"},"name":"refused","tag":"field","tail":{"tag":"emptyRow"}}},"tag":"variant"},"result":{"tag":"natural"},"tag":"computation"} rom-nodes=54 labels=14 full-ticks=54 responses=1 yields=1 lean-suite-s=1.7
PASS DeosCounterResetRefused full limits=(4000000,4000000,20000000) first=0 outcome=finished ticks=54 resumes=1 heap=17 stack=0 state-sha256=b165f4df99094976
PASS DeosCounterResetRefused ticks-third limits=(4000000,4000000,18) first=0 outcome=suspended-ticks ticks=18 resumes=0 heap=5 stack=5 state-sha256=4bc165110534fa04
PASS DeosCounterResetRefused ticks-two-thirds limits=(4000000,4000000,36) first=0 outcome=suspended-ticks ticks=36 resumes=0 heap=12 stack=3 state-sha256=bbb45712eb59fd63
PASS DeosCounterResetRefused heap-half limits=(8,4000000,20000000) first=0 outcome=suspended-capacity ticks=19 resumes=0 heap=5 stack=4 state-sha256=d01a21295763068c
PASS DeosCounterResetRefused resume-capacity limits=(4000000,4000000,19999981) resume first=0 outcome=finished ticks=35 resumes=1 heap=17 stack=0 state-sha256=b165f4df99094976
PASS DeosCounterResetRefused stack-three limits=(4000000,3,20000000) first=0 outcome=suspended-capacity ticks=4 resumes=0 heap=1 stack=3 state-sha256=6a69f16c5760d0bb
PASS DeosCounterResetRefused resume-half limits=(4000000,4000000,19999973) resume first=0 outcome=finished ticks=27 resumes=1 heap=17 stack=0 state-sha256=b165f4df99094976
PASS DeosCounterResetRefused no-response limits=(4000000,4000000,20000000) first=1 outcome=yielded:14 ticks=43 resumes=0 heap=15 stack=1 state-sha256=c1edab4d521c9eef
PASS DeosCounterResetRefused resume-yield-0 limits=(4000000,4000000,20000000) resume first=0 outcome=finished ticks=11 resumes=1 heap=17 stack=0 state-sha256=b165f4df99094976
PASS DeosCounterResetRefused resume-checkpoint-0 limits=(4000000,4000000,20000000) resume first=0 outcome=finished ticks=6 resumes=1 heap=21 stack=0 state-sha256=765bb6615ac3eefb
# DeosCounterFirstYield typing=accepted:{"plan":{"row":{"member":{"member":{"tag":"natural"},"name":"slot","tag":"field","tail":{"member":{"tag":"natural"},"name":"before","tag":"field","tail":{"member":{"tag":"natural"},"name":"after","tag":"field","tail":{"tag":"emptyRow"}}}},"name":"write","tag":"field","tail":{"tag":"emptyRow"}},"tag":"variant"},"response":{"row":{"member":{"tag":"emptyRow"},"name":"written","tag":"field","tail":{"member":{"tag":"emptyRow"},"name":"refused","tag":"field","tail":{"tag":"emptyRow"}}},"tag":"variant"},"result":{"tag":"natural"},"tag":"computation"} rom-nodes=55 labels=14 full-ticks=46 responses=0 yields=0 lean-suite-s=1.6
PASS DeosCounterFirstYield full limits=(4000000,4000000,20000000) first=0 outcome=yielded:15 ticks=46 resumes=0 heap=16 stack=1 state-sha256=d5ab235ab78775ac
PASS DeosCounterFirstYield ticks-third limits=(4000000,4000000,15) first=0 outcome=suspended-ticks ticks=15 resumes=0 heap=5 stack=4 state-sha256=27ef0c0f8aafb47d
PASS DeosCounterFirstYield ticks-two-thirds limits=(4000000,4000000,30) first=0 outcome=suspended-ticks ticks=30 resumes=0 heap=13 stack=1 state-sha256=c6e570a1215ac90c
PASS DeosCounterFirstYield heap-half limits=(8,4000000,20000000) first=0 outcome=suspended-capacity ticks=20 resumes=0 heap=5 stack=5 state-sha256=45129b696e644076
PASS DeosCounterFirstYield resume-capacity limits=(4000000,4000000,19999980) resume first=0 outcome=yielded:15 ticks=26 resumes=0 heap=16 stack=1 state-sha256=d5ab235ab78775ac
PASS DeosCounterFirstYield stack-three limits=(4000000,3,20000000) first=0 outcome=suspended-capacity ticks=4 resumes=0 heap=1 stack=3 state-sha256=e4f719977bc07397
PASS DeosCounterFirstYield resume-half limits=(4000000,4000000,19999977) resume first=0 outcome=yielded:15 ticks=23 resumes=0 heap=16 stack=1 state-sha256=d5ab235ab78775ac
# TOTAL pass=275 fail=25
