# differential 2026-10-04T01:11:28-0400 cflags='-DOB_MUTATE_UPDATE' limits heap=4000000 stack=4000000 ticks=20000000
# EvenOddTen typing=accepted:{"tag":"boolean"} rom-nodes=70 labels=17 full-ticks=276 lean-suite-s=1.6
FAIL EvenOddTen full limits=(4000000,4000000,20000000) outcome=finished ticks=276 heap=50 stack=0 state-sha256=e60388d6d34dd24c differ=['ticks', 'trace', 'heap', 'bytes', 'state-bytes'] c={"outcome": "finished", "detail": "", "ticks": 1532, "trace": "a5a338a7be6b89b3", "heap": 414, "stack": 0, "bytes": 18239}
FAIL EvenOddTen ticks-third limits=(4000000,4000000,92) outcome=suspended-ticks ticks=92 heap=23 stack=9 state-sha256=23ebe2d77850bf4e differ=['trace', 'heap', 'stack', 'bytes', 'state-bytes'] c={"outcome": "suspended-ticks", "detail": "", "ticks": 92, "trace": "dc311e9f143d1305", "heap": 29, "stack": 11, "bytes": 1505}
FAIL EvenOddTen ticks-two-thirds limits=(4000000,4000000,184) outcome=suspended-ticks ticks=184 heap=38 stack=2 state-sha256=5982bf98af5351a2 differ=['trace', 'heap', 'stack', 'bytes', 'state-bytes'] c={"outcome": "suspended-ticks", "detail": "", "ticks": 184, "trace": "e987d4945e10c5c7", "heap": 55, "stack": 4, "bytes": 2294}
FAIL EvenOddTen heap-half limits=(25,4000000,20000000) outcome=suspended-capacity ticks=103 heap=25 stack=10 state-sha256=61a771ee75051184 differ=['ticks', 'trace', 'stack', 'bytes', 'state-bytes'] c={"outcome": "suspended-capacity", "detail": "", "ticks": 83, "trace": "eb11452faa5076d2", "heap": 25, "stack": 12, "bytes": 1316}
FAIL EvenOddTen resume-capacity limits=(4000000,4000000,19999897) resume outcome=finished ticks=173 heap=50 stack=0 state-sha256=e60388d6d34dd24c differ=['ticks', 'trace', 'heap', 'bytes', 'state-bytes'] c={"outcome": "finished", "detail": "", "ticks": 892, "trace": "e1749d9daa565916", "heap": 190, "stack": 0, "bytes": 11700}
PASS EvenOddTen stack-three limits=(4000000,3,20000000) outcome=suspended-capacity ticks=4 heap=1 stack=3 state-sha256=5147cea49be1d7a0
FAIL EvenOddTen resume-half limits=(4000000,4000000,19999862) resume outcome=finished ticks=138 heap=50 stack=0 state-sha256=e60388d6d34dd24c differ=['ticks', 'trace', 'bytes', 'state-bytes'] c={"outcome": "finished", "detail": "", "ticks": 150, "trace": "e9ed923325f7d15a", "heap": 50, "stack": 0, "bytes": 3254}
# LazySharedField typing=accepted:{"tag":"natural"} rom-nodes=36 labels=7 full-ticks=8240 lean-suite-s=2.0
FAIL LazySharedField full limits=(4000000,4000000,20000000) outcome=finished ticks=8240 heap=779 stack=0 state-sha256=685ad11d2c8d8e93 differ=['ticks', 'trace', 'heap', 'bytes', 'state-bytes'] c={"outcome": "finished", "detail": "", "ticks": 38985, "trace": "60f1aa6e1d9bf702", "heap": 8728, "stack": 0, "bytes": 273206}
FAIL LazySharedField ticks-third limits=(4000000,4000000,2746) outcome=suspended-ticks ticks=2746 heap=268 stack=13 state-sha256=c2b387c2d9250757 differ=['trace', 'heap', 'stack', 'bytes', 'state-bytes'] c={"outcome": "suspended-ticks", "detail": "", "ticks": 2746, "trace": "c4f1554c49f02fcc", "heap": 627, "stack": 12, "bytes": 20164}
FAIL LazySharedField ticks-two-thirds limits=(4000000,4000000,5493) outcome=suspended-ticks ticks=5493 heap=525 stack=12 state-sha256=14d793076f5c5b3e differ=['trace', 'heap', 'stack', 'bytes', 'state-bytes'] c={"outcome": "suspended-ticks", "detail": "", "ticks": 5493, "trace": "17e98c0a11287015", "heap": 1241, "stack": 14, "bytes": 39473}
FAIL LazySharedField heap-half limits=(389,4000000,20000000) outcome=suspended-capacity ticks=4053 heap=389 stack=12 state-sha256=7d2f0a3b450aa305 differ=['ticks', 'trace', 'bytes', 'state-bytes'] c={"outcome": "suspended-capacity", "detail": "", "ticks": 1682, "trace": "aed1a43648085796", "heap": 389, "stack": 12, "bytes": 12718}
FAIL LazySharedField resume-capacity limits=(4000000,4000000,19995947) resume outcome=finished ticks=4187 heap=779 stack=0 state-sha256=685ad11d2c8d8e93 differ=['ticks', 'trace', 'heap', 'bytes', 'state-bytes'] c={"outcome": "finished", "detail": "", "ticks": 12362, "trace": "2c4c8fc6d1bdda3d", "heap": 1545, "stack": 0, "bytes": 67545}
PASS LazySharedField stack-three limits=(4000000,3,20000000) outcome=suspended-capacity ticks=4 heap=1 stack=3 state-sha256=b41dfde8a2428252
FAIL LazySharedField resume-half limits=(4000000,4000000,19995880) resume outcome=finished ticks=4120 heap=779 stack=0 state-sha256=685ad11d2c8d8e93 differ=['ticks', 'trace', 'heap', 'bytes', 'state-bytes'] c={"outcome": "finished", "detail": "", "ticks": 12295, "trace": "0d21e15082f16425", "heap": 1545, "stack": 0, "bytes": 67567}
# LazyUnusedField typing=accepted:{"tag":"natural"} rom-nodes=27 labels=6 full-ticks=48 lean-suite-s=1.5
FAIL LazyUnusedField full limits=(4000000,4000000,20000000) outcome=finished ticks=48 heap=12 stack=0 state-sha256=8515cbd44a64748a differ=['ticks', 'trace', 'heap', 'bytes', 'state-bytes'] c={"outcome": "finished", "detail": "", "ticks": 65, "trace": "cc84aa693e718486", "heap": 18, "stack": 0, "bytes": 623}
FAIL LazyUnusedField ticks-third limits=(4000000,4000000,16) outcome=suspended-ticks ticks=16 heap=5 stack=4 state-sha256=6af9f82804ad3165 differ=['bytes', 'state-bytes'] c={"outcome": "suspended-ticks", "detail": "", "ticks": 16, "trace": "47169e6d4c6f3814", "heap": 5, "stack": 4, "bytes": 300}
FAIL LazyUnusedField ticks-two-thirds limits=(4000000,4000000,32) outcome=suspended-ticks ticks=32 heap=8 stack=7 state-sha256=25aeee772ef4a924 differ=['trace', 'stack', 'bytes', 'state-bytes'] c={"outcome": "suspended-ticks", "detail": "", "ticks": 32, "trace": "874c4bdb63558bfc", "heap": 8, "stack": 8, "bytes": 438}
FAIL LazyUnusedField heap-half limits=(6,4000000,20000000) outcome=suspended-capacity ticks=18 heap=5 stack=3 state-sha256=77c81c2653bba2ac differ=['bytes', 'state-bytes'] c={"outcome": "suspended-capacity", "detail": "", "ticks": 18, "trace": "a6746aa1d1e483f3", "heap": 5, "stack": 3, "bytes": 279}
FAIL LazyUnusedField resume-capacity limits=(4000000,4000000,19999982) resume outcome=finished ticks=30 heap=12 stack=0 state-sha256=8515cbd44a64748a differ=['ticks', 'trace', 'heap', 'bytes', 'state-bytes'] c={"outcome": "finished", "detail": "", "ticks": 47, "trace": "60332f549805e528", "heap": 18, "stack": 0, "bytes": 654}
PASS LazyUnusedField stack-three limits=(4000000,3,20000000) outcome=suspended-capacity ticks=4 heap=1 stack=3 state-sha256=ce9b8653b3b1e116
FAIL LazyUnusedField resume-half limits=(4000000,4000000,19999976) resume outcome=finished ticks=24 heap=12 stack=0 state-sha256=8515cbd44a64748a differ=['bytes', 'state-bytes'] c={"outcome": "finished", "detail": "", "ticks": 24, "trace": "ac6fc575d5c6ec26", "heap": 12, "stack": 0, "bytes": 567}
# StressSharedWork typing=accepted:{"tag":"natural"} rom-nodes=62 labels=14 full-ticks=58039 lean-suite-s=10.0
FAIL StressSharedWork full limits=(4000000,4000000,20000000) outcome=finished ticks=58039 heap=6014 stack=0 state-sha256=bd4f08e54c022a8e differ=['outcome', 'ticks', 'trace', 'heap', 'stack', 'bytes', 'state-bytes'] c={"outcome": "suspended-capacity", "detail": "", "ticks": 11086203, "trace": "b2cd466e71e63e94", "heap": 4000000, "stack": 3998, "bytes": 135877081}
FAIL StressSharedWork ticks-third limits=(4000000,4000000,19346) outcome=suspended-ticks ticks=19346 heap=2428 stack=1612 state-sha256=063732dcefdbcd7c differ=['trace', 'heap', 'stack', 'bytes', 'state-bytes'] c={"outcome": "suspended-ticks", "detail": "", "ticks": 19346, "trace": "3bf443cdb69701c2", "heap": 7683, "stack": 570, "bytes": 276361}
FAIL StressSharedWork ticks-two-thirds limits=(4000000,4000000,38692) outcome=suspended-ticks ticks=38692 heap=4846 stack=3223 state-sha256=ca27425efc6da498 differ=['trace', 'heap', 'stack', 'bytes', 'state-bytes'] c={"outcome": "suspended-ticks", "detail": "", "ticks": 38692, "trace": "62ceefabe0cfa1d9", "heap": 15364, "stack": 1141, "bytes": 552608}
FAIL StressSharedWork heap-half limits=(3007,4000000,20000000) outcome=suspended-capacity ticks=23981 heap=3007 stack=1997 state-sha256=e5bb7f023cfc1f00 differ=['ticks', 'trace', 'heap', 'stack', 'bytes', 'state-bytes'] c={"outcome": "suspended-capacity", "detail": "", "ticks": 7565, "trace": "7e7dcdd25dc5ddfb", "heap": 3002, "stack": 227, "bytes": 108191}
FAIL StressSharedWork resume-capacity limits=(4000000,4000000,19976019) resume outcome=finished ticks=34058 heap=6014 stack=0 state-sha256=bd4f08e54c022a8e differ=['outcome', 'ticks', 'trace', 'heap', 'stack', 'bytes', 'state-bytes'] c={"outcome": "suspended-ticks", "detail": "", "ticks": 19976019, "trace": "948cf1f48af9df7e", "heap": 1779514, "stack": 3998, "bytes": 80936795}
PASS StressSharedWork stack-three limits=(4000000,3,20000000) outcome=suspended-capacity ticks=4 heap=1 stack=3 state-sha256=3e20ec528cfd3d29
FAIL StressSharedWork resume-half limits=(4000000,4000000,19970981) resume outcome=finished ticks=29020 heap=6014 stack=0 state-sha256=bd4f08e54c022a8e differ=['outcome', 'ticks', 'trace', 'heap', 'stack', 'bytes', 'state-bytes'] c={"outcome": "suspended-ticks", "detail": "", "ticks": 19970981, "trace": "8cb21444c249abd7", "heap": 1779514, "stack": 3998, "bytes": 80938265}
# TOTAL pass=4 fail=24
