{"at":1790859181,"error":null,"ok":true,"peer":{"gid":975,"pid":13071,"uid":983},"request":{"unit":"mini-spk-a4801-g4.service","verb":"start"}}
{"at":1790859205,"error":null,"ok":true,"peer":{"gid":975,"pid":19038,"uid":983},"request":{"app":"4501","importSha256":null,"store":"a2492b849c17cc73","verb":"mount-volume","volumeId":"4259f91182b11f315c0c9f70b5a9e1c7aee6b6d2af66876bb752c8e13d248717"}}
{"at":1790859206,"error":null,"ok":true,"peer":{"gid":975,"pid":19038,"uid":983},"request":{"app":"4501","generation":"4","store":"a2492b849c17cc73","verb":"install-unit"}}
{"at":1790859206,"error":null,"ok":true,"peer":{"gid":975,"pid":19038,"uid":983},"request":{"unit":"mini-spk-a4501-g4.service","verb":"start"}}
{"at":1790859267,"error":null,"ok":true,"peer":{"gid":975,"pid":32546,"uid":983},"request":{"app":"4701","importSha256":null,"store":"e51dbc0601d0cb0b","verb":"mount-volume","volumeId":"e7262e998ef062bf66c4104fe354b4b81175bdba2024bfe65aa23964cffe52b5"}}
{"at":1790859268,"error":null,"ok":true,"peer":{"gid":975,"pid":32546,"uid":983},"request":{"app":"4701","generation":"4","store":"e51dbc0601d0cb0b","verb":"install-unit"}}
{"at":1790859268,"error":null,"ok":true,"peer":{"gid":975,"pid":32546,"uid":983},"request":{"unit":"mini-spk-a4701-g4.service","verb":"start"}}
{"at":1790859392,"error":null,"ok":true,"peer":{"gid":975,"pid":4166958,"uid":983},"request":{"app":"5101","importSha256":null,"store":"612ec0318fb4b450","verb":"mount-volume","volumeId":"ea93bf6e9c2533b4dc0ceafe1df580b654ffe01fb811a7196893c1d308518c58"}}
{"at":1790859420,"error":null,"ok":true,"peer":{"gid":975,"pid":65973,"uid":983},"request":{"app":"4901","importSha256":null,"store":"e6cefa6e0b373d84","verb":"mount-volume","volumeId":"d5dea3578601d132987b2713f3bc19ada27ec34fe42e7e956a46c9b08b7973f3"}}
{"at":1790859420,"error":null,"ok":true,"peer":{"gid":975,"pid":65973,"uid":983},"request":{"app":"4901","generation":"4","store":"e6cefa6e0b373d84","verb":"install-unit"}}
{"at":1790859420,"error":null,"ok":true,"peer":{"gid":975,"pid":65973,"uid":983},"request":{"unit":"mini-spk-a4901-g4.service","verb":"start"}}
{"at":1790859694,"error":null,"ok":true,"peer":{"gid":975,"pid":126840,"uid":983},"request":{"app":"5101","importSha256":null,"store":"612ec0318fb4b450","verb":"mount-volume","volumeId":"ea93bf6e9c2533b4dc0ceafe1df580b654ffe01fb811a7196893c1d308518c58"}}
{"at":1790859695,"error":null,"ok":true,"peer":{"gid":975,"pid":126840,"uid":983},"request":{"app":"5101","generation":"2","store":"612ec0318fb4b450","verb":"install-unit"}}
{"at":1790859695,"error":null,"ok":true,"peer":{"gid":975,"pid":126840,"uid":983},"request":{"unit":"mini-spk-a5101-g2.service","verb":"start"}}
{"at":1790860248,"error":null,"ok":true,"peer":{"gid":975,"pid":613374,"uid":983},"request":{"app":"4801","generation":"4","store":"6e3379e7a4d49488","verb":"install-unit"}}
{"at":1790860248,"error":null,"ok":true,"peer":{"gid":975,"pid":613374,"uid":983},"request":{"app":"4801","importSha256":null,"store":"6e3379e7a4d49488","verb":"mount-volume","volumeId":"356127215d119c65bb36e3740842cb948c3a9d08b85b8f6ffa12c2c4d313e02c"}}
{"at":1790860282,"error":null,"ok":true,"peer":{"gid":975,"pid":621103,"uid":983},"request":{"app":"5101","generation":"2","store":"612ec0318fb4b450","verb":"install-unit"}}
{"at":1790860282,"error":null,"ok":true,"peer":{"gid":975,"pid":621103,"uid":983},"request":{"app":"5101","importSha256":null,"store":"612ec0318fb4b450","verb":"mount-volume","volumeId":"ea93bf6e9c2533b4dc0ceafe1df580b654ffe01fb811a7196893c1d308518c58"}}
{"at":1790860293,"error":null,"ok":true,"peer":{"gid":975,"pid":623037,"uid":983},"request":{"app":"4501","generation":"4","store":"a2492b849c17cc73","verb":"install-unit"}}
{"at":1790860293,"error":null,"ok":true,"peer":{"gid":975,"pid":623037,"uid":983},"request":{"app":"4501","importSha256":null,"store":"a2492b849c17cc73","verb":"mount-volume","volumeId":"4259f91182b11f315c0c9f70b5a9e1c7aee6b6d2af66876bb752c8e13d248717"}}
{"at":1790860336,"error":null,"ok":true,"peer":{"gid":975,"pid":635028,"uid":983},"request":{"app":"4701","generation":"4","store":"e51dbc0601d0cb0b","verb":"install-unit"}}
{"at":1790860337,"error":null,"ok":true,"peer":{"gid":975,"pid":635028,"uid":983},"request":{"app":"4701","importSha256":null,"store":"e51dbc0601d0cb0b","verb":"mount-volume","volumeId":"e7262e998ef062bf66c4104fe354b4b81175bdba2024bfe65aa23964cffe52b5"}}
{"at":1790860859,"error":null,"ok":true,"peer":{"gid":975,"pid":621103,"uid":983},"request":{"unit":"mini-spk-a5101-g2.service","verb":"stop"}}
{"at":1790861360,"error":null,"ok":true,"peer":{"gid":975,"pid":613374,"uid":983},"request":{"unit":"mini-spk-a4801-g4.service","verb":"stop"}}
{"at":1790861442,"error":null,"ok":true,"peer":{"gid":975,"pid":635028,"uid":983},"request":{"unit":"mini-spk-a4701-g4.service","verb":"stop"}}
{"at":1790861557,"error":null,"ok":true,"peer":{"gid":975,"pid":623037,"uid":983},"request":{"unit":"mini-spk-a4501-g4.service","verb":"stop"}}
{"event":"listening","grainsRoot":"/var/lib/minidregg/grains/spk-apps-root","operator":"mini-spk-robust","socket":"/run/mini-spk-broker.sock","unitPrefix":"mini-spk-apps"}
{"at":1790861756,"error":null,"ok":true,"peer":{"gid":975,"pid":621103,"uid":983},"request":{"app":"5101","importSha256":null,"store":"612ec0318fb4b450","verb":"mount-volume","volumeId":"ea93bf6e9c2533b4dc0ceafe1df580b654ffe01fb811a7196893c1d308518c58"}}
{"at":1790861756,"error":null,"ok":true,"peer":{"gid":975,"pid":621103,"uid":983},"request":{"app":"5101","generation":"4","store":"612ec0318fb4b450","verb":"install-unit"}}
{"at":1790861757,"error":null,"ok":true,"peer":{"gid":975,"pid":621103,"uid":983},"request":{"unit":"mini-spk-a5101-g4.service","verb":"start"}}
{"at":1790861763,"error":null,"ok":true,"peer":{"gid":975,"pid":1670981,"uid":983},"request":{"app":"4901","generation":"4","store":"e6cefa6e0b373d84","verb":"install-unit"}}
{"at":1790861763,"error":null,"ok":true,"peer":{"gid":975,"pid":1670981,"uid":983},"request":{"app":"4901","importSha256":null,"store":"e6cefa6e0b373d84","verb":"mount-volume","volumeId":"d5dea3578601d132987b2713f3bc19ada27ec34fe42e7e956a46c9b08b7973f3"}}
{"at":1790861870,"error":null,"ok":true,"peer":{"gid":975,"pid":1694511,"uid":983},"request":{"app":"4901","generation":"4","store":"e6cefa6e0b373d84","verb":"install-unit"}}
{"at":1790861872,"error":null,"ok":true,"peer":{"gid":975,"pid":1694511,"uid":983},"request":{"app":"4901","importSha256":null,"store":"e6cefa6e0b373d84","verb":"mount-volume","volumeId":"d5dea3578601d132987b2713f3bc19ada27ec34fe42e7e956a46c9b08b7973f3"}}
{"at":1790861933,"error":null,"ok":true,"peer":{"gid":975,"pid":1708667,"uid":983},"request":{"store":"50d4984b209d2345","verb":"init-store"}}
{"at":1790861935,"error":null,"ok":true,"peer":{"gid":975,"pid":1709280,"uid":983},"request":{"store":"7101fc63619537e0","verb":"init-store"}}
{"at":1790861941,"error":null,"ok":true,"peer":{"gid":975,"pid":1710695,"uid":983},"request":{"store":"e7da5f205a227d90","verb":"init-store"}}
{"at":1790862023,"error":null,"ok":true,"peer":{"gid":975,"pid":1717220,"uid":983},"request":{"app":"5701","store":"50d4984b209d2345","verb":"place"}}
{"at":1790862024,"error":null,"ok":true,"peer":{"gid":975,"pid":1717220,"uid":983},"request":{"app":"5701","class":"S","store":"50d4984b209d2345","verb":"set-cgroup"}}
{"at":1790862036,"error":null,"ok":true,"peer":{"gid":975,"pid":1717612,"uid":983},"request":{"app":"5801","store":"7101fc63619537e0","verb":"place"}}
{"at":1790862037,"error":null,"ok":true,"peer":{"gid":975,"pid":1717612,"uid":983},"request":{"app":"5801","class":"M","store":"7101fc63619537e0","verb":"set-cgroup"}}
{"at":1790862038,"error":null,"ok":true,"peer":{"gid":975,"pid":1718430,"uid":983},"request":{"app":"5901","store":"e7da5f205a227d90","verb":"place"}}
{"at":1790862039,"error":null,"ok":true,"peer":{"gid":975,"pid":1718430,"uid":983},"request":{"app":"5901","class":"M","store":"e7da5f205a227d90","verb":"set-cgroup"}}
{"at":1790862252,"error":null,"ok":true,"peer":{"gid":975,"pid":1717220,"uid":983},"request":{"app":"5701","sha256":"f0277a5dce2e1c6af0cce188241411a443ccc73068b95ab5458d3742f1d363d3","store":"50d4984b209d2345","verb":"ingest"}}
{"at":1790862471,"error":null,"ok":true,"peer":{"gid":975,"pid":1718430,"uid":983},"request":{"app":"5901","importSha256":null,"store":"e7da5f205a227d90","verb":"mount-volume","volumeId":"1e95a22dc9c84842bb8746861faed0ce21fb9956a8ec84d3a627c228e51bf87a"}}
{"at":1790862487,"error":null,"ok":true,"peer":{"gid":975,"pid":1717220,"uid":983},"request":{"app":"5701","importSha256":null,"store":"50d4984b209d2345","verb":"mount-volume","volumeId":"f66b92a0dcfc288087080e533b0b68b590460480fe9a7aec7b11d796f2584d6d"}}
{"at":1790862496,"error":null,"ok":true,"peer":{"gid":975,"pid":1717612,"uid":983},"request":{"app":"5801","importSha256":null,"store":"7101fc63619537e0","verb":"mount-volume","volumeId":"e83575f4b1bdae39a8971a5b66c3aad1695496a926b4c1278fd0ecce89c01836"}}
{"at":1790862786,"error":null,"ok":true,"peer":{"gid":975,"pid":1898704,"uid":983},"request":{"app":"5901","importSha256":null,"store":"e7da5f205a227d90","verb":"mount-volume","volumeId":"1e95a22dc9c84842bb8746861faed0ce21fb9956a8ec84d3a627c228e51bf87a"}}
{"at":1790862787,"error":null,"ok":true,"peer":{"gid":975,"pid":1898704,"uid":983},"request":{"app":"5901","generation":"2","store":"e7da5f205a227d90","verb":"install-unit"}}
{"at":1790862787,"error":null,"ok":true,"peer":{"gid":975,"pid":1898704,"uid":983},"request":{"unit":"mini-spk-a5901-g2.service","verb":"start"}}
{"at":1790862823,"error":null,"ok":true,"peer":{"gid":975,"pid":1905627,"uid":983},"request":{"app":"5701","importSha256":null,"store":"50d4984b209d2345","verb":"mount-volume","volumeId":"f66b92a0dcfc288087080e533b0b68b590460480fe9a7aec7b11d796f2584d6d"}}
{"at":1790862824,"error":null,"ok":true,"peer":{"gid":975,"pid":1905627,"uid":983},"request":{"app":"5701","generation":"2","store":"50d4984b209d2345","verb":"install-unit"}}
{"at":1790862824,"error":null,"ok":true,"peer":{"gid":975,"pid":1905627,"uid":983},"request":{"unit":"mini-spk-a5701-g2.service","verb":"start"}}
{"at":1790862831,"error":null,"ok":true,"peer":{"gid":975,"pid":1907313,"uid":983},"request":{"app":"5801","importSha256":null,"store":"7101fc63619537e0","verb":"mount-volume","volumeId":"e83575f4b1bdae39a8971a5b66c3aad1695496a926b4c1278fd0ecce89c01836"}}
{"at":1790862832,"error":null,"ok":true,"peer":{"gid":975,"pid":1907313,"uid":983},"request":{"app":"5801","generation":"2","store":"7101fc63619537e0","verb":"install-unit"}}
{"at":1790862832,"error":null,"ok":true,"peer":{"gid":975,"pid":1907313,"uid":983},"request":{"unit":"mini-spk-a5801-g2.service","verb":"start"}}
{"at":1790862980,"error":null,"ok":true,"peer":{"gid":975,"pid":1933181,"uid":983},"request":{"verb":"backup"}}
{"at":1790862981,"error":null,"ok":true,"peer":{"gid":975,"pid":1937215,"uid":983},"request":{"app":"5101","generation":"4","store":"612ec0318fb4b450","verb":"install-unit"}}
{"at":1790862983,"error":null,"ok":true,"peer":{"gid":975,"pid":1937215,"uid":983},"request":{"app":"5101","importSha256":null,"store":"612ec0318fb4b450","verb":"mount-volume","volumeId":"ea93bf6e9c2533b4dc0ceafe1df580b654ffe01fb811a7196893c1d308518c58"}}
{"at":1790863065,"error":null,"ok":true,"peer":{"gid":975,"pid":1957086,"uid":983},"request":{"app":"4701","importSha256":null,"store":"e51dbc0601d0cb0b","verb":"mount-volume","volumeId":"e7262e998ef062bf66c4104fe354b4b81175bdba2024bfe65aa23964cffe52b5"}}
{"at":1790863066,"error":null,"ok":true,"peer":{"gid":975,"pid":1957086,"uid":983},"request":{"app":"4701","generation":"6","store":"e51dbc0601d0cb0b","verb":"install-unit"}}
{"at":1790863067,"error":null,"ok":true,"peer":{"gid":975,"pid":1957086,"uid":983},"request":{"unit":"mini-spk-a4701-g6.service","verb":"start"}}
{"at":1790863396,"error":null,"ok":true,"peer":{"gid":975,"pid":2026880,"uid":983},"request":{"app":"5901","generation":"2","store":"e7da5f205a227d90","verb":"install-unit"}}
{"at":1790863396,"error":null,"ok":true,"peer":{"gid":975,"pid":2026880,"uid":983},"request":{"app":"5901","importSha256":null,"store":"e7da5f205a227d90","verb":"mount-volume","volumeId":"1e95a22dc9c84842bb8746861faed0ce21fb9956a8ec84d3a627c228e51bf87a"}}
{"at":1790863484,"error":null,"ok":true,"peer":{"gid":975,"pid":2045673,"uid":983},"request":{"app":"5701","generation":"2","store":"50d4984b209d2345","verb":"install-unit"}}
{"at":1790863485,"error":null,"ok":true,"peer":{"gid":975,"pid":2045673,"uid":983},"request":{"app":"5701","importSha256":null,"store":"50d4984b209d2345","verb":"mount-volume","volumeId":"f66b92a0dcfc288087080e533b0b68b590460480fe9a7aec7b11d796f2584d6d"}}
{"at":1790863497,"error":null,"ok":true,"peer":{"gid":975,"pid":2049512,"uid":983},"request":{"app":"5801","generation":"2","store":"7101fc63619537e0","verb":"install-unit"}}
{"at":1790863498,"error":null,"ok":true,"peer":{"gid":975,"pid":2049512,"uid":983},"request":{"app":"5801","importSha256":null,"store":"7101fc63619537e0","verb":"mount-volume","volumeId":"e83575f4b1bdae39a8971a5b66c3aad1695496a926b4c1278fd0ecce89c01836"}}
{"at":1790863952,"error":null,"ok":true,"peer":{"gid":975,"pid":2026880,"uid":983},"request":{"unit":"mini-spk-a5901-g2.service","verb":"stop"}}
{"at":1790864039,"error":null,"ok":true,"peer":{"gid":975,"pid":2049512,"uid":983},"request":{"unit":"mini-spk-a5801-g2.service","verb":"stop"}}
{"at":1790864069,"error":null,"ok":true,"peer":{"gid":975,"pid":2045673,"uid":983},"request":{"unit":"mini-spk-a5701-g2.service","verb":"stop"}}
{"event":"listening","grainsRoot":"/var/lib/minidregg/grains/spk-apps-root","operator":"mini-spk-robust","socket":"/run/mini-spk-broker.sock","unitPrefix":"mini-spk-apps"}
{"at":1790864177,"error":null,"ok":true,"peer":{"gid":975,"pid":2386998,"uid":983},"request":{"app":"4801","importSha256":null,"store":"6e3379e7a4d49488","verb":"mount-volume","volumeId":"356127215d119c65bb36e3740842cb948c3a9d08b85b8f6ffa12c2c4d313e02c"}}
{"at":1790864178,"error":null,"ok":true,"peer":{"gid":975,"pid":2386981,"uid":983},"request":{"app":"4501","importSha256":null,"store":"a2492b849c17cc73","verb":"mount-volume","volumeId":"4259f91182b11f315c0c9f70b5a9e1c7aee6b6d2af66876bb752c8e13d248717"}}
{"at":1790864179,"error":null,"ok":true,"peer":{"gid":975,"pid":2386998,"uid":983},"request":{"app":"4801","generation":"6","store":"6e3379e7a4d49488","verb":"install-unit"}}
{"at":1790864180,"error":null,"ok":true,"peer":{"gid":975,"pid":2386981,"uid":983},"request":{"app":"4501","generation":"6","store":"a2492b849c17cc73","verb":"install-unit"}}
{"at":1790864180,"error":null,"ok":true,"peer":{"gid":975,"pid":2386998,"uid":983},"request":{"unit":"mini-spk-a4801-g6.service","verb":"start"}}
{"at":1790864180,"error":null,"ok":true,"peer":{"gid":975,"pid":2386981,"uid":983},"request":{"unit":"mini-spk-a4501-g6.service","verb":"start"}}
{"at":1790864342,"error":null,"ok":true,"peer":{"gid":975,"pid":1937215,"uid":983},"request":{"unit":"mini-spk-a5101-g4.service","verb":"stop"}}
{"at":1790864713,"error":null,"ok":true,"peer":{"gid":975,"pid":2508499,"uid":983},"request":{"app":"5901","importSha256":null,"store":"e7da5f205a227d90","verb":"mount-volume","volumeId":"1e95a22dc9c84842bb8746861faed0ce21fb9956a8ec84d3a627c228e51bf87a"}}
{"at":1790864714,"error":null,"ok":true,"peer":{"gid":975,"pid":2508499,"uid":983},"request":{"app":"5901","generation":"4","store":"e7da5f205a227d90","verb":"install-unit"}}
{"at":1790864714,"error":null,"ok":true,"peer":{"gid":975,"pid":2508499,"uid":983},"request":{"unit":"mini-spk-a5901-g4.service","verb":"start"}}
{"at":1790864784,"error":null,"ok":true,"peer":{"gid":975,"pid":2522660,"uid":983},"request":{"app":"5801","importSha256":null,"store":"7101fc63619537e0","verb":"mount-volume","volumeId":"e83575f4b1bdae39a8971a5b66c3aad1695496a926b4c1278fd0ecce89c01836"}}
{"at":1790864785,"error":null,"ok":true,"peer":{"gid":975,"pid":2522660,"uid":983},"request":{"app":"5801","generation":"4","store":"7101fc63619537e0","verb":"install-unit"}}
{"at":1790864785,"error":null,"ok":true,"peer":{"gid":975,"pid":2522660,"uid":983},"request":{"unit":"mini-spk-a5801-g4.service","verb":"start"}}
{"at":1790864804,"error":null,"ok":true,"peer":{"gid":975,"pid":2527981,"uid":983},"request":{"app":"5701","importSha256":null,"store":"50d4984b209d2345","verb":"mount-volume","volumeId":"f66b92a0dcfc288087080e533b0b68b590460480fe9a7aec7b11d796f2584d6d"}}
{"at":1790864805,"error":null,"ok":true,"peer":{"gid":975,"pid":2527981,"uid":983},"request":{"app":"5701","generation":"4","store":"50d4984b209d2345","verb":"install-unit"}}
{"at":1790864805,"error":null,"ok":true,"peer":{"gid":975,"pid":2527981,"uid":983},"request":{"unit":"mini-spk-a5701-g4.service","verb":"start"}}
{"at":1790866045,"error":null,"ok":true,"peer":{"gid":975,"pid":3547952,"uid":983},"request":{"app":"5101","store":"612ec0318fb4b450","verb":"export-volume"}}
{"at":1790866047,"error":null,"ok":true,"peer":{"gid":975,"pid":3550342,"uid":983},"request":{"app":"5101","importSha256":null,"store":"612ec0318fb4b450","verb":"mount-volume","volumeId":"ea93bf6e9c2533b4dc0ceafe1df580b654ffe01fb811a7196893c1d308518c58"}}
{"at":1790866048,"error":null,"ok":true,"peer":{"gid":975,"pid":3550342,"uid":983},"request":{"app":"5101","generation":"6","store":"612ec0318fb4b450","verb":"install-unit"}}
{"at":1790866048,"error":null,"ok":true,"peer":{"gid":975,"pid":3550342,"uid":983},"request":{"unit":"mini-spk-a5101-g6.service","verb":"start"}}
{"at":1790866308,"error":null,"ok":true,"peer":{"gid":975,"pid":3627314,"uid":983},"request":{"store":"74fe35db1a217890","verb":"init-store"}}
{"at":1790866318,"error":null,"ok":true,"peer":{"gid":975,"pid":3629141,"uid":983},"request":{"store":"d7179650bbdd41f0","verb":"init-store"}}
{"at":1790866318,"error":null,"ok":true,"peer":{"gid":975,"pid":3629183,"uid":983},"request":{"store":"4fb128cf1ec8d624","verb":"init-store"}}
{"at":1790866380,"error":"app UID pool exhausted","ok":false,"peer":{"gid":975,"pid":3636118,"uid":983},"request":{"app":"2201","store":"74fe35db1a217890","verb":"place"}}
{"at":1790866390,"error":"app UID pool exhausted","ok":false,"peer":{"gid":975,"pid":3637372,"uid":983},"request":{"app":"2301","store":"4fb128cf1ec8d624","verb":"place"}}
{"at":1790866398,"error":"app UID pool exhausted","ok":false,"peer":{"gid":975,"pid":3637181,"uid":983},"request":{"app":"2401","store":"d7179650bbdd41f0","verb":"place"}}
{"event":"listening","grainsRoot":"/var/lib/minidregg/grains/spk-apps-root","operator":"mini-spk-robust","socket":"/run/mini-spk-broker.sock","unitPrefix":"mini-spk-apps"}
{"event":"listening","grainsRoot":"/var/lib/minidregg/grains/spk-apps-root","operator":"mini-spk-robust","socket":"/run/mini-spk-broker.sock","unitPrefix":"mini-spk-apps"}
{"at":1790866966,"error":null,"ok":true,"peer":{"gid":975,"pid":133793,"uid":983},"request":{"app":"2301","store":"4fb128cf1ec8d624","verb":"place"}}
{"at":1790866966,"error":null,"ok":true,"peer":{"gid":975,"pid":133793,"uid":983},"request":{"app":"2301","class":"M","store":"4fb128cf1ec8d624","verb":"set-cgroup"}}
{"at":1790866966,"error":null,"ok":true,"peer":{"gid":975,"pid":133919,"uid":983},"request":{"app":"2201","store":"74fe35db1a217890","verb":"place"}}
{"at":1790866967,"error":null,"ok":true,"peer":{"gid":975,"pid":133919,"uid":983},"request":{"app":"2201","class":"M","store":"74fe35db1a217890","verb":"set-cgroup"}}
{"at":1790866967,"error":null,"ok":true,"peer":{"gid":975,"pid":134201,"uid":983},"request":{"app":"2401","store":"d7179650bbdd41f0","verb":"place"}}
{"at":1790866968,"error":null,"ok":true,"peer":{"gid":975,"pid":134201,"uid":983},"request":{"app":"2401","class":"L","store":"d7179650bbdd41f0","verb":"set-cgroup"}}
{"at":1790867133,"error":null,"ok":true,"peer":{"gid":975,"pid":170698,"uid":983},"request":{"store":"ea6119bd7fd556fb","verb":"init-store"}}
{"at":1790867137,"error":null,"ok":true,"peer":{"gid":975,"pid":172653,"uid":983},"request":{"store":"92587e7c1bba6642","verb":"init-store"}}
{"at":1790867216,"error":null,"ok":true,"peer":{"gid":975,"pid":133919,"uid":983},"request":{"app":"2201","sha256":"4e32f38d64f000bcfbb19a6a1b6926f8e54d4addf764b152db59fcae6a47cfbe","store":"74fe35db1a217890","verb":"ingest"}}
{"at":1790867216,"error":null,"ok":true,"peer":{"gid":975,"pid":181832,"uid":983},"request":{"app":"2601","store":"ea6119bd7fd556fb","verb":"place"}}
{"at":1790867217,"error":null,"ok":true,"peer":{"gid":975,"pid":181832,"uid":983},"request":{"app":"2601","class":"S","store":"ea6119bd7fd556fb","verb":"set-cgroup"}}
{"at":1790867218,"error":null,"ok":true,"peer":{"gid":975,"pid":181177,"uid":983},"request":{"app":"2501","store":"92587e7c1bba6642","verb":"place"}}
{"at":1790867219,"error":null,"ok":true,"peer":{"gid":975,"pid":181177,"uid":983},"request":{"app":"2501","class":"M","store":"92587e7c1bba6642","verb":"set-cgroup"}}
{"at":1790867347,"error":null,"ok":true,"peer":{"gid":975,"pid":224002,"uid":983},"request":{"store":"78861006e8f92e52","verb":"init-store"}}
{"at":1790867359,"error":null,"ok":true,"peer":{"gid":975,"pid":133793,"uid":983},"request":{"app":"2301","importSha256":null,"store":"4fb128cf1ec8d624","verb":"mount-volume","volumeId":"9be2ce95f9183e7274940fe175ae7ad46b86e804956a117a076b7ad68705c41c"}}
{"at":1790867425,"error":null,"ok":true,"peer":{"gid":975,"pid":134201,"uid":983},"request":{"app":"2401","importSha256":null,"store":"d7179650bbdd41f0","verb":"mount-volume","volumeId":"36d4a188eee7b2385ff0479d88be6a4fe2c31420f617034416c0c4e21958ba9d"}}
{"at":1790867437,"error":null,"ok":true,"peer":{"gid":975,"pid":233997,"uid":983},"request":{"app":"5101","store":"78861006e8f92e52","verb":"place"}}
{"at":1790867438,"error":null,"ok":true,"peer":{"gid":975,"pid":233997,"uid":983},"request":{"app":"5101","class":"S","store":"78861006e8f92e52","verb":"set-cgroup"}}
{"at":1790867457,"error":null,"ok":true,"peer":{"gid":975,"pid":133919,"uid":983},"request":{"app":"2201","importSha256":null,"store":"74fe35db1a217890","verb":"mount-volume","volumeId":"738f929f9244ccba685050a2a6724f6a28c6b7eec7cc024968f29d3c2ad3ece3"}}
{"at":1790867613,"error":null,"ok":true,"peer":{"gid":975,"pid":181177,"uid":983},"request":{"app":"2501","importSha256":null,"store":"92587e7c1bba6642","verb":"mount-volume","volumeId":"8119384ce54ec861d376df7fed5a7284d37f4c63d5676f1119ffa5c63a838d7d"}}
{"at":1790867626,"error":null,"ok":true,"peer":{"gid":975,"pid":181832,"uid":983},"request":{"app":"2601","importSha256":null,"store":"ea6119bd7fd556fb","verb":"mount-volume","volumeId":"047506edd2b35d5e6efb3bdc962b7c12ca211d33df8a7a10ca11bd9963e01a4e"}}
{"at":1790867671,"error":null,"ok":true,"peer":{"gid":975,"pid":310107,"uid":983},"request":{"app":"2301","importSha256":null,"store":"4fb128cf1ec8d624","verb":"mount-volume","volumeId":"9be2ce95f9183e7274940fe175ae7ad46b86e804956a117a076b7ad68705c41c"}}
{"at":1790867672,"error":null,"ok":true,"peer":{"gid":975,"pid":310107,"uid":983},"request":{"app":"2301","generation":"2","store":"4fb128cf1ec8d624","verb":"install-unit"}}
{"at":1790867672,"error":null,"ok":true,"peer":{"gid":975,"pid":310107,"uid":983},"request":{"unit":"mini-spk-a2301-g2.service","verb":"start"}}
{"at":1790867731,"error":null,"ok":true,"peer":{"gid":975,"pid":325684,"uid":983},"request":{"app":"2201","importSha256":null,"store":"74fe35db1a217890","verb":"mount-volume","volumeId":"738f929f9244ccba685050a2a6724f6a28c6b7eec7cc024968f29d3c2ad3ece3"}}
{"at":1790867732,"error":null,"ok":true,"peer":{"gid":975,"pid":325684,"uid":983},"request":{"app":"2201","generation":"2","store":"74fe35db1a217890","verb":"install-unit"}}
{"at":1790867732,"error":null,"ok":true,"peer":{"gid":975,"pid":325684,"uid":983},"request":{"unit":"mini-spk-a2201-g2.service","verb":"start"}}
{"at":1790867737,"error":null,"ok":true,"peer":{"gid":975,"pid":327070,"uid":983},"request":{"app":"2401","importSha256":null,"store":"d7179650bbdd41f0","verb":"mount-volume","volumeId":"36d4a188eee7b2385ff0479d88be6a4fe2c31420f617034416c0c4e21958ba9d"}}
{"at":1790867738,"error":null,"ok":true,"peer":{"gid":975,"pid":327070,"uid":983},"request":{"app":"2401","generation":"2","store":"d7179650bbdd41f0","verb":"install-unit"}}
{"at":1790867738,"error":null,"ok":true,"peer":{"gid":975,"pid":327070,"uid":983},"request":{"unit":"mini-spk-a2401-g2.service","verb":"start"}}
{"at":1790867844,"error":null,"ok":true,"peer":{"gid":975,"pid":233997,"uid":983},"request":{"app":"5101","importSha256":"f989b82e71b88d47adb4471014a9b4ce8b85f2d015cd07a441f390666e27de42","store":"78861006e8f92e52","verb":"mount-volume","volumeId":"ea93bf6e9c2533b4dc0ceafe1df580b654ffe01fb811a7196893c1d308518c58"}}
{"at":1790867919,"error":null,"ok":true,"peer":{"gid":975,"pid":713834,"uid":983},"request":{"app":"2601","importSha256":null,"store":"ea6119bd7fd556fb","verb":"mount-volume","volumeId":"047506edd2b35d5e6efb3bdc962b7c12ca211d33df8a7a10ca11bd9963e01a4e"}}
{"at":1790867920,"error":null,"ok":true,"peer":{"gid":975,"pid":713834,"uid":983},"request":{"app":"2601","generation":"2","store":"ea6119bd7fd556fb","verb":"install-unit"}}
{"at":1790867920,"error":null,"ok":true,"peer":{"gid":975,"pid":713834,"uid":983},"request":{"unit":"mini-spk-a2601-g2.service","verb":"start"}}
{"at":1790867924,"error":null,"ok":true,"peer":{"gid":975,"pid":726179,"uid":983},"request":{"app":"2501","importSha256":null,"store":"92587e7c1bba6642","verb":"mount-volume","volumeId":"8119384ce54ec861d376df7fed5a7284d37f4c63d5676f1119ffa5c63a838d7d"}}
{"at":1790867924,"error":null,"ok":true,"peer":{"gid":975,"pid":726179,"uid":983},"request":{"app":"2501","generation":"2","store":"92587e7c1bba6642","verb":"install-unit"}}
{"at":1790867924,"error":null,"ok":true,"peer":{"gid":975,"pid":726179,"uid":983},"request":{"unit":"mini-spk-a2501-g2.service","verb":"start"}}
{"at":1790868119,"error":null,"ok":true,"peer":{"gid":975,"pid":792319,"uid":983},"request":{"app":"5101","importSha256":null,"store":"78861006e8f92e52","verb":"mount-volume","volumeId":"ea93bf6e9c2533b4dc0ceafe1df580b654ffe01fb811a7196893c1d308518c58"}}
{"at":1790868119,"error":"unit mini-spk-a5101-g2.service belongs to store 612ec0318fb4b450; Mini's resident unit name carries no Store identity (K-SPK)","ok":false,"peer":{"gid":975,"pid":792319,"uid":983},"request":{"app":"5101","generation":"2","store":"78861006e8f92e52","verb":"install-unit"}}
{"at":1790868161,"error":null,"ok":true,"peer":{"gid":975,"pid":804704,"uid":983},"request":{"app":"5401","store":"78861006e8f92e52","verb":"place"}}
{"at":1790868162,"error":null,"ok":true,"peer":{"gid":975,"pid":804704,"uid":983},"request":{"app":"5401","class":"S","store":"78861006e8f92e52","verb":"set-cgroup"}}
{"at":1790868286,"error":null,"ok":true,"peer":{"gid":975,"pid":835742,"uid":983},"request":{"app":"2301","generation":"2","store":"4fb128cf1ec8d624","verb":"install-unit"}}
{"at":1790868286,"error":null,"ok":true,"peer":{"gid":975,"pid":835742,"uid":983},"request":{"app":"2301","importSha256":null,"store":"4fb128cf1ec8d624","verb":"mount-volume","volumeId":"9be2ce95f9183e7274940fe175ae7ad46b86e804956a117a076b7ad68705c41c"}}
{"at":1790868334,"error":null,"ok":true,"peer":{"gid":975,"pid":847251,"uid":983},"request":{"app":"2201","generation":"2","store":"74fe35db1a217890","verb":"install-unit"}}
{"at":1790868335,"error":null,"ok":true,"peer":{"gid":975,"pid":847251,"uid":983},"request":{"app":"2201","importSha256":null,"store":"74fe35db1a217890","verb":"mount-volume","volumeId":"738f929f9244ccba685050a2a6724f6a28c6b7eec7cc024968f29d3c2ad3ece3"}}
{"at":1790868394,"error":null,"ok":true,"peer":{"gid":975,"pid":863200,"uid":983},"request":{"app":"2401","generation":"2","store":"d7179650bbdd41f0","verb":"install-unit"}}
{"at":1790868395,"error":null,"ok":true,"peer":{"gid":975,"pid":863200,"uid":983},"request":{"app":"2401","importSha256":null,"store":"d7179650bbdd41f0","verb":"mount-volume","volumeId":"36d4a188eee7b2385ff0479d88be6a4fe2c31420f617034416c0c4e21958ba9d"}}
{"at":1790868506,"error":null,"ok":true,"peer":{"gid":975,"pid":886496,"uid":983},"request":{"app":"2601","generation":"2","store":"ea6119bd7fd556fb","verb":"install-unit"}}
{"at":1790868507,"error":null,"ok":true,"peer":{"gid":975,"pid":886496,"uid":983},"request":{"app":"2601","importSha256":null,"store":"ea6119bd7fd556fb","verb":"mount-volume","volumeId":"047506edd2b35d5e6efb3bdc962b7c12ca211d33df8a7a10ca11bd9963e01a4e"}}
{"at":1790868528,"error":null,"ok":true,"peer":{"gid":975,"pid":891404,"uid":983},"request":{"app":"2501","generation":"2","store":"92587e7c1bba6642","verb":"install-unit"}}
{"at":1790868528,"error":null,"ok":true,"peer":{"gid":975,"pid":891404,"uid":983},"request":{"app":"2501","importSha256":null,"store":"92587e7c1bba6642","verb":"mount-volume","volumeId":"8119384ce54ec861d376df7fed5a7284d37f4c63d5676f1119ffa5c63a838d7d"}}
{"at":1790868807,"error":null,"ok":true,"peer":{"gid":975,"pid":804704,"uid":983},"request":{"app":"5401","importSha256":"f989b82e71b88d47adb4471014a9b4ce8b85f2d015cd07a441f390666e27de42","store":"78861006e8f92e52","verb":"mount-volume","volumeId":"ace463cfb16548dc5cea38fe095e624648aa7e21c49e7d56767434afb65263b1"}}
{"at":1790868859,"error":null,"ok":true,"peer":{"gid":975,"pid":835742,"uid":983},"request":{"unit":"mini-spk-a2301-g2.service","verb":"stop"}}
{"at":1790868889,"error":null,"ok":true,"peer":{"gid":975,"pid":847251,"uid":983},"request":{"unit":"mini-spk-a2201-g2.service","verb":"stop"}}
{"event":"listening","grainsRoot":"/var/lib/minidregg/grains/spk-apps-root","operator":"mini-spk-robust","socket":"/run/mini-spk-broker.sock","unitPrefix":"mini-spk-apps"}
{"at":1790868992,"error":null,"ok":true,"peer":{"gid":975,"pid":987321,"uid":983},"request":{"store":"0ef6514406a6eb6c","verb":"init-store"}}
{"at":1790869062,"error":null,"ok":true,"peer":{"gid":975,"pid":891404,"uid":983},"request":{"unit":"mini-spk-a2501-g2.service","verb":"stop"}}
{"at":1790869069,"error":null,"ok":true,"peer":{"gid":975,"pid":886496,"uid":983},"request":{"unit":"mini-spk-a2601-g2.service","verb":"stop"}}
{"at":1790869079,"error":null,"ok":true,"peer":{"gid":975,"pid":994572,"uid":983},"request":{"app":"5601","store":"0ef6514406a6eb6c","verb":"place"}}
{"at":1790869080,"error":null,"ok":true,"peer":{"gid":975,"pid":994572,"uid":983},"request":{"app":"5601","class":"S","store":"0ef6514406a6eb6c","verb":"set-cgroup"}}
{"at":1790869183,"error":null,"ok":true,"peer":{"gid":975,"pid":1028097,"uid":983},"request":{"store":"b25fca843f1546dd","verb":"init-store"}}
{"at":1790869269,"error":null,"ok":true,"peer":{"gid":975,"pid":1037770,"uid":983},"request":{"app":"2701","store":"b25fca843f1546dd","verb":"place"}}
{"at":1790869270,"error":null,"ok":true,"peer":{"gid":975,"pid":1037770,"uid":983},"request":{"app":"2701","class":"S","store":"b25fca843f1546dd","verb":"set-cgroup"}}
{"at":1790869476,"error":null,"ok":true,"peer":{"gid":975,"pid":994572,"uid":983},"request":{"app":"5601","importSha256":"f989b82e71b88d47adb4471014a9b4ce8b85f2d015cd07a441f390666e27de42","store":"0ef6514406a6eb6c","verb":"mount-volume","volumeId":"dfee81473044de06528a94dfe1b0e60e3ef4dda3fc9d975a25457da340120340"}}
{"at":1790869565,"error":null,"ok":true,"peer":{"gid":975,"pid":1303718,"uid":983},"request":{"app":"2401","generation":"2","store":"d7179650bbdd41f0","verb":"install-unit"}}
{"at":1790869565,"error":null,"ok":true,"peer":{"gid":975,"pid":1303718,"uid":983},"request":{"app":"2401","importSha256":null,"store":"d7179650bbdd41f0","verb":"mount-volume","volumeId":"36d4a188eee7b2385ff0479d88be6a4fe2c31420f617034416c0c4e21958ba9d"}}
{"at":1790869627,"error":null,"ok":true,"peer":{"gid":975,"pid":1320469,"uid":983},"request":{"app":"2301","importSha256":null,"store":"4fb128cf1ec8d624","verb":"mount-volume","volumeId":"9be2ce95f9183e7274940fe175ae7ad46b86e804956a117a076b7ad68705c41c"}}
{"at":1790869628,"error":null,"ok":true,"peer":{"gid":975,"pid":1320469,"uid":983},"request":{"app":"2301","generation":"4","store":"4fb128cf1ec8d624","verb":"install-unit"}}
{"at":1790869628,"error":null,"ok":true,"peer":{"gid":975,"pid":1320469,"uid":983},"request":{"unit":"mini-spk-a2301-g4.service","verb":"start"}}
{"at":1790869648,"error":null,"ok":true,"peer":{"gid":975,"pid":1037770,"uid":983},"request":{"app":"2701","importSha256":null,"store":"b25fca843f1546dd","verb":"mount-volume","volumeId":"7fe67f51bde74c91bfd3fb69a5c2d4c63988947216e597b38e951548079ca60e"}}
{"at":1790869697,"error":null,"ok":true,"peer":{"gid":975,"pid":1340164,"uid":983},"request":{"app":"2201","importSha256":null,"store":"74fe35db1a217890","verb":"mount-volume","volumeId":"738f929f9244ccba685050a2a6724f6a28c6b7eec7cc024968f29d3c2ad3ece3"}}
{"at":1790869698,"error":null,"ok":true,"peer":{"gid":975,"pid":1340164,"uid":983},"request":{"app":"2201","generation":"4","store":"74fe35db1a217890","verb":"install-unit"}}
{"at":1790869698,"error":null,"ok":true,"peer":{"gid":975,"pid":1340164,"uid":983},"request":{"unit":"mini-spk-a2201-g4.service","verb":"start"}}
{"at":1790869761,"error":null,"ok":true,"peer":{"gid":975,"pid":1442349,"uid":983},"request":{"app":"5601","importSha256":null,"store":"0ef6514406a6eb6c","verb":"mount-volume","volumeId":"dfee81473044de06528a94dfe1b0e60e3ef4dda3fc9d975a25457da340120340"}}
{"at":1790869762,"error":null,"ok":true,"peer":{"gid":975,"pid":1442349,"uid":983},"request":{"app":"5601","generation":"2","store":"0ef6514406a6eb6c","verb":"install-unit"}}
{"at":1790869762,"error":null,"ok":true,"peer":{"gid":975,"pid":1442349,"uid":983},"request":{"unit":"mini-spk-a5601-g2.service","verb":"start"}}
{"at":1790869868,"error":null,"ok":true,"peer":{"gid":975,"pid":1560807,"uid":983},"request":{"app":"2601","importSha256":null,"store":"ea6119bd7fd556fb","verb":"mount-volume","volumeId":"047506edd2b35d5e6efb3bdc962b7c12ca211d33df8a7a10ca11bd9963e01a4e"}}
{"at":1790869869,"error":null,"ok":true,"peer":{"gid":975,"pid":1560807,"uid":983},"request":{"app":"2601","generation":"4","store":"ea6119bd7fd556fb","verb":"install-unit"}}
{"at":1790869870,"error":null,"ok":true,"peer":{"gid":975,"pid":1560807,"uid":983},"request":{"unit":"mini-spk-a2601-g4.service","verb":"start"}}
{"at":1790869884,"error":null,"ok":true,"peer":{"gid":975,"pid":1565173,"uid":983},"request":{"app":"2501","importSha256":null,"store":"92587e7c1bba6642","verb":"mount-volume","volumeId":"8119384ce54ec861d376df7fed5a7284d37f4c63d5676f1119ffa5c63a838d7d"}}
{"at":1790869885,"error":null,"ok":true,"peer":{"gid":975,"pid":1565173,"uid":983},"request":{"app":"2501","generation":"4","store":"92587e7c1bba6642","verb":"install-unit"}}
{"at":1790869885,"error":null,"ok":true,"peer":{"gid":975,"pid":1565173,"uid":983},"request":{"unit":"mini-spk-a2501-g4.service","verb":"start"}}
{"at":1790869951,"error":null,"ok":true,"peer":{"gid":975,"pid":1581862,"uid":983},"request":{"app":"2701","importSha256":null,"store":"b25fca843f1546dd","verb":"mount-volume","volumeId":"7fe67f51bde74c91bfd3fb69a5c2d4c63988947216e597b38e951548079ca60e"}}
{"at":1790869951,"error":null,"ok":true,"peer":{"gid":975,"pid":1581862,"uid":983},"request":{"app":"2701","generation":"2","store":"b25fca843f1546dd","verb":"install-unit"}}
{"at":1790869952,"error":null,"ok":true,"peer":{"gid":975,"pid":1581862,"uid":983},"request":{"unit":"mini-spk-a2701-g2.service","verb":"start"}}
{"at":1790870336,"error":null,"ok":true,"peer":{"gid":975,"pid":1671879,"uid":983},"request":{"app":"5201","store":"0ef6514406a6eb6c","verb":"place"}}
{"at":1790870337,"error":null,"ok":true,"peer":{"gid":975,"pid":1671879,"uid":983},"request":{"app":"5201","class":"M","store":"0ef6514406a6eb6c","verb":"set-cgroup"}}
{"at":1790870537,"error":null,"ok":true,"peer":{"gid":975,"pid":1898590,"uid":983},"request":{"app":"2701","generation":"2","store":"b25fca843f1546dd","verb":"install-unit"}}
{"at":1790870538,"error":null,"ok":true,"peer":{"gid":975,"pid":1898590,"uid":983},"request":{"app":"2701","importSha256":null,"store":"b25fca843f1546dd","verb":"mount-volume","volumeId":"7fe67f51bde74c91bfd3fb69a5c2d4c63988947216e597b38e951548079ca60e"}}
{"at":1790870829,"error":null,"ok":true,"peer":{"gid":975,"pid":1964994,"uid":983},"request":{"app":"2401","importSha256":null,"store":"d7179650bbdd41f0","verb":"mount-volume","volumeId":"36d4a188eee7b2385ff0479d88be6a4fe2c31420f617034416c0c4e21958ba9d"}}
{"at":1790870829,"error":null,"ok":true,"peer":{"gid":975,"pid":1964994,"uid":983},"request":{"app":"2401","generation":"4","store":"d7179650bbdd41f0","verb":"install-unit"}}
{"at":1790870829,"error":null,"ok":true,"peer":{"gid":975,"pid":1964994,"uid":983},"request":{"unit":"mini-spk-a2401-g4.service","verb":"start"}}
{"at":1790871086,"error":null,"ok":true,"peer":{"gid":975,"pid":1898590,"uid":983},"request":{"unit":"mini-spk-a2701-g2.service","verb":"stop"}}
{"at":1790871087,"error":null,"ok":true,"peer":{"gid":975,"pid":1671879,"uid":983},"request":{"app":"5201","importSha256":null,"store":"0ef6514406a6eb6c","verb":"mount-volume","volumeId":"d56bcef293f663669423844ca18389fae6f29d252bca1960b6c1885bb7c0eceb"}}
{"at":1790871721,"error":null,"ok":true,"peer":{"gid":975,"pid":2166547,"uid":983},"request":{"app":"2701","importSha256":null,"store":"b25fca843f1546dd","verb":"mount-volume","volumeId":"7fe67f51bde74c91bfd3fb69a5c2d4c63988947216e597b38e951548079ca60e"}}
{"at":1790871722,"error":null,"ok":true,"peer":{"gid":975,"pid":2166547,"uid":983},"request":{"app":"2701","generation":"4","store":"b25fca843f1546dd","verb":"install-unit"}}
{"at":1790871722,"error":null,"ok":true,"peer":{"gid":975,"pid":2166547,"uid":983},"request":{"unit":"mini-spk-a2701-g4.service","verb":"start"}}
{"at":1790871763,"error":null,"ok":true,"peer":{"gid":975,"pid":2175162,"uid":983},"request":{"app":"5201","importSha256":null,"store":"0ef6514406a6eb6c","verb":"mount-volume","volumeId":"d56bcef293f663669423844ca18389fae6f29d252bca1960b6c1885bb7c0eceb"}}
{"at":1790871763,"error":null,"ok":true,"peer":{"gid":975,"pid":2175162,"uid":983},"request":{"app":"5201","generation":"2","store":"0ef6514406a6eb6c","verb":"install-unit"}}
{"at":1790871764,"error":null,"ok":true,"peer":{"gid":975,"pid":2175162,"uid":983},"request":{"unit":"mini-spk-a5201-g2.service","verb":"start"}}
