stdio-submit-ms=81341
same-session-lookup-ms=408
	Command being timed: "timeout 900 ../base/birth-stdio-probe /tank/dregg-build/minidregg-2721253-host/bin/minidregg-host-2721253-r1 config.json ../base/call.bin . host.stderr"
	User time (seconds): 77.55
	System time (seconds): 4.30
	Percent of CPU this job got: 100%
	Elapsed (wall clock) time (h:mm:ss or m:ss): 1:21.80
	Average shared text size (kbytes): 0
	Average unshared data size (kbytes): 0
	Average stack size (kbytes): 0
	Average total size (kbytes): 0
	Maximum resident set size (kbytes): 1900396
	Average resident set size (kbytes): 0
	Major (requiring I/O) page faults: 0
	Minor (reclaiming a frame) page faults: 1249931
	Voluntary context switches: 339
	Involuntary context switches: 645
	Swaps: 0
	File system inputs: 1147
	File system outputs: 0
	Socket messages sent: 0
	Socket messages received: 0
	Signals delivered: 0
	Page size (bytes): 4096
	Exit status: 0
