start_utc=2026-09-26T07:23:50Z
root=/private/tmp/minidregg-overnight-20260926-integrated
lean_threads=2
native_jobs=2
seat=/private/tmp/minidregg-overnight-20260926/lean-seat-1
lake-gate Minidregg start
lake-gate Minidregg PASS 1742s
lake-gate Host.Main:leanArts start
lake-gate Host.Main:leanArts PASS 16s
end_utc=2026-09-26T07:54:12Z
elapsed_seconds=1822
git_head=d0cc5cdd1f2bbad0d033fd8a6d01d9e1397722a3
root=/private/tmp/minidregg-overnight-20260926-integrated
lean=Lean (version 4.30.0, arm64-apple-darwin24.6.0, commit d024af099ca4bf2c86f649261ebf59565dc8c622, Release)
toolchain=/Users/ember/.elan/toolchains/leanprover--lean4---v4.30.0
native_target=Darwin:arm64
umbrella=1
lake_gate=lake build Minidregg
max_concurrent_real_lean=1
wrapper_invocations=238
compiled_source_modules=591
source_modules=162
package_modules=2933
response_objects=3095
usage_exit=1
binary=/private/tmp/minidregg-overnight-20260926/minidregg-host-initial
binary_sha256=edad4dad46dd1f7d0084ec881f046e281c2a134ebdadb8cf28843935b5933308
