run=E-20260809T195954-54645-hbox-8561296256df-lake
commit=8561296256df30209894b35df571d3c48b62c883
tree=ee8c0a9857066b206a7036ab906b5f5c798ea3dc
host_alias=hbox
remote_run=/tank/dregg-build/minidregg-checks/runs/run-8561296256df-ZG0DG977
command=lake build Compiler.BinaryTower256Profile Compiler.Tower256LogupAcceptedRun Compiler.SparseAuthenticatedStateLogupBridge 
resolved_executable=/home/hbox/.elan/bin/lake
ℹ [2947/3003] Built Compiler.Signature (4.0s)
info: Compiler/Signature.lean:426:0: Minidregg.Compiler.N3_opaque_payloads_forbid_second_reading : Prop
ℹ [2948/3003] Built Loom.Rbr (4.7s)
info: Loom/Rbr.lean:465:0: Minidregg.Loom.OB2_depth_composition : Prop
✔ [2949/3003] Built Theory.BinaryTower (5.2s)
✔ [2950/3003] Built Theory.PrivacyProfile (6.3s)
ℹ [2951/3003] Built Theory.Bignum (6.0s)
info: Theory/Bignum.lean:354:0: 'Minidregg.Theory.Bignum.denoteInt_eq_natCast' depends on axioms: [propext]
info: Theory/Bignum.lean:355:0: 'Minidregg.Theory.Bignum.denoteNat_lt_pow' depends on axioms: [propext, Classical.choice, Quot.sound]
info: Theory/Bignum.lean:356:0: 'Minidregg.Theory.Bignum.denoteNat_digitsLE' depends on axioms: [propext, Quot.sound]
info: Theory/Bignum.lean:357:0: 'Minidregg.Theory.Bignum.denoteInt_digitsLE' depends on axioms: [propext, Quot.sound]
info: Theory/Bignum.lean:358:0: 'Minidregg.Theory.Bignum.digitsLE_denoteNat' depends on axioms: [propext]
info: Theory/Bignum.lean:359:0: 'Minidregg.Theory.Bignum.denoteNat_injective' depends on axioms: [propext]
info: Theory/Bignum.lean:360:0: 'Minidregg.Theory.Bignum.denoteInt_injective' depends on axioms: [propext]
info: Theory/Bignum.lean:361:0: 'Minidregg.Theory.Bignum.Limbs.toFin_ofFin' depends on axioms: [propext, Classical.choice, Quot.sound]
info: Theory/Bignum.lean:362:0: 'Minidregg.Theory.Bignum.Limbs.ofFin_toFin' depends on axioms: [propext, Classical.choice, Quot.sound]
info: Theory/Bignum.lean:363:0: 'Minidregg.Theory.Bignum.Limbs.toNat_ofBounded' depends on axioms: [propext, Quot.sound]
info: Theory/Bignum.lean:364:0: 'Minidregg.Theory.Bignum.bits_248_fit_nine_radix_2013265921_limbs' depends on axioms: [propext,
 Classical.choice,
 Quot.sound]
✔ [2952/3003] Built Theory.IndexedProgram (7.7s)
✔ [2953/3003] Built Theory.ReactiveReceipt (8.5s)
✔ [2954/3003] Built Compiler.TranscriptController (8.9s)
✔ [2955/3003] Built Compiler.Air (5.1s)
✔ [2956/3003] Built Loom.CorrelatedAgreement (9.7s)
✔ [2957/3003] Built Theory.TypedAuthorization (9.8s)
✔ [2958/3003] Built Theory.BinaryTowerFanPaar (8.2s)
✔ [2959/3003] Built Loom.Depth (9.7s)
✔ [2960/3003] Built Theory.CrossModulus (8.2s)
✔ [2961/3003] Built Compiler.AirRange (6.9s)
✔ [2962/3003] Built Theory.GuardedAdvice (8.2s)
✔ [2963/3003] Built Theory.DisclosureDeclaration (8.0s)
✔ [2964/3003] Built Compiler.AirFlatten (7.8s)
✔ [2965/3003] Built Loom.ReedSolomon (7.3s)
⚠ [2966/3003] Built Kernel.SparseAuthenticatedState (8.8s)
warning: Kernel/SparseAuthenticatedState.lean:485:52: unused variable `store`

Note: This linter can be disabled with `set_option linter.unusedVariables false`
warning: Kernel/SparseAuthenticatedState.lean:662:38: This simp argument is unused:
  empty

Hint: Omit it from the simp argument list.
  simp [Op.Enabled, Op.apply, layout, e̵m̵p̵t̵y̵,̵ ̵Fresh, Store.set]

Note: This linter can be disabled with `set_option linter.unusedSimpArgs false`
info: Kernel/SparseAuthenticatedState.lean:673:0: 'Minidregg.Kernel.SparseAuthenticatedState.Store.set_ne' depends on axioms: [propext]
info: Kernel/SparseAuthenticatedState.lean:674:0: 'Minidregg.Kernel.SparseAuthenticatedState.Trace.run_frame' depends on axioms: [propext, Classical.choice, Quot.sound]
info: Kernel/SparseAuthenticatedState.lean:675:0: 'Minidregg.Kernel.SparseAuthenticatedState.Trace.mem_writeFootprint_iff' depends on axioms: [propext,
 Classical.choice,
 Quot.sound]
info: Kernel/SparseAuthenticatedState.lean:676:0: 'Minidregg.Kernel.SparseAuthenticatedState.Trace.BusRelation.rows_exact' does not depend on any axioms
info: Kernel/SparseAuthenticatedState.lean:677:0: 'Minidregg.Kernel.SparseAuthenticatedState.AcceptedExecution.changed_only_declared' depends on axioms: [propext,
 Classical.choice,
 Quot.sound]
info: Kernel/SparseAuthenticatedState.lean:678:0: 'Minidregg.Kernel.SparseAuthenticatedState.Example.duplicate_allocation_rejected' depends on axioms: [propext]
✔ [2967/3003] Built Theory.BinaryTowerTrace (5.7s)
⚠ [2968/3003] Built Theory.AuthorizationDeclaration (9.4s)
warning: Theory/AuthorizationDeclaration.lean:439:10: This simp argument is unused:
  hlookup

Hint: Omit it from the simp argument list.
  simp ̵[̵h̵l̵o̵o̵k̵u̵p̵]̵

Note: This linter can be disabled with `set_option linter.unusedSimpArgs false`
✔ [2969/3003] Built Compiler.AirHash (4.2s)
✔ [2970/3003] Built Loom.Sumcheck (3.9s)
✔ [2971/3003] Built Loom.ConstrainedCode (4.6s)
✔ [2972/3003] Built Theory.ReactiveController (6.8s)
✔ [2973/3003] Built Compiler.AirMembership (5.1s)
ℹ [2974/3003] Built Loom.LogupStar (4.5s)
info: Loom/LogupStar.lean:367:0: 'Minidregg.Loom.logup_pullback_pushforward' depends on axioms: [propext, Classical.choice, Quot.sound]
info: Loom/LogupStar.lean:368:0: 'Minidregg.Loom.logup_logDerivative_complete' depends on axioms: [propext, Classical.choice, Quot.sound]
info: Loom/LogupStar.lean:369:0: 'Minidregg.Loom.logupDefect_ne_zero_of_ne' depends on axioms: [propext, Classical.choice, Quot.sound]
info: Loom/LogupStar.lean:370:0: 'Minidregg.Loom.logup_wrong_rational_accept_prob_le' depends on axioms: [propext, Classical.choice, Quot.sound]
info: Loom/LogupStar.lean:371:0: 'Minidregg.Loom.LogupStarExample.wrong_rejected_at_two' depends on axioms: [propext, Classical.choice, Quot.sound]
✔ [2975/3003] Built Theory.EffectDeclaration (6.6s)
✔ [2976/3003] Built Loom.SumcheckReduction (4.9s)
✔ [2977/3003] Built Loom.Accumulator (5.6s)
⚠ [2978/3003] Built Compiler.SemanticManifest (9.3s)
warning: Compiler/SemanticManifest.lean:138:12: Used `tac1 <;> tac2` where `(tac1; tac2)` would suffice

Note: This linter can be disabled with `set_option linter.unnecessarySeqFocus false`
warning: Compiler/SemanticManifest.lean:153:12: Used `tac1 <;> tac2` where `(tac1; tac2)` would suffice

Note: This linter can be disabled with `set_option linter.unnecessarySeqFocus false`
warning: Compiler/SemanticManifest.lean:168:12: Used `tac1 <;> tac2` where `(tac1; tac2)` would suffice

Note: This linter can be disabled with `set_option linter.unnecessarySeqFocus false`
warning: Compiler/SemanticManifest.lean:234:15: Used `tac1 <;> tac2` where `(tac1; tac2)` would suffice

Note: This linter can be disabled with `set_option linter.unnecessarySeqFocus false`
warning: Compiler/SemanticManifest.lean:518:13: Used `tac1 <;> tac2` where `(tac1; tac2)` would suffice

Note: This linter can be disabled with `set_option linter.unnecessarySeqFocus false`
warning: Compiler/SemanticManifest.lean:553:14: Used `tac1 <;> tac2` where `(tac1; tac2)` would suffice

Note: This linter can be disabled with `set_option linter.unnecessarySeqFocus false`
✔ [2979/3003] Built Compiler.DeclaredEffectArtifact (3.1s)
✔ [2980/3003] Built Compiler.NoteSpend (4.4s)
✔ [2981/3003] Built Loom.Decider (2.9s)
✔ [2982/3003] Built Loom.MultilinearExtension (4.4s)
ℹ [2983/3003] Built Theory.BinaryTowerFanPaarCodec (12s)
info: Theory/BinaryTowerFanPaarCodec.lean:324:0: 'Minidregg.Theory.BinaryTowerFanPaarCodec.coordinateFieldEquiv' depends on axioms: [propext,
 Classical.choice,
 Quot.sound]
info: Theory/BinaryTowerFanPaarCodec.lean:325:0: 'Minidregg.Theory.BinaryTowerFanPaarCodec.decode_encode' depends on axioms: [propext, Classical.choice, Quot.sound]
info: Theory/BinaryTowerFanPaarCodec.lean:326:0: 'Minidregg.Theory.BinaryTowerFanPaarCodec.encode_injective' depends on axioms: [propext, Classical.choice, Quot.sound]
✔ [2984/3003] Built Loom.Commitment (2.9s)
✔ [2985/3003] Built Compiler.Emit (4.0s)
⚠ [2986/3003] Built Compiler.SemanticArtifactBundle (5.2s)
warning: Compiler/SemanticArtifactBundle.lean:297:17: Used `tac1 <;> tac2` where `(tac1; tac2)` would suffice

Note: This linter can be disabled with `set_option linter.unnecessarySeqFocus false`
ℹ [2987/3003] Built Loom.BinaryLookup (3.3s)
info: Loom/BinaryLookup.lean:158:0: 'Minidregg.Loom.binaryLookupEq_cubePt_eq_unitVector' depends on axioms: [propext, Classical.choice, Quot.sound]
info: Loom/BinaryLookup.lean:159:0: 'Minidregg.Loom.binaryTableDot_lookupEq_eq_mle' depends on axioms: [propext, Classical.choice, Quot.sound]
info: Loom/BinaryLookup.lean:160:0: 'Minidregg.Loom.BinaryLookupExample.boolean_sum_one_not_oneHot_charTwo' depends on axioms: [propext,
 Classical.choice,
 Quot.sound]
✔ [2988/3003] Built Theory.BinaryTowerCodec (3.8s)
⚠ [2989/3003] Built Loom.LogupIndexLink (2.5s)
warning: Loom/LogupIndexLink.lean:29:0: automatically included section variable(s) unused in theorem `Minidregg.Loom.canonicalIndexColumn_boolean`:
  [Fintype κ]
consider restructuring your `variable` declarations so that the variables are not in scope or explicitly omit them:
  omit [Fintype κ] in theorem ...

Note: This linter can be disabled with `set_option linter.unusedSectionVars false`
warning: Loom/LogupIndexLink.lean:41:0: automatically included section variable(s) unused in theorem `Minidregg.Loom.canonicalIndexPoint_eq`:
  [Fintype κ]
consider restructuring your `variable` declarations so that the variables are not in scope or explicitly omit them:
  omit [Fintype κ] in theorem ...

Note: This linter can be disabled with `set_option linter.unusedSectionVars false`
warning: Loom/LogupIndexLink.lean:48:0: automatically included section variable(s) unused in theorem `Minidregg.Loom.canonicalIncidence_eq_unitVector`:
  [Fintype κ]
consider restructuring your `variable` declarations so that the variables are not in scope or explicitly omit them:
  omit [Fintype κ] in theorem ...

Note: This linter can be disabled with `set_option linter.unusedSectionVars false`
info: Loom/LogupIndexLink.lean:94:0: 'Minidregg.Loom.canonicalIncidence_eq_unitVector' depends on axioms: [propext, Classical.choice, Quot.sound]
info: Loom/LogupIndexLink.lean:95:0: 'Minidregg.Loom.canonicalIncidencePushforward_eq_logupPushforward' depends on axioms: [propext,
 Classical.choice,
 Quot.sound]
info: Loom/LogupIndexLink.lean:96:0: 'Minidregg.Loom.canonical_indexed_lookup_pullback' depends on axioms: [propext, Classical.choice, Quot.sound]
✔ [2990/3003] Built Compiler.MinidreggV1Artifact (3.4s)
ℹ [2991/3003] Built Compiler.AirBignum (5.1s)
info: Compiler/AirBignum.lean:315:0: 'Minidregg.Compiler.AirBignum.addLimbTerm_correct' depends on axioms: [propext, Quot.sound]
info: Compiler/AirBignum.lean:316:0: 'Minidregg.Compiler.AirBignum.addGadget_correct' depends on axioms: [propext, Classical.choice, Quot.sound]
info: Compiler/AirBignum.lean:317:0: 'Minidregg.Compiler.AirBignum.carryEquations_denote' depends on axioms: [propext, Classical.choice, Quot.sound]
info: Compiler/AirBignum.lean:318:0: 'Minidregg.Compiler.AirBignum.addGadget_sound' depends on axioms: [propext, Classical.choice, Quot.sound]
info: Compiler/AirBignum.lean:319:0: 'Minidregg.Compiler.AirBignum.emit_addGadget_iff' depends on axioms: [propext, Classical.choice, Quot.sound]
ℹ [2992/3003] Built Compiler.EmitSerialize (5.9s)
info: Compiler/EmitSerialize.lean:233:0: round-trip OK: 18 gates, 5 zeros, nWires = 23
⚠ [2993/3003] Built Compiler.Logup256ReceiptClause (2.4s)
warning: Compiler/Logup256ReceiptClause.lean:127:0: automatically included section variable(s) unused in theorem `Minidregg.Compiler.Logup256ReceiptClause.committedAddressColumn_eq_canonical`:
  [Fintype κ]
consider restructuring your `variable` declarations so that the variables are not in scope or explicitly omit them:
  omit [Fintype κ] in theorem ...

Note: This linter can be disabled with `set_option linter.unusedSectionVars false`
warning: Compiler/Logup256ReceiptClause.lean:148:0: automatically included section variable(s) unused in theorem `Minidregg.Compiler.Logup256ReceiptClause.committedIncidence_eq_canonical`:
  [Fintype κ]
consider restructuring your `variable` declarations so that the variables are not in scope or explicitly omit them:
  omit [Fintype κ] in theorem ...

Note: This linter can be disabled with `set_option linter.unusedSectionVars false`
warning: Compiler/Logup256ReceiptClause.lean:156:8: This simp argument is unused:
  committedIncidence

Hint: Omit it from the simp argument list.
  simp [̵c̵o̵m̵m̵i̵t̵t̵e̵d̵I̵n̵c̵i̵d̵e̵n̵c̵e̵,̵ ̵c̵a̵n̵o̵n̵i̵c̵a̵l̵I̵n̵c̵i̵d̵e̵n̵c̵e̵,̵[̲c̲a̲n̲o̲n̲i̲c̲a̲l̲I̲n̲c̲i̲d̲e̲n̲c̲e̲,̲ canonicalIndexColumn, linked row, cubePt]

Note: This linter can be disabled with `set_option linter.unusedSimpArgs false`
warning: Compiler/Logup256ReceiptClause.lean:156:28: This simp argument is unused:
  canonicalIncidence

Hint: Omit it from the simp argument list.
  simp [committedIncidence, c̵a̵n̵o̵n̵i̵c̵a̵l̵I̵n̵c̵i̵d̵e̵n̵c̵e̵,̵ ̵canonicalIndexColumn, linked row, cubePt]

Note: This linter can be disabled with `set_option linter.unusedSimpArgs false`
info: Compiler/Logup256ReceiptClause.lean:299:0: 'Minidregg.Compiler.Logup256ReceiptClause.committedIncidence_eq_unitVector' depends on axioms: [propext,
 Classical.choice,
 Quot.sound]
info: Compiler/Logup256ReceiptClause.lean:300:0: 'Minidregg.Compiler.Logup256ReceiptClause.committedIncidencePushforward_eq_logupPushforward' depends on axioms: [propext,
 Classical.choice,
 Quot.sound]
info: Compiler/Logup256ReceiptClause.lean:301:0: 'Minidregg.Compiler.Logup256ReceiptClause.indexedTableReceiptClause' depends on axioms: [propext,
 Classical.choice,
 Quot.sound]
ℹ [2994/3003] Built Compiler.AirModularView (4.9s)
info: Compiler/AirModularView.lean:666:0: 'Minidregg.Compiler.AirModularView.mulConstGadget_correct' depends on axioms: [propext, Quot.sound]
info: Compiler/AirModularView.lean:667:0: 'Minidregg.Compiler.AirModularView.mulCarryEquations_denote' depends on axioms: [propext, Classical.choice, Quot.sound]
info: Compiler/AirModularView.lean:668:0: 'Minidregg.Compiler.AirModularView.mulConstGadget_sound' depends on axioms: [propext, Classical.choice, Quot.sound]
info: Compiler/AirModularView.lean:669:0: 'Minidregg.Compiler.AirModularView.modularViewGadget_sound' depends on axioms: [propext, Classical.choice, Quot.sound]
info: Compiler/AirModularView.lean:670:0: 'Minidregg.Compiler.AirModularView.accepted_has_modularView' depends on axioms: [propext, Classical.choice, Quot.sound]
info: Compiler/AirModularView.lean:671:0: 'Minidregg.Compiler.AirModularView.scalarMulGadget_correct' depends on axioms: [propext, Quot.sound]
info: Compiler/AirModularView.lean:672:0: 'Minidregg.Compiler.AirModularView.scalarMulCarryEquations_denote' depends on axioms: [propext,
 Classical.choice,
 Quot.sound]
info: Compiler/AirModularView.lean:673:0: 'Minidregg.Compiler.AirModularView.scalarMulGadget_sound' depends on axioms: [propext, Classical.choice, Quot.sound]
info: Compiler/AirModularView.lean:674:0: 'Minidregg.Compiler.AirModularView.emit_scalarMulGadget_iff' depends on axioms: [propext, Classical.choice, Quot.sound]
info: Compiler/AirModularView.lean:675:0: 'Minidregg.Compiler.AirModularView.fheggQ0_scalar24_base64_fits' depends on axioms: [propext,
 Classical.choice,
 Quot.sound]
info: Compiler/AirModularView.lean:676:0: 'Minidregg.Compiler.AirModularView.emit_modularViewGadget_iff' depends on axioms: [propext,
 Classical.choice,
 Quot.sound]
ℹ [2995/3003] Built Compiler.BignumKernelABI (2.8s)
info: Compiler/BignumKernelABI.lean:453:0: 'Minidregg.Compiler.BignumKernelABI.KernelCall.accepts_iff_descriptor' depends on axioms: [propext,
 Classical.choice,
 Quot.sound]
info: Compiler/BignumKernelABI.lean:454:0: 'Minidregg.Compiler.BignumKernelABI.addKernelCall_wellFormed' depends on axioms: [propext, Classical.choice, Quot.sound]
info: Compiler/BignumKernelABI.lean:455:0: 'Minidregg.Compiler.BignumKernelABI.addKernelCall_fullyWellFormed' depends on axioms: [propext,
 Classical.choice,
 Quot.sound]
info: Compiler/BignumKernelABI.lean:456:0: 'Minidregg.Compiler.BignumKernelABI.addKernelCall_accepts_iff' depends on axioms: [propext,
 Classical.choice,
 Quot.sound]
info: Compiler/BignumKernelABI.lean:457:0: 'Minidregg.Compiler.BignumKernelABI.scalarMulKernelCall_wellFormed' depends on axioms: [propext,
 Classical.choice,
 Quot.sound]
info: Compiler/BignumKernelABI.lean:458:0: 'Minidregg.Compiler.BignumKernelABI.scalarMulKernelCall_fullyWellFormed' depends on axioms: [propext,
 Classical.choice,
 Quot.sound]
info: Compiler/BignumKernelABI.lean:459:0: 'Minidregg.Compiler.BignumKernelABI.scalarMulKernelCall_accepts_iff' depends on axioms: [propext,
 Classical.choice,
 Quot.sound]
ℹ [2996/3003] Built Compiler.NativeKernelPlan (2.5s)
info: Compiler/NativeKernelPlan.lean:538:0: 'Minidregg.Compiler.NativeKernelPlan.arbitraryRunner_integrity' depends on axioms: [propext,
 Classical.choice,
 Quot.sound]
info: Compiler/NativeKernelPlan.lean:539:0: 'Minidregg.Compiler.NativeKernelPlan.descriptorFailure_not_certified' depends on axioms: [propext,
 Classical.choice,
 Quot.sound]
info: Compiler/NativeKernelPlan.lean:540:0: 'Minidregg.Compiler.NativeKernelPlan.manifestMismatch_not_verified' depends on axioms: [propext,
 Classical.choice,
 Quot.sound]
info: Compiler/NativeKernelPlan.lean:541:0: 'Minidregg.Compiler.NativeKernelPlan.checkInstructions_headError' depends on axioms: [propext,
 Classical.choice,
 Quot.sound]
info: Compiler/NativeKernelPlan.lean:542:0: 'Minidregg.Compiler.NativeKernelPlan.firstInstructionError_blocks' depends on axioms: [propext,
 Classical.choice,
 Quot.sound]
ℹ [2997/3003] Built Compiler.AuthenticatedColumnPlan (5.2s)
info: Compiler/AuthenticatedColumnPlan.lean:1069:0: 'Minidregg.Compiler.AuthenticatedColumnPlan.challenge_before_root_unrepresentable' depends on axioms: [propext]
info: Compiler/AuthenticatedColumnPlan.lean:1070:0: 'Minidregg.Compiler.AuthenticatedColumnPlan.native_error_cannot_accept_query' depends on axioms: [propext]
info: Compiler/AuthenticatedColumnPlan.lean:1071:0: 'Minidregg.Compiler.AuthenticatedColumnPlan.Tower256Example.towerBinding_toLoom_commit_exact' depends on axioms: [propext,
 Classical.choice,
 Quot.sound]
info: Compiler/AuthenticatedColumnPlan.lean:1072:0: 'Minidregg.Compiler.AuthenticatedColumnPlan.Tower256Example.concrete_schedule_is_nonvacuous' depends on axioms: [propext,
 Classical.choice,
 Quot.sound]
⚠ [2998/3003] Built Compiler.AuthenticatedColumnLogupBridge (2.4s)
warning: Compiler/AuthenticatedColumnLogupBridge.lean:98:0: automatically included section variable(s) unused in theorem `Minidregg.Compiler.AuthenticatedColumnLogupBridge.RootPrefixSchedule.priorRootCount_le`:
  [Field F]
  [CharP F 2]
  [Fintype κ]
consider restructuring your `variable` declarations so that the variables are not in scope or explicitly omit them:
  omit [Field F] [CharP F 2] [Fintype κ] in theorem ...

Note: This linter can be disabled with `set_option linter.unusedSectionVars false`
warning: Compiler/AuthenticatedColumnLogupBridge.lean:105:0: automatically included section variable(s) unused in theorem `Minidregg.Compiler.AuthenticatedColumnLogupBridge.RootPrefixSchedule.required_present`:
  [Field F]
  [CharP F 2]
  [Fintype κ]
consider restructuring your `variable` declarations so that the variables are not in scope or explicitly omit them:
  omit [Field F] [CharP F 2] [Fintype κ] in theorem ...

Note: This linter can be disabled with `set_option linter.unusedSectionVars false`
warning: Compiler/AuthenticatedColumnLogupBridge.lean:112:0: automatically included section variable(s) unused in theorem `Minidregg.Compiler.AuthenticatedColumnLogupBridge.RootPrefixSchedule.no_schedule_of_required_missing`:
  [Field F]
  [CharP F 2]
  [Fintype κ]
consider restructuring your `variable` declarations so that the variables are not in scope or explicitly omit them:
  omit [Field F] [CharP F 2] [Fintype κ] in theorem ...

Note: This linter can be disabled with `set_option linter.unusedSectionVars false`
warning: Compiler/AuthenticatedColumnLogupBridge.lean:210:0: automatically included section variable(s) unused in theorem `Minidregg.Compiler.AuthenticatedColumnLogupBridge.AcceptedLogupRun.controllerStatement`:
  [CharP F 2]
consider restructuring your `variable` declarations so that the variables are not in scope or explicitly omit them:
  omit [CharP F 2] in theorem ...

Note: This linter can be disabled with `set_option linter.unusedSectionVars false`
info: Compiler/AuthenticatedColumnLogupBridge.lean:255:0: 'Minidregg.Compiler.AuthenticatedColumnLogupBridge.RootPrefixSchedule.priorRootCount_le' depends on axioms: [propext,
 Quot.sound]
info: Compiler/AuthenticatedColumnLogupBridge.lean:256:0: 'Minidregg.Compiler.AuthenticatedColumnLogupBridge.RootPrefixSchedule.no_schedule_of_required_missing' depends on axioms: [propext,
 Quot.sound]
info: Compiler/AuthenticatedColumnLogupBridge.lean:257:0: 'Minidregg.Compiler.AuthenticatedColumnLogupBridge.AcceptedLogupRun.controllerStatement' depends on axioms: [propext,
 Classical.choice,
 Quot.sound]
info: Compiler/AuthenticatedColumnLogupBridge.lean:258:0: 'Minidregg.Compiler.AuthenticatedColumnLogupBridge.AcceptedLogupRun.indexedTableReceiptClause_of_attestation' depends on axioms: [propext,
 Classical.choice,
 Quot.sound]
⚠ [2999/3003] Built Compiler.Tower256CshakeMerkleController (2.5s)
warning: Compiler/Tower256CshakeMerkleController.lean:98:4: unused variable `k`

Note: This linter can be disabled with `set_option linter.unusedVariables false`
info: Compiler/Tower256CshakeMerkleController.lean:417:0: 'Minidregg.Compiler.Tower256CshakeMerkleController.recompute_cubePath' depends on axioms: [propext, Quot.sound]
info: Compiler/Tower256CshakeMerkleController.lean:418:0: 'Minidregg.Compiler.Tower256CshakeMerkleController.bindingMerkle_toLoom_commit_exact' depends on axioms: [propext,
 Classical.choice,
 Quot.sound]
info: Compiler/Tower256CshakeMerkleController.lean:419:0: 'Minidregg.Compiler.Tower256CshakeMerkleController.checkedXofCall_reply_exact' depends on axioms: [propext]
ℹ [3000/3003] Built Compiler.BinaryTower256Profile (2.2s)
info: Compiler/BinaryTower256Profile.lean:56:0: 'Minidregg.Compiler.BinaryTower256Profile.profile_width_exact' depends on axioms: [propext,
 Classical.choice,
 Quot.sound]
info: Compiler/BinaryTower256Profile.lean:57:0: 'Minidregg.Compiler.BinaryTower256Profile.profile_cardinality' depends on axioms: [propext,
 Classical.choice,
 Quot.sound]
info: Compiler/BinaryTower256Profile.lean:58:0: 'Minidregg.Compiler.BinaryTower256Profile.profile_top_generator_index' depends on axioms: [propext,
 Classical.choice,
 Quot.sound]
⚠ [3001/3003] Built Compiler.Tower256LogupControllerPlan (2.5s)
warning: Compiler/Tower256LogupControllerPlan.lean:130:0: automatically included section variable(s) unused in theorem `Minidregg.Compiler.Tower256LogupControllerPlan.LogupColumns.required_roles`:
  [CharP F 2]
consider restructuring your `variable` declarations so that the variables are not in scope or explicitly omit them:
  omit [CharP F 2] in theorem ...

Note: This linter can be disabled with `set_option linter.unusedSectionVars false`
warning: Compiler/Tower256LogupControllerPlan.lean:157:8: automatically included section variable(s) unused in theorem `Minidregg.Compiler.Tower256LogupControllerPlan.logupFinalChecker_statement`:
  [CharP F 2]
consider restructuring your `variable` declarations so that the variables are not in scope or explicitly omit them:
  omit [CharP F 2] in theorem ...

Note: This linter can be disabled with `set_option linter.unusedSectionVars false`
info: Compiler/Tower256LogupControllerPlan.lean:242:0: 'Minidregg.Compiler.Tower256LogupControllerPlan.LogupColumns.required_roles' depends on axioms: [propext,
 Classical.choice,
 Quot.sound]
info: Compiler/Tower256LogupControllerPlan.lean:243:0: 'Minidregg.Compiler.Tower256LogupControllerPlan.logupFinalChecker_statement' depends on axioms: [propext,
 Classical.choice,
 Quot.sound]
ℹ [3002/3003] Built Compiler.SparseAuthenticatedStateLogupBridge (2.9s)
info: Compiler/SparseAuthenticatedStateLogupBridge.lean:504:0: 'Minidregg.Compiler.SparseAuthenticatedStateLogupBridge.TwistContinuity.of_busRelation' depends on axioms: [propext]
info: Compiler/SparseAuthenticatedStateLogupBridge.lean:505:0: 'Minidregg.Compiler.SparseAuthenticatedStateLogupBridge.ExactBusClaim.twistContinuity' depends on axioms: [propext]
info: Compiler/SparseAuthenticatedStateLogupBridge.lean:506:0: 'Minidregg.Compiler.SparseAuthenticatedStateLogupBridge.committedBusTrace_canonicalAddressLinked' depends on axioms: [propext,
 Classical.choice,
 Quot.sound]
info: Compiler/SparseAuthenticatedStateLogupBridge.lean:507:0: 'Minidregg.Compiler.SparseAuthenticatedStateLogupBridge.canonicalBus_finalStatement' depends on axioms: [propext,
 Classical.choice,
 Quot.sound]
info: Compiler/SparseAuthenticatedStateLogupBridge.lean:508:0: 'Minidregg.Compiler.SparseAuthenticatedStateLogupBridge.acceptedSparseBusLookup' depends on axioms: [propext,
 Classical.choice,
 Quot.sound]
ℹ [3003/3003] Built Compiler.Tower256LogupAcceptedRun (4.1s)
info: Compiler/Tower256LogupAcceptedRun.lean:282:0: 'Minidregg.Compiler.Tower256LogupAcceptedRun.terminalFactsOfVerified' depends on axioms: [propext]
info: Compiler/Tower256LogupAcceptedRun.lean:283:0: 'Minidregg.Compiler.Tower256LogupAcceptedRun.VerifiedExecution.indexedEvaluation' depends on axioms: [propext,
 Classical.choice,
 Quot.sound]
Build completed successfully (3003 jobs).
command_exit=0
source_integrity_exit=0
