run=E-20260809T205258-59779-persvati-6657717efeb6-lake
commit=6657717efeb627962ae6546949c213966899d116
tree=3e3cee21e6c799efa859438ba024d4473aa3cbe6
host_alias=persvati
remote_run=/home/ember/minidregg-checks/runs/run-6657717efeb6-JTGMnNgT
command=lake build Compiler.Sp800185Cshake256 Compiler.Tower256CshakeMerkleBinding 
resolved_executable=/home/ember/.elan/bin/lake
ℹ [8479/8513] Built Compiler.Signature (1.8s)
info: Compiler/Signature.lean:426:0: Minidregg.Compiler.N3_opaque_payloads_forbid_second_reading : Prop
ℹ [8480/8513] Built Loom.Rbr (2.2s)
info: Loom/Rbr.lean:465:0: Minidregg.Loom.OB2_depth_composition : Prop
ℹ [8481/8513] Built Theory.Bignum (3.0s)
info: Theory/Bignum.lean:354:0: 'Minidregg.Theory.Bignum.denoteInt_eq_natCast' depends on axioms: [propext]
info: Theory/Bignum.lean:355:0: 'Minidregg.Theory.Bignum.denoteNat_lt_pow' depends on axioms: [propext, Classical.choice, Quot.sound]
info: Theory/Bignum.lean:356:0: 'Minidregg.Theory.Bignum.denoteNat_digitsLE' depends on axioms: [propext, Quot.sound]
info: Theory/Bignum.lean:357:0: 'Minidregg.Theory.Bignum.denoteInt_digitsLE' depends on axioms: [propext, Quot.sound]
info: Theory/Bignum.lean:358:0: 'Minidregg.Theory.Bignum.digitsLE_denoteNat' depends on axioms: [propext]
info: Theory/Bignum.lean:359:0: 'Minidregg.Theory.Bignum.denoteNat_injective' depends on axioms: [propext]
info: Theory/Bignum.lean:360:0: 'Minidregg.Theory.Bignum.denoteInt_injective' depends on axioms: [propext]
info: Theory/Bignum.lean:361:0: 'Minidregg.Theory.Bignum.Limbs.toFin_ofFin' depends on axioms: [propext, Classical.choice, Quot.sound]
info: Theory/Bignum.lean:362:0: 'Minidregg.Theory.Bignum.Limbs.ofFin_toFin' depends on axioms: [propext, Classical.choice, Quot.sound]
info: Theory/Bignum.lean:363:0: 'Minidregg.Theory.Bignum.Limbs.toNat_ofBounded' depends on axioms: [propext, Quot.sound]
info: Theory/Bignum.lean:364:0: 'Minidregg.Theory.Bignum.bits_248_fit_nine_radix_2013265921_limbs' depends on axioms: [propext,
 Classical.choice,
 Quot.sound]
✔ [8482/8513] Built Theory.IndexedProgram (3.4s)
✔ [8483/8513] Built Theory.TypedAuthorization (3.8s)
✔ [8484/8513] Built Compiler.Air (2.2s)
✔ [8485/8513] Built Loom.CorrelatedAgreement (4.7s)
✔ [8486/8513] Built Theory.CrossModulus (3.3s)
✔ [8487/8513] Built Compiler.AirRange (2.7s)
✔ [8488/8513] Built Loom.Depth (4.5s)
✔ [8489/8513] Built Compiler.AirFlatten (3.1s)
✔ [8490/8513] Built Loom.ReedSolomon (2.0s)
⚠ [8491/8513] Built Theory.AuthorizationDeclaration (4.2s)
warning: Theory/AuthorizationDeclaration.lean:439:10: This simp argument is unused:
  hlookup

Hint: Omit it from the simp argument list.
  simp ̵[̵h̵l̵o̵o̵k̵u̵p̵]̵

Note: This linter can be disabled with `set_option linter.unusedSimpArgs false`
✔ [8492/8513] Built Compiler.AirHash (1.0s)
✔ [8493/8513] Built Loom.Sumcheck (2.2s)
✔ [8494/8513] Built Loom.ConstrainedCode (2.5s)
✔ [8495/8513] Built Compiler.AirMembership (2.5s)
✔ [8496/8513] Built Loom.SumcheckReduction (2.4s)
⚠ [8497/8513] Built Compiler.SemanticManifest (4.7s)
warning: Compiler/SemanticManifest.lean:138:12: Used `tac1 <;> tac2` where `(tac1; tac2)` would suffice

Note: This linter can be disabled with `set_option linter.unnecessarySeqFocus false`
warning: Compiler/SemanticManifest.lean:153:12: Used `tac1 <;> tac2` where `(tac1; tac2)` would suffice

Note: This linter can be disabled with `set_option linter.unnecessarySeqFocus false`
warning: Compiler/SemanticManifest.lean:168:12: Used `tac1 <;> tac2` where `(tac1; tac2)` would suffice

Note: This linter can be disabled with `set_option linter.unnecessarySeqFocus false`
warning: Compiler/SemanticManifest.lean:234:15: Used `tac1 <;> tac2` where `(tac1; tac2)` would suffice

Note: This linter can be disabled with `set_option linter.unnecessarySeqFocus false`
warning: Compiler/SemanticManifest.lean:518:13: Used `tac1 <;> tac2` where `(tac1; tac2)` would suffice

Note: This linter can be disabled with `set_option linter.unnecessarySeqFocus false`
warning: Compiler/SemanticManifest.lean:553:14: Used `tac1 <;> tac2` where `(tac1; tac2)` would suffice

Note: This linter can be disabled with `set_option linter.unnecessarySeqFocus false`
✔ [8498/8513] Built Loom.Accumulator (3.1s)
✔ [8499/8513] Built Compiler.NoteSpend (2.8s)
✔ [8500/8513] Built Loom.MultilinearExtension (2.6s)
✔ [8501/8513] Built Loom.Decider (2.2s)
✔ [8502/8513] Built Compiler.Emit (2.5s)
ℹ [8503/8513] Built Loom.BinaryLookup (1.7s)
info: Loom/BinaryLookup.lean:158:0: 'Minidregg.Loom.binaryLookupEq_cubePt_eq_unitVector' depends on axioms: [propext, Classical.choice, Quot.sound]
info: Loom/BinaryLookup.lean:159:0: 'Minidregg.Loom.binaryTableDot_lookupEq_eq_mle' depends on axioms: [propext, Classical.choice, Quot.sound]
info: Loom/BinaryLookup.lean:160:0: 'Minidregg.Loom.BinaryLookupExample.boolean_sum_one_not_oneHot_charTwo' depends on axioms: [propext,
 Classical.choice,
 Quot.sound]
✔ [8504/8513] Built Loom.Commitment (1.0s)
ℹ [8505/8513] Built Compiler.AirBignum (3.8s)
info: Compiler/AirBignum.lean:315:0: 'Minidregg.Compiler.AirBignum.addLimbTerm_correct' depends on axioms: [propext, Quot.sound]
info: Compiler/AirBignum.lean:316:0: 'Minidregg.Compiler.AirBignum.addGadget_correct' depends on axioms: [propext, Classical.choice, Quot.sound]
info: Compiler/AirBignum.lean:317:0: 'Minidregg.Compiler.AirBignum.carryEquations_denote' depends on axioms: [propext, Classical.choice, Quot.sound]
info: Compiler/AirBignum.lean:318:0: 'Minidregg.Compiler.AirBignum.addGadget_sound' depends on axioms: [propext, Classical.choice, Quot.sound]
info: Compiler/AirBignum.lean:319:0: 'Minidregg.Compiler.AirBignum.emit_addGadget_iff' depends on axioms: [propext, Classical.choice, Quot.sound]
ℹ [8506/8513] Built Compiler.EmitSerialize (4.2s)
info: Compiler/EmitSerialize.lean:233:0: round-trip OK: 18 gates, 5 zeros, nWires = 23
ℹ [8507/8513] Built Compiler.AirModularView (4.7s)
info: Compiler/AirModularView.lean:666:0: 'Minidregg.Compiler.AirModularView.mulConstGadget_correct' depends on axioms: [propext, Quot.sound]
info: Compiler/AirModularView.lean:667:0: 'Minidregg.Compiler.AirModularView.mulCarryEquations_denote' depends on axioms: [propext, Classical.choice, Quot.sound]
info: Compiler/AirModularView.lean:668:0: 'Minidregg.Compiler.AirModularView.mulConstGadget_sound' depends on axioms: [propext, Classical.choice, Quot.sound]
info: Compiler/AirModularView.lean:669:0: 'Minidregg.Compiler.AirModularView.modularViewGadget_sound' depends on axioms: [propext, Classical.choice, Quot.sound]
info: Compiler/AirModularView.lean:670:0: 'Minidregg.Compiler.AirModularView.accepted_has_modularView' depends on axioms: [propext, Classical.choice, Quot.sound]
info: Compiler/AirModularView.lean:671:0: 'Minidregg.Compiler.AirModularView.scalarMulGadget_correct' depends on axioms: [propext, Quot.sound]
info: Compiler/AirModularView.lean:672:0: 'Minidregg.Compiler.AirModularView.scalarMulCarryEquations_denote' depends on axioms: [propext,
 Classical.choice,
 Quot.sound]
info: Compiler/AirModularView.lean:673:0: 'Minidregg.Compiler.AirModularView.scalarMulGadget_sound' depends on axioms: [propext, Classical.choice, Quot.sound]
info: Compiler/AirModularView.lean:674:0: 'Minidregg.Compiler.AirModularView.emit_scalarMulGadget_iff' depends on axioms: [propext, Classical.choice, Quot.sound]
info: Compiler/AirModularView.lean:675:0: 'Minidregg.Compiler.AirModularView.fheggQ0_scalar24_base64_fits' depends on axioms: [propext,
 Classical.choice,
 Quot.sound]
info: Compiler/AirModularView.lean:676:0: 'Minidregg.Compiler.AirModularView.emit_modularViewGadget_iff' depends on axioms: [propext,
 Classical.choice,
 Quot.sound]
ℹ [8508/8513] Built Compiler.BignumKernelABI (3.1s)
info: Compiler/BignumKernelABI.lean:453:0: 'Minidregg.Compiler.BignumKernelABI.KernelCall.accepts_iff_descriptor' depends on axioms: [propext,
 Classical.choice,
 Quot.sound]
info: Compiler/BignumKernelABI.lean:454:0: 'Minidregg.Compiler.BignumKernelABI.addKernelCall_wellFormed' depends on axioms: [propext, Classical.choice, Quot.sound]
info: Compiler/BignumKernelABI.lean:455:0: 'Minidregg.Compiler.BignumKernelABI.addKernelCall_fullyWellFormed' depends on axioms: [propext,
 Classical.choice,
 Quot.sound]
info: Compiler/BignumKernelABI.lean:456:0: 'Minidregg.Compiler.BignumKernelABI.addKernelCall_accepts_iff' depends on axioms: [propext,
 Classical.choice,
 Quot.sound]
info: Compiler/BignumKernelABI.lean:457:0: 'Minidregg.Compiler.BignumKernelABI.scalarMulKernelCall_wellFormed' depends on axioms: [propext,
 Classical.choice,
 Quot.sound]
info: Compiler/BignumKernelABI.lean:458:0: 'Minidregg.Compiler.BignumKernelABI.scalarMulKernelCall_fullyWellFormed' depends on axioms: [propext,
 Classical.choice,
 Quot.sound]
info: Compiler/BignumKernelABI.lean:459:0: 'Minidregg.Compiler.BignumKernelABI.scalarMulKernelCall_accepts_iff' depends on axioms: [propext,
 Classical.choice,
 Quot.sound]
ℹ [8509/8513] Built Compiler.NativeKernelPlan (3.5s)
info: Compiler/NativeKernelPlan.lean:538:0: 'Minidregg.Compiler.NativeKernelPlan.arbitraryRunner_integrity' depends on axioms: [propext,
 Classical.choice,
 Quot.sound]
info: Compiler/NativeKernelPlan.lean:539:0: 'Minidregg.Compiler.NativeKernelPlan.descriptorFailure_not_certified' depends on axioms: [propext,
 Classical.choice,
 Quot.sound]
info: Compiler/NativeKernelPlan.lean:540:0: 'Minidregg.Compiler.NativeKernelPlan.manifestMismatch_not_verified' depends on axioms: [propext,
 Classical.choice,
 Quot.sound]
info: Compiler/NativeKernelPlan.lean:541:0: 'Minidregg.Compiler.NativeKernelPlan.checkInstructions_headError' depends on axioms: [propext,
 Classical.choice,
 Quot.sound]
info: Compiler/NativeKernelPlan.lean:542:0: 'Minidregg.Compiler.NativeKernelPlan.firstInstructionError_blocks' depends on axioms: [propext,
 Classical.choice,
 Quot.sound]
ℹ [8510/8513] Built Compiler.AuthenticatedColumnPlan (5.8s)
info: Compiler/AuthenticatedColumnPlan.lean:1069:0: 'Minidregg.Compiler.AuthenticatedColumnPlan.challenge_before_root_unrepresentable' depends on axioms: [propext]
info: Compiler/AuthenticatedColumnPlan.lean:1070:0: 'Minidregg.Compiler.AuthenticatedColumnPlan.native_error_cannot_accept_query' depends on axioms: [propext]
info: Compiler/AuthenticatedColumnPlan.lean:1071:0: 'Minidregg.Compiler.AuthenticatedColumnPlan.Tower256Example.towerBinding_toLoom_commit_exact' depends on axioms: [propext,
 Classical.choice,
 Quot.sound]
info: Compiler/AuthenticatedColumnPlan.lean:1072:0: 'Minidregg.Compiler.AuthenticatedColumnPlan.Tower256Example.concrete_schedule_is_nonvacuous' depends on axioms: [propext,
 Classical.choice,
 Quot.sound]
⚠ [8511/8513] Built Compiler.Tower256CshakeMerkleController (2.7s)
warning: Compiler/Tower256CshakeMerkleController.lean:98:4: unused variable `k`

Note: This linter can be disabled with `set_option linter.unusedVariables false`
info: Compiler/Tower256CshakeMerkleController.lean:417:0: 'Minidregg.Compiler.Tower256CshakeMerkleController.recompute_cubePath' depends on axioms: [propext, Quot.sound]
info: Compiler/Tower256CshakeMerkleController.lean:418:0: 'Minidregg.Compiler.Tower256CshakeMerkleController.bindingMerkle_toLoom_commit_exact' depends on axioms: [propext,
 Classical.choice,
 Quot.sound]
info: Compiler/Tower256CshakeMerkleController.lean:419:0: 'Minidregg.Compiler.Tower256CshakeMerkleController.checkedXofCall_reply_exact' depends on axioms: [propext]
ℹ [8512/8513] Built Compiler.Tower256CshakeMerkleBinding (3.0s)
info: Compiler/Tower256CshakeMerkleBinding.lean:510:0: 'Minidregg.Compiler.Tower256CshakeMerkleBinding.parseEnvelope_envelope_append' depends on axioms: [propext,
 Classical.choice,
 Quot.sound]
info: Compiler/Tower256CshakeMerkleBinding.lean:511:0: 'Minidregg.Compiler.Tower256CshakeMerkleBinding.recompute_some_path_length' depends on axioms: [propext, Quot.sound]
info: Compiler/Tower256CshakeMerkleBinding.lean:512:0: 'Minidregg.Compiler.Tower256CshakeMerkleBinding.accepted_different_values_imply_merkle_collision' depends on axioms: [propext,
 Classical.choice,
 Quot.sound]
info: Compiler/Tower256CshakeMerkleBinding.lean:513:0: 'Minidregg.Compiler.Tower256CshakeMerkleBinding.positionBinding_of_merkleCollisionFree' depends on axioms: [propext,
 Classical.choice,
 Quot.sound]
info: Compiler/Tower256CshakeMerkleBinding.lean:514:0: 'Minidregg.Compiler.Tower256CshakeMerkleBinding.bindingFailure_price_le_collision' depends on axioms: [propext,
 Classical.choice,
 Quot.sound]
info: Compiler/Tower256CshakeMerkleBinding.lean:515:0: 'Minidregg.Compiler.Tower256CshakeMerkleBinding.Backend.SecurityPremises.ofMerkleCollisionFree' depends on axioms: [propext,
 Classical.choice,
 Quot.sound]
ℹ [8513/8513] Built Compiler.Sp800185Cshake256 (12s)
info: Compiler/Sp800185Cshake256.lean:479:0: 'Minidregg.Compiler.Sp800185Cshake256.digestCodec' depends on axioms: [propext, Classical.choice, Quot.sound]
info: Compiler/Sp800185Cshake256.lean:480:0: 'Minidregg.Compiler.Sp800185Cshake256.cshake256Bytes_length' depends on axioms: [propext, Classical.choice, Quot.sound]
info: Compiler/Sp800185Cshake256.lean:481:0: 'Minidregg.Compiler.Sp800185Cshake256.hash_digest_lt' depends on axioms: [propext, Classical.choice, Quot.sound]
info: Compiler/Sp800185Cshake256.lean:482:0: 'Minidregg.Compiler.Sp800185Cshake256.hash_digest_lt_two_pow_256' depends on axioms: [propext,
 Classical.choice,
 Quot.sound]
info: Compiler/Sp800185Cshake256.lean:483:0: 'Minidregg.Compiler.Sp800185Cshake256.checkedXofCall_reply_bytes_exact' depends on axioms: [propext,
 Classical.choice,
 Quot.sound]
info: Compiler/Sp800185Cshake256.lean:484:0: 'Minidregg.Compiler.Sp800185Cshake256.checkedXofCall_reply_width' depends on axioms: [propext,
 Classical.choice,
 Quot.sound]
Build completed successfully (8513 jobs).
command_exit=0
source_integrity_exit=0
