run=E-20260809T170908-54068-hbox-759c88c5ab70-lake
commit=759c88c5ab70900c6e73889850544d732e969ad2
host=hbox
remote_run=/tank/dregg-build/minidregg-checks/runs/run-759c88c5ab70-Bxkdiiif
command=lake build Assurance.AuthenticatedColumnHistoryBridge 
ℹ [2952/3029] Built Compiler.Signature (3.5s)
info: Compiler/Signature.lean:426:0: Minidregg.Compiler.N3_opaque_payloads_forbid_second_reading : Prop
ℹ [2953/3029] Built Loom.Rbr (5.3s)
info: Loom/Rbr.lean:465:0: Minidregg.Loom.OB2_depth_composition : Prop
✔ [2954/3029] Built Theory.BinaryTower (5.4s)
✔ [2955/3029] Built Theory.PrivacyProfile (6.4s)
✔ [2956/3029] Built Theory.IndexedProgram (6.7s)
✔ [2957/3029] Built Theory.ReactiveReceipt (6.6s)
ℹ [2958/3029] Built Theory.Bignum (6.6s)
info: Theory/Bignum.lean:354:0: 'Minidregg.Theory.Bignum.denoteInt_eq_natCast' depends on axioms: [propext]
info: Theory/Bignum.lean:355:0: 'Minidregg.Theory.Bignum.denoteNat_lt_pow' depends on axioms: [propext, Classical.choice, Quot.sound]
info: Theory/Bignum.lean:356:0: 'Minidregg.Theory.Bignum.denoteNat_digitsLE' depends on axioms: [propext, Quot.sound]
info: Theory/Bignum.lean:357:0: 'Minidregg.Theory.Bignum.denoteInt_digitsLE' depends on axioms: [propext, Quot.sound]
info: Theory/Bignum.lean:358:0: 'Minidregg.Theory.Bignum.digitsLE_denoteNat' depends on axioms: [propext]
info: Theory/Bignum.lean:359:0: 'Minidregg.Theory.Bignum.denoteNat_injective' depends on axioms: [propext]
info: Theory/Bignum.lean:360:0: 'Minidregg.Theory.Bignum.denoteInt_injective' depends on axioms: [propext]
info: Theory/Bignum.lean:361:0: 'Minidregg.Theory.Bignum.Limbs.toFin_ofFin' depends on axioms: [propext, Classical.choice, Quot.sound]
info: Theory/Bignum.lean:362:0: 'Minidregg.Theory.Bignum.Limbs.ofFin_toFin' depends on axioms: [propext, Classical.choice, Quot.sound]
info: Theory/Bignum.lean:363:0: 'Minidregg.Theory.Bignum.Limbs.toNat_ofBounded' depends on axioms: [propext, Quot.sound]
info: Theory/Bignum.lean:364:0: 'Minidregg.Theory.Bignum.bits_248_fit_nine_radix_2013265921_limbs' depends on axioms: [propext,
 Classical.choice,
 Quot.sound]
✔ [2959/3029] Built Theory.TypedAuthorization (7.7s)
✔ [2960/3029] Built Compiler.Air (4.2s)
✔ [2961/3029] Built Loom.CorrelatedAgreement (8.7s)
✔ [2962/3029] Built Compiler.AirRange (4.0s)
✔ [2963/3029] Built Loom.Depth (8.2s)
✔ [2964/3029] Built Theory.CrossModulus (6.6s)
✔ [2965/3029] Built Theory.BinaryTowerFanPaar (8.2s)
✔ [2966/3029] Built Compiler.AirFlatten (6.2s)
✔ [2967/3029] Built Loom.ReedSolomon (5.9s)
⚠ [2968/3029] Built Theory.AuthorizationDeclaration (7.7s)
warning: Theory/AuthorizationDeclaration.lean:439:10: This simp argument is unused:
  hlookup

Hint: Omit it from the simp argument list.
  simp ̵[̵h̵l̵o̵o̵k̵u̵p̵]̵

Note: This linter can be disabled with `set_option linter.unusedSimpArgs false`
ℹ [2969/3029] Built Loom.FiatShamir (3.6s)
info: Loom/FiatShamir.lean:653:0: @Oracle.respond_consistent : ∀ {Q C : Type} (O : Oracle Q C) (q : Q) (coin coin' : C),
  ((O.respond q coin).2.respond q coin').1 = (O.respond q coin).1
info: Loom/FiatShamir.lean:654:0: @srFinalChal_eq_lookup : ∀ {r : Reduction} {s t : ℕ} (P : SrProver r s) (c : Fin t → r.Chal) (d : Fin r.k → r.Chal)
  (i : Fin r.k), srFinalChal P c d i = ((srHandlerRun P c).1.lookup ((srOut P c).query i)).getD (d i)
info: Loom/FiatShamir.lean:655:0: Minidregg.Loom.fsStraightline_iff_sr (r : Reduction) (Z : Set (Stmt r)) (ε : ℕ → ℕ → ℝ → ℝ) :
  FsStraightlineKnowledgeSoundness r Z ε ↔ StraightlineSrKnowledgeSoundness r Z ε
info: Loom/FiatShamir.lean:656:0: Minidregg.Loom.fsOfRbrSound_iff_depth : FsOfRbrSound ↔ OB2_depth_composition_nonneg
info: Loom/FiatShamir.lean:657:0: Minidregg.Loom.fsKeystone_proved : FsOfRbrKeystone
✔ [2970/3029] Built Compiler.AirHash (4.5s)
✔ [2971/3029] Built Theory.AdditiveNTT (4.8s)
✔ [2972/3029] Built Loom.ConstrainedCode (4.9s)
✔ [2973/3029] Built Loom.Proximity (5.9s)
✔ [2974/3029] Built Compiler.AirMembership (3.8s)
✔ [2975/3029] Built Theory.AdditiveNTTTransform (4.5s)
⚠ [2976/3029] Built Compiler.SemanticManifest (7.9s)
warning: Compiler/SemanticManifest.lean:138:12: Used `tac1 <;> tac2` where `(tac1; tac2)` would suffice

Note: This linter can be disabled with `set_option linter.unnecessarySeqFocus false`
warning: Compiler/SemanticManifest.lean:153:12: Used `tac1 <;> tac2` where `(tac1; tac2)` would suffice

Note: This linter can be disabled with `set_option linter.unnecessarySeqFocus false`
warning: Compiler/SemanticManifest.lean:168:12: Used `tac1 <;> tac2` where `(tac1; tac2)` would suffice

Note: This linter can be disabled with `set_option linter.unnecessarySeqFocus false`
warning: Compiler/SemanticManifest.lean:234:15: Used `tac1 <;> tac2` where `(tac1; tac2)` would suffice

Note: This linter can be disabled with `set_option linter.unnecessarySeqFocus false`
warning: Compiler/SemanticManifest.lean:518:13: Used `tac1 <;> tac2` where `(tac1; tac2)` would suffice

Note: This linter can be disabled with `set_option linter.unnecessarySeqFocus false`
warning: Compiler/SemanticManifest.lean:553:14: Used `tac1 <;> tac2` where `(tac1; tac2)` would suffice

Note: This linter can be disabled with `set_option linter.unnecessarySeqFocus false`
✔ [2977/3029] Built Loom.Accumulator (4.1s)
✔ [2978/3029] Built Loom.ProximityGapUD (5.3s)
✔ [2979/3029] Built Compiler.NoteSpend (4.7s)
✔ [2980/3029] Built Loom.Decider (5.4s)
✔ [2981/3029] Built Loom.AccExtract (5.9s)
✔ [2982/3029] Built Loom.ZK (6.1s)
✔ [2983/3029] Built Loom.LightClient (6.4s)
✔ [2984/3029] Built Loom.AccSound (7.1s)
ℹ [2985/3029] Built Loom.AdditiveProximity (5.5s)
info: Loom/AdditiveProximity.lean:362:0: 'Minidregg.Loom.additiveProximityGap_of_isProximityGenerator' depends on axioms: [propext, Classical.choice, Quot.sound]
info: Loom/AdditiveProximity.lean:363:0: 'Minidregg.Loom.additiveProximityGap_UD' depends on axioms: [propext, Classical.choice, Quot.sound]
info: Loom/AdditiveProximity.lean:364:0: 'Minidregg.Loom.additiveFold_distance_UD' depends on axioms: [propext, Classical.choice, Quot.sound]
info: Loom/AdditiveProximity.lean:365:0: 'Minidregg.Loom.keystone_additiveProximityGap' depends on axioms: [propext, Classical.choice, Quot.sound]
info: Loom/AdditiveProximity.lean:366:0: 'Minidregg.Loom.keystone_far_word_eighth' depends on axioms: [propext, Classical.choice, Quot.sound]
info: Loom/AdditiveProximity.lean:367:0: 'Minidregg.Loom.keystone_additiveFold_distance_fires' depends on axioms: [propext, Classical.choice, Quot.sound]
✔ [2986/3029] Built Compiler.Emit (5.7s)
⚠ [2987/3029] Built Assurance.SemanticReceiptRelation (8.1s)
warning: Assurance/SemanticReceiptRelation.lean:37:7: automatically included section variable(s) unused in theorem `Minidregg.Assurance.SemanticReceiptRelation.ReceiptWitness.ext`:
  [Fintype Key]
  [DecidableEq Key]
  [Field F]
  [DecidableEq F]
consider restructuring your `variable` declarations so that the variables are not in scope or explicitly omit them:
  omit [Fintype Key] [DecidableEq Key] [Field F] [DecidableEq F] in theorem ...

Note: This linter can be disabled with `set_option linter.unusedSectionVars false`
warning: Assurance/SemanticReceiptRelation.lean:63:0: automatically included section variable(s) unused in theorem `Minidregg.Assurance.SemanticReceiptRelation.ReceiptWitness.satisfies_iff`:
  [Fintype Key]
  [DecidableEq Key]
  [DecidableEq F]
consider restructuring your `variable` declarations so that the variables are not in scope or explicitly omit them:
  omit [Fintype Key] [DecidableEq Key] [DecidableEq F] in theorem ...

Note: This linter can be disabled with `set_option linter.unusedSectionVars false`
warning: Assurance/SemanticReceiptRelation.lean:164:4: The namespace 'SemanticReceiptRelation' is duplicated in the declaration 'Minidregg.Assurance.SemanticReceiptRelation.SemanticReceiptRelation'

Note: This linter can be disabled with `set_option linter.dupNamespace false`
warning: Assurance/SemanticReceiptRelation.lean:199:0: automatically included section variable(s) unused in theorem `Minidregg.Assurance.SemanticReceiptRelation.receiptCoord_surjective`:
  [DecidableEq Key]
consider restructuring your `variable` declarations so that the variables are not in scope or explicitly omit them:
  omit [DecidableEq Key] in theorem ...

Note: This linter can be disabled with `set_option linter.unusedSectionVars false`
warning: Assurance/SemanticReceiptRelation.lean:211:0: automatically included section variable(s) unused in theorem `Minidregg.Assurance.SemanticReceiptRelation.SemanticReceiptClaim.acc_weights_shared`:
  [DecidableEq F]
consider restructuring your `variable` declarations so that the variables are not in scope or explicitly omit them:
  omit [DecidableEq F] in theorem ...

Note: This linter can be disabled with `set_option linter.unusedSectionVars false`
warning: Assurance/SemanticReceiptRelation.lean:218:0: automatically included section variable(s) unused in theorem `Minidregg.Assurance.SemanticReceiptRelation.SemanticReceiptClaim.acc_satisfies_iff`:
  [DecidableEq F]
consider restructuring your `variable` declarations so that the variables are not in scope or explicitly omit them:
  omit [DecidableEq F] in theorem ...

Note: This linter can be disabled with `set_option linter.unusedSectionVars false`
✔ [2988/3029] Built Loom.Commitment (4.4s)
✔ [2989/3029] Built Loom.AccSoundRbr (3.4s)
✔ [2990/3029] Built Loom.ZKHiding (4.4s)
✔ [2991/3029] Built Loom.LightClientSound (5.5s)
✔ [2992/3029] Built Assurance.SemanticTurnReceipt (4.8s)
✔ [2993/3029] Built Loom.Erasure (3.5s)
✔ [2994/3029] Built Loom.ConstrainedMask (4.0s)
ℹ [2995/3029] Built Compiler.EmitSerialize (7.1s)
info: Compiler/EmitSerialize.lean:233:0: round-trip OK: 18 gates, 5 zeros, nWires = 23
ℹ [2996/3029] Built Compiler.AirBignum (7.2s)
info: Compiler/AirBignum.lean:315:0: 'Minidregg.Compiler.AirBignum.addLimbTerm_correct' depends on axioms: [propext, Quot.sound]
info: Compiler/AirBignum.lean:316:0: 'Minidregg.Compiler.AirBignum.addGadget_correct' depends on axioms: [propext, Classical.choice, Quot.sound]
info: Compiler/AirBignum.lean:317:0: 'Minidregg.Compiler.AirBignum.carryEquations_denote' depends on axioms: [propext, Classical.choice, Quot.sound]
info: Compiler/AirBignum.lean:318:0: 'Minidregg.Compiler.AirBignum.addGadget_sound' depends on axioms: [propext, Classical.choice, Quot.sound]
info: Compiler/AirBignum.lean:319:0: 'Minidregg.Compiler.AirBignum.emit_addGadget_iff' depends on axioms: [propext, Classical.choice, Quot.sound]
✔ [2997/3029] Built Loom.AccExtractChain (2.6s)
⚠ [2998/3029] Built Loom.ZkArgument (2.4s)
warning: Loom/ZkArgument.lean:164:15: unused variable `f`

Note: This linter can be disabled with `set_option linter.unusedVariables false`
warning: Loom/ZkArgument.lean:165:26: unused variable `h`

Note: This linter can be disabled with `set_option linter.unusedVariables false`
warning: Loom/ZkArgument.lean:165:28: unused variable `h'`

Note: This linter can be disabled with `set_option linter.unusedVariables false`
warning: Loom/ZkArgument.lean:165:31: unused variable `γ'`

Note: This linter can be disabled with `set_option linter.unusedVariables false`
✔ [2999/3029] Built Compiler.NextgenLightClientPublicInputs (4.5s)
✔ [3000/3029] Built Loom.RbrZeroKnowledge (3.1s)
ℹ [3001/3029] Built Compiler.AirModularView (6.8s)
info: Compiler/AirModularView.lean:666:0: 'Minidregg.Compiler.AirModularView.mulConstGadget_correct' depends on axioms: [propext, Quot.sound]
info: Compiler/AirModularView.lean:667:0: 'Minidregg.Compiler.AirModularView.mulCarryEquations_denote' depends on axioms: [propext, Classical.choice, Quot.sound]
info: Compiler/AirModularView.lean:668:0: 'Minidregg.Compiler.AirModularView.mulConstGadget_sound' depends on axioms: [propext, Classical.choice, Quot.sound]
info: Compiler/AirModularView.lean:669:0: 'Minidregg.Compiler.AirModularView.modularViewGadget_sound' depends on axioms: [propext, Classical.choice, Quot.sound]
info: Compiler/AirModularView.lean:670:0: 'Minidregg.Compiler.AirModularView.accepted_has_modularView' depends on axioms: [propext, Classical.choice, Quot.sound]
info: Compiler/AirModularView.lean:671:0: 'Minidregg.Compiler.AirModularView.scalarMulGadget_correct' depends on axioms: [propext, Quot.sound]
info: Compiler/AirModularView.lean:672:0: 'Minidregg.Compiler.AirModularView.scalarMulCarryEquations_denote' depends on axioms: [propext,
 Classical.choice,
 Quot.sound]
info: Compiler/AirModularView.lean:673:0: 'Minidregg.Compiler.AirModularView.scalarMulGadget_sound' depends on axioms: [propext, Classical.choice, Quot.sound]
info: Compiler/AirModularView.lean:674:0: 'Minidregg.Compiler.AirModularView.emit_scalarMulGadget_iff' depends on axioms: [propext, Classical.choice, Quot.sound]
info: Compiler/AirModularView.lean:675:0: 'Minidregg.Compiler.AirModularView.fheggQ0_scalar24_base64_fits' depends on axioms: [propext,
 Classical.choice,
 Quot.sound]
info: Compiler/AirModularView.lean:676:0: 'Minidregg.Compiler.AirModularView.emit_modularViewGadget_iff' depends on axioms: [propext,
 Classical.choice,
 Quot.sound]
⚠ [3002/3029] Built Assurance.SemanticReceiptRuntimeCodec (2.9s)
warning: Assurance/SemanticReceiptRuntimeCodec.lean:60:8: automatically included section variable(s) unused in theorem `Minidregg.Assurance.SemanticReceiptRuntimeCodec.runtimeEncode_pre`:
  [Field F]
  [DecidableEq F]
consider restructuring your `variable` declarations so that the variables are not in scope or explicitly omit them:
  omit [Field F] [DecidableEq F] in theorem ...

Note: This linter can be disabled with `set_option linter.unusedSectionVars false`
warning: Assurance/SemanticReceiptRuntimeCodec.lean:65:8: automatically included section variable(s) unused in theorem `Minidregg.Assurance.SemanticReceiptRuntimeCodec.runtimeEncode_post`:
  [Field F]
  [DecidableEq F]
consider restructuring your `variable` declarations so that the variables are not in scope or explicitly omit them:
  omit [Field F] [DecidableEq F] in theorem ...

Note: This linter can be disabled with `set_option linter.unusedSectionVars false`
warning: Assurance/SemanticReceiptRuntimeCodec.lean:70:8: automatically included section variable(s) unused in theorem `Minidregg.Assurance.SemanticReceiptRuntimeCodec.runtimeEncode_touched`:
  [Field F]
  [DecidableEq F]
consider restructuring your `variable` declarations so that the variables are not in scope or explicitly omit them:
  omit [Field F] [DecidableEq F] in theorem ...

Note: This linter can be disabled with `set_option linter.unusedSectionVars false`
warning: Assurance/SemanticReceiptRuntimeCodec.lean:91:8: automatically included section variable(s) unused in theorem `Minidregg.Assurance.SemanticReceiptRuntimeCodec.runtimeResiduals_boolean`:
  [DecidableEq F]
consider restructuring your `variable` declarations so that the variables are not in scope or explicitly omit them:
  omit [DecidableEq F] in theorem ...

Note: This linter can be disabled with `set_option linter.unusedSectionVars false`
warning: Assurance/SemanticReceiptRuntimeCodec.lean:96:8: automatically included section variable(s) unused in theorem `Minidregg.Assurance.SemanticReceiptRuntimeCodec.runtimeResiduals_frame`:
  [DecidableEq F]
consider restructuring your `variable` declarations so that the variables are not in scope or explicitly omit them:
  omit [DecidableEq F] in theorem ...

Note: This linter can be disabled with `set_option linter.unusedSectionVars false`
warning: Assurance/SemanticReceiptRuntimeCodec.lean:102:0: automatically included section variable(s) unused in theorem `Minidregg.Assurance.SemanticReceiptRuntimeCodec.runtimeResiduals_zero_iff`:
  [DecidableEq F]
consider restructuring your `variable` declarations so that the variables are not in scope or explicitly omit them:
  omit [DecidableEq F] in theorem ...

Note: This linter can be disabled with `set_option linter.unusedSectionVars false`
warning: Assurance/SemanticReceiptRuntimeCodec.lean:118:0: automatically included section variable(s) unused in theorem `Minidregg.Assurance.SemanticReceiptRuntimeCodec.runtimeEncode_refines_formal`:
  [Field F]
  [DecidableEq F]
consider restructuring your `variable` declarations so that the variables are not in scope or explicitly omit them:
  omit [Field F] [DecidableEq F] in theorem ...

Note: This linter can be disabled with `set_option linter.unusedSectionVars false`
warning: Assurance/SemanticReceiptRuntimeCodec.lean:191:8: automatically included section variable(s) unused in theorem `Minidregg.Assurance.SemanticReceiptRuntimeCodec.boundRuntimeEncode_binding`:
  [Field F]
  [DecidableEq F]
consider restructuring your `variable` declarations so that the variables are not in scope or explicitly omit them:
  omit [Field F] [DecidableEq F] in theorem ...

Note: This linter can be disabled with `set_option linter.unusedSectionVars false`
warning: Assurance/SemanticReceiptRuntimeCodec.lean:197:8: automatically included section variable(s) unused in theorem `Minidregg.Assurance.SemanticReceiptRuntimeCodec.boundRuntimeEncode_core`:
  [Field F]
  [DecidableEq F]
consider restructuring your `variable` declarations so that the variables are not in scope or explicitly omit them:
  omit [Field F] [DecidableEq F] in theorem ...

Note: This linter can be disabled with `set_option linter.unusedSectionVars false`
info: Assurance/SemanticReceiptRuntimeCodec.lean:303:0: 'Minidregg.Assurance.SemanticReceiptRuntimeCodec.boundRuntimeEncode_injective' depends on axioms: [propext,
 Classical.choice,
 Quot.sound]
info: Assurance/SemanticReceiptRuntimeCodec.lean:304:0: 'Minidregg.Assurance.SemanticReceiptRuntimeCodec.boundSemanticReceiptClaims_fold' depends on axioms: [propext,
 Classical.choice,
 Quot.sound]
info: Assurance/SemanticReceiptRuntimeCodec.lean:305:0: 'Minidregg.Assurance.SemanticReceiptRuntimeCodec.HeaderBytes.bindingNatCells_injective' depends on axioms: [propext,
 Classical.choice,
 Quot.sound]
✔ [3003/3029] Built Loom.ZkTriangular (2.5s)
ℹ [3004/3029] Built Compiler.SemanticTurnReceiptDescriptor (2.6s)
info: Compiler/SemanticTurnReceiptDescriptor.lean:449:0: 'Minidregg.Compiler.SemanticTurnReceiptDescriptor.descriptor_accepts_iff_boundRelation' depends on axioms: [propext,
 Classical.choice,
 Quot.sound]
info: Compiler/SemanticTurnReceiptDescriptor.lean:450:0: 'Minidregg.Compiler.SemanticTurnReceiptDescriptor.committedTurn_descriptor_accepts' depends on axioms: [propext,
 Classical.choice,
 Quot.sound]
✔ [3005/3029] Built Loom.ZkExtraction (3.3s)
ℹ [3006/3029] Built Compiler.BignumKernelABI (4.1s)
info: Compiler/BignumKernelABI.lean:453:0: 'Minidregg.Compiler.BignumKernelABI.KernelCall.accepts_iff_descriptor' depends on axioms: [propext,
 Classical.choice,
 Quot.sound]
info: Compiler/BignumKernelABI.lean:454:0: 'Minidregg.Compiler.BignumKernelABI.addKernelCall_wellFormed' depends on axioms: [propext, Classical.choice, Quot.sound]
info: Compiler/BignumKernelABI.lean:455:0: 'Minidregg.Compiler.BignumKernelABI.addKernelCall_fullyWellFormed' depends on axioms: [propext,
 Classical.choice,
 Quot.sound]
info: Compiler/BignumKernelABI.lean:456:0: 'Minidregg.Compiler.BignumKernelABI.addKernelCall_accepts_iff' depends on axioms: [propext,
 Classical.choice,
 Quot.sound]
info: Compiler/BignumKernelABI.lean:457:0: 'Minidregg.Compiler.BignumKernelABI.scalarMulKernelCall_wellFormed' depends on axioms: [propext,
 Classical.choice,
 Quot.sound]
info: Compiler/BignumKernelABI.lean:458:0: 'Minidregg.Compiler.BignumKernelABI.scalarMulKernelCall_fullyWellFormed' depends on axioms: [propext,
 Classical.choice,
 Quot.sound]
info: Compiler/BignumKernelABI.lean:459:0: 'Minidregg.Compiler.BignumKernelABI.scalarMulKernelCall_accepts_iff' depends on axioms: [propext,
 Classical.choice,
 Quot.sound]
ℹ [3007/3029] Built Compiler.SemanticController (3.3s)
info: Compiler/SemanticController.lean:444:0: 'Minidregg.Compiler.SemanticController.arbitraryOracle_integrity' depends on axioms: [propext,
 Classical.choice,
 Quot.sound]
info: Compiler/SemanticController.lean:445:0: 'Minidregg.Compiler.SemanticController.resultMismatch_not_verified' depends on axioms: [propext,
 Classical.choice,
 Quot.sound]
info: Compiler/SemanticController.lean:446:0: 'Minidregg.Compiler.SemanticController.descriptorFailure_not_verified' depends on axioms: [propext,
 Classical.choice,
 Quot.sound]
✔ [3008/3029] Built Loom.ZkRbrGame (3.0s)
✔ [3009/3029] Built Loom.SubUdSeam (3.6s)
ℹ [3010/3029] Built Compiler.NativeKernelPlan (4.0s)
info: Compiler/NativeKernelPlan.lean:538:0: 'Minidregg.Compiler.NativeKernelPlan.arbitraryRunner_integrity' depends on axioms: [propext,
 Classical.choice,
 Quot.sound]
info: Compiler/NativeKernelPlan.lean:539:0: 'Minidregg.Compiler.NativeKernelPlan.descriptorFailure_not_certified' depends on axioms: [propext,
 Classical.choice,
 Quot.sound]
info: Compiler/NativeKernelPlan.lean:540:0: 'Minidregg.Compiler.NativeKernelPlan.manifestMismatch_not_verified' depends on axioms: [propext,
 Classical.choice,
 Quot.sound]
info: Compiler/NativeKernelPlan.lean:541:0: 'Minidregg.Compiler.NativeKernelPlan.checkInstructions_headError' depends on axioms: [propext,
 Classical.choice,
 Quot.sound]
info: Compiler/NativeKernelPlan.lean:542:0: 'Minidregg.Compiler.NativeKernelPlan.firstInstructionError_blocks' depends on axioms: [propext,
 Classical.choice,
 Quot.sound]
✔ [3011/3029] Built Compiler.DialectClauseDispatch (3.4s)
✔ [3012/3029] Built Loom.AccRbrInstance (3.1s)
✔ [3013/3029] Built Loom.AccRbrBcs (3.1s)
ℹ [3014/3029] Built Compiler.AuthenticatedColumnPlan (6.9s)
info: Compiler/AuthenticatedColumnPlan.lean:1002:0: 'Minidregg.Compiler.AuthenticatedColumnPlan.challenge_before_root_unrepresentable' depends on axioms: [propext]
info: Compiler/AuthenticatedColumnPlan.lean:1003:0: 'Minidregg.Compiler.AuthenticatedColumnPlan.native_error_cannot_accept_query' depends on axioms: [propext]
info: Compiler/AuthenticatedColumnPlan.lean:1004:0: 'Minidregg.Compiler.AuthenticatedColumnPlan.Tower256Example.towerBinding_toLoom_commit_exact' depends on axioms: [propext,
 Classical.choice,
 Quot.sound]
info: Compiler/AuthenticatedColumnPlan.lean:1005:0: 'Minidregg.Compiler.AuthenticatedColumnPlan.Tower256Example.concrete_schedule_is_nonvacuous' depends on axioms: [propext,
 Classical.choice,
 Quot.sound]
ℹ [3015/3029] Built Assurance.SemanticHistoryAccumulator (6.6s)
info: Assurance/SemanticHistoryAccumulator.lean:579:0: 'Minidregg.Assurance.SemanticHistoryAccumulator.VerifiedHistoryHead.decider_complete_at_head' depends on axioms: [propext,
 Classical.choice,
 Quot.sound]
info: Assurance/SemanticHistoryAccumulator.lean:580:0: 'Minidregg.Assurance.SemanticHistoryAccumulator.VerifiedHistoryHead.opened_decider_extracts_head' depends on axioms: [propext,
 Classical.choice,
 Quot.sound]
✔ [3016/3029] Built Loom.JohnsonRegime (11s)
ℹ [3017/3029] Built Assurance.SemanticHistoryStraightlinePcs (3.4s)
info: Assurance/SemanticHistoryStraightlinePcs.lean:348:0: 'Minidregg.Assurance.SemanticHistoryStraightlinePcs.FoldRootSchedule.foldRoot_commits_folded_word' depends on axioms: [propext,
 Quot.sound]
info: Assurance/SemanticHistoryStraightlinePcs.lean:349:0: 'Minidregg.Assurance.SemanticHistoryStraightlinePcs.StraightlinePcsExtraction.extract_eq_semantic_head' depends on axioms: [propext,
 Classical.choice,
 Quot.sound]
info: Assurance/SemanticHistoryStraightlinePcs.lean:350:0: 'Minidregg.Assurance.SemanticHistoryStraightlinePcs.StraightlinePcsExtraction.extract_satisfies_semantic_head' depends on axioms: [propext,
 Classical.choice,
 Quot.sound]
info: Assurance/SemanticHistoryStraightlinePcs.lean:351:0: 'Minidregg.Assurance.SemanticHistoryStraightlinePcs.StraightlinePcsExtraction.knowledge_failure_le_totalEnvelope' depends on axioms: [propext,
 Classical.choice,
 Quot.sound]
ℹ [3018/3029] Built Loom.HalfThresholdRegime (1.9s)
info: Loom/HalfThresholdRegime.lean:232:0: 'Minidregg.Loom.correlatedAgreement_of_two_half_close' depends on axioms: [propext, Classical.choice, Quot.sound]
info: Loom/HalfThresholdRegime.lean:233:0: 'Minidregg.Loom.halfThreshold_pr_le' depends on axioms: [propext, Classical.choice, Quot.sound]
info: Loom/HalfThresholdRegime.lean:234:0: 'Minidregg.Loom.HalfThresholdExample.halfThreshold_F5' depends on axioms: [propext, Classical.choice, Quot.sound]
ℹ [3019/3029] Built Loom.HalfThresholdFri (1.6s)
info: Loom/HalfThresholdFri.lean:260:0: 'Minidregg.Loom.fold_eq_foldFamily' depends on axioms: [propext, Quot.sound]
info: Loom/HalfThresholdFri.lean:261:0: 'Minidregg.Loom.foldComponents_not_correlated_of_far' depends on axioms: [propext, Classical.choice, Quot.sound]
info: Loom/HalfThresholdFri.lean:262:0: 'Minidregg.Loom.foldDistanceTransition_halfThreshold' depends on axioms: [propext, Classical.choice, Quot.sound]
info: Loom/HalfThresholdFri.lean:263:0: 'Minidregg.Loom.fold_halfThreshold_pr_le' depends on axioms: [propext, Classical.choice, Quot.sound]
info: Loom/HalfThresholdFri.lean:264:0: 'Minidregg.Loom.HalfThresholdFriExample.spike_halfThreshold_bad_exact' depends on axioms: [propext,
 Classical.choice,
 Quot.sound]
info: Loom/HalfThresholdFri.lean:265:0: 'Minidregg.Loom.HalfThresholdFriExample.half_postJohnson_tail_transition' depends on axioms: [propext,
 Classical.choice,
 Quot.sound]
ℹ [3020/3029] Built Loom.HalfThresholdFriTower (1.7s)
info: Loom/HalfThresholdFriTower.lean:332:0: 'Minidregg.Loom.proximity_far_covering_schedule' depends on axioms: [propext, Classical.choice, Quot.sound]
info: Loom/HalfThresholdFriTower.lean:333:0: 'Minidregg.Loom.proximity_sound_schedule' depends on axioms: [propext, Classical.choice, Quot.sound]
info: Loom/HalfThresholdFriTower.lean:334:0: 'Minidregg.Loom.proximity_sound_halfThen' depends on axioms: [propext, Classical.choice, Quot.sound]
info: Loom/HalfThresholdFriTower.lean:335:0: 'Minidregg.Loom.FoldingTower.card_level_le_zero' depends on axioms: [propext, Classical.choice, Quot.sound]
info: Loom/HalfThresholdFriTower.lean:336:0: 'Minidregg.Loom.proximity_sound_halfThen_UD' depends on axioms: [propext, Classical.choice, Quot.sound]
info: Loom/HalfThresholdFriTower.lean:337:0: 'Minidregg.Loom.proximity_sound_rateHalf_postJohnson' depends on axioms: [propext, Classical.choice, Quot.sound]
info: Loom/HalfThresholdFriTower.lean:338:0: 'Minidregg.Loom.HalfThresholdFriTowerExample.spike_scheduled_bound_attained' depends on axioms: [propext,
 Classical.choice,
 Quot.sound]
ℹ [3021/3029] Built Loom.HalfThresholdFriTranscript (1.7s)
info: Loom/HalfThresholdFriTranscript.lean:529:0: 'Minidregg.Loom.openedFriQuery_pins' depends on axioms: [propext, Quot.sound]
info: Loom/HalfThresholdFriTranscript.lean:530:0: 'Minidregg.Loom.friRound_query_miss_halfThreshold' depends on axioms: [propext, Classical.choice, Quot.sound]
info: Loom/HalfThresholdFriTranscript.lean:531:0: 'Minidregg.Loom.committedWord_eq_towerWord' depends on axioms: [propext, Quot.sound]
info: Loom/HalfThresholdFriTranscript.lean:532:0: 'Minidregg.Loom.friCommittedAccepts_implies_proximityTest' depends on axioms: [propext, Classical.choice, Quot.sound]
info: Loom/HalfThresholdFriTranscript.lean:533:0: 'Minidregg.Loom.committedFri_sound_halfThen_UD' depends on axioms: [propext, Classical.choice, Quot.sound]
info: Loom/HalfThresholdFriTranscript.lean:534:0: 'Minidregg.Loom.friEvent_fsOracle_iff' depends on axioms: [propext, Classical.choice, Quot.sound]
info: Loom/HalfThresholdFriTranscript.lean:535:0: 'Minidregg.Loom.HalfThresholdFriTranscriptExample.spike_committed_accepts_three' depends on axioms: [propext,
 Classical.choice,
 Quot.sound]
info: Loom/HalfThresholdFriTranscript.lean:536:0: 'Minidregg.Loom.HalfThresholdFriTranscriptExample.spike_committed_rejects_one' depends on axioms: [propext,
 Classical.choice,
 Quot.sound]
info: Loom/HalfThresholdFriTranscript.lean:537:0: 'Minidregg.Loom.HalfThresholdFriTranscriptExample.spike_wrongChallenge_queryMiss_bound' depends on axioms: [propext,
 Classical.choice,
 Quot.sound]
ℹ [3022/3029] Built Loom.HalfThresholdFriQuery (2.4s)
info: Loom/HalfThresholdFriQuery.lean:523:0: 'Minidregg.Loom.FriAdaptiveTranscript.wordAt_congr' depends on axioms: [Quot.sound]
info: Loom/HalfThresholdFriQuery.lean:524:0: 'Minidregg.Loom.friAdaptiveRoundQueries_pins' depends on axioms: [propext, Quot.sound]
info: Loom/HalfThresholdFriQuery.lean:525:0: 'Minidregg.Loom.uniformProb_pi_coord_le' depends on axioms: [propext, Classical.choice, Quot.sound]
info: Loom/HalfThresholdFriQuery.lean:526:0: 'Minidregg.Loom.friRound_query_miss_uniform' depends on axioms: [propext, Classical.choice, Quot.sound]
info: Loom/HalfThresholdFriQuery.lean:527:0: 'Minidregg.Loom.friAdaptive_earliestDeviation_cover' depends on axioms: [propext, Classical.choice, Quot.sound]
info: Loom/HalfThresholdFriQuery.lean:528:0: 'Minidregg.Loom.friAdaptive_allRound_query_miss' depends on axioms: [propext, Classical.choice, Quot.sound]
info: Loom/HalfThresholdFriQuery.lean:529:0: 'Minidregg.Loom.friAdaptive_sampled_sound' depends on axioms: [propext, Classical.choice, Quot.sound]
ℹ [3023/3029] Built Loom.HalfThresholdFriCoherent (2.0s)
info: Loom/HalfThresholdFriCoherent.lean:307:0: 'Minidregg.Loom.powerTwoCoherentRound_uniform' depends on axioms: [propext, Classical.choice, Quot.sound]
info: Loom/HalfThresholdFriCoherent.lean:308:0: 'Minidregg.Loom.friAdaptive_coherent_query_miss' depends on axioms: [propext, Classical.choice, Quot.sound]
info: Loom/HalfThresholdFriCoherent.lean:309:0: 'Minidregg.Loom.friAdaptive_coherent_sampled_sound' depends on axioms: [propext, Classical.choice, Quot.sound]
ℹ [3024/3029] Built Loom.AdditiveFriTower (2.6s)
info: Loom/AdditiveFriTower.lean:413:0: 'Minidregg.Loom.additiveTowerMap_succ' depends on axioms: [propext, Classical.choice, Quot.sound]
info: Loom/AdditiveFriTower.lean:414:0: 'Minidregg.Loom.additiveTower_foldMap_reindex' depends on axioms: [propext, Classical.choice, Quot.sound]
info: Loom/AdditiveFriTower.lean:415:0: 'Minidregg.Loom.additiveTower_high_eq_low_add_pivot' depends on axioms: [propext, Classical.choice, Quot.sound]
info: Loom/AdditiveFriTower.lean:416:0: 'Minidregg.Loom.additiveTower_domain_image' depends on axioms: [propext, Classical.choice, Quot.sound]
info: Loom/AdditiveFriTower.lean:417:0: 'Minidregg.Loom.additiveTowerPoint_injective' depends on axioms: [propext, Classical.choice, Quot.sound]
info: Loom/AdditiveFriTower.lean:418:0: 'Minidregg.Loom.additiveTowerPivot_ne_zero' depends on axioms: [propext, Classical.choice, Quot.sound]
info: Loom/AdditiveFriTower.lean:419:0: 'Minidregg.Loom.additiveTower_transversal' depends on axioms: [propext, Classical.choice, Quot.sound]
info: Loom/AdditiveFriTower.lean:420:0: 'Minidregg.Loom.additiveTower_domain_eq_pairDomain' depends on axioms: [propext, Classical.choice, Quot.sound]
info: Loom/AdditiveFriTower.lean:421:0: 'Minidregg.Loom.additiveCoherentRound_uniform' depends on axioms: [propext, Classical.choice, Quot.sound]
ℹ [3025/3029] Built Loom.AdditiveFriQuery (3.4s)
info: Loom/AdditiveFriQuery.lean:821:0: 'Minidregg.Loom.openedAdditiveFriQuery_pins' depends on axioms: [propext, Classical.choice, Quot.sound]
info: Loom/AdditiveFriQuery.lean:822:0: 'Minidregg.Loom.additiveFriRound_query_miss_uniform' depends on axioms: [propext, Classical.choice, Quot.sound]
info: Loom/AdditiveFriQuery.lean:823:0: 'Minidregg.Loom.additiveFriAdaptive_earliestDeviation_cover' depends on axioms: [propext, Classical.choice, Quot.sound]
info: Loom/AdditiveFriQuery.lean:824:0: 'Minidregg.Loom.additiveFriAdaptive_coherent_query_miss' depends on axioms: [propext, Classical.choice, Quot.sound]
info: Loom/AdditiveFriQuery.lean:825:0: 'Minidregg.Loom.additiveFriAdaptive_coherent_sampled_sound' depends on axioms: [propext, Classical.choice, Quot.sound]
info: Loom/AdditiveFriQuery.lean:826:0: 'Minidregg.Loom.additiveFoldDistanceTransition_UD' depends on axioms: [propext, Classical.choice, Quot.sound]
info: Loom/AdditiveFriQuery.lean:827:0: 'Minidregg.Loom.additiveFriAdaptive_coherent_sampled_sound_UD' depends on axioms: [propext,
 Classical.choice,
 Quot.sound]
⚠ [3026/3029] Built Compiler.AdditiveFriReceiptClause (2.9s)
warning: Compiler/AdditiveFriReceiptClause.lean:59:0: automatically included section variable(s) unused in theorem `Minidregg.Compiler.AdditiveFriReceiptClause.rootsBeforeChallenge_of_adaptive`:
  [Field F]
  [CharP F 2]
  [Algebra (ZMod 2) F]
consider restructuring your `variable` declarations so that the variables are not in scope or explicitly omit them:
  omit [Field F] [CharP F 2] [Algebra (ZMod 2) F] in theorem ...

Note: This linter can be disabled with `set_option linter.unusedSectionVars false`
info: Compiler/AdditiveFriReceiptClause.lean:312:0: 'Minidregg.Compiler.AdditiveFriReceiptClause.rootsBeforeChallenge_of_adaptive' depends on axioms: [propext,
 Classical.choice,
 Quot.sound]
info: Compiler/AdditiveFriReceiptClause.lean:313:0: 'Minidregg.Compiler.AdditiveFriReceiptClause.FarWordSoundnessCertificate.exact_ud_challenge_query_error' depends on axioms: [propext,
 Classical.choice,
 Quot.sound]
ℹ [3027/3029] Built Assurance.SemanticAdditiveFriCheckpoint (5.0s)
info: Assurance/SemanticAdditiveFriCheckpoint.lean:519:0: 'Minidregg.Assurance.SemanticAdditiveFriCheckpoint.CoordinatePadding.paddedCommitment' depends on axioms: [propext,
 Quot.sound]
info: Assurance/SemanticAdditiveFriCheckpoint.lean:520:0: 'Minidregg.Assurance.SemanticAdditiveFriCheckpoint.checkpointClausePin_registered' depends on axioms: [propext]
info: Assurance/SemanticAdditiveFriCheckpoint.lean:521:0: 'Minidregg.Assurance.SemanticAdditiveFriCheckpoint.Checkpoint.initial_root_eq_semantic_head' depends on axioms: [propext,
 Classical.choice,
 Quot.sound]
info: Assurance/SemanticAdditiveFriCheckpoint.lean:522:0: 'Minidregg.Assurance.SemanticAdditiveFriCheckpoint.Checkpoint.initial_word_mem_code' depends on axioms: [propext,
 Classical.choice,
 Quot.sound]
info: Assurance/SemanticAdditiveFriCheckpoint.lean:523:0: 'Minidregg.Assurance.SemanticAdditiveFriCheckpoint.StraightlineCheckpointExtraction.accepted_sample_extracts_checkpoint' depends on axioms: [propext,
 Classical.choice,
 Quot.sound]
info: Assurance/SemanticAdditiveFriCheckpoint.lean:524:0: 'Minidregg.Assurance.SemanticAdditiveFriCheckpoint.StraightlineCheckpointExtraction.component_error_bounds' depends on axioms: [propext,
 Classical.choice,
 Quot.sound]
⚠ [3028/3029] Built Assurance.SemanticHistoryWARPAdditiveJoin (3.3s)
warning: Assurance/SemanticHistoryWARPAdditiveJoin.lean:187:8: automatically included section variable(s) unused in theorem `Minidregg.Assurance.SemanticHistoryWARPAdditiveJoin.reindexCommitment_commit`:
  [Field F]
  [Fintype F]
  [DecidableEq F]
  [DecidableEq ι]
consider restructuring your `variable` declarations so that the variables are not in scope or explicitly omit them:
  omit [Field F] [Fintype F] [DecidableEq F] [DecidableEq ι] in theorem ...

Note: This linter can be disabled with `set_option linter.unusedSectionVars false`
warning: Assurance/SemanticHistoryWARPAdditiveJoin.lean:196:0: automatically included section variable(s) unused in theorem `Minidregg.Assurance.SemanticHistoryWARPAdditiveJoin.reindexWord_mem_reedSolomonCode`:
  [Fintype F]
  [DecidableEq F]
  [DecidableEq ι]
consider restructuring your `variable` declarations so that the variables are not in scope or explicitly omit them:
  omit [Fintype F] [DecidableEq F] [DecidableEq ι] in theorem ...

Note: This linter can be disabled with `set_option linter.unusedSectionVars false`
info: Assurance/SemanticHistoryWARPAdditiveJoin.lean:337:0: 'Minidregg.Assurance.SemanticHistoryWARPAdditiveJoin.DualRootSchedule.foldedRoot_after_challenge' depends on axioms: [propext,
 Quot.sound]
info: Assurance/SemanticHistoryWARPAdditiveJoin.lean:338:0: 'Minidregg.Assurance.SemanticHistoryWARPAdditiveJoin.DualRootSchedule.foldedRoot_commits_folded_word' depends on axioms: [propext,
 Quot.sound]
info: Assurance/SemanticHistoryWARPAdditiveJoin.lean:339:0: 'Minidregg.Assurance.SemanticHistoryWARPAdditiveJoin.BcsLinkOpenings.bcsRounds_exact' depends on axioms: [propext,
 Classical.choice,
 Quot.sound]
info: Assurance/SemanticHistoryWARPAdditiveJoin.lean:340:0: 'Minidregg.Assurance.SemanticHistoryWARPAdditiveJoin.terminal_root_eq_additive_initial' depends on axioms: [propext,
 Classical.choice,
 Quot.sound]
⚠ [3029/3029] Built Assurance.AuthenticatedColumnHistoryBridge (2.4s)
warning: Assurance/AuthenticatedColumnHistoryBridge.lean:89:0: automatically included section variable(s) unused in theorem `Minidregg.Assurance.AuthenticatedColumnHistoryBridge.AuthenticatedLinkColumns.message_root_exact`:
  [Fintype F]
  [DecidableEq F]
  [DecidableEq ι]
consider restructuring your `variable` declarations so that the variables are not in scope or explicitly omit them:
  omit [Fintype F] [DecidableEq F] [DecidableEq ι] in theorem ...

Note: This linter can be disabled with `set_option linter.unusedSectionVars false`
warning: Assurance/AuthenticatedColumnHistoryBridge.lean:103:0: automatically included section variable(s) unused in theorem `Minidregg.Assurance.AuthenticatedColumnHistoryBridge.AuthenticatedLinkColumns.message_columns_open`:
  [Fintype F]
  [DecidableEq F]
  [DecidableEq ι]
consider restructuring your `variable` declarations so that the variables are not in scope or explicitly omit them:
  omit [Fintype F] [DecidableEq F] [DecidableEq ι] in theorem ...

Note: This linter can be disabled with `set_option linter.unusedSectionVars false`
warning: Assurance/AuthenticatedColumnHistoryBridge.lean:150:0: automatically included section variable(s) unused in theorem `Minidregg.Assurance.AuthenticatedColumnHistoryBridge.AuthenticatedLinkColumns.message_records_in_attestation`:
  [Fintype F]
  [DecidableEq F]
  [DecidableEq ι]
consider restructuring your `variable` declarations so that the variables are not in scope or explicitly omit them:
  omit [Fintype F] [DecidableEq F] [DecidableEq ι] in theorem ...

Note: This linter can be disabled with `set_option linter.unusedSectionVars false`
info: Assurance/AuthenticatedColumnHistoryBridge.lean:161:0: 'Minidregg.Assurance.AuthenticatedColumnHistoryBridge.AuthenticatedLinkColumns.message_root_exact' depends on axioms: [propext,
 Classical.choice,
 Quot.sound]
info: Assurance/AuthenticatedColumnHistoryBridge.lean:162:0: 'Minidregg.Assurance.AuthenticatedColumnHistoryBridge.AuthenticatedLinkColumns.message_columns_open' depends on axioms: [propext,
 Classical.choice,
 Quot.sound]
info: Assurance/AuthenticatedColumnHistoryBridge.lean:163:0: 'Minidregg.Assurance.AuthenticatedColumnHistoryBridge.AuthenticatedLinkColumns.bcsRounds_exact_of_attestation' depends on axioms: [propext,
 Classical.choice,
 Quot.sound]
Build completed successfully (3029 jobs).
