start_utc=2026-09-27T22:55:49Z
root=/home/ember/build/minidregg-9cd8c93-native-20260927
lean_threads=2
native_jobs=2
seat=/home/ember/build/minidregg-9cd8c93-evidence/cycle/lean-seat-1
successful-prefix reuse check PASS 138 compiled prefix modules
lean[139/353] Kernel.ResourceBirthPolicyController start
lean[139/353] Kernel.ResourceBirthPolicyController PASS 14s
lean[140/353] Kernel.ResourceBirthReceiver start
lean[140/353] Kernel.ResourceBirthReceiver PASS 9s
lean[141/353] Kernel.CapabilityDelegationController start
lean[141/353] Kernel.CapabilityDelegationController PASS 11s
lean[142/353] Kernel.CapabilityDelegationReceiver start
lean[142/353] Kernel.CapabilityDelegationReceiver PASS 11s
lean[143/353] Kernel.CapabilityRevocationController start
lean[143/353] Kernel.CapabilityRevocationController PASS 12s
lean[144/353] Kernel.CapabilityRevocationReceiver start
lean[144/353] Kernel.CapabilityRevocationReceiver PASS 9s
lean[145/353] Compiler.NativeHostCodec start
lean[145/353] Compiler.NativeHostCodec PASS 12s
lean[146/353] Kernel.AgentGrain start
lean[146/353] Kernel.AgentGrain PASS 57s
lean[147/353] Compiler.GrainResourceBirthController start
lean[147/353] Compiler.GrainResourceBirthController PASS 6s
lean[148/353] Kernel.NativeHostContext start
lean[148/353] Kernel.NativeHostContext PASS 4s
lean[149/353] Compiler.GrainResourceBirthHostCodec start
lean[149/353] Compiler.GrainResourceBirthHostCodec PASS 4s
lean[150/353] Kernel.GrainResourceBirthPolicyController start
lean[150/353] Kernel.GrainResourceBirthPolicyController PASS 4s
lean[151/353] Kernel.GrainResourceBirthFamilies start
lean[151/353] Kernel.GrainResourceBirthFamilies PASS 4s
lean[152/353] Kernel.GrainResourceBirthTransaction start
lean[152/353] Kernel.GrainResourceBirthTransaction PASS 5s
lean[153/353] Kernel.GrainResourceBirthAdmission start
lean[153/353] Kernel.GrainResourceBirthAdmission PASS 6s
lean[154/353] Kernel.NativeHostGrainBirth start
lean[154/353] Kernel.NativeHostGrainBirth PASS 3s
lean[155/353] Kernel.GrainResourceBirthReceiver start
lean[155/353] Kernel.GrainResourceBirthReceiver PASS 3s
lean[156/353] Compiler.NativeObservationCodec start
lean[156/353] Compiler.NativeObservationCodec PASS 3s
lean[157/353] Kernel.NativeObservationController start
lean[157/353] Kernel.NativeObservationController PASS 4s
lean[158/353] Compiler.FnEvidenceCodec start
lean[158/353] Compiler.FnEvidenceCodec PASS 3s
lean[159/353] Kernel.FnSelectiveRelease start
lean[159/353] Kernel.FnSelectiveRelease PASS 3s
lean[160/353] Kernel.FnGatewayPolicy start
lean[160/353] Kernel.FnGatewayPolicy PASS 3s
lean[161/353] Kernel.FnSelectiveReleaseSignature start
lean[161/353] Kernel.FnSelectiveReleaseSignature PASS 2s
lean[162/353] Kernel.FnSelectiveReleaseIngress start
lean[162/353] Kernel.FnSelectiveReleaseIngress PASS 3s
lean[163/353] Kernel.FnSelectiveReleaseAdmission start
lean[163/353] Kernel.FnSelectiveReleaseAdmission PASS 4s
lean[164/353] Kernel.FnSelectiveReleaseSourcePublication start
lean[164/353] Kernel.FnSelectiveReleaseSourcePublication PASS 3s
lean[165/353] Kernel.PhysicalResourceReadGuard start
lean[165/353] Kernel.PhysicalResourceReadGuard PASS 2s
lean[166/353] Kernel.FnSelectiveReleaseSourceAuthority start
lean[166/353] Kernel.FnSelectiveReleaseSourceAuthority PASS 3s
lean[167/353] Kernel.FnSelectiveReleaseSourceReceiver start
lean[167/353] Kernel.FnSelectiveReleaseSourceReceiver PASS 2s
lean[168/353] Kernel.ApplicationGrain start
lean[168/353] Kernel.ApplicationGrain PASS 4s
lean[169/353] Kernel.ApplicationLifecycleBegin start
lean[169/353] Kernel.ApplicationLifecycleBegin PASS 3s
lean[170/353] Kernel.ApplicationLifecycleBeginIngress start
lean[170/353] Kernel.ApplicationLifecycleBeginIngress PASS 2s
lean[171/353] Kernel.ApplicationDispatchCodec start
lean[171/353] Kernel.ApplicationDispatchCodec PASS 3s
lean[172/353] Kernel.ApplicationGrainSession start
lean[172/353] Kernel.ApplicationGrainSession PASS 3s
lean[173/353] Kernel.ApplicationGrainSessionEnrollment start
lean[173/353] Kernel.ApplicationGrainSessionEnrollment PASS 3s
lean[174/353] Kernel.ApplicationPermissionSchema start
lean[174/353] Kernel.ApplicationPermissionSchema PASS 3s
lean[175/353] Kernel.ApplicationDispatchManifest start
lean[175/353] Kernel.ApplicationDispatchManifest PASS 2s
lean[176/353] Kernel.ApplicationLifecycleBeginReceiver start
lean[176/353] Kernel.ApplicationLifecycleBeginReceiver PASS 3s
lean[177/353] Kernel.ApplicationLifecycleClaim start
lean[177/353] Kernel.ApplicationLifecycleClaim PASS 3s
lean[178/353] Kernel.ApplicationLifecycleClaimIngress start
lean[178/353] Kernel.ApplicationLifecycleClaimIngress PASS 2s
lean[179/353] Kernel.NativeHistorySelection start
lean[179/353] Kernel.NativeHistorySelection PASS 3s
lean[180/353] Kernel.ApplicationLifecycleClaimHistory start
lean[180/353] Kernel.ApplicationLifecycleClaimHistory PASS 3s
lean[181/353] Kernel.ApplicationLifecycleClaimCurrent start
lean[181/353] Kernel.ApplicationLifecycleClaimCurrent PASS 3s
lean[182/353] Kernel.ApplicationLifecycleClaimCore start
lean[182/353] Kernel.ApplicationLifecycleClaimCore PASS 2s
lean[183/353] Kernel.ApplicationSpkPackageIdentity start
lean[183/353] Kernel.ApplicationSpkPackageIdentity PASS 3s
lean[184/353] Kernel.ApplicationLifecycleBeginV2Ingress start
lean[184/353] Kernel.ApplicationLifecycleBeginV2Ingress PASS 2s
lean[185/353] Kernel.ApplicationLifecycleClaimV2Ingress start
lean[185/353] Kernel.ApplicationLifecycleClaimV2Ingress PASS 2s
lean[186/353] Kernel.ApplicationLifecycleBeginV2Admission start
lean[186/353] Kernel.ApplicationLifecycleBeginV2Admission PASS 2s
lean[187/353] Kernel.ApplicationLifecycleClaimV2Core start
lean[187/353] Kernel.ApplicationLifecycleClaimV2Core PASS 2s
lean[188/353] Kernel.ApplicationDispatchAuthority start
lean[188/353] Kernel.ApplicationDispatchAuthority PASS 3s
lean[189/353] Kernel.ApplicationShareIssueSource start
lean[189/353] Kernel.ApplicationShareIssueSource PASS 3s
lean[190/353] Kernel.ApplicationShareIssueDelegation start
lean[190/353] Kernel.ApplicationShareIssueDelegation PASS 2s
lean[191/353] Kernel.ApplicationShareIssueAtomicBirth start
lean[191/353] Kernel.ApplicationShareIssueAtomicBirth PASS 3s
lean[192/353] Kernel.ApplicationShareIssueAdmission start
lean[192/353] Kernel.ApplicationShareIssueAdmission PASS 2s
lean[193/353] Kernel.ApplicationShareIssueReceiver start
lean[193/353] Kernel.ApplicationShareIssueReceiver PASS 3s
lean[194/353] Kernel.ApplicationShareIssueGrainSource start
lean[194/353] Kernel.ApplicationShareIssueGrainSource PASS 2s
lean[195/353] Kernel.ApplicationShareIssueGrainAdmission start
lean[195/353] Kernel.ApplicationShareIssueGrainAdmission PASS 3s
lean[196/353] Kernel.ApplicationShareIssueGrainReceiver start
lean[196/353] Kernel.ApplicationShareIssueGrainReceiver PASS 2s
lean[197/353] Kernel.ApplicationAgentLifetimeGrant start
lean[197/353] Kernel.ApplicationAgentLifetimeGrant PASS 2s
lean[198/353] Kernel.ApplicationAgentLifetimeGrantSource start
lean[198/353] Kernel.ApplicationAgentLifetimeGrantSource PASS 2s
lean[199/353] Kernel.ApplicationAgentLifetimeGrantDelegation start
lean[199/353] Kernel.ApplicationAgentLifetimeGrantDelegation PASS 3s
lean[200/353] Kernel.ApplicationAgentLifetimeGrantAtomicBirth start
lean[200/353] Kernel.ApplicationAgentLifetimeGrantAtomicBirth PASS 2s
lean[201/353] Kernel.ApplicationAgentLifetimeGrantAdmission start
lean[201/353] Kernel.ApplicationAgentLifetimeGrantAdmission PASS 3s
lean[202/353] Kernel.ApplicationAgentLifetimeGrantIntentTemplate start
lean[202/353] Kernel.ApplicationAgentLifetimeGrantIntentTemplate PASS 2s
lean[203/353] Kernel.ApplicationDispatchIngress start
lean[203/353] Kernel.ApplicationDispatchIngress PASS 2s
lean[204/353] Kernel.ApplicationDispatchCommand start
lean[204/353] Kernel.ApplicationDispatchCommand PASS 3s
lean[205/353] Kernel.ApplicationDispatchAdmissionIngress start
lean[205/353] Kernel.ApplicationDispatchAdmissionIngress PASS 2s
lean[206/353] Kernel.ApplicationDispatchAgentReserveContext start
lean[206/353] Kernel.ApplicationDispatchAgentReserveContext PASS 2s
lean[207/353] Kernel.ApplicationAgentLifetimeDispatchReserveContext start
lean[207/353] Kernel.ApplicationAgentLifetimeDispatchReserveContext PASS 3s
lean[208/353] Kernel.ApplicationAgentLifetimeDispatchIngress start
lean[208/353] Kernel.ApplicationAgentLifetimeDispatchIngress PASS 2s
lean[209/353] Kernel.ApplicationDispatchWitness start
lean[209/353] Kernel.ApplicationDispatchWitness PASS 2s
lean[210/353] Kernel.ApplicationDispatchAdmission start
lean[210/353] Kernel.ApplicationDispatchAdmission PASS 4s
lean[211/353] Kernel.ApplicationAgentLifetimeDispatchCurrent start
lean[211/353] Kernel.ApplicationAgentLifetimeDispatchCurrent PASS 5s
lean[212/353] Kernel.ApplicationDispatchAgentPayer start
lean[212/353] Kernel.ApplicationDispatchAgentPayer PASS 5s
lean[213/353] Kernel.ApplicationDispatchAgentReserveCore start
lean[213/353] Kernel.ApplicationDispatchAgentReserveCore PASS 7s
lean[214/353] Kernel.ApplicationAgentLifetimeDispatchReserveCore start
lean[214/353] Kernel.ApplicationAgentLifetimeDispatchReserveCore PASS 5s
lean[215/353] Kernel.ApplicationAgentLifetimeDispatchPayer start
lean[215/353] Kernel.ApplicationAgentLifetimeDispatchPayer PASS 4s
lean[216/353] Kernel.ApplicationAgentLifetimeDispatchCore start
lean[216/353] Kernel.ApplicationAgentLifetimeDispatchCore PASS 4s
lean[217/353] Kernel.ApplicationDispatchPending start
lean[217/353] Kernel.ApplicationDispatchPending PASS 3s
lean[218/353] Kernel.ApplicationDispatchHistoricalCore start
lean[218/353] Kernel.ApplicationDispatchHistoricalCore PASS 3s
lean[219/353] Kernel.ApplicationDispatchAgentIngress start
lean[219/353] Kernel.ApplicationDispatchAgentIngress PASS 2s
lean[220/353] Kernel.ApplicationDispatchAgentCore start
lean[220/353] Kernel.ApplicationDispatchAgentCore PASS 3s
lean[221/353] Kernel.FnConsumerScope start
lean[221/353] Kernel.FnConsumerScope PASS 4s
lean[222/353] Kernel.FnConsumerFrontierCore start
lean[222/353] Kernel.FnConsumerFrontierCore PASS 2s
lean[223/353] Kernel.FnConsumerProgressHistory start
lean[223/353] Kernel.FnConsumerProgressHistory PASS 3s
lean[224/353] Kernel.FnConsumerNamespaceRegistration start
lean[224/353] Kernel.FnConsumerNamespaceRegistration PASS 2s
lean[225/353] Kernel.FnConsumerFrontierGateway start
lean[225/353] Kernel.FnConsumerFrontierGateway PASS 3s
lean[226/353] Kernel.FnConsumerNamespaceAdmissionAt start
lean[226/353] Kernel.FnConsumerNamespaceAdmissionAt PASS 2s
lean[227/353] Kernel.FnConsumerNamespaceHistory start
lean[227/353] Kernel.FnConsumerNamespaceHistory PASS 2s
lean[228/353] Kernel.FnConsumerFrontierReplay start
lean[228/353] Kernel.FnConsumerFrontierReplay PASS 2s
lean[229/353] Kernel.FnSelectiveReleaseReceiver start
lean[229/353] Kernel.FnSelectiveReleaseReceiver PASS 3s
lean[230/353] Kernel.FnSelectedPollReleaseShape start
lean[230/353] Kernel.FnSelectedPollReleaseShape PASS 2s
lean[231/353] Kernel.FnSelectedPollCoverage start
lean[231/353] Kernel.FnSelectedPollCoverage PASS 3s
lean[232/353] Kernel.FnEmptyPollProgressV2 start
lean[232/353] Kernel.FnEmptyPollProgressV2 PASS 2s
lean[233/353] Kernel.FnConsumerFrontierProposal start
lean[233/353] Kernel.FnConsumerFrontierProposal PASS 2s
lean[234/353] Kernel.FnSelectedPollAdmissionAt start
lean[234/353] Kernel.FnSelectedPollAdmissionAt PASS 3s
lean[235/353] Kernel.FnEmptyPollAdmissionAtV2 start
lean[235/353] Kernel.FnEmptyPollAdmissionAtV2 PASS 2s
lean[236/353] Kernel.ApplicationLifecycleClaimProjection start
lean[236/353] Kernel.ApplicationLifecycleClaimProjection PASS 3s
lean[237/353] Kernel.ApplicationLifecycleCompletionReport start
lean[237/353] Kernel.ApplicationLifecycleCompletionReport PASS 4s
lean[238/353] Kernel.ApplicationLifecycleCompletionPolicy start
lean[238/353] Kernel.ApplicationLifecycleCompletionPolicy PASS 4s
lean[239/353] Kernel.ApplicationLifecycleCompletionSource start
lean[239/353] Kernel.ApplicationLifecycleCompletionSource PASS 6s
lean[240/353] Kernel.ApplicationLifecycleCompletionHistory start
lean[240/353] Kernel.ApplicationLifecycleCompletionHistory PASS 5s
lean[241/353] Kernel.ApplicationLifecycleCompletionIngress start
lean[241/353] Kernel.ApplicationLifecycleCompletionIngress PASS 6s
lean[242/353] Kernel.ApplicationLifecycleCompletionAdmission start
lean[242/353] Kernel.ApplicationLifecycleCompletionAdmission PASS 6s
lean[243/353] Kernel.ApplicationLifecycleCompletionCore start
lean[243/353] Kernel.ApplicationLifecycleCompletionCore PASS 4s
lean[244/353] Kernel.ApplicationSpkLaunchDescriptor start
lean[244/353] Kernel.ApplicationSpkLaunchDescriptor PASS 5s
lean[245/353] Kernel.ApplicationLifecycleLaunchBinding start
lean[245/353] Kernel.ApplicationLifecycleLaunchBinding PASS 6s
lean[246/353] Kernel.ApplicationLifecycleBeginV3Ingress start
lean[246/353] Kernel.ApplicationLifecycleBeginV3Ingress PASS 7s
lean[247/353] Kernel.ApplicationLifecycleClaimV3Ingress start
lean[247/353] Kernel.ApplicationLifecycleClaimV3Ingress PASS 5s
lean[248/353] Kernel.ApplicationLifecycleBeginV3Admission start
lean[248/353] Kernel.ApplicationLifecycleBeginV3Admission PASS 6s
lean[249/353] Kernel.ApplicationLifecycleClaimV3Core start
lean[249/353] Kernel.ApplicationLifecycleClaimV3Core PASS 6s
lean[250/353] Kernel.ApplicationLifecycleClaimV3Projection start
lean[250/353] Kernel.ApplicationLifecycleClaimV3Projection PASS 5s
lean[251/353] Kernel.ApplicationLifecycleCompletionV2Report start
lean[251/353] Kernel.ApplicationLifecycleCompletionV2Report PASS 6s
lean[252/353] Kernel.ApplicationLifecycleCompletionV2Source start
lean[252/353] Kernel.ApplicationLifecycleCompletionV2Source PASS 6s
lean[253/353] Kernel.ApplicationLifecycleCompletionV2History start
lean[253/353] Kernel.ApplicationLifecycleCompletionV2History PASS 5s
lean[254/353] Kernel.ApplicationLifecycleCompletionV2Ingress start
lean[254/353] Kernel.ApplicationLifecycleCompletionV2Ingress PASS 5s
lean[255/353] Kernel.ApplicationLifecycleCompletionV2Policy start
lean[255/353] Kernel.ApplicationLifecycleCompletionV2Policy PASS 6s
lean[256/353] Kernel.ApplicationLifecycleCompletionV2Admission start
lean[256/353] Kernel.ApplicationLifecycleCompletionV2Admission PASS 8s
lean[257/353] Kernel.ApplicationLifecycleCompletionV2Core start
lean[257/353] Kernel.ApplicationLifecycleCompletionV2Core PASS 6s
lean[258/353] Kernel.ApplicationLifecycleCreatedHistory start
lean[258/353] Kernel.ApplicationLifecycleCreatedHistory PASS 6s
lean[259/353] Kernel.NativeHostReplay start
lean[259/353] Kernel.NativeHostReplay PASS 21s
lean[260/353] Kernel.NativeHost start
lean[260/353] Kernel.NativeHost PASS 10s
lean[261/353] Kernel.NativeHostSession start
lean[261/353] Kernel.NativeHostSession PASS 5s
lean[262/353] Kernel.NativeReserveContinuity start
lean[262/353] Kernel.NativeReserveContinuity PASS 6s
lean[263/353] Kernel.NativeHostGenesis start
lean[263/353] Kernel.NativeHostGenesis PASS 9s
lean[264/353] Kernel.FnEvidence start
lean[264/353] Kernel.FnEvidence PASS 5s
lean[265/353] Kernel.FnConsumerOperation start
lean[265/353] Kernel.FnConsumerOperation PASS 11s
lean[266/353] Kernel.FnConsumerProgress start
lean[266/353] Kernel.FnConsumerProgress PASS 7s
lean[267/353] Kernel.FnConsumerNamespaceAdmission start
lean[267/353] Kernel.FnConsumerNamespaceAdmission PASS 6s
lean[268/353] Kernel.FnConsumerNamespaceReceiver start
lean[268/353] Kernel.FnConsumerNamespaceReceiver PASS 6s
lean[269/353] Kernel.FnSelectedPollReleaseLink start
lean[269/353] Kernel.FnSelectedPollReleaseLink PASS 4s
lean[270/353] Kernel.FnSelectedPollAdmission start
lean[270/353] Kernel.FnSelectedPollAdmission PASS 7s
lean[271/353] Kernel.FnSelectedPollReceiver start
lean[271/353] Kernel.FnSelectedPollReceiver PASS 6s
lean[272/353] Kernel.FnEmptyPollAdmissionV2 start
lean[272/353] Kernel.FnEmptyPollAdmissionV2 PASS 6s
lean[273/353] Kernel.FnEmptyPollReceiverV2 start
lean[273/353] Kernel.FnEmptyPollReceiverV2 PASS 4s
lean[274/353] Kernel.FnOriginOutbox start
lean[274/353] Kernel.FnOriginOutbox PASS 3s
lean[275/353] Kernel.FnCatalogOwnRProgress start
lean[275/353] Kernel.FnCatalogOwnRProgress PASS 4s
lean[276/353] Kernel.FnReplyPublication start
lean[276/353] Kernel.FnReplyPublication PASS 4s
lean[277/353] Kernel.FnPortableSource start
lean[277/353] Kernel.FnPortableSource PASS 3s
lean[278/353] Kernel.FnReplySource start
lean[278/353] Kernel.FnReplySource PASS 6s
lean[279/353] Kernel.FnReplyConsumption start
lean[279/353] Kernel.FnReplyConsumption PASS 5s
lean[280/353] Kernel.ApplicationShareIssueAuthoring start
lean[280/353] Kernel.ApplicationShareIssueAuthoring PASS 5s
lean[281/353] Kernel.ApplicationShareIssueGrainAuthoring start
lean[281/353] Kernel.ApplicationShareIssueGrainAuthoring PASS 6s
lean[282/353] Kernel.ApplicationShareIssueGrainLookup start
lean[282/353] Kernel.ApplicationShareIssueGrainLookup PASS 6s
lean[283/353] Kernel.ApplicationAgentLifetimeGrantReceiver start
lean[283/353] Kernel.ApplicationAgentLifetimeGrantReceiver PASS 5s
lean[284/353] Kernel.ApplicationAgentLifetimeGrantLookup start
lean[284/353] Kernel.ApplicationAgentLifetimeGrantLookup PASS 5s
lean[285/353] Kernel.ApplicationDispatchProjection start
lean[285/353] Kernel.ApplicationDispatchProjection PASS 5s
lean[286/353] Kernel.ApplicationDispatchReceiver start
lean[286/353] Kernel.ApplicationDispatchReceiver PASS 5s
lean[287/353] Kernel.ApplicationDispatchLookup start
lean[287/353] Kernel.ApplicationDispatchLookup PASS 6s
lean[288/353] Kernel.ApplicationDispatchAgentProjection start
lean[288/353] Kernel.ApplicationDispatchAgentProjection PASS 6s
lean[289/353] Kernel.ApplicationDispatchAgentReceiver start
lean[289/353] Kernel.ApplicationDispatchAgentReceiver PASS 5s
lean[290/353] Kernel.ApplicationDispatchAgentLookup start
lean[290/353] Kernel.ApplicationDispatchAgentLookup PASS 3s
lean[291/353] Kernel.ApplicationDispatchAuthoring start
lean[291/353] Kernel.ApplicationDispatchAuthoring PASS 4s
lean[292/353] Kernel.ApplicationDispatchAgentAuthoring start
lean[292/353] Kernel.ApplicationDispatchAgentAuthoring PASS 3s
lean[293/353] Kernel.ApplicationDispatchAgentPaidAuthoring start
lean[293/353] Kernel.ApplicationDispatchAgentPaidAuthoring PASS 3s
lean[294/353] Kernel.ApplicationAgentLifetimeDispatchProjection start
lean[294/353] Kernel.ApplicationAgentLifetimeDispatchProjection PASS 3s
lean[295/353] Kernel.ApplicationAgentLifetimeDispatchReceiver start
lean[295/353] Kernel.ApplicationAgentLifetimeDispatchReceiver PASS 3s
lean[296/353] Kernel.ApplicationAgentLifetimeDispatchLookup start
lean[296/353] Kernel.ApplicationAgentLifetimeDispatchLookup PASS 3s
lean[297/353] Kernel.ApplicationAgentLifetimeDispatchPaidAuthoring start
lean[297/353] Kernel.ApplicationAgentLifetimeDispatchPaidAuthoring PASS 3s
lean[298/353] Kernel.ApplicationLifecycleBeginV2Receiver start
lean[298/353] Kernel.ApplicationLifecycleBeginV2Receiver PASS 2s
lean[299/353] Kernel.ApplicationLifecycleBeginV3Receiver start
lean[299/353] Kernel.ApplicationLifecycleBeginV3Receiver PASS 2s
lean[300/353] Kernel.ApplicationLifecycleClaimV2Receiver start
lean[300/353] Kernel.ApplicationLifecycleClaimV2Receiver PASS 2s
lean[301/353] Kernel.ApplicationLifecycleClaimV3Receiver start
lean[301/353] Kernel.ApplicationLifecycleClaimV3Receiver PASS 3s
lean[302/353] Kernel.ApplicationLifecycleV2Lookup start
lean[302/353] Kernel.ApplicationLifecycleV2Lookup PASS 2s
lean[303/353] Kernel.ApplicationLifecycleV3Lookup start
lean[303/353] Kernel.ApplicationLifecycleV3Lookup PASS 2s
lean[304/353] Kernel.ApplicationLifecycleCompletionReceiver start
lean[304/353] Kernel.ApplicationLifecycleCompletionReceiver PASS 2s
lean[305/353] Kernel.ApplicationLifecycleCompletionV2Receiver start
lean[305/353] Kernel.ApplicationLifecycleCompletionV2Receiver PASS 3s
lean[306/353] Kernel.ApplicationLifecycleCompletionLookup start
lean[306/353] Kernel.ApplicationLifecycleCompletionLookup PASS 2s
lean[307/353] Kernel.ApplicationLifecycleCompletionV2Lookup start
lean[307/353] Kernel.ApplicationLifecycleCompletionV2Lookup PASS 2s
lean[308/353] Host.ApplicationDispatchInspection start
lean[308/353] Host.ApplicationDispatchInspection PASS 2s
lean[309/353] Host.ApplicationDispatchAgentPaidInspection start
lean[309/353] Host.ApplicationDispatchAgentPaidInspection PASS 3s
lean[310/353] Host.ApplicationDispatchAgentInspection start
lean[310/353] Host.ApplicationDispatchAgentInspection PASS 2s
lean[311/353] Host.ApplicationAgentLifetimeDispatchInspection start
lean[311/353] Host.ApplicationAgentLifetimeDispatchInspection PASS 2s
lean[312/353] Host.ApplicationAgentLifetimeDispatchPaidInspection start
lean[312/353] Host.ApplicationAgentLifetimeDispatchPaidInspection PASS 2s
lean[313/353] Kernel.ApplicationLifecycleResidentProfile start
lean[313/353] Kernel.ApplicationLifecycleResidentProfile PASS 2s
lean[314/353] Host.ApplicationLifecycleClaimInspection start
lean[314/353] Host.ApplicationLifecycleClaimInspection PASS 2s
lean[315/353] Host.ApplicationLifecycleCompletionAuthoring start
lean[315/353] Host.ApplicationLifecycleCompletionAuthoring PASS 3s
lean[316/353] Host.ApplicationLifecycleCompletionOperator start
lean[316/353] Host.ApplicationLifecycleCompletionOperator PASS 3s
lean[317/353] Host.ApplicationLifecycleBeginOperator start
lean[317/353] Host.ApplicationLifecycleBeginOperator PASS 2s
lean[318/353] Host.ApplicationLifecycleLaunchBeginAuthoring start
lean[318/353] Host.ApplicationLifecycleLaunchBeginAuthoring PASS 3s
lean[319/353] Host.ApplicationLifecycleLaunchBeginInspection start
lean[319/353] Host.ApplicationLifecycleLaunchBeginInspection PASS 2s
lean[320/353] Host.ApplicationLifecycleClaimOperator start
lean[320/353] Host.ApplicationLifecycleClaimOperator PASS 2s
lean[321/353] Host.ApplicationLifecycleLaunchClaimAuthoring start
lean[321/353] Host.ApplicationLifecycleLaunchClaimAuthoring PASS 2s
lean[322/353] Host.ApplicationLifecycleLaunchClaimInspection start
lean[322/353] Host.ApplicationLifecycleLaunchClaimInspection PASS 2s
lean[323/353] Host.ApplicationLifecycleLaunchCompletionAuthoring start
lean[323/353] Host.ApplicationLifecycleLaunchCompletionAuthoring PASS 2s
lean[324/353] Host.ApplicationLifecycleLaunchCompletionInspection start
lean[324/353] Host.ApplicationLifecycleLaunchCompletionInspection PASS 2s
lean[325/353] Host.ApplicationLifecycleClaimV3Inspection start
lean[325/353] Host.ApplicationLifecycleClaimV3Inspection PASS 2s
lean[326/353] Host.ApplicationLifecycleStopClaimInspection start
lean[326/353] Host.ApplicationLifecycleStopClaimInspection PASS 2s
lean[327/353] Host.ApplicationAgentLifetimePaidIngressInspection start
lean[327/353] Host.ApplicationAgentLifetimePaidIngressInspection PASS 2s
lean[328/353] Host.ApplicationAgentLifetimeGrantAuthoring start
lean[328/353] Host.ApplicationAgentLifetimeGrantAuthoring PASS 3s
lean[329/353] Host.ApplicationAgentLifetimeGrantInspection start
lean[329/353] Host.ApplicationAgentLifetimeGrantInspection PASS 2s
lean[330/353] Host.FnConsumerNamespacePlan start
lean[330/353] Host.FnConsumerNamespacePlan PASS 2s
lean[331/353] Host.BirthRuntimeProfile start
lean[331/353] Host.BirthRuntimeProfile PASS 2s
lean[332/353] Host.CapabilityInspection start
lean[332/353] Host.CapabilityInspection PASS 2s
lean[333/353] Kernel.ApplicationGrainBirth start
lean[333/353] Kernel.ApplicationGrainBirth PASS 2s
lean[334/353] Kernel.ApplicationGrainSessionBirth start
lean[334/353] Kernel.ApplicationGrainSessionBirth PASS 2s
lean[335/353] Host.ApplicationLifecycleLaunchReportAuthoring start
lean[335/353] Host.ApplicationLifecycleLaunchReportAuthoring PASS 2s
lean[336/353] Host.ApplicationShareIssueGrainInspection start
lean[336/353] Host.ApplicationShareIssueGrainInspection PASS 2s
lean[337/353] Host.ApplicationPermissionSchemaAuthoring start
lean[337/353] Host.ApplicationPermissionSchemaAuthoring PASS 1s
lean[338/353] Host.ApplicationSpkLaunchDescriptorAuthoring start
lean[338/353] Host.ApplicationSpkLaunchDescriptorAuthoring PASS 2s
lean[339/353] Host.Json start
lean[339/353] Host.Json PASS 6s
lean[340/353] Host.FnConsumerFrontierPlan start
lean[340/353] Host.FnConsumerFrontierPlan PASS 3s
lean[341/353] Kernel.FnSelectiveReleaseArticle start
lean[341/353] Kernel.FnSelectiveReleaseArticle PASS 2s
lean[342/353] Host.FnSelectiveReleaseAuthoring start
lean[342/353] Host.FnSelectiveReleaseAuthoring PASS 2s
lean[343/353] Host.FnSelectiveReleaseSourceAuthoring start
lean[343/353] Host.FnSelectiveReleaseSourceAuthoring PASS 2s
lean[344/353] Host.FnSelectiveReleaseFnReceiving start
lean[344/353] Host.FnSelectiveReleaseFnReceiving PASS 1s
lean[345/353] Host.FnSelectiveReleaseFnAck start
lean[345/353] Host.FnSelectiveReleaseFnAck PASS 2s
lean[346/353] Host.ApplicationCurrentBirthAuthoring start
lean[346/353] Host.ApplicationCurrentBirthAuthoring PASS 2s
lean[347/353] Host.FnInboxView start
lean[347/353] Host.FnInboxView PASS 2s
lean[348/353] Host.GrainOriginSource start
lean[348/353] Host.GrainOriginSource PASS 2s
lean[349/353] Host.GrainOriginPreparation start
lean[349/353] Host.GrainOriginPreparation PASS 2s
lean[350/353] Host.GrainOriginCommand start
lean[350/353] Host.GrainOriginCommand PASS 2s
lean[351/353] Kernel.ProviderMetering start
lean[351/353] Kernel.ProviderMetering PASS 2s
lean[352/353] Host.ProviderUsage start
lean[352/353] Host.ProviderUsage PASS 2s
lean[353/353] Host.Main start
lean[353/353] Host.Main PASS 14s
end_utc=2026-09-27T23:16:51Z
elapsed_seconds=1262
git_head=791a6d2c6671bdb9396e6c98053dd296da20e578
root=/home/ember/build/minidregg-9cd8c93-native-20260927
lean=Lean (version 4.30.0, x86_64-unknown-linux-gnu, commit d024af099ca4bf2c86f649261ebf59565dc8c622, Release)
toolchain=/home/ember/.elan/toolchains/leanprover--lean4---v4.30.0
native_target=Linux:x86_64
umbrella=0
compiled_source_modules=215
resumed_prefix_modules=138
source_modules=353
package_modules=2933
response_objects=3286
reusable_artifact_manifest_sha256=240f0480fd241bb1e23c88b96655b3de5757153e91fcacf951b64f5193f0a68e
checkpointed_success=1
successful_baseline=/home/ember/build/minidregg-f450a57-evidence/build-r1
reused_success_prefix_modules=138
recompiled_project_c_modules=215
usage_exit=1
binary=/home/ember/build/minidregg-9cd8c93-evidence/minidregg-host-9cd8c93-r1
binary_sha256=0728c9161e6a60bbbc257eb6e41bd505683358027c94c221776b8de13a558ce9
