Pred/Core.lean: OK
Compiler/Signature.lean: OK
Compiler/Air.lean: OK
Compiler/AirRange.lean: OK
Compiler/PredOrderGadget.lean: OK
Compiler/PredCompile.lean: OK
Theory/BinaryTower.lean: OK
Theory/BinaryTowerFanPaar.lean: OK
Theory/BinaryTowerTrace.lean: OK
Theory/Bignum.lean: OK
Theory/IndexedProgram.lean: OK
Theory/BinaryTowerFanPaarCodec.lean: OK
Theory/BinaryTowerCodec.lean: OK
Compiler/AirFlatten.lean: OK
Compiler/AirHash.lean: OK
Compiler/AirMembership.lean: OK
Compiler/NoteSpend.lean: OK
Compiler/Emit.lean: OK
Compiler/AirBignum.lean: OK
Compiler/BabyBear.lean: OK
Compiler/EmitSerialize.lean: OK
Theory/CrossModulus.lean: OK
Compiler/AirModularView.lean: OK
Compiler/BignumKernelABI.lean: OK
Theory/TypedAuthorization.lean: OK
Theory/AuthorizationDeclaration.lean: OK
Compiler/SemanticManifest.lean: OK
Compiler/NativeKernelPlan.lean: OK
Selvage/CorrelatedAgreement.lean: OK
Selvage/ReedSolomon.lean: OK
Selvage/ConstrainedCode.lean: OK
Selvage/Accumulator.lean: OK
Selvage/Decider.lean: OK
Selvage/Commitment.lean: OK
Compiler/AuthenticatedColumnPlan.lean: OK
Selvage/Rbr.lean: OK
Selvage/Depth.lean: OK
Selvage/Sumcheck.lean: OK
Selvage/SumcheckReduction.lean: OK
Selvage/MultilinearExtension.lean: OK
Selvage/BinaryLookup.lean: OK
Compiler/Tower256CshakeMerkleController.lean: OK
Compiler/TranscriptController.lean: OK
Theory/EffectDeclaration.lean: OK
Compiler/DeclaredEffectArtifact.lean: OK
Theory/PrivacyProfile.lean: OK
Theory/DisclosureDeclaration.lean: OK
Theory/GuardedAdvice.lean: OK
Theory/ReactiveReceipt.lean: OK
Theory/ReactiveController.lean: OK
Compiler/SemanticArtifactBundle.lean: OK
Compiler/MinidreggV1Artifact.lean: OK
Compiler/BinaryTower256Profile.lean: OK
Compiler/Sp800185Cshake256Core.lean: OK
Compiler/Sp800185Cshake256.lean: OK
Compiler/Tower256ConcreteBackend.lean: OK
Theory/CellState.lean: OK
Theory/DeclaredTurn.lean: OK
Theory/ReactiveCellTransition.lean: OK
Theory/CanonicalTransition.lean: OK
Theory/PrivateComputationDeclaration.lean: OK
Theory/AcceptedCellEffect.lean: OK
Theory/PolicyInstall.lean: OK
Kernel/Turn.lean: OK
Kernel/MultiCellHyperedge.lean: OK
Compiler/CanonicalPolicyAdmission.lean: OK
Compiler/TypedAuthorizationRequestCodec.lean: OK
Theory/CredentialSigningKey.lean: OK
Compiler/CredentialSigningKeyCodec.lean: OK
Theory/CredentialAuthorityFamily.lean: OK
Theory/CredentialAuthorityState.lean: OK
Compiler/CredentialAuthorityEntryCodec.lean: OK
Compiler/CredentialAuthorityPageMaterializer.lean: OK
Theory/CausalVersionDag.lean: OK
Theory/Hyperdocument.lean: OK
Theory/HyperdocumentOperationIntent.lean: OK
Theory/StableRanges.lean: OK
Theory/HyperdocumentOperations.lean: OK
Compiler/HyperdocumentCodec.lean: OK
Compiler/HyperdocumentContentPageMaterializer.lean: OK
Kernel/SparseAuthenticatedState.lean: OK
Kernel/HyperdocumentEventLog.lean: OK
Compiler/HyperdocumentEventPageMaterializer.lean: OK
Compiler/BoundedPageExtensionCatalog.lean: OK
Kernel/DeclaredHyperedge.lean: OK
Kernel/TypedCellHyperedge.lean: OK
Theory/MaterializerCardinality.lean: OK
Theory/SparseLogicalState.lean: OK
Theory/DeployedMaterializerWitness.lean: OK
Theory/TypedAuthorizationWitness.lean: OK
Kernel/DeclaredHyperedgeWitness.lean: OK
Theory/ResourceCost.lean: OK
Theory/DeclaredActionLowering.lean: OK
Compiler/DeclaredEffectPageMaterializer.lean: OK
Compiler/FiniteDependentMapCodec.lean: OK
Compiler/CredentialAuthorityStateCodec.lean: OK
Compiler/CredentialAuthorityDomain.lean: OK
Theory/CanonicalResourceKernel.lean: OK
Compiler/CanonicalResourcePageMaterializer.lean: OK
Theory/CellSlot.lean: OK
Theory/ResourceBirth.lean: OK
Compiler/ResourceBirthCodec.lean: OK
Compiler/PolicyRecordCodec.lean: OK
Compiler/PolicySourceCell.lean: OK
Theory/CanonicalResourceBookInvariant.lean: OK
Compiler/CanonicalCellRegistry.lean: OK
Kernel/DurableCommitProtocol.lean: OK
Kernel/DurableDataIntent.lean: OK
Compiler/CredentialAuthorityReplay.lean: OK
Kernel/CanonicalPolicyRegistry.lean: OK
Kernel/CredentialSignedEnvelopeController.lean: OK
Compiler/CredentialSignatureIO.lean: OK
Compiler/CredentialSignatureAdmission.lean: OK
Compiler/CanonicalRuntimeProfile.lean: OK
Compiler/NativeHostProfile.lean: OK
Kernel/DurableReceiver.lean: OK
Compiler/DurableReceiverCodec.lean: OK
Compiler/DurableReceiverIO.lean: OK
Theory/CredentialLineageAdmission.lean: OK
Theory/CredentialAuthorityEffects.lean: OK
Theory/ResourceBirthAuthority.lean: OK
Compiler/CredentialAuthorityDomainReceiver.lean: OK
Compiler/CredentialAuthorityPolicyRegistry.lean: OK
Compiler/GrainResourceBirthAuthority.lean: OK
Kernel/CanonicalResourceEffect.lean: OK
Kernel/ResourceBirthController.lean: OK
Kernel/DeclaredResourceProjection.lean: OK
Kernel/DeclaredResourceScalar.lean: OK
Kernel/ContentResource.lean: OK
Kernel/ResourceTransaction.lean: OK
Compiler/ResourceTargetAdmission.lean: OK
Compiler/CanonicalAccountView.lean: OK
Compiler/ResourceAuthorityProjection.lean: OK
Kernel/ResourceObservationAdmission.lean: OK
Kernel/DeclaredResourceController.lean: OK
Compiler/DeclaredHyperedgeArtifact.lean: OK
Kernel/PolicyInstallController.lean: OK
Kernel/PolicyInstallReceiver.lean: OK
Kernel/ResourceBirthPolicyController.lean: OK
Kernel/ResourceBirthReceiver.lean: OK
Kernel/CapabilityDelegationController.lean: OK
Kernel/CapabilityDelegationReceiver.lean: OK
Kernel/CapabilityRevocationController.lean: OK
Kernel/CapabilityRevocationReceiver.lean: OK
Compiler/NativeHostCodec.lean: OK
Kernel/AgentGrain.lean: OK
Compiler/GrainResourceBirthController.lean: OK
Kernel/NativeHostContext.lean: OK
Compiler/GrainResourceBirthHostCodec.lean: OK
Kernel/GrainResourceBirthPolicyController.lean: OK
Kernel/GrainResourceBirthFamilies.lean: OK
Kernel/GrainResourceBirthTransaction.lean: OK
Kernel/GrainResourceBirthAdmission.lean: OK
Kernel/NativeHostGrainBirth.lean: OK
Kernel/GrainResourceBirthReceiver.lean: OK
Compiler/NativeObservationCodec.lean: OK
Kernel/NativeObservationController.lean: OK
Compiler/FnEvidenceCodec.lean: OK
Kernel/FnSelectiveRelease.lean: OK
Kernel/FnGatewayPolicy.lean: OK
Kernel/FnSelectiveReleaseSignature.lean: OK
Kernel/FnSelectiveReleaseIngress.lean: OK
Kernel/FnSelectiveReleaseAdmission.lean: OK
Kernel/FnSelectiveReleaseSourcePublication.lean: OK
Kernel/PhysicalResourceReadGuard.lean: OK
Kernel/FnSelectiveReleaseSourceAuthority.lean: OK
Kernel/FnSelectiveReleaseSourceReceiver.lean: OK
Kernel/ApplicationGrain.lean: OK
Kernel/ApplicationLifecycleBegin.lean: OK
Kernel/ApplicationLifecycleBeginIngress.lean: OK
Kernel/ApplicationDispatchCodec.lean: OK
Kernel/ApplicationGrainSession.lean: OK
Kernel/ApplicationGrainSessionEnrollment.lean: OK
Kernel/ApplicationPermissionSchema.lean: OK
Kernel/ApplicationDispatchManifest.lean: OK
Kernel/ApplicationLifecycleBeginReceiver.lean: OK
Kernel/ApplicationLifecycleClaim.lean: OK
Kernel/ApplicationLifecycleClaimIngress.lean: OK
Kernel/NativeHistorySelection.lean: OK
Kernel/ApplicationLifecycleClaimHistory.lean: OK
Kernel/ApplicationLifecycleClaimCurrent.lean: OK
Kernel/ApplicationLifecycleClaimCore.lean: OK
Kernel/ApplicationSpkPackageIdentity.lean: OK
Kernel/ApplicationLifecycleBeginV2Ingress.lean: OK
Kernel/ApplicationLifecycleClaimV2Ingress.lean: OK
Kernel/ApplicationLifecycleBeginV2Admission.lean: OK
Kernel/ApplicationLifecycleClaimV2Core.lean: OK
Kernel/ApplicationDispatchAuthority.lean: OK
Kernel/ApplicationShareIssueSource.lean: OK
Kernel/ApplicationShareIssueDelegation.lean: OK
Kernel/ApplicationShareIssueAtomicBirth.lean: OK
Kernel/ApplicationShareIssueAdmission.lean: OK
Kernel/ApplicationShareIssueReceiver.lean: OK
Kernel/ApplicationShareIssueGrainSource.lean: OK
Kernel/ApplicationShareIssueGrainAdmission.lean: OK
Kernel/ApplicationShareIssueGrainReceiver.lean: OK
Kernel/ApplicationAgentLifetimeGrant.lean: OK
Kernel/ApplicationAgentLifetimeGrantSource.lean: OK
Kernel/ApplicationAgentLifetimeGrantDelegation.lean: OK
Kernel/ApplicationAgentLifetimeGrantAtomicBirth.lean: OK
Kernel/ApplicationAgentLifetimeGrantAdmission.lean: OK
Kernel/ApplicationAgentLifetimeGrantIntentTemplate.lean: OK
Kernel/ApplicationDispatchIngress.lean: OK
Kernel/ApplicationDispatchCommand.lean: OK
Kernel/ApplicationDispatchAdmissionIngress.lean: OK
Kernel/ApplicationDispatchAgentReserveContext.lean: OK
Kernel/ApplicationAgentLifetimeDispatchReserveContext.lean: OK
Kernel/ApplicationAgentLifetimeDispatchIngress.lean: OK
Kernel/ApplicationDispatchWitness.lean: OK
Kernel/ApplicationDispatchAdmission.lean: OK
Kernel/ApplicationAgentLifetimeDispatchCurrent.lean: OK
Kernel/ApplicationDispatchAgentPayer.lean: OK
Kernel/ApplicationDispatchAgentReserveCore.lean: OK
Kernel/ApplicationAgentLifetimeDispatchReserveCore.lean: OK
Kernel/ApplicationAgentLifetimeDispatchPayer.lean: OK
Kernel/ApplicationAgentLifetimeDispatchCore.lean: OK
Kernel/ApplicationDispatchPending.lean: OK
Kernel/ApplicationDispatchHistoricalCore.lean: OK
Kernel/ApplicationDispatchAgentIngress.lean: OK
Kernel/ApplicationDispatchAgentCore.lean: OK
Kernel/FnConsumerScope.lean: OK
Kernel/FnConsumerFrontierCore.lean: OK
Kernel/FnConsumerProgressHistory.lean: OK
Kernel/FnConsumerNamespaceRegistration.lean: OK
Kernel/FnConsumerFrontierGateway.lean: OK
Kernel/FnConsumerNamespaceAdmissionAt.lean: OK
Kernel/FnConsumerNamespaceHistory.lean: OK
Kernel/FnConsumerFrontierReplay.lean: OK
Kernel/FnSelectiveReleaseReceiver.lean: OK
Kernel/FnSelectedPollReleaseShape.lean: OK
Kernel/FnSelectedPollCoverage.lean: OK
Kernel/FnEmptyPollProgressV2.lean: OK
Kernel/FnConsumerFrontierProposal.lean: OK
Kernel/FnSelectedPollAdmissionAt.lean: OK
Kernel/FnEmptyPollAdmissionAtV2.lean: OK
Kernel/ApplicationLifecycleClaimProjection.lean: OK
Kernel/ApplicationLifecycleCompletionReport.lean: OK
Kernel/ApplicationLifecycleCompletionPolicy.lean: OK
Kernel/ApplicationLifecycleCompletionSource.lean: OK
Kernel/ApplicationLifecycleCompletionHistory.lean: OK
Kernel/ApplicationLifecycleCompletionIngress.lean: OK
Kernel/ApplicationLifecycleCompletionAdmission.lean: OK
Kernel/ApplicationLifecycleCompletionCore.lean: OK
Kernel/ApplicationSpkLaunchDescriptor.lean: OK
Kernel/ApplicationLifecycleLaunchBinding.lean: OK
Kernel/ApplicationLifecycleBeginV3Ingress.lean: OK
Kernel/ApplicationLifecycleClaimV3Ingress.lean: OK
Kernel/ApplicationLifecycleBeginV3Admission.lean: OK
Kernel/ApplicationLifecycleClaimV3Core.lean: OK
Kernel/ApplicationLifecycleClaimV3Projection.lean: OK
Kernel/ApplicationLifecycleCompletionV2Report.lean: OK
Kernel/ApplicationLifecycleCompletionV2Source.lean: OK
Kernel/ApplicationLifecycleCompletionV2History.lean: OK
Kernel/ApplicationLifecycleCompletionV2Ingress.lean: OK
Kernel/ApplicationLifecycleCompletionV2Policy.lean: OK
Kernel/ApplicationLifecycleCompletionV2Admission.lean: OK
Kernel/ApplicationLifecycleCompletionV2Core.lean: OK
Kernel/ApplicationLifecycleCreatedHistory.lean: OK
Kernel/NativeHostReplay.lean: OK
Kernel/NativeHost.lean: OK
Kernel/NativeHostSession.lean: OK
Kernel/NativeReserveContinuity.lean: OK
Kernel/NativeHostGenesis.lean: OK
Kernel/FnEvidence.lean: OK
Kernel/FnConsumerOperation.lean: OK
Kernel/FnConsumerProgress.lean: OK
Kernel/FnConsumerNamespaceAdmission.lean: OK
Kernel/FnConsumerNamespaceReceiver.lean: OK
Kernel/FnSelectedPollReleaseLink.lean: OK
Kernel/FnSelectedPollAdmission.lean: OK
Kernel/FnSelectedPollReceiver.lean: OK
Kernel/FnEmptyPollAdmissionV2.lean: OK
Kernel/FnEmptyPollReceiverV2.lean: OK
Kernel/FnOriginOutbox.lean: OK
Kernel/FnCatalogOwnRProgress.lean: OK
Kernel/FnReplyPublication.lean: OK
Kernel/FnPortableSource.lean: OK
Kernel/FnReplySource.lean: OK
Kernel/FnReplyConsumption.lean: OK
Kernel/ApplicationShareIssueAuthoring.lean: OK
Kernel/ApplicationShareIssueGrainAuthoring.lean: OK
Kernel/ApplicationShareIssueGrainLookup.lean: OK
Kernel/ApplicationAgentLifetimeGrantReceiver.lean: OK
Kernel/ApplicationAgentLifetimeGrantLookup.lean: OK
Kernel/ApplicationDispatchProjection.lean: OK
Kernel/ApplicationDispatchReceiver.lean: OK
Kernel/ApplicationDispatchLookup.lean: OK
Kernel/ApplicationDispatchAgentProjection.lean: OK
Kernel/ApplicationDispatchAgentReceiver.lean: OK
Kernel/ApplicationDispatchAgentLookup.lean: OK
Kernel/ApplicationDispatchAuthoring.lean: OK
Kernel/ApplicationDispatchAgentAuthoring.lean: OK
Kernel/ApplicationDispatchAgentPaidAuthoring.lean: OK
Kernel/ApplicationAgentLifetimeDispatchProjection.lean: OK
Kernel/ApplicationAgentLifetimeDispatchReceiver.lean: OK
Kernel/ApplicationAgentLifetimeDispatchLookup.lean: OK
Kernel/ApplicationAgentLifetimeDispatchPaidAuthoring.lean: OK
Kernel/ApplicationLifecycleBeginV2Receiver.lean: OK
Kernel/ApplicationLifecycleBeginV3Receiver.lean: OK
Kernel/ApplicationLifecycleClaimV2Receiver.lean: OK
Kernel/ApplicationLifecycleClaimV3Receiver.lean: OK
Kernel/ApplicationLifecycleV2Lookup.lean: OK
Kernel/ApplicationLifecycleV3Lookup.lean: OK
Kernel/ApplicationLifecycleCompletionReceiver.lean: OK
Kernel/ApplicationLifecycleCompletionV2Receiver.lean: OK
Kernel/ApplicationLifecycleCompletionLookup.lean: OK
Kernel/ApplicationLifecycleCompletionV2Lookup.lean: OK
Host/ApplicationDispatchInspection.lean: OK
Host/ApplicationDispatchAgentPaidInspection.lean: OK
Host/ApplicationDispatchAgentInspection.lean: OK
Host/ApplicationAgentLifetimeDispatchInspection.lean: OK
Host/ApplicationAgentLifetimeDispatchPaidInspection.lean: OK
Kernel/ApplicationLifecycleResidentProfile.lean: OK
Host/ApplicationLifecycleClaimInspection.lean: OK
Host/ApplicationLifecycleCompletionAuthoring.lean: OK
Host/ApplicationLifecycleCompletionOperator.lean: OK
Host/ApplicationLifecycleBeginOperator.lean: OK
Host/ApplicationLifecycleLaunchBeginAuthoring.lean: OK
Host/ApplicationLifecycleLaunchBeginInspection.lean: OK
Host/ApplicationLifecycleClaimOperator.lean: OK
Host/ApplicationLifecycleLaunchClaimAuthoring.lean: OK
Host/ApplicationLifecycleLaunchClaimInspection.lean: OK
Host/ApplicationLifecycleLaunchCompletionAuthoring.lean: OK
Host/ApplicationLifecycleLaunchCompletionInspection.lean: OK
Host/ApplicationLifecycleClaimV3Inspection.lean: OK
Host/ApplicationLifecycleStopClaimInspection.lean: OK
Host/ApplicationAgentLifetimePaidIngressInspection.lean: OK
Host/ApplicationAgentLifetimeGrantAuthoring.lean: OK
Host/ApplicationAgentLifetimeGrantInspection.lean: OK
Host/FnConsumerNamespacePlan.lean: OK
Host/BirthRuntimeProfile.lean: OK
Host/CapabilityInspection.lean: OK
Kernel/ApplicationGrainBirth.lean: OK
Kernel/ApplicationGrainSessionBirth.lean: OK
Host/ApplicationLifecycleLaunchReportAuthoring.lean: OK
Host/ApplicationShareIssueGrainInspection.lean: OK
Host/ApplicationPermissionSchemaAuthoring.lean: OK
Host/ApplicationSpkLaunchDescriptorAuthoring.lean: OK
Host/Json.lean: OK
Host/FnConsumerFrontierPlan.lean: OK
Kernel/FnSelectiveReleaseArticle.lean: OK
Host/FnSelectiveReleaseAuthoring.lean: OK
Host/FnSelectiveReleaseSourceAuthoring.lean: OK
Host/FnSelectiveReleaseFnReceiving.lean: OK
Host/FnSelectiveReleaseFnAck.lean: OK
Host/ApplicationCurrentBirthAuthoring.lean: OK
Host/FnInboxView.lean: OK
Host/GrainOriginSource.lean: OK
Host/GrainOriginPreparation.lean: OK
Host/GrainOriginCommand.lean: OK
Kernel/ProviderMetering.lean: OK
Host/ProviderUsage.lean: OK
Host/Main.lean: OK
