Running as unit: run-p163590-i989614891.scope; invocation ID: 6f164abf0b384bd0b42cfc349cef73cd
   Compiling libc v0.2.177
   Compiling cfg-if v1.0.5
   Compiling typenum v1.20.1
   Compiling generic-array v0.14.7
   Compiling futures-core v0.3.34
   Compiling memchr v2.8.3
   Compiling crypto-common v0.1.7
   Compiling block-buffer v0.10.4
   Compiling futures-sink v0.3.34
   Compiling pin-project-lite v0.2.17
   Compiling digest v0.10.7
   Compiling cpufeatures v0.2.17
   Compiling zeroize v1.9.0
   Compiling futures-io v0.3.34
   Compiling futures-channel v0.3.34
   Compiling futures-task v0.3.34
   Compiling slab v0.4.12
   Compiling sha2 v0.10.9
   Compiling futures-util v0.3.34
   Compiling serde_core v1.0.228
   Compiling errno v0.3.14
   Compiling subtle v2.6.1
   Compiling futures-executor v0.3.34
   Compiling signal-hook-registry v1.4.8
   Compiling zmij v1.0.23
   Compiling rustls-pki-types v1.15.1
   Compiling getrandom v0.2.17
   Compiling socket2 v0.6.5
   Compiling mio v1.1.0
   Compiling bytes v1.12.1
   Compiling untrusted v0.9.0
   Compiling signature v2.2.0
   Compiling crc-catalog v2.5.0
   Compiling capnp v0.27.0
   Compiling itoa v1.0.18
   Compiling serde_json v1.0.151
   Compiling tokio v1.48.0
   Compiling capnp-futures v0.27.0
   Compiling crc v3.4.0
   Compiling ed25519 v2.2.3
   Compiling ring v0.17.14
   Compiling curve25519-dalek v4.1.3
   Compiling futures v0.3.32
   Compiling minidregg-spk-rpc v0.1.0 (/home/ember/build/minidregg-spk-gitweb-probe-src/native/spk-rpc)
   Compiling byteorder v1.5.0
   Compiling lzma-rs v0.3.0
   Compiling serde v1.0.228
   Compiling capnp-rpc v0.27.0
   Compiling ed25519-dalek v2.2.0
   Compiling tokio-util v0.7.17
   Compiling rustls-webpki v0.103.15
   Compiling once_cell v1.21.4
   Compiling data-encoding v2.11.1
   Compiling sandstorm-package v0.1.0 (https://github.com/emberian/dregg.git?rev=5819115352bdfa43c5cbd329727d4f8d8a1b5be9#58191153)
   Compiling rustls v0.23.45
   Compiling rustls-pemfile v2.2.0
   Compiling minidregg-spk-host v0.1.0 (/home/ember/build/minidregg-spk-gitweb-probe-src/native/spk-host)
    Finished `test` profile [unoptimized + debuginfo] target(s) in 19.58s
  Executable unittests src/lib.rs (/home/ember/build/minidregg-spk-gitweb-probe-target/debug/deps/minidregg_spk_host-f8c5dc43870a2d28)
