Running as unit: run-p243394-i989694688.scope; invocation ID: 35007b6cf4da43eca43b529abfaefb99
   Compiling proc-macro2 v1.0.107
   Compiling unicode-ident v1.0.26
   Compiling quote v1.0.47
   Compiling version_check v0.9.5
   Compiling generic-array v0.14.7
   Compiling libc v0.2.177
   Compiling syn v2.0.119
    Checking cfg-if v1.0.5
    Checking memchr v2.8.3
   Compiling typenum v1.20.1
    Checking futures-sink v0.3.34
    Checking pin-project-lite v0.2.17
    Checking futures-core v0.3.34
   Compiling syn v3.0.6
    Checking zeroize v1.9.0
   Compiling find-msvc-tools v0.1.14
    Checking futures-io v0.3.34
   Compiling shlex v2.0.1
   Compiling cc v1.5.1
    Checking futures-channel v0.3.34
   Compiling serde_core v1.0.228
    Checking futures-task v0.3.34
   Compiling semver v1.0.28
    Checking slab v0.4.12
   Compiling rustc_version v0.4.1
   Compiling ring v0.17.14
   Compiling futures-macro v0.3.34
   Compiling crypto-common v0.1.7
   Compiling block-buffer v0.10.4
   Compiling zmij v1.0.23
    Checking digest v0.10.7
    Checking futures-util v0.3.34
   Compiling curve25519-dalek v4.1.3
    Checking errno v0.3.14
   Compiling capnp v0.27.0
   Compiling serde_json v1.0.151
    Checking subtle v2.6.1
   Compiling cpufeatures v0.2.17
   Compiling sha2 v0.10.9
   Compiling capnpc v0.27.0
    Checking signal-hook-registry v1.4.8
    Checking futures-executor v0.3.34
    Checking rustls-pki-types v1.15.1
   Compiling curve25519-dalek-derive v0.1.1
   Compiling tokio-macros v2.6.1
    Checking getrandom v0.2.17
    Checking socket2 v0.6.5
    Checking mio v1.1.0
    Checking crc-catalog v2.5.0
    Checking signature v2.2.0
    Checking bytes v1.12.1
    Checking untrusted v0.9.0
    Checking itoa v1.0.18
   Compiling serde v1.0.228
    Checking capnp-futures v0.27.0
    Checking tokio v1.48.0
    Checking ed25519 v2.2.3
    Checking crc v3.4.0
   Compiling minidregg-spk-rpc v0.1.0 (/home/ember/build/minidregg-spk-gitweb-umask-src/native/spk-rpc)
    Checking futures v0.3.32
   Compiling serde_derive v1.0.228
   Compiling rustls v0.23.45
    Checking byteorder v1.5.0
    Checking lzma-rs v0.3.0
    Checking tokio-util v0.7.17
    Checking ed25519-dalek v2.2.0
    Checking capnp-rpc v0.27.0
    Checking rustls-webpki v0.103.15
    Checking data-encoding v2.11.1
    Checking once_cell v1.21.4
    Checking sandstorm-package v0.1.0 (https://github.com/emberian/dregg.git?rev=5819115352bdfa43c5cbd329727d4f8d8a1b5be9#58191153)
    Checking rustls-pemfile v2.2.0
    Checking minidregg-spk-host v0.1.0 (/home/ember/build/minidregg-spk-gitweb-umask-src/native/spk-host)
    Finished `dev` profile [unoptimized + debuginfo] target(s) in 15.91s
