store                        exit=0 100.263662766s
services                     exit=0 1.042731939s
workroom                     exit=0 9.415875232s
profile                      exit=0 .755464672s
birth-a                      exit=0 26.070173378s
install-a                    exit=0 243.469667306s
share-a                      exit=0 168.011256078s
start-a                      exit=0 243.479052681s
floor-a                      exit=0 .131662468s
enroll-a                     exit=0 32.765315817s
get-a                        exit=0 16.875646048s
birth-b                      exit=0 20.728734120s
install-b                    exit=0 479.293385983s
share-b                      exit=0 688.280108386s
start-b                      exit=3 902.387386618s
birth-c                      exit=0 43.768823625s
install-c                    exit=0 1437.345514091s
share-c                      exit=1 746.192465772s
birth-d                      exit=0 41.070861415s
install-d                    exit=1 .173232035s
services                     exit=0 1.032155129s
