   Compiling proc-macro2 v1.0.107
   Compiling unicode-ident v1.0.26
   Compiling quote v1.0.47
   Compiling libc v0.2.189
   Compiling version_check v0.9.5
   Compiling typenum v1.20.1
   Compiling find-msvc-tools v0.1.14
   Compiling shlex v2.0.1
   Compiling subtle v2.6.1
   Compiling cfg-if v1.0.5
   Compiling memchr v2.8.3
   Compiling cpufeatures v0.2.17
   Compiling autocfg v1.5.1
   Compiling serde_core v1.0.229
   Compiling semver v1.0.28
   Compiling zmij v1.0.23
   Compiling serde_json v1.0.151
   Compiling thiserror v2.0.21
   Compiling time-core v0.1.9
   Compiling num-conv v0.2.2
   Compiling minimal-lexical v0.2.1
   Compiling deranged v0.5.8
   Compiling fs_extra v1.3.0
   Compiling pkg-config v0.3.34
   Compiling rand_core v0.6.4
   Compiling itoa v1.0.18
   Compiling powerfmt v0.2.0
   Compiling dunce v1.0.5
   Compiling signature v2.2.0
   Compiling time-macros v0.2.32
   Compiling keccak v0.1.6
   Compiling untrusted v0.9.0
   Compiling oid-registry v0.8.1
   Compiling serde v1.0.229
   Compiling aws-lc-rs v1.18.1
   Compiling base64ct v1.8.3
   Compiling arrayref v0.3.9
   Compiling rustc_version v0.4.1
   Compiling generic-array v0.14.7
   Compiling num-traits v0.2.19
   Compiling arrayvec v0.7.8
   Compiling constant_time_eq v0.4.2
   Compiling opaque-debug v0.3.1
   Compiling cpufeatures v0.3.1
   Compiling rustls v0.23.45
   Compiling lazy_static v1.5.0
   Compiling once_cell v1.21.4
   Compiling ed25519 v2.2.3
   Compiling bs58 v0.5.1
   Compiling data-encoding v2.11.1
   Compiling password-hash v0.5.0
   Compiling curve25519-dalek v4.1.3
   Compiling nom v7.1.3
   Compiling syn v2.0.119
   Compiling syn v3.0.6
   Compiling crypto-common v0.1.7
   Compiling block-buffer v0.10.4
   Compiling inout v0.1.4
   Compiling time v0.3.55
   Compiling universal-hash v0.5.1
   Compiling aead v0.5.2
   Compiling digest v0.10.7
   Compiling getrandom v0.2.17
   Compiling poly1305 v0.8.0
   Compiling sha2 v0.10.9
   Compiling sha3 v0.10.8
   Compiling blake2 v0.10.6
   Compiling jobserver v0.1.35
   Compiling num-integer v0.1.47
   Compiling cc v1.5.1
   Compiling num-bigint v0.4.8
   Compiling thiserror-impl v2.0.21
   Compiling displaydoc v0.2.7
   Compiling serde_derive v1.0.229
   Compiling rusticata-macros v4.1.0
   Compiling minidregg-mini-keys v0.1.0 (/srv/lanes/W15-TRAFFIC-V13/src/native/mini-keys)
   Compiling minidregg-pay-watcher v0.1.0 (/srv/lanes/W15-TRAFFIC-V13/src/native/pay-watcher)
   Compiling cmake v0.1.58
   Compiling ring v0.17.14
   Compiling blake3 v1.8.4
   Compiling synstructure v0.13.2
   Compiling zeroize_derive v1.5.0
   Compiling curve25519-dalek-derive v0.1.1
   Compiling asn1-rs-impl v0.2.0
   Compiling aws-lc-sys v0.45.0
   Compiling zeroize v1.9.0
   Compiling asn1-rs-derive v0.6.0
   Compiling rustls-pki-types v1.15.1
   Compiling cipher v0.4.4
   Compiling fips204 v0.4.6
   Compiling argon2 v0.5.3
   Compiling asn1-rs v0.7.2
   Compiling chacha20 v0.9.1
   Compiling rustls-pemfile v2.2.0
   Compiling minidregg-compatible-upgrade-custody v0.1.0 (/srv/lanes/W15-TRAFFIC-V13/src/native/compatible-upgrade-custody)
   Compiling chacha20poly1305 v0.10.1
   Compiling rustls-webpki v0.103.15
   Compiling der-parser v10.0.0
   Compiling ed25519-dalek v2.2.0
   Compiling x25519-dalek v2.0.1
   Compiling minidregg-mini-sdk v0.1.0 (/srv/lanes/W15-TRAFFIC-V13/src/native/mini-sdk)
   Compiling x509-parser v0.18.1
   Compiling minidregg-resource-client v0.1.0 (/srv/lanes/W15-TRAFFIC-V13/src/native/resource-client)
warning: unused doc comment
   --> src/main.rs:342:1
    |
342 | / /// A refused `doc push`'s diagnosis: which pulled lines changed sinc...
343 | | /// pull (`workspace::stale_lines`). The shell prints it as the refus...
344 | | /// line, above the Host's own decoding of the same refusal.
    | |_-----------------------------------------------------------^
    |   |
    |   rustdoc does not generate documentation for macro invocations
    |
    = help: to document an item produced by a macro, the macro must produce the documentation as part of its expansion
    = note: `#[warn(unused_doc_comments)]` (part of `#[warn(unused)]`) on by default

warning: unused import: `DispatchState`
  --> src/scheduled_transport.rs:28:48
   |
28 | pub(crate) use async_dispatch::{AsyncDispatch, DispatchState};
   |                                                ^^^^^^^^^^^^^
   |
   = note: `#[warn(unused_imports)]` (part of `#[warn(unused)]`) on by default

warning: unused import: `SigningKey`
 --> src/hermes_handoff.rs:4:40
  |
4 | use ed25519_dalek::{Signature, Signer, SigningKey, VerifyingKey};
  |                                        ^^^^^^^^^^

warning: unused imports: `MetadataExt` and `PermissionsExt`
  --> src/keys.rs:32:25
   |
32 | use std::os::unix::fs::{MetadataExt, PermissionsExt};
   |                         ^^^^^^^^^^^  ^^^^^^^^^^^^^^

warning: unused variable: `host`
    --> src/transport.rs:1465:23
     |
1465 |     fn pinned_command(host: &Path, config: &Path, image: &fs::File, co...
     |                       ^^^^ help: if this is intentional, prefix it with an underscore: `_host`
     |
     = note: `#[warn(unused_variables)]` (part of `#[warn(unused)]`) on by default

warning: unused variable: `config`
    --> src/transport.rs:1465:36
     |
1465 | ...ned_command(host: &Path, config: &Path, image: &fs::File, config_im...
     |                             ^^^^^^ help: if this is intentional, prefix it with an underscore: `_config`

warning: unused variable: `presentation`
    --> src/main.rs:1891:9
     |
1891 |     let presentation = match provider_continuity {
     |         ^^^^^^^^^^^^ help: if this is intentional, prefix it with an underscore: `_presentation`

warning: unused variable: `presentation`
    --> src/main.rs:2033:9
     |
2033 |     let presentation = inspect(
     |         ^^^^^^^^^^^^ help: if this is intentional, prefix it with an underscore: `_presentation`

warning: function `challenge_headers` is never used
    --> src/main.rs:1573:4
     |
1573 | fn challenge_headers(value: &Value) -> Result<Vec<Vec<u8>>> {
     |    ^^^^^^^^^^^^^^^^^
     |
     = note: `#[warn(dead_code)]` (part of `#[warn(unused)]`) on by default

warning: function `enabled` is never used
  --> src/trace.rs:23:15
   |
23 | pub(crate) fn enabled() -> bool {
   |               ^^^^^^^

warning: constant `RECIPIENT_DOMAIN` is never used
  --> src/../../crypto_transit.rs:28:7
   |
28 | const RECIPIENT_DOMAIN: &[u8] = b"Mini/independent-recipient-transit/v2";
   |       ^^^^^^^^^^^^^^^^

warning: struct `KeyPair` is never constructed
  --> src/../../crypto_transit.rs:39:12
   |
39 | pub struct KeyPair {
   |            ^^^^^^^

warning: method `as_ref` is never used
  --> src/../../crypto_transit.rs:60:12
   |
59 | impl SealedParts {
   | ---------------- method in this implementation
60 |     pub fn as_ref(&self) -> SealedRef<'_> {
   |            ^^^^^^

warning: function `generate_keypair` is never used
  --> src/../../crypto_transit.rs:69:8
   |
69 | pub fn generate_keypair() -> Result<KeyPair> {
   |        ^^^^^^^^^^^^^^^^

warning: function `recipient_context` is never used
   --> src/../../crypto_transit.rs:169:4
    |
169 | fn recipient_context(key_epoch: &[u8], binding: &[u8]) -> Result<Vec<u8...
    |    ^^^^^^^^^^^^^^^^^

warning: function `seal` is never used
   --> src/../../crypto_transit.rs:183:8
    |
183 | pub fn seal(public: &[u8], key_epoch: &[u8], binding: &[u8], plain: &[u...
    |        ^^^^

warning: function `open` is never used
   --> src/../../crypto_transit.rs:189:8
    |
189 | pub fn open(
    |        ^^^^

warning: fields `authority_root`, `pay_root`, `as_of_slot`, `as_of_block_time`, and `index` are never read
   --> src/pay_memo_v2.rs:214:5
    |
210 | pub(crate) struct ValidatedQuote {
    |                   -------------- fields in this struct
...
214 |     authority_root: [u8; 32],
    |     ^^^^^^^^^^^^^^
215 |     pay_root: [u8; 32],
    |     ^^^^^^^^
216 |     as_of_slot: u64,
    |     ^^^^^^^^^^
217 |     as_of_block_time: u64,
    |     ^^^^^^^^^^^^^^^^
218 |     index: u64,
    |     ^^^^^
    |
    = note: `ValidatedQuote` has derived impls for the traits `Debug` and `Clone`, but these are intentionally ignored during dead code analysis

warning: methods `context`, `authority_root`, `pay_root`, `as_of`, and `index` are never used
   --> src/pay_memo_v2.rs:224:19
    |
220 | impl ValidatedQuote {
    | ------------------- methods in this implementation
...
224 |     pub(crate) fn context(&self) -> &Context {
    |                   ^^^^^^^
...
230 |     pub(crate) fn authority_root(&self) -> &[u8; 32] {
    |                   ^^^^^^^^^^^^^^
...
233 |     pub(crate) fn pay_root(&self) -> &[u8; 32] {
    |                   ^^^^^^^^
...
236 |     pub(crate) fn as_of(&self) -> (u64, u64) {
    |                   ^^^^^
...
239 |     pub(crate) fn index(&self) -> u64 {
    |                   ^^^^^

warning: method `matches_u64` is never used
  --> src/pay_status.rs:46:19
   |
15 | impl Nat {
   | -------- method in this implementation
...
46 |     pub(crate) fn matches_u64(&self, value: u64) -> bool {
   |                   ^^^^^^^^^^^

warning: constant `MAX_EXPANSIONS` is never used
 --> src/web/surface.rs:6:7
  |
6 | const MAX_EXPANSIONS: usize = 4096;
  |       ^^^^^^^^^^^^^^

warning: constant `MAX_DEPTH` is never used
 --> src/web/surface.rs:7:7
  |
7 | const MAX_DEPTH: usize = 64;
  |       ^^^^^^^^^

warning: constant `MAX_HTML` is never used
 --> src/web/surface.rs:8:7
  |
8 | const MAX_HTML: usize = 2 * 1024 * 1024;
  |       ^^^^^^^^

warning: function `body` is never used
  --> src/web/surface.rs:12:15
   |
12 | pub(super) fn body(projected: &Value, operation_links: &BTreeMap<String,...
   |               ^^^^

warning: struct `Renderer` is never constructed
  --> src/web/surface.rs:29:8
   |
29 | struct Renderer<'a> {
   |        ^^^^^^^^

warning: methods `push` and `node` are never used
  --> src/web/surface.rs:39:8
   |
38 | impl Renderer<'_> {
   | ----------------- methods in this implementation
39 |     fn push(&mut self, value: &str) -> Result<()> {
   |        ^^^^
...
47 |     fn node(&mut self, index: usize, depth: usize) -> Result<()> {
   |        ^^^^

warning: function `resource_link_of` is never used
    --> src/workspace.rs:5187:4
     |
5187 | fn resource_link_of(target: &Value) -> Option<(String, String)> {
     |    ^^^^^^^^^^^^^^^^

warning: function `member_status` is never used
   --> src/app_document.rs:677:15
    |
677 | pub(crate) fn member_status(root: &Path, id: &str) -> Result<Value> {
    |               ^^^^^^^^^^^^^

warning: constant `KEY_ID_LABEL` is never used
  --> src/private.rs:46:7
   |
46 | const KEY_ID_LABEL: &[u8] = b"DREGG.CLIENT.ENC-KEY-ID/v1";
   |       ^^^^^^^^^^^^

warning: function `atom_epoch` is never used
   --> src/protected_document_members.rs:455:15
    |
455 | pub(super) fn atom_epoch(payload:&str)->Result<u64>{
    |               ^^^^^^^^^^

warning: function `visible_atoms` is never used
   --> src/protected_document_members.rs:461:4
    |
461 | fn visible_atoms(document:&Value)->Result<std::collections::BTreeSet<St...
    |    ^^^^^^^^^^^^^

warning: constant `MAX_NODES` is never used
 --> src/world_surface.rs:6:7
  |
6 | const MAX_NODES: usize = 1024;
  |       ^^^^^^^^^

warning: constant `MAX_LABEL_BYTES` is never used
 --> src/world_surface.rs:7:7
  |
7 | const MAX_LABEL_BYTES: usize = 16384;
  |       ^^^^^^^^^^^^^^^

warning: struct `Intent` is never constructed
  --> src/world_surface.rs:10:19
   |
10 | pub(crate) struct Intent {
   |                   ^^^^^^

warning: struct `Node` is never constructed
  --> src/world_surface.rs:20:8
   |
20 | struct Node {
   |        ^^^^

warning: struct `Surface` is never constructed
  --> src/world_surface.rs:28:19
   |
28 | pub(crate) struct Surface {
   |                   ^^^^^^^

warning: struct `AdmittedObservation` is never constructed
  --> src/world_surface.rs:39:19
   |
39 | pub(crate) struct AdmittedObservation {
   |                   ^^^^^^^^^^^^^^^^^^^

warning: struct `PreparedIntent` is never constructed
  --> src/world_surface.rs:45:19
   |
45 | pub(crate) struct PreparedIntent {
   |                   ^^^^^^^^^^^^^^

warning: struct `AcceptedOrigin` is never constructed
  --> src/world_surface.rs:52:19
   |
52 | pub(crate) struct AcceptedOrigin {
   |                   ^^^^^^^^^^^^^^

warning: function `exact` is never used
  --> src/world_surface.rs:57:4
   |
57 | fn exact(value: &Value, keys: &[&str]) -> Result<()> {
   |    ^^^^^

warning: function `string` is never used
  --> src/world_surface.rs:65:4
   |
65 | fn string(value: &Value, key: &str) -> Result<String> {
   |    ^^^^^^

warning: function `decimal` is never used
  --> src/world_surface.rs:73:4
   |
73 | fn decimal(value: &Value, key: &str) -> Result<String> {
   |    ^^^^^^^

warning: function `index` is never used
  --> src/world_surface.rs:79:4
   |
79 | fn index(value: &Value, key: &str) -> Result<usize> {
   |    ^^^^^

warning: associated function `parse` is never used
  --> src/world_surface.rs:84:19
   |
83 | impl Intent {
   | ----------- associated function in this implementation
84 |     pub(crate) fn parse(value: &Value) -> Result<Self> {
   |                   ^^^^^

warning: associated items `parse` and `project` are never used
   --> src/world_surface.rs:101:19
    |
 98 | impl Surface {
    | ------------ associated items in this implementation
...
101 |     pub(crate) fn parse(value: &Value) -> Result<Self> {
    |                   ^^^^^
...
138 |     pub(crate) fn project(&self, origin: &AcceptedOrigin, observations:...
    |                   ^^^^^^^

warning: function `resolve_many_with` is never used
   --> src/shared_names.rs:265:4
    |
265 | fn resolve_many_with(
    |    ^^^^^^^^^^^^^^^^^

warning: methods `stage_epoch` and `stage_control` are never used
   --> src/protected_object/object_keys.rs:328:19
    |
 51 | impl Store {
    | ---------- methods in this implementation
...
328 |     pub(crate) fn stage_epoch(
    |                   ^^^^^^^^^^^
...
358 |     pub(crate) fn stage_control(
    |                   ^^^^^^^^^^^^^

warning: `minidregg-resource-client` (bin "mini") generated 47 warnings (run `cargo fix --bin "mini" -p minidregg-resource-client` to apply 7 suggestions)
    Finished `release` profile [optimized] target(s) in 1m 15s
BUILD-EXIT-0
