   Compiling proc-macro2 v1.0.107
   Compiling unicode-ident v1.0.26
   Compiling quote v1.0.47
   Compiling version_check v0.9.5
   Compiling generic-array v0.14.7
   Compiling libc v0.2.177
   Compiling syn v2.0.119
   Compiling futures-sink v0.3.34
   Compiling cfg-if v1.0.5
   Compiling typenum v1.20.1
   Compiling futures-core v0.3.34
   Compiling pin-project-lite v0.2.17
   Compiling memchr v2.8.3
   Compiling syn v3.0.6
   Compiling futures-io v0.3.34
   Compiling find-msvc-tools v0.1.14
   Compiling zeroize v1.9.0
   Compiling shlex v2.0.1
   Compiling cc v1.5.1
   Compiling futures-channel v0.3.34
   Compiling futures-task v0.3.34
   Compiling semver v1.0.28
   Compiling slab v0.4.12
   Compiling serde_core v1.0.228
   Compiling rustc_version v0.4.1
   Compiling ring v0.17.14
   Compiling block-buffer v0.10.4
   Compiling crypto-common v0.1.7
   Compiling zmij v1.0.23
   Compiling digest v0.10.7
   Compiling futures-macro v0.3.34
   Compiling futures-util v0.3.34
   Compiling curve25519-dalek v4.1.3
   Compiling errno v0.3.14
   Compiling serde_json v1.0.151
   Compiling cpufeatures v0.2.17
   Compiling subtle v2.6.1
   Compiling capnp v0.27.0
   Compiling capnpc v0.27.0
   Compiling sha2 v0.10.9
   Compiling signal-hook-registry v1.4.8
   Compiling futures-executor v0.3.34
   Compiling rustls-pki-types v1.15.1
   Compiling tokio-macros v2.6.1
   Compiling curve25519-dalek-derive v0.1.1
   Compiling getrandom v0.2.17
   Compiling mio v1.1.0
   Compiling socket2 v0.6.5
   Compiling serde v1.0.228
   Compiling signature v2.2.0
   Compiling crc-catalog v2.5.0
   Compiling bytes v1.12.1
   Compiling itoa v1.0.18
   Compiling untrusted v0.9.0
   Compiling capnp-futures v0.27.0
   Compiling tokio v1.48.0
   Compiling crc v3.4.0
   Compiling ed25519 v2.2.3
   Compiling futures v0.3.32
   Compiling minidregg-spk-rpc v0.1.0 (/tank/dregg-build/mini-spk-host-d38c782/native/spk-rpc)
   Compiling serde_derive v1.0.228
   Compiling byteorder v1.5.0
   Compiling rustls v0.23.45
   Compiling lzma-rs v0.3.0
   Compiling tokio-util v0.7.17
   Compiling ed25519-dalek v2.2.0
   Compiling capnp-rpc v0.27.0
   Compiling rustls-webpki v0.103.15
   Compiling once_cell v1.21.4
   Compiling data-encoding v2.11.1
   Compiling sandstorm-package v0.1.0 (https://github.com/emberian/dregg.git?rev=5819115352bdfa43c5cbd329727d4f8d8a1b5be9#58191153)
   Compiling rustls-pemfile v2.2.0
   Compiling minidregg-spk-host v0.1.0 (/tank/dregg-build/mini-spk-host-d38c782/native/spk-host)
    Finished `release` profile [optimized] target(s) in 1m 51s
